"pcp-dstat 6.2.0 CSV Output"
"Author:","PCP team <pcp@groups.io> and Dag Wieers <dag@wieers.com>",,,,"URL:","https://pcp.io/ and http://dag.wieers.com/home-made/dstat/"
"Host:","ubuntu",,,,"User:","ubuntu"
"Cmdline:","dstat -tcmndrylpg --tcp --output /tmp/devstack_logs/dstat-csv.log",,,,"Date:","23 Apr 2026 15:34:27 UTC"
"system","total usage",,,,,"memory usage",,,,"net/total",,"dsk/total",,"io/total",,"system",,"load avg",,,"procs",,,"paging",,"tcp sockets",,,,
"time","total usage:usr","total usage:sys","total usage:idl","total usage:wai","total usage:stl","used","free","buf","cach","net/total:recv","net/total:send","dsk/total:read","dsk/total:writ","read","writ","int","csw","1m","5m","15m","run","blk","new","in","out","lis","act","syn","tim","clo"
23-04 15:34:27,,974036,1692840,161976,4995772,,,,,,,1.260,0.970,0.620,1,0,,,,10,6,0,18,0
23-04 15:34:28,18.996,21.245,53.988,5.249,0,1025144,1641060,162152,4996188,24765.512,11203.517,0,2719.397,0,101.977,6676,6021,1.480,1.020,0.630,3,0,546.879,0,0,10,6,0,18,0
23-04 15:34:29,22.752,18.001,54.254,4.000,0,1025320,1640284,162320,4996556,38675.571,11135.740,0,1764.117,0,64.004,6355,6807,1.480,1.020,0.630,3,0,378.025,0,0,10,5,0,18,1
23-04 15:34:30,28.180,13.217,50.874,6.733,0,1153072,1511724,162432,5121820,18890.227,9937.394,0,1205.016,0,34.914,5981,8075,1.480,1.020,0.630,1,1,187.536,0,0,11,4,0,18,2
23-04 15:34:31,26.794,8.013,58.847,5.759,0,1165620,1480300,162656,5139620,181211.248,8149.413,0,1790.948,0,58.096,3596,2685,1.480,1.020,0.630,3,1,104.171,0,0,11,6,0,18,2
23-04 15:34:32,35.260,11.003,47.014,6.002,0,1215696,1414588,163652,5151928,7154.127,486.145,256.076,2440.726,11.003,77.023,4335,3429,1.480,1.020,0.630,3,0,177.053,0,0,11,6,0,20,2
23-04 15:34:33,38.404,4.489,48.130,7.980,0,1256360,1353252,164196,5169496,9112.202,538.652,1719.697,3016.453,114.713,41.895,2990,1950,1.530,1.040,0.640,3,0,0,0,0,11,6,0,20,2
23-04 15:34:34,31.503,4.750,47.004,15.001,0,1303920,1285336,164820,5187404,8871.710,486.039,16.001,10172.814,1.000,324.026,3858,4159,1.530,1.040,0.640,1,2,1.000,0,0,11,8,0,20,2
23-04 15:34:35,13.716,3.990,48.631,32.421,0,1305708,1274308,165356,5195080,9400.007,484.814,0,8878.283,0,480.824,4798,7544,1.530,1.040,0.640,4,0,8.978,0,0,11,8,0,20,2
23-04 15:34:36,16.045,4.011,42.871,35.099,0,1298868,1271884,166056,5202440,8046.693,487.374,0,11733.090,0,761.147,5303,8618,1.530,1.040,0.640,6,1,0,0,0,11,8,0,20,2
23-04 15:34:37,14.738,3.247,42.214,36.219,0,1298708,1249568,166856,5222472,3883.710,485.589,0,12373.518,0,764.353,5260,8882,1.530,1.040,0.640,1,1,5.995,0,0,11,8,0,20,2
23-04 15:34:38,15.510,3.002,45.779,33.271,0,1297240,1244376,167408,5227704,4148.626,486.308,0,11479.265,0,822.521,4765,7595,1.640,1.070,0.660,5,0,13.008,0,0,11,8,0,20,2
23-04 15:34:39,12.492,3.248,42.972,39.474,0,1295712,1240148,167860,5232196,13543.028,485.678,0,9773.525,0,665.559,4660,7404,1.640,1.070,0.660,2,2,8.994,0,0,11,8,0,20,2
23-04 15:34:40,15.534,3.758,42.091,36.078,0,1261228,1291116,167952,5216004,12672.396,3219.961,0,14924.264,0,1054.279,4836,7944,1.640,1.070,0.660,4,0,8.017,0,0,11,6,0,20,0
23-04 15:34:41,21.938,4.238,46.369,25.927,0,1279424,1271720,168096,5217056,12780.819,1818.851,0,7071.980,0,586.340,5127,7900,1.640,1.070,0.660,1,1,41.881,0,0,11,7,0,20,0
23-04 15:34:42,14.747,4.249,41.742,37.993,0,1243040,1301716,168296,5222692,10333.058,1497.718,0,11325.871,0,773.855,4817,7849,1.640,1.070,0.660,4,2,3.999,0,0,11,6,0,20,0
23-04 15:34:43,19.283,3.506,38.065,36.312,0,1271108,1271280,168536,5224624,8803.945,486.826,0,9363.895,0,761.292,5490,8749,1.910,1.140,0.680,1,2,11.019,0,0,11,6,0,20,0
23-04 15:34:44,16.751,4.000,41.001,35.501,0,1275856,1259572,169108,5229820,16498.519,3643.115,0,16516.520,0,1248.039,5606,9068,1.910,1.140,0.680,2,2,26.001,0,0,11,6,0,20,0
23-04 15:34:45,17.000,5.250,31.250,44.500,0,1265776,1269004,169212,5230276,5823.959,485.997,0,16875.881,0,682.995,11334,21045,1.910,1.140,0.680,1,3,19.000,0,0,11,6,0,20,0
23-04 15:34:46,18.277,3.505,33.550,42.813,0,1252544,1281888,169308,5230580,12890.059,486.720,0,14873.993,0,493.730,3533,4591,1.910,1.140,0.680,2,0,9.013,0,0,11,4,0,20,0
23-04 15:34:47,39.528,12.009,42.280,4.253,0,1224896,1309288,169352,5230716,6020.338,540.389,0,936.675,0,27.019,11862,19966,1.910,1.140,0.680,3,1,90.065,0,0,11,4,0,20,0
23-04 15:34:48,44.494,4.999,48.494,1.000,0,1242432,1304556,169372,5219472,6773.126,485.937,0,1719.778,0,55.993,3068,1776,1.920,1.150,0.690,2,1,26.997,0,0,11,4,0,20,0
23-04 15:34:49,27.679,6.982,58.848,6.234,0,1260216,1286696,169440,5219480,11119.306,580.502,0,5453.926,0,303.218,2978,2938,1.920,1.150,0.690,2,0,59.846,0,0,11,4,0,20,0
23-04 15:34:50,23.220,2.247,72.157,1.748,0,1263224,1283672,169440,5219496,6226.988,485.376,0,127.836,0,7.990,1724,1333,1.920,1.150,0.690,2,0,7.990,0,0,11,4,0,20,0
23-04 15:34:51,9.033,19.321,70.007,0.502,0,1213180,1333672,169440,5219540,9661.492,541.991,0,2368.702,0,25.092,5808,4604,1.920,1.150,0.690,2,0,407.497,0,0,11,4,0,14,0
23-04 15:34:52,9.989,20.477,67.924,0,0,1178448,1368184,169440,5220056,8204.814,539.396,0,24860.168,0,204.771,6858,7035,1.920,1.150,0.690,3,0,366.590,0,0,11,4,0,14,0
23-04 15:34:53,30.398,12.707,55.066,0.747,0,1182548,1356636,169440,5227520,4238.808,538.198,7423.147,11820.424,74.750,172.423,5551,5985,2.010,1.180,0.700,3,0,193.353,0,0,11,5,0,14,0
23-04 15:34:54,44.136,4.514,44.637,6.771,0,1232928,1306140,169452,5227724,10333.811,487.501,20.062,1749.385,4.012,42.130,2922,1887,2.010,1.180,0.700,3,0,0,0,0,11,5,0,14,0
23-04 15:34:55,41.763,7.252,45.265,5.002,0,1257332,1280780,169452,5228664,9189.947,540.173,492.158,1476.474,4.001,145.047,2847,1564,2.010,1.180,0.700,4,1,0,0,0,11,5,0,14,0
23-04 15:34:56,24.722,7.991,64.676,1.249,0,1281296,1254272,169492,5231116,8032.870,485.448,0,3623.881,0,117.866,3531,4249,2.010,1.180,0.700,1,0,117.866,0,0,11,4,0,14,0
23-04 15:34:57,11.008,3.252,85.065,0,0,1319684,1215880,169496,5231116,7065.403,540.413,0,372.285,0,2.002,1465,1419,2.010,1.180,0.700,2,0,22.017,0,0,11,4,0,14,0
23-04 15:34:58,22.942,3.242,73.313,0.249,0,1373204,1162360,169496,5231116,10166.110,484.765,0,1312.657,0,63.837,1884,1373,1.930,1.180,0.700,2,0,0.997,0,0,11,4,0,14,0
23-04 15:34:59,20.537,2.254,70.629,5.009,0,1395164,1140128,169544,5231340,4122.506,540.985,0,3077.603,0,184.336,2912,3772,1.930,1.180,0.700,1,1,1.002,0,0,11,10,0,12,0
23-04 15:35:00,20.264,5.504,71.548,1.001,0,1330384,1204784,169600,5231408,9756.551,486.327,44.030,780.524,3.002,90.060,3062,3157,1.930,1.180,0.700,4,0,45.030,0,0,11,4,0,14,0
23-04 15:35:01,18.183,2.242,76.717,2.491,0,1363100,1171232,169868,5231896,7711.593,2914.265,565.915,988.359,14.945,15.941,1680,1267,1.930,1.180,0.700,3,0,2.989,0,0,11,11,0,14,0
23-04 15:35:02,19.551,2.507,71.939,5.264,0,1363620,1170364,169916,5232140,14725.732,5609.755,268.707,2229.865,66.174,71.187,2929,3178,1.930,1.180,0.700,1,2,6.016,0,0,11,29,0,14,0
23-04 15:35:03,20.503,5.501,71.010,2.000,0,1406792,1127176,169924,5232152,15567.209,1539.218,0,6024.855,0,102.014,2654,2274,1.850,1.180,0.700,2,0,43.006,0,0,11,28,0,15,0
23-04 15:35:04,17.257,3.251,76.033,2.001,0,1424044,1109908,169924,5232168,47297.252,7396.167,0,22497.633,0,245.105,3061,2514,1.850,1.180,0.700,3,0,0,0,0,11,28,0,16,0
23-04 15:35:05,33.965,12.987,52.946,0,0,1518744,1015192,169924,5232184,5484.356,485.500,0,23355.966,0,297.694,4148,3392,1.850,1.180,0.700,3,0,155.840,0,0,11,28,0,16,0
23-04 15:35:06,31.567,3.507,63.634,0,0,1545724,988192,169924,5232204,21384.163,12446.286,0,3335.044,0,105.222,4289,4463,1.850,1.180,0.700,3,1,0,0,0,11,30,0,16,0
23-04 15:35:07,41.317,17.529,35.307,4.758,0,1511320,1022392,169944,5232388,16074.155,7190.700,0,1149.871,0,36.059,6943,8533,1.850,1.180,0.700,6,0,451.735,0,0,11,28,0,17,0
23-04 15:35:08,85.864,14.227,0,0,0,1695596,838032,169956,5232424,6376.874,2502.027,0,163.740,0,11.981,5094,3126,2.180,1.260,0.730,5,0,127.797,0,0,11,29,0,17,0
23-04 15:35:09,73.560,8.507,17.014,0.250,0,1785000,748356,169976,5232672,39639.148,36704.768,0,344.279,0,32.026,8867,11748,2.180,1.260,0.730,6,0,0,0,0,11,32,0,19,0
23-04 15:35:10,44.928,12.480,39.436,2.496,0,1519976,1013316,169992,5232720,18042.916,7851.344,0,1110.210,0,82.866,7035,8479,2.180,1.260,0.730,1,1,309.501,0,0,11,28,0,23,0
23-04 15:35:11,21.451,4.240,66.347,6.485,0,1533208,1000056,170016,5232724,13040.994,1236.156,0,20492.848,0,259.403,2328,2294,2.180,1.260,0.730,2,1,0,0,0,11,29,0,23,0
23-04 15:35:12,14.764,2.252,74.322,7.007,0,1517392,1015816,170052,5232740,18513.864,6733.497,0,18241.601,0,233.225,3087,3887,2.180,1.260,0.730,2,0,0,0,0,11,28,0,24,0
23-04 15:35:13,20.030,6.510,73.108,0.501,0,1473972,1059228,170056,5232744,7107.517,528.782,0,44.065,0,4.006,2464,1830,2.090,1.250,0.730,2,0,68.101,0,0,11,28,0,24,0
23-04 15:35:14,14.718,2.245,82.570,0,0,1468288,1064756,170060,5232896,16379.249,6633.521,0,83.817,0,5.987,2557,2896,2.090,1.250,0.730,5,0,0,0,0,11,29,0,24,0
23-04 15:35:15,10.540,19.073,69.264,0.251,0,1443388,1089636,170072,5232904,6764.828,1348.147,0,305.165,0,21.080,5747,4890,2.090,1.250,0.730,1,0,518.981,0,0,11,28,0,24,0
23-04 15:35:16,67.364,25.199,7.984,0,0,1572516,960460,170080,5232944,5089.702,538.910,0,255.483,0,21.956,5611,4354,2.090,1.250,0.730,5,0,519.948,0,0,11,28,0,24,0
23-04 15:35:17,76.936,7.518,14.284,0.251,0,1704692,828228,170088,5232988,31226.337,25699.002,0,1964.740,0,203.491,6130,6342,2.090,1.250,0.730,6,1,0,0,0,11,33,0,24,0
23-04 15:35:18,69.765,13.003,15.253,1.500,0,1550992,981780,170112,5233208,35703.733,24724.355,0,5145.114,0,283.061,10303,15198,2.320,1.320,0.760,8,0,233.050,0,0,11,28,0,25,0
23-04 15:35:19,85.764,13.424,0,0,0,1697852,834880,170116,5234620,14287.979,4371.213,0,222.737,0,10.938,5567,6036,2.320,1.320,0.760,9,0,111.368,0,0,11,29,0,25,0
23-04 15:35:20,78.620,9.014,12.018,0,0,1791924,740636,170116,5233412,41753.911,32256.373,0,180.276,0,12.018,7337,16755,2.320,1.320,0.760,7,0,2.003,0,0,11,33,0,21,0
23-04 15:35:21,66.522,14.058,18.325,0.251,0,1571208,960960,170140,5233780,37560.815,27976.567,0,2719.135,0,100.411,10131,14730,2.320,1.320,0.760,5,0,282.155,0,0,11,28,0,25,0
23-04 15:35:22,37.579,4.728,56.990,0,0,1596600,935528,170140,5233820,12537.869,5098.767,0,222.984,0,8.959,2724,1597,2.320,1.320,0.760,2,0,16.923,0,0,11,30,0,25,0
23-04 15:35:23,33.654,7.534,56.760,0.502,0,1567828,964260,170156,5233844,21144.804,14394.902,0,1028.710,0,59.271,5737,7437,2.300,1.330,0.760,6,0,156.717,0,0,11,28,0,27,0
23-04 15:35:24,60.345,14.712,24.936,0,0,1598052,933992,170156,5233888,4933.325,1235.825,0,215.446,0,17.954,4295,2779,2.300,1.330,0.760,3,0,221.431,0,0,11,29,0,24,0
23-04 15:35:25,43.094,5.011,50.610,0.501,0,1611540,920300,170168,5234080,37177.047,25690.005,0,144.315,0,18.039,6501,8977,2.300,1.330,0.760,3,0,0,0,0,11,30,0,25,0
23-04 15:35:26,73.717,17.992,8.496,0.250,0,1548284,983516,170176,5234112,9403.813,2913.703,0,383.829,0,35.984,5710,4528,2.300,1.330,0.760,4,0,257.885,0,0,11,28,0,25,0
23-04 15:35:27,64.152,6.740,27.458,0,0,1632112,899648,170176,5234152,26072.267,23754.798,0,0,0,0,6105,6353,2.300,1.330,0.760,2,0,0,0,0,11,32,0,25,0
23-04 15:35:28,61.144,15.286,23.305,0.501,0,1512492,1019028,170204,5234364,27753.454,17752.868,0,641.513,0,55.130,7788,10739,2.190,1.320,0.760,4,0,325.768,0,0,11,28,0,28,0
23-04 15:35:29,53.114,5.735,40.147,0,0,1583676,947816,170204,5234392,18506.620,12238.667,0,526.652,0,12.967,3742,2559,2.190,1.320,0.760,3,0,0,0,0,11,31,0,28,0
23-04 15:35:30,48.622,14.035,37.093,0.251,0,1529996,1001416,170224,5234452,29407.005,17705.558,0,493.241,0,45.114,7882,10807,2.190,1.320,0.760,5,0,299.754,0,0,11,28,0,30,0
23-04 15:35:31,55.995,6.968,36.334,0.249,0,1602692,928696,170224,5234476,13149.005,7035.897,0,195.110,0,9.955,3349,1466,2.190,1.320,0.760,2,0,0,0,0,11,31,0,30,0
23-04 15:35:32,49.225,9.041,39.932,0.502,0,1557460,973576,170244,5234808,27915.487,21951.249,0,1173.359,0,69.317,8065,10808,2.190,1.320,0.760,5,0,169.775,0,0,11,28,0,33,0
23-04 15:35:33,66.198,12.194,20.904,0.249,0,1598380,932620,170244,5234844,9899.768,778.443,0,645.053,0,17.918,4141,2171,2.340,1.370,0.780,2,0,117.463,0,0,11,29,1,33,0
23-04 15:35:34,41.860,4.512,52.638,0.501,0,1587032,943640,170244,5235172,34544.867,25106.039,0,376.992,0,39.103,7348,9750,2.340,1.370,0.780,3,0,3.008,0,0,11,29,0,34,0
23-04 15:35:35,63.179,11.987,24.972,0,0,1574416,956244,170252,5235176,5769.508,1341.491,0,195.780,0,12.985,4329,2459,2.340,1.370,0.780,4,0,108.877,0,0,11,28,0,35,0
23-04 15:35:36,43.885,4.263,50.154,0.251,0,1609804,920788,170264,5235232,31874.917,23295.562,0,272.838,0,22.068,6282,7619,2.340,1.370,0.780,3,0,0,0,0,11,30,0,34,0
23-04 15:35:37,66.937,24.977,7.243,0.500,0,1535480,995008,170280,5235288,10647.034,3325.887,0,447.581,0,37.964,6131,6863,2.340,1.370,0.780,7,0,609.430,0,0,11,28,0,35,0
23-04 15:35:38,82.475,16.745,0.750,0,0,1742804,787636,170288,5235328,21344.517,11179.604,0,223.932,0,11.996,6017,5427,2.710,1.460,0.820,6,0,419.872,0,0,11,32,0,35,0
23-04 15:35:39,76.094,19.524,5.257,0,0,1777056,753124,170304,5235568,47290.662,40227.901,0,548.681,0,41.051,8606,11206,2.710,1.460,0.820,8,0,515.640,0,0,11,30,1,36,0
23-04 15:35:40,79.750,17.000,2.250,0,0,1661484,868428,170308,5235828,18650.974,14480.980,0,463.999,0,38.000,6715,6626,2.710,1.460,0.820,5,0,310.000,0,0,11,29,0,36,0
23-04 15:35:41,78.572,10.227,10.975,0,0,1714024,815836,170312,5235872,35394.800,26010.064,0,151.656,0,8.980,6229,6588,2.710,1.460,0.820,4,0,0,0,0,11,33,0,36,0
23-04 15:35:42,56.832,16.274,25.537,0,0,1544100,985504,170320,5236116,37688.662,30858.756,0,200.290,0,13.019,9632,15270,2.710,1.460,0.820,2,0,408.593,0,0,11,28,0,41,0
23-04 15:35:43,16.764,25.521,57.548,0,0,1512340,1017248,170320,5236132,10132.485,540.453,0,200.168,0,17.014,6532,5662,2.650,1.470,0.820,6,0,715.599,0,0,11,28,0,41,0
23-04 15:35:44,72.460,21.238,5.997,0,0,1600176,929340,170324,5236188,8684.190,3502.060,0,175.903,0,13.992,5094,3813,2.650,1.470,0.820,4,0,478.735,0,0,11,30,0,41,0
23-04 15:35:45,60.933,7.242,31.465,0.499,0,1617996,911316,170336,5236376,35959.311,26102.191,0,735.189,0,46.948,5933,8811,2.650,1.470,0.820,2,0,58.935,0,0,11,30,0,43,0
23-04 15:35:46,76.624,16.527,6.511,0,0,1568668,960600,170348,5236404,15470.108,4872.909,0,396.644,0,35.057,5899,5071,2.650,1.470,0.820,4,0,209.340,0,0,11,28,0,45,0
23-04 15:35:47,63.191,6.744,28.973,0.749,0,1634780,894408,170352,5236480,34031.422,27738.261,0,3225.007,0,120.888,6405,8544,2.650,1.470,0.820,4,0,0,0,0,11,32,0,45,0
23-04 15:35:48,52.392,5.738,41.414,0.249,0,1634840,893904,170364,5236904,45740.533,39814.772,0,1508.884,0,34.928,13476,22181,2.680,1.500,0.830,4,0,0.998,0,0,11,30,1,45,0
23-04 15:35:49,78.733,13.791,5.767,0.752,0,1584700,944000,170372,5236948,18640.202,7351.772,0,834.471,0,71.211,6374,6116,2.680,1.500,0.830,4,0,120.356,0,0,11,28,0,45,0
23-04 15:35:50,64.489,6.749,28.245,0,0,1645076,883572,170372,5236996,31011.553,25084.594,0,147.974,0,8.998,5795,6554,2.680,1.500,0.830,11,0,1.000,0,0,11,32,0,45,0
23-04 15:35:51,51.500,6.000,41.500,0.250,0,1586932,941292,170376,5237372,56345.057,45332.046,0,148.000,0,9.000,14003,22771,2.680,1.500,0.830,4,0,3.000,0,0,11,31,0,46,0
23-04 15:35:52,75.262,17.503,6.001,0.500,0,1551992,976184,170380,5237412,19626.166,7733.248,0,2328.376,0,112.018,6113,5355,2.680,1.500,0.830,5,0,258.042,0,0,11,28,0,49,0
23-04 15:35:53,64.197,6.744,28.726,0,0,1619864,908280,170384,5237440,30665.668,22869.108,0,159.868,0,8.993,5246,5819,2.710,1.520,0.850,2,0,0,0,0,11,32,0,49,0
23-04 15:35:54,63.053,9.758,26.522,0,0,1598324,929548,170388,5237700,37810.995,28987.528,0,252.213,0,21.018,9092,14434,2.710,1.520,0.850,7,0,68.058,0,0,11,29,0,51,0
23-04 15:35:55,77.251,10.250,12.250,0,0,1603268,924588,170392,5237712,15038.103,9643.066,0,224.002,0,20.000,4923,3658,2.710,1.520,0.850,4,0,60.000,0,0,11,30,0,51,0
23-04 15:35:56,63.931,10.489,23.724,0.749,0,1628468,899180,170408,5237900,21548.707,17787.773,0,499.460,0,51.944,6814,8453,2.710,1.520,0.850,3,0,119.870,0,0,11,30,0,53,0
23-04 15:35:57,63.221,7.497,29.487,0,0,1684184,843236,170408,5238124,46698.701,32686.092,0,0,0,0,7707,12063,2.710,1.520,0.850,5,0,0,0,0,11,31,0,54,0
23-04 15:35:58,71.574,15.266,12.513,0,0,1535212,992144,170408,5238184,25400.255,14505.994,0,0,0,0,7127,8631,2.650,1.530,0.850,5,0,228.236,0,0,11,28,0,57,0
23-04 15:35:59,67.482,7.195,24.065,0,0,1626052,901268,170408,5238220,27794.611,18540.657,0,15.878,0,0.992,5228,4963,2.650,1.530,0.850,5,0,0,0,0,11,31,0,58,0
23-04 15:36:00,68.736,9.819,21.653,0.252,0,1633404,893712,170412,5238412,30614.653,19406.334,0,306.167,0,25.178,6148,8732,2.650,1.530,0.850,4,0,68.485,0,0,11,29,0,58,0
23-04 15:36:01,57.541,10.257,31.272,0.250,0,1640228,886844,170428,5238440,20947.062,12582.047,0,392.282,0,34.024,5113,5160,2.650,1.530,0.850,2,0,144.104,0,0,11,29,0,60,0
23-04 15:36:02,52.349,11.716,34.900,0.249,0,1631184,895812,170448,5238492,17931.444,8410.818,0,526.486,0,52.848,4788,4865,2.650,1.530,0.850,5,0,121.650,0,0,11,33,0,61,0
23-04 15:36:03,49.882,9.776,39.855,0.752,0,1585348,941580,170460,5238548,22300.831,17189.346,0,2081.491,0,123.325,5066,6536,2.600,1.540,0.860,4,0,96.254,0,0,11,34,0,62,0
23-04 15:36:04,53.808,9.466,35.374,0.249,0,1553904,972916,170460,5238648,23612.666,13624.340,0,251.103,0,15.943,5108,5898,2.600,1.540,0.860,3,0,85.694,0,0,11,33,0,64,0
23-04 15:36:05,45.162,7.025,46.668,0.251,0,1528136,998476,170464,5238848,24254.099,14575.342,0,260.937,0,18.065,5103,5916,2.600,1.540,0.860,5,0,86.310,0,0,11,34,0,63,0
23-04 15:36:06,30.510,6.502,61.770,0.500,0,1402996,1123572,170468,5238888,22116.163,13207.278,0,284.092,0,30.010,5947,7784,2.600,1.540,0.860,2,0,68.022,0,0,11,32,0,65,0
23-04 15:36:07,38.729,7.996,53.471,0,0,1483316,1043244,170468,5238896,13205.818,2835.458,0,119.935,0,7.996,3160,1899,2.600,1.540,0.860,3,0,66.964,0,0,11,33,0,65,0
23-04 15:36:08,32.000,5.000,60.750,0.500,0,1475768,1050528,170468,5239156,24518.036,14702.022,0,408.001,0,29.000,4833,6274,2.470,1.530,0.860,4,0,35.000,0,0,11,33,0,66,0
23-04 15:36:09,37.776,8.506,53.287,0,0,1506656,1019496,170468,5239300,15668.820,3779.610,0,124.086,0,5.003,3496,2197,2.470,1.530,0.860,5,0,104.072,0,0,11,33,0,66,0
23-04 15:36:10,32.962,6.742,58.433,0.749,0,1460232,1065864,170492,5239332,17454.026,11325.040,0,367.579,0,31.963,4337,4521,2.470,1.530,0.860,4,0,59.931,0,0,11,33,0,67,0
23-04 15:36:11,36.163,5.237,56.863,0.748,0.249,1530232,995824,170516,5239344,9196.781,6599.057,0,299.277,0,28.930,3584,3665,2.470,1.530,0.860,2,0,4.988,0,0,11,33,0,68,0
23-04 15:36:12,37.269,4.002,58.531,0,0,1526676,999344,170516,5239380,25479.324,14501.584,0,112.059,0,7.004,3926,4627,2.470,1.530,0.860,4,0,0,0,0,11,33,0,69,0
23-04 15:36:13,36.258,7.252,55.012,0.250,0,1459676,1066308,170516,5239412,17621.927,6266.397,0,268.060,0,24.005,4410,4411,2.430,1.540,0.870,4,0,48.011,0,0,11,32,0,63,0
23-04 15:36:14,24.937,3.242,71.320,0,0,1499656,1026328,170516,5239412,8616.307,2687.234,0,267.327,0,11.970,1947,1258,2.430,1.540,0.870,2,0,0,0,0,11,33,1,63,0
23-04 15:36:15,26.386,3.015,69.608,0.251,0,1499660,1026152,170524,5239576,27701.307,16161.023,0,651.346,0,43.222,4440,5863,2.430,1.540,0.870,2,0,0,0,0,11,33,0,64,0
23-04 15:36:16,32.509,12.253,53.014,0.500,0,1491540,1034164,170532,5239676,14746.909,5110.355,0,272.072,0,23.006,5375,5192,2.430,1.540,0.870,2,0,282.075,0,0,11,32,0,65,0
23-04 15:36:17,16.187,2.241,80.934,0,0,1495232,1030452,170532,5239692,19400.211,9858.487,0,147.424,0,5.977,3047,3605,2.430,1.540,0.870,2,0,0,0,0,11,33,0,64,0
23-04 15:36:18,12.284,12.535,72.203,2.256,0,1454464,1071200,170536,5239708,13094.740,1776.986,0,1584.446,0,30.084,4598,4028,2.400,1.540,0.870,1,0,285.802,0,0,11,32,0,65,0
23-04 15:36:19,19.204,2.494,76.816,0,0,1448436,1077228,170536,5239708,8838.825,2500.011,0,347.168,0,55.866,1666,1169,2.400,1.540,0.870,1,0,0,0,0,11,33,0,65,0
23-04 15:36:20,23.749,5.000,70.998,0.250,0,1418112,1107516,170544,5239736,19125.495,9285.755,0,231.994,0,15.000,4856,17867,2.400,1.540,0.870,2,0,37.999,0,0,11,32,0,67,0
23-04 15:36:21,20.751,5.250,72.254,0.500,0,1436672,1088948,170544,5239740,7357.455,634.039,0,156.010,0,14.001,2296,1762,2.400,1.540,0.870,2,0,44.003,0,0,11,32,0,63,0
23-04 15:36:22,15.496,1.500,81.726,0.250,0,1435596,1090000,170544,5239760,19301.449,9973.132,0,31.991,0,3.999,2974,3735,2.400,1.540,0.870,3,0,0,0,0,11,33,0,63,0
23-04 15:36:23,15.050,10.033,72.740,1.254,0,1407672,1117636,170548,5240044,8824.153,5096.839,0,4089.511,0,237.786,5223,5649,2.280,1.540,0.870,2,0,249.825,0,0,11,32,0,63,0
23-04 15:36:24,26.430,16.456,54.855,0.748,0,1457052,1068128,170568,5240144,8752.811,538.573,35.905,518.626,0.997,25.931,5252,4368,2.280,1.540,0.870,3,0,376.004,0,0,11,32,0,65,0
23-04 15:36:25,40.238,5.748,48.736,4.999,0,1561928,960592,170612,5242312,9426.199,539.840,435.870,2339.305,16.995,60.982,3207,2460,2.280,1.540,0.870,5,0,4.999,0,0,11,36,0,60,0
23-04 15:36:26,26.720,4.245,45.699,21.726,0,1577212,943428,170876,5243752,3763.802,539.398,0,5166.238,0,497.445,5021,7533,2.280,1.540,0.870,4,1,24.972,0,0,11,36,0,60,0
23-04 15:36:27,25.795,5.259,45.580,21.538,0,1642384,876948,171116,5244780,4919.664,540.953,0,6487.425,0,657.157,5620,8862,2.280,1.540,0.870,3,1,32.056,0,0,11,36,0,60,0
23-04 15:36:28,25.552,5.511,36.575,31.064,0,1586360,932256,171244,5245352,9498.433,486.996,0,13018.635,0,852.745,5429,8825,2.420,1.580,0.890,5,1,8.016,0,0,11,36,0,60,0
23-04 15:36:29,25.940,4.739,36.914,30.180,0.249,1614772,903128,171352,5245944,9546.819,538.748,0,11249.862,0,723.319,5735,9189,2.420,1.580,0.890,5,1,13.968,0,0,11,36,0,56,0
23-04 15:36:30,27.519,5.254,41.780,23.517,0,1563308,953372,171556,5246912,10409.373,486.344,0,6324.479,0,637.451,6140,9754,2.420,1.580,0.890,5,1,32.023,0,0,11,36,0,56,0
23-04 15:36:31,27.304,5.260,40.580,25.049,0,1594532,921304,171668,5247620,9794.227,486.956,0,11650.872,0,885.739,6240,10135,2.420,1.580,0.890,2,1,23.045,0,0,11,36,0,56,0
23-04 15:36:32,26.668,5.483,36.637,29.409,0,1581264,933896,171748,5248204,9081.927,484.502,0,9993.110,0,789.559,5708,9384,2.420,1.580,0.890,3,1,9.969,0,0,11,36,0,56,0
23-04 15:36:33,26.781,5.506,37.544,28.033,0,1555556,959220,171852,5248476,6839.932,486.564,0,10356.009,0,740.859,6656,11074,2.470,1.600,0.900,3,1,12.014,0,0,11,36,0,51,0
23-04 15:36:34,26.478,5.995,39.718,26.728,0,1586016,928336,171924,5248816,4000.729,485.603,0,10819.155,0,771.369,5989,9117,2.470,1.600,0.900,3,1,10.991,0,0,11,36,0,51,0
23-04 15:36:35,27.753,4.750,38.754,26.753,0,1553352,960140,172076,5249460,3692.346,486.046,0,6680.626,0,601.056,5653,8498,2.470,1.600,0.900,2,1,11.001,0,0,11,38,0,51,0
23-04 15:36:36,26.740,6.248,35.236,29.988,0,1581288,932424,172216,5249088,10165.048,485.811,0,12163.271,0,958.627,6304,10504,2.470,1.600,0.900,5,1,7.997,0,0,11,38,0,51,0
23-04 15:36:37,42.291,5.505,43.042,8.008,0,1514500,999324,172280,5248912,10079.843,486.475,0,3875.785,0,317.310,3956,4237,2.470,1.600,0.900,3,0,6.006,0,0,11,32,0,47,0
23-04 15:36:38,37.680,5.490,46.164,10.730,0,1561532,952052,172404,5249024,9389.602,485.101,0,3066.318,0,405.249,5114,6849,2.430,1.610,0.910,2,1,2.994,0,0,11,34,0,47,0
23-04 15:36:39,28.557,5.511,35.321,28.557,0,1626000,887168,172656,5249184,9907.888,486.977,0,11122.325,0,1052.112,7473,12211,2.430,1.610,0.910,3,1,2.004,0,0,11,34,0,47,0
23-04 15:36:40,29.249,4.250,42.749,22.000,0,1591656,921124,172876,5249344,9621.825,485.991,0,7571.862,0,776.986,6321,10214,2.430,1.610,0.910,6,0,1.000,0,0,11,34,0,47,0
23-04 15:36:41,29.311,5.511,42.839,21.795,0,1563588,948816,173100,5249488,6752.996,487.009,0,8722.077,0,955.981,7454,12201,2.430,1.610,0.910,1,1,1.002,0,0,11,34,0,46,0
23-04 15:36:42,28.822,7.454,55.657,6.957,0,1521320,991020,173152,5249500,5678.032,483.025,0,1538.525,0,182.874,3994,4178,2.430,1.610,0.910,3,0,99.388,0,0,11,32,0,46,0
23-04 15:36:43,15.844,11.317,70.165,1.257,0,1491840,1020344,173152,5249652,9030.394,488.891,0,1191.042,0,128.761,3924,3115,2.400,1.610,0.910,2,0,206.219,0,0,11,32,0,46,0
23-04 15:36:44,8.736,21.466,58.409,10.234,0,1461792,1050308,173204,5249684,7573.140,485.240,0,8011.454,0,511.199,7107,6816,2.400,1.610,0.910,2,0,566.113,0,0,11,32,0,46,0
23-04 15:36:45,8.008,21.521,69.569,0.250,0,1458092,1053948,173204,5249740,4098.079,486.484,0,264.263,0,7.007,6604,5793,2.400,1.610,0.910,1,0,595.593,0,0,11,32,0,46,0
23-04 15:36:46,21.994,2.999,73.980,0,0,1533744,978304,173204,5249724,9322.517,485.871,0,0,0,0,1885,1364,2.400,1.610,0.910,1,0,1.999,0,0,11,32,0,39,0
23-04 15:36:47,22.962,3.245,73.628,0,0,1465312,1046684,173204,5249776,6801.761,527.129,0,15.974,0,0.998,1855,1236,2.400,1.610,0.910,2,0,2.995,0,0,11,32,0,39,0
23-04 15:36:48,21.749,3.750,73.248,0,0,1521344,990672,173204,5249756,11134.713,485.987,0,0,0,0,1943,1330,2.280,1.600,0.910,2,0,3.000,0,0,11,32,0,39,0
23-04 15:36:49,22.551,3.508,72.916,0.752,0,1496432,1015552,173204,5249788,12619.736,487.109,0,228.520,0,12.027,2118,1848,2.280,1.600,0.910,2,0,1.002,0,0,11,32,0,39,0
23-04 15:36:50,21.695,3.491,73.315,0,0,1552904,959088,173208,5249776,5787.365,484.774,0,478.789,0,23.939,1958,1514,2.280,1.600,0.910,2,0,1.995,0,0,11,32,0,37,0
23-04 15:36:51,22.987,2.998,73.457,0,0,1515348,996648,173208,5249772,10684.797,485.718,0,75.956,0,4.997,1843,1294,2.280,1.600,0.910,2,0,0.999,0,0,11,32,0,37,0
23-04 15:36:52,22.523,3.253,74.076,0,0,1546200,965796,173208,5249772,6306.450,486.498,0,20.020,0,1.001,1748,1144,2.280,1.600,0.910,2,0,2.002,0,0,11,32,0,37,0
23-04 15:36:53,22.225,3.246,73.667,0,0,1512708,999280,173208,5249780,3696.814,485.450,0,43.950,0,1.998,1802,1370,2.180,1.590,0.920,2,0,0.999,0,0,11,32,0,37,0
23-04 15:36:54,22.503,3.000,73.509,0.250,0,1493024,1018952,173208,5249792,8349.000,486.058,0,460.055,0,82.010,1902,1224,2.180,1.590,0.920,3,0,3.000,0,0,11,32,0,33,0
23-04 15:36:55,22.251,4.000,71.752,1.750,0,1501824,1010180,173208,5249764,6901.175,486.012,0,2424.062,0,133.003,1983,1451,2.180,1.590,0.920,2,0,2.000,0,0,11,32,0,33,0
23-04 15:36:56,22.275,2.503,72.080,2.503,0,1481660,1030320,173208,5249792,8713.697,486.541,0,176.196,0,5.006,1711,1163,2.180,1.590,0.920,2,0,1.001,0,0,11,32,0,33,0
23-04 15:36:57,22.473,3.246,73.662,0,0,1522324,989736,173208,5249712,9307.879,485.420,0,0,0,0,1838,1224,2.180,1.590,0.920,3,0,1.998,0,0,11,32,0,33,0
23-04 15:36:58,22.775,3.003,73.329,0,0,1486028,1025944,173208,5249800,4674.029,486.523,0,88.095,0,1.001,1749,1200,2.090,1.580,0.920,2,0,2.002,0,0,11,32,0,27,0
23-04 15:36:59,22.241,3.249,73.472,0,0,1477172,1034796,173208,5249804,9059.498,485.812,0,131.949,0,12.995,2039,1749,2.090,1.580,0.920,3,0,1.000,0,0,11,32,0,27,0
23-04 15:37:00,22.749,3.750,73.245,0.500,0,1512472,999504,173220,5249784,7280.550,485.970,0,443.973,0,29.998,1832,1313,2.090,1.580,0.920,3,0,2.000,0,0,11,32,0,27,0
23-04 15:37:01,22.826,3.763,72.742,0,0,1532316,979632,173220,5249780,8936.695,487.620,0,553.840,0,5.017,1942,1311,2.090,1.580,0.920,3,0,7.023,0,0,11,32,0,27,0
23-04 15:37:02,22.445,2.743,74.317,0,0,1498428,1013508,173220,5249792,6611.719,484.806,0,27.931,0,1.995,1760,1232,2.090,1.580,0.920,2,0,0.998,0,0,11,32,0,19,0
23-04 15:37:03,22.243,3.499,73.228,0,0,1485712,1026096,173220,5249920,8968.277,485.853,0,11.996,0,1.000,1898,1284,2,1.570,0.920,2,0,1.999,0,0,11,32,0,19,0
23-04 15:37:04,11.979,17.719,69.876,0,0,1410292,1101460,173220,5249976,8881.284,485.142,0,383.322,0,41.926,5400,4208,2,1.570,0.920,3,0,435.230,0,0,11,32,0,19,0
23-04 15:37:05,21.032,5.008,73.614,0,0,1436652,1075064,173220,5249996,7102.967,486.752,0,4.006,0,1.002,2033,1525,2,1.570,0.920,2,0,24.037,0,0,11,32,0,19,0
23-04 15:37:06,22.809,2.506,73.439,0.251,0,1441768,1069700,173220,5250236,6280.161,487.254,0,252.650,0,4.010,1840,1198,2,1.570,0.920,2,0,9.023,0,0,11,32,0,15,0
23-04 15:37:07,22.185,3.490,73.784,0,0,1509912,1001552,173220,5250240,8874.053,484.583,0,0,0,0,1838,1351,2,1.570,0.920,1,0,0,0,0,11,32,0,15,0
23-04 15:37:08,11.272,19.287,68.132,0,0,1484820,1026492,173220,5250384,9215.864,486.944,40.078,116.225,2.004,5.010,5611,4593,1.920,1.560,0.920,1,0,463.899,0,0,11,32,0,15,0
23-04 15:37:09,7.510,22.278,68.838,0.250,0,1453740,1057516,173228,5250428,8846.268,486.620,0,548.699,0,18.023,6597,5609,1.920,1.560,0.920,2,0,536.684,0,0,11,32,0,15,0
23-04 15:37:10,8.748,21.494,68.231,0,0,1441488,1069728,173228,5250460,8754.597,485.867,0,835.771,0,26.993,6577,5535,1.920,1.560,0.920,1,0,565.845,0,0,11,32,0,10,0
23-04 15:37:11,7.753,22.509,68.527,0,0,1421540,1089612,173228,5250488,9299.660,486.191,0,1444.569,0,18.007,6424,5148,1.920,1.560,0.920,1,0,562.221,0,0,11,32,0,10,0
23-04 15:37:12,8.497,21.991,69.223,0,0,1425280,1085844,173228,5250512,8708.612,527.795,0,1103.571,0,11.995,6330,5069,1.920,1.560,0.920,3,0,531.793,0,0,11,32,0,10,0
23-04 15:37:13,7.750,21.251,69.253,0,0,1420392,1090668,173228,5250560,4080.204,486.024,0,252.013,0,9.000,6273,5302,1.770,1.540,0.910,2,0,540.027,0,0,11,32,0,10,0
23-04 15:37:14,10.003,21.756,69.019,0,0,1405568,1105436,173228,5250604,4605.291,486.136,0,292.082,0,17.005,6678,5902,1.770,1.540,0.910,2,0,652.183,0,0,11,32,0,7,0
23-04 15:37:15,10.987,21.474,65.421,0.749,0,1357548,1153400,173240,5250644,9366.729,485.416,0,619.255,0,74.910,6697,5951,1.770,1.540,0.910,2,0,621.252,0,0,11,34,0,8,0
23-04 15:37:16,46.547,24.775,27.277,0.501,0,1514280,996604,173256,5250692,9484.558,486.490,0,1069.077,0,66.067,6410,6099,1.770,1.540,0.910,3,0,594.599,0,0,11,32,0,13,0
23-04 15:37:17,58.208,8.209,23.383,9.950,0,1659716,848028,173272,5253368,10961.037,483.575,441.785,2782.050,9.950,124.376,4312,3329,1.770,1.540,0.910,4,1,6.965,0,0,11,34,0,13,0
23-04 15:37:18,18.544,3.759,40.346,34.332,0,1668276,835708,173500,5256408,7091.940,487.164,0,11728.014,0,698.669,5391,8903,2.100,1.610,0.940,3,1,27.065,0,0,11,38,0,10,0
23-04 15:37:19,9.993,3.248,53.963,29.979,0,1667596,833944,173592,5258588,10393.802,485.664,0,9201.627,0,600.584,5703,10049,2.100,1.610,0.940,3,1,12.991,0,0,11,38,0,12,0
23-04 15:37:20,11.994,5.247,45.227,34.483,0,1692836,807228,173740,5259848,7946.977,485.754,0,12089.880,0,934.527,6562,16430,2.100,1.610,0.940,5,0,65.967,0,0,11,38,0,13,0
23-04 15:37:21,6.755,2.252,50.287,37.527,0,1687944,810752,173916,5260996,5781.201,580.422,0,11572.409,0,745.542,5770,10884,2.100,1.610,0.940,1,1,12.009,0,0,11,38,0,13,0
23-04 15:37:22,6.268,3.009,50.646,36.856,0,1683108,814272,174032,5262160,9901.474,487.402,0,12776.743,0,826.376,5214,9616,2.100,1.610,0.940,1,2,6.017,0,0,11,38,0,11,0
23-04 15:37:23,7.969,3.736,50.555,36.360,0,1678608,817328,174116,5263484,7321.741,484.131,0,11049.354,0,759.070,5202,9200,2.420,1.680,0.970,3,1,14.942,0,0,11,38,0,11,0
23-04 15:37:24,10.497,2.999,51.734,31.740,0.250,1675360,818844,174212,5265076,3396.933,485.847,0,11684.331,0,857.731,6008,10731,2.420,1.680,0.970,5,2,14.995,0,0,11,38,0,11,0
23-04 15:37:25,22.583,6.775,43.660,24.590,0,1681340,811788,174272,5266064,8912.632,487.786,0,13501.433,0,890.260,6009,10057,2.420,1.680,0.970,6,1,63.232,0,0,11,36,0,11,0
23-04 15:37:26,22.178,3.987,44.356,28.408,0,1697068,794668,174352,5267272,14225.708,6127.062,0,14672.255,0,888.110,5695,10097,2.420,1.680,0.970,1,1,8.971,0,0,11,37,0,11,0
23-04 15:37:27,19.539,6.262,38.326,33.316,0,1686152,804600,174396,5268184,13184.180,4231.402,0,16103.978,0,1141.266,7831,12718,2.420,1.680,0.970,2,1,88.175,0,0,11,36,0,10,0
23-04 15:37:28,24.219,4.245,36.454,32.459,0,1722008,766788,174444,5269992,7860.986,2767.474,0,8960.585,0,642.182,5680,8840,2.380,1.690,0.970,1,1,12.983,0,0,11,37,0,10,0
23-04 15:37:29,19.032,3.506,47.579,27.045,0,1712684,775040,174488,5270976,10673.788,7580.634,0,14047.411,0,890.484,6880,12422,2.380,1.690,0.970,2,2,6.010,0,0,11,39,0,10,0
23-04 15:37:30,17.721,3.494,44.927,30.700,0,1703496,783024,174528,5272104,20023.410,9439.636,0,13222.479,0,812.677,7832,13213,2.380,1.690,0.970,2,3,11.981,0,0,11,39,0,10,0
23-04 15:37:31,22.025,5.756,37.041,32.787,0,1652676,832840,174576,5273000,10993.272,1813.024,0,12922.425,0,881.985,5918,9170,2.380,1.690,0.970,4,1,42.047,0,0,11,38,0,10,0
23-04 15:37:32,23.494,3.999,39.240,31.492,0,1675436,808276,174644,5274696,8560.811,6077.446,0,9961.453,0,735.812,5770,9398,2.380,1.690,0.970,4,1,11.997,0,0,11,39,0,10,0
23-04 15:37:33,18.545,4.010,50.874,25.312,0,1671744,810924,174700,5275652,19056.356,8476.620,0,11062.911,0,763.858,7207,12579,2.430,1.710,0.980,1,1,9.022,0,0,11,39,0,10,0
23-04 15:37:34,20.975,5.743,39.453,31.462,0.250,1580464,901156,174796,5276580,13383.979,7103.497,0,11901.754,0,756.095,8072,13390,2.430,1.710,0.980,4,1,58.929,0,0,11,38,0,11,0
23-04 15:37:35,26.262,5.252,41.519,25.011,0,1640444,840172,174844,5277508,9786.399,486.219,0,11693.256,0,757.340,5810,9785,2.430,1.710,0.980,2,1,12.005,0,0,11,38,0,11,0
23-04 15:37:36,19.258,4.252,47.269,26.511,0,1644612,834920,174948,5278452,17795.290,8736.579,0,12353.060,0,852.349,7203,12349,2.430,1.710,0.980,6,1,3.001,0,0,11,39,0,11,0
23-04 15:37:37,21.718,4.743,44.434,27.210,0,1645104,831924,175060,5280784,14148.984,9501.887,0,16799.048,0,1048.443,9062,15724,2.430,1.710,0.980,3,1,14.978,0,0,11,39,0,11,0
23-04 15:37:38,25.745,5.499,37.993,29.494,0,1625792,849676,175272,5282092,11272.831,2577.504,0,14129.281,0,928.821,7055,11099,2.720,1.780,1.010,2,2,36.993,0,0,11,38,0,11,0
23-04 15:37:39,31.760,11.754,33.261,21.257,0,1598132,876072,175432,5283160,13957.591,5519.815,256.084,10419.427,2.001,796.262,7874,11293,2.720,1.780,1.010,3,1,231.076,0,0,11,37,0,11,0
23-04 15:37:40,33.040,15.018,30.787,19.523,0,1600584,872432,175548,5284168,19532.441,8951.743,500.601,12210.654,7.008,768.923,11268,18492,2.720,1.780,1.010,5,1,198.238,0,0,11,37,0,11,0
23-04 15:37:41,27.449,13.475,33.937,24.455,0,1519304,952236,175636,5285504,18474.754,7098.841,1804.655,10461.608,37.930,704.694,8173,13068,2.720,1.780,1.010,2,2,207.615,0,0,11,36,0,12,0
23-04 15:37:42,21.981,4.246,36.219,35.220,0,1561612,908984,175704,5286328,11642.092,2768.644,0,15930.442,0,1129.039,5450,8887,2.720,1.780,1.010,1,1,6.994,0,0,11,37,0,12,0
23-04 15:37:43,21.688,5.235,46.618,23.683,0,1527380,941768,175824,5287588,16579.901,6959.231,0,7957.395,0,607.275,7042,10972,2.660,1.790,1.020,2,2,33.904,0,0,11,36,0,13,0
23-04 15:37:44,24.015,5.003,36.772,31.519,0,1589288,878712,175916,5288580,5161.144,2507.528,0,12203.434,0,827.504,5820,9376,2.660,1.790,1.020,1,1,4.002,0,0,11,37,0,13,0
23-04 15:37:45,18.340,5.527,47.735,27.385,0,1494216,972336,175944,5289972,8860.606,5382.489,0,8654.592,0,623.066,6066,9279,2.660,1.790,1.020,0,3,51.252,0,0,11,36,0,14,0
23-04 15:37:46,24.248,5.749,39.746,28.497,0,1565796,900012,175988,5290648,10228.050,779.928,0,9195.146,0,644.940,5219,8036,2.660,1.790,1.020,3,0,14.999,0,0,11,36,0,14,0
23-04 15:37:47,18.747,3.999,44.242,30.745,0,1565048,899668,176020,5291668,15566.300,10256.221,0,13577.645,0,809.860,6786,11069,2.660,1.790,1.020,2,1,0,0,0,11,37,0,14,0
23-04 15:37:48,24.423,5.732,44.610,23.177,0,1609860,853708,176064,5292748,10888.753,1392.620,0,6854.442,0,557.247,6282,9626,2.770,1.820,1.030,2,1,46.853,0,0,11,36,0,15,0
23-04 15:37:49,20.543,4.259,46.599,26.055,0,1621408,840804,176100,5294004,12528.504,6807.401,0,11792.948,0,811.717,6271,10473,2.770,1.820,1.030,2,2,0,0,0,11,37,0,15,0
23-04 15:37:50,13.961,6.482,50.609,26.925,0,1577952,883276,176104,5294960,17026.419,5042.907,0,8907.109,0,628.244,6601,10066,2.770,1.820,1.030,1,2,65.816,0,0,11,36,0,16,0
23-04 15:37:51,4.254,2.752,61.302,29.525,0,1557032,903180,176148,5295908,8861.480,486.411,0,9904.361,0,764.645,4733,8825,2.770,1.820,1.030,2,1,6.005,0,0,11,36,0,16,0
23-04 15:37:52,3.252,3.002,59.040,32.022,0,1544004,914512,176172,5297516,3758.565,486.332,0,16607.332,0,803.548,4260,7893,2.770,1.820,1.030,2,1,3.002,0,0,11,36,0,16,0
23-04 15:37:53,3.996,2.497,65.183,25.224,0,1527068,930932,176208,5297984,11990.696,485.502,0,7180.632,0,624.359,4823,8594,2.790,1.840,1.040,5,0,14.985,0,0,11,36,0,16,0
23-04 15:37:54,4.254,1.752,61.061,29.529,0,1517044,940292,176224,5298620,7300.265,486.484,0,8440.400,0,638.636,4294,8001,2.790,1.840,1.040,1,2,3.003,0,0,11,36,0,16,0
23-04 15:37:55,6.261,3.506,56.352,31.808,0,1517252,939496,176248,5299168,4067.394,486.885,0,10479.050,0,825.501,5120,9285,2.790,1.840,1.040,1,4,9.016,0,0,11,36,0,16,0
23-04 15:37:56,5.983,2.742,54.349,32.909,0,1510520,945748,176324,5299556,8670.963,484.656,0,17750.792,0,1115.907,5561,10105,2.790,1.840,1.040,1,1,5.983,0,0,11,36,0,16,0
23-04 15:37:57,4.515,2.258,65.470,25.084,0,1504412,951568,176356,5299804,5825.619,487.642,0,6028.301,0,597.011,4568,8204,2.790,1.840,1.040,1,1,15.051,0,0,11,36,0,16,0
23-04 15:37:58,5.241,2.745,54.659,34.442,0,1499824,956060,176396,5299852,8828.235,485.189,0,13122.054,0,1014.304,4801,8498,2.880,1.880,1.060,5,1,6.988,0,0,11,36,0,16,0
23-04 15:37:59,4.744,2.497,64.664,25.966,0,1495500,959664,176464,5300492,3663.149,485.357,0,8121.245,0,663.122,4172,7809,2.880,1.880,1.060,3,2,8.988,0,0,11,36,0,16,0
23-04 15:38:00,5.253,3.002,58.036,31.019,0,1491684,962676,176508,5301200,4613.899,486.306,0,9998.282,0,763.480,5296,9729,2.880,1.880,1.060,2,3,9.006,0,0,11,36,0,16,0
23-04 15:38:01,5.002,3.751,52.016,37.261,0,1488276,965352,176604,5301788,11492.510,486.148,0,15700.795,0,953.291,5076,9095,2.880,1.880,1.060,1,4,12.004,0,0,11,36,0,16,0
23-04 15:38:02,3.748,2.249,62.211,27.982,0,1485136,968000,176708,5302160,11943.525,485.696,0,7839.094,0,645.596,4632,8252,2.880,1.880,1.060,1,2,8.994,0,0,11,36,0,16,0
23-04 15:38:03,6.000,2.500,59.251,30.001,0,1482292,970224,176752,5302720,3722.080,528.011,0,9180.197,0,716.015,4473,8120,2.810,1.880,1.060,5,0,9.000,0,0,11,36,0,16,0
23-04 15:38:04,6.007,3.004,57.067,30.286,0,1480488,971720,176836,5302928,9127.778,486.575,0,17032.111,0,1083.279,5579,10199,2.810,1.880,1.060,2,2,9.011,0,0,11,36,0,16,0
23-04 15:38:05,5.752,3.251,62.273,25.259,0,1480000,972836,176876,5302260,8373.036,528.192,0,11744.258,0,973.353,6591,12311,2.810,1.880,1.060,5,0,0,0,0,11,36,0,16,0
23-04 15:38:06,5.238,2.993,60.858,28.184,0.249,1479816,973628,176920,5301608,9578.668,484.870,0,8707.699,0,729.300,5473,9742,2.810,1.880,1.060,2,1,2.993,0,0,11,36,0,16,0
23-04 15:38:07,6.760,2.754,61.842,25.538,0,1479240,974432,176972,5301328,7384.960,486.722,0,13704.339,0,959.424,5322,9604,2.810,1.880,1.060,1,3,3.004,0,0,11,36,0,16,0
23-04 15:38:08,6.754,3.002,57.038,30.270,0,1479300,973928,177016,5301728,5823.841,486.321,0,16847.110,0,1062.701,5648,10199,2.910,1.920,1.080,1,3,4.003,0,0,11,36,0,16,0
23-04 15:38:09,6.499,2.999,58.738,29.244,0,1479020,973928,177048,5301976,10383.951,485.904,0,11477.735,0,816.839,4742,8265,2.910,1.920,1.080,2,1,5.999,0,0,11,36,0,16,0
23-04 15:38:10,5.746,2.248,62.707,25.483,0,1478444,973928,177076,5302524,8428.232,485.668,0,10612.737,0,877.399,5540,10032,2.910,1.920,1.080,2,2,8.994,0,0,11,36,0,16,0
23-04 15:38:11,4.512,3.008,59.903,30.327,0,1478248,973928,177096,5302700,7968.322,487.243,0,8878.643,0,708.808,4663,8419,2.910,1.920,1.080,2,2,9.023,0,0,11,36,0,16,0
23-04 15:38:12,5.486,2.494,63.340,25.436,0,1478200,973424,177116,5303220,7663.699,484.779,0,12125.463,0,922.676,5598,10595,2.910,1.920,1.080,1,1,5.985,0,0,11,36,0,16,0
23-04 15:38:13,7.506,2.502,62.798,24.018,0,1477704,973424,177128,5303696,5001.809,486.370,0,12181.277,0,946.721,5687,10326,2.760,1.900,1.080,4,2,9.007,0,0,11,36,0,16,0
23-04 15:38:14,5.745,3.497,51.453,36.966,0,1478580,973424,177148,5302804,8415.305,527.518,0,13539.619,0,967.116,5424,9908,2.760,1.900,1.080,5,0,2.997,0,0,11,36,0,16,0
23-04 15:38:15,6.001,2.501,64.515,24.256,0,1478384,973424,177192,5302952,6989.644,486.114,0,9746.293,0,804.189,5140,9211,2.760,1.900,1.080,7,1,6.001,0,0,11,36,0,16,0
23-04 15:38:16,5.000,2.000,63.997,25.499,0,1478528,973172,177200,5303048,4946.765,485.977,0,11143.471,0,855.959,4852,9093,2.760,1.900,1.080,2,1,3.000,0,0,11,36,0,14,0
23-04 15:38:17,6.255,3.252,62.045,26.519,0,1477944,973172,177232,5303596,11251.212,486.355,0,9959.269,0,811.592,5199,9286,2.760,1.900,1.080,2,1,6.004,0,0,11,36,0,14,0
23-04 15:38:18,6.255,3.503,55.295,31.275,0,1477600,973172,177256,5303904,9354.596,486.395,0,17594.286,0,1140.926,6587,12586,2.780,1.920,1.090,3,1,10.008,0,0,11,36,0,14,0
23-04 15:38:19,9.254,2.251,62.775,23.510,0,1477644,972668,177280,5304332,9884.010,486.197,0,5262.135,0,583.237,5349,9416,2.780,1.920,1.090,4,1,12.005,0,0,11,38,0,14,0
23-04 15:38:20,12.754,4.751,52.515,26.257,0,1475440,974328,177308,5304836,7137.034,486.139,0,14260.064,0,1011.288,6878,19872,2.780,1.920,1.090,0,2,42.012,0,0,11,38,0,9,0
23-04 15:38:21,7.998,2.000,63.237,23.995,0,1474808,974328,177328,5305432,8994.217,579.885,0,5027.004,0,512.898,4703,8130,2.780,1.920,1.090,0,2,11.998,0,0,11,38,0,9,0
23-04 15:38:22,8.715,2.988,55.030,29.880,0,1474348,974328,177364,5305844,8045.802,484.063,0,15227.063,0,996.014,5592,10194,2.780,1.920,1.090,1,1,8.964,0,0,11,38,0,9,0
23-04 15:38:23,8.498,2.999,64.485,21.245,0,1473592,974472,177400,5306400,5314.782,485.889,0,6114.599,0,680.844,5529,9607,2.790,1.940,1.100,1,1,14.997,0,0,11,38,0,9,0
23-04 15:38:24,5.512,3.507,58.874,29.562,0,1471456,976216,177448,5306732,3414.176,487.024,0,16803.316,0,1056.220,5308,9781,2.790,1.940,1.100,5,1,9.019,0,0,11,38,0,8,0
23-04 15:38:25,4.000,2.500,65.996,24.749,0,1470308,976996,177468,5307072,10366.435,485.974,0,6291.657,0,552.970,4706,8310,2.790,1.940,1.100,1,3,6.000,0,0,11,38,0,8,0
23-04 15:38:26,3.996,2.997,57.939,33.465,0,1468680,978272,177468,5307416,10430.043,485.490,0,8467.105,0,628.340,4029,7026,2.790,1.940,1.100,1,1,8.991,0,0,11,38,0,8,0
23-04 15:38:27,5.992,2.996,56.924,30.709,0,1467288,979256,177500,5307780,13191.405,485.353,0,16398.128,0,1040.612,5437,9835,2.790,1.940,1.100,5,0,5.992,0,0,11,38,0,8,0
23-04 15:38:28,5.761,2.505,64.121,24.546,0,1466868,979004,177540,5308400,12375.272,486.916,0,7129.407,0,701.319,4960,8813,2.810,1.960,1.110,2,1,7.013,0,0,11,38,0,7,0
23-04 15:38:29,5.502,2.251,63.019,26.758,0,1467016,978500,177568,5308708,9015.685,486.145,0,9978.972,0,743.221,4447,8119,2.810,1.960,1.110,2,2,3.001,0,0,11,38,0,7,0
23-04 15:38:30,5.490,3.494,61.138,27.450,0,1467140,976484,177596,5310508,9749.105,485.110,0,10364.974,0,762.600,5025,9142,2.810,1.960,1.110,1,1,8.984,0,0,11,38,0,7,0
23-04 15:38:31,5.513,3.258,60.391,29.068,0,1466844,976484,177608,5310792,4172.763,487.140,0,13615.856,0,940.200,5073,9241,2.810,1.960,1.110,2,2,12.028,0,0,11,38,0,7,0
23-04 15:38:32,4.506,3.004,61.578,27.284,0,1466356,976244,177616,5311472,3738.725,486.615,0,13152.624,0,941.190,5801,10631,2.810,1.960,1.110,2,2,12.015,0,0,11,38,0,7,0
23-04 15:38:33,4.992,2.496,64.891,24.459,0,1466152,975992,177628,5311908,11365.940,485.186,0,6832.542,0,596.001,4672,8191,2.750,1.960,1.120,6,0,5.990,0,0,11,38,0,7,0
23-04 15:38:34,5.497,3.748,62.216,26.236,0.250,1466524,974984,177656,5312504,9618.695,485.732,0,12720.983,0,912.497,5484,10195,2.750,1.960,1.120,1,1,8.995,0,0,11,38,0,7,0
23-04 15:38:35,4.753,2.501,65.289,24.014,0,1466012,974984,177656,5313004,14024.402,486.291,0,8617.162,0,744.446,5220,9274,2.750,1.960,1.120,1,1,9.005,0,0,11,38,0,7,0
23-04 15:38:36,3.999,3.499,59.480,30.490,0,1466004,974732,177672,5313236,6093.905,485.833,0,15282.747,0,977.664,5336,9871,2.750,1.960,1.120,2,2,5.998,0,0,11,38,0,6,0
23-04 15:38:37,4.755,3.003,62.563,27.528,0,1466200,974228,177672,5313536,12300.438,486.492,0,6822.899,0,620.628,4675,8222,2.750,1.960,1.120,3,1,6.006,0,0,11,38,0,6,0
23-04 15:38:38,4.249,1.999,60.980,29.490,0,1465892,974228,177688,5313816,6605.825,485.840,0,9292.940,0,667.780,4300,7759,2.680,1.960,1.120,2,2,6.998,0,0,11,38,0,6,0
23-04 15:38:39,6.002,3.001,60.017,28.758,0,1465240,974228,177700,5314444,4124.202,486.142,0,9750.843,0,801.234,4947,9134,2.680,1.960,1.120,2,0,15.004,0,0,11,38,0,6,0
23-04 15:38:40,7.245,3.748,60.462,26.733,0,1465128,973724,177704,5315048,9800.784,485.692,0,13479.450,0,1035.343,5910,10578,2.680,1.960,1.120,1,2,32.979,0,0,11,38,0,6,0
23-04 15:38:41,4.748,2.249,58.472,31.985,0,1465076,973220,177728,5315564,7111.593,485.767,0,12633.948,0,825.604,4475,8149,2.680,1.960,1.120,1,1,5.997,0,0,11,38,0,6,0
23-04 15:38:42,7.276,2.509,63.230,24.087,0,1465056,972716,177732,5316072,3713.485,487.771,0,7864.560,0,805.927,5806,10614,2.680,1.960,1.120,4,1,21.077,0,0,11,38,0,6,0
23-04 15:38:43,6.479,2.243,61.049,26.164,0,1465816,971708,177744,5316296,10766.621,484.408,0,11247.043,0,851.203,5711,10359,2.790,1.990,1.140,1,1,14.951,0,0,11,38,0,6,0
23-04 15:38:44,5.249,3.999,56.739,31.244,0,1465160,971708,177772,5316904,8692.270,527.895,0,15808.854,0,1099.781,5693,10286,2.790,1.990,1.140,2,0,8.998,0,0,11,38,0,4,0
23-04 15:38:45,6.754,2.752,62.790,25.516,0,1464628,971708,177808,5317380,9004.791,486.313,0,8909.730,0,792.510,5137,9398,2.790,1.990,1.140,2,2,15.010,0,0,11,38,0,4,0
23-04 15:38:46,4.004,3.003,59.808,30.029,0,1464916,971204,177832,5317548,11938.590,486.472,0,14301.884,0,984.956,5388,9680,2.790,1.990,1.140,1,1,6.006,0,0,11,38,0,4,0
23-04 15:38:47,6.249,2.999,63.738,24.745,0,1466508,969188,177844,5317944,6085.872,485.910,0,9994.148,0,761.859,4929,8835,2.790,1.990,1.140,1,1,2.999,0,0,11,38,0,4,0
23-04 15:38:48,7.243,2.248,61.442,25.476,0,1466212,968936,177852,5318476,10067.560,485.545,0,9802.808,0,849.204,5504,9832,2.650,1.980,1.140,1,2,9.991,0,0,11,38,0,2,0
23-04 15:38:49,7.008,2.753,60.816,26.278,0,1466136,968684,177864,5318784,9403.172,486.526,0,13262.347,0,969.048,5293,9540,2.650,1.980,1.140,2,2,6.006,0,0,11,38,0,2,0
23-04 15:38:50,5.975,3.486,60.250,27.386,0,1466608,968432,177884,5318532,5206.404,483.992,0,9755.534,0,815.617,5504,10151,2.650,1.980,1.140,5,0,5.975,0,0,11,38,0,2,0
23-04 15:38:51,7.023,3.010,58.945,28.093,0,1468676,967676,177888,5317208,11229.216,487.616,0,18533.424,0,1210.010,6125,11640,2.650,1.980,1.140,2,3,0,0,0,11,38,0,2,0
23-04 15:38:52,5.735,2.494,66.082,22.942,0,1470104,967676,177892,5315772,7289.446,484.766,0,4033.733,0,533.642,4886,8601,2.650,1.980,1.140,5,1,0,0,0,11,38,0,2,0
23-04 15:38:53,4.507,3.004,59.338,29.043,0,1471388,967676,177904,5314472,11268.722,486.722,0,16957.163,0,1131.679,6378,11876,2.510,1.960,1.140,4,0,0,0,0,11,38,0,1,0
23-04 15:38:54,6.762,2.755,65.615,22.039,0,1474628,965660,177924,5313224,8182.329,486.853,0,6795.901,0,716.254,5565,10079,2.510,1.960,1.140,1,2,3.005,0,0,11,38,0,1,0
23-04 15:38:55,4.998,2.499,60.730,28.741,0,1474496,965660,177936,5313344,3149.984,485.843,0,13355.693,0,867.720,4311,8161,2.510,1.960,1.140,2,1,2.999,0,0,11,38,0,1,0
23-04 15:38:56,6.495,2.998,61.450,26.228,0,1475336,964416,177944,5313740,10193.627,485.601,0,10055.740,0,799.343,6216,11016,2.510,1.960,1.140,1,1,11.990,0,0,11,38,0,1,0
23-04 15:38:57,4.249,2.249,61.480,30.240,0,1475152,964416,177944,5313924,9393.928,485.841,0,7653.497,0,565.815,3889,6776,2.510,1.960,1.140,1,1,2.999,0,0,11,38,0,1,0
23-04 15:38:58,5.507,2.753,63.077,25.031,0,1473788,965624,177952,5314068,9013.002,486.594,0,11349.855,0,900.099,5343,9604,2.390,1.940,1.130,1,1,13.016,0,0,11,38,0,1,0
23-04 15:38:59,11.244,2.998,57.217,27.234,0,1474936,964616,177952,5313928,7456.708,485.720,0,9910.296,0,719.586,4367,7595,2.390,1.940,1.130,2,0,5.997,0,0,11,36,0,2,0
23-04 15:39:00,9.269,20.541,61.875,6.764,0,1337516,1101816,177960,5314140,11226.620,486.981,0,7322.754,0,395.797,6872,6700,2.390,1.940,1.130,1,0,524.056,0,0,11,32,0,2,0
23-04 15:39:01,36.786,19.019,39.539,3.253,0,1445508,993604,177964,5314344,7792.722,486.482,0,1429.417,0,79.078,6104,5314,2.390,1.940,1.130,3,0,426.423,0,0,11,32,0,8,0
23-04 15:39:02,64.942,7.962,24.882,2.239,0,1629060,808384,178016,5315840,3799.968,483.705,0,1190.351,0,44.787,3717,1870,2.390,1.940,1.130,4,0,2.986,0,0,11,32,0,8,0
23-04 15:39:03,56.174,5.992,23.718,12.733,0,1788404,645648,178144,5318788,3820.845,485.345,0,6559.150,0,185.749,3721,1918,2.440,1.960,1.140,4,0,3.995,0,0,11,32,0,8,0
23-04 15:39:04,27.978,3.997,44.965,21.983,0,1802084,628568,178208,5321900,13557.335,485.618,0,8033.681,0,527.585,5373,7416,2.440,1.960,1.140,2,1,28.977,0,0,11,38,0,8,0
23-04 15:39:05,10.039,2.510,48.688,35.889,0,1801388,627560,178212,5323560,11267.492,487.883,0,9179.432,0,645.492,5779,9989,2.440,1.960,1.140,2,2,33.128,0,0,11,38,0,8,0
23-04 15:39:06,11.268,3.255,54.338,29.297,0,1800264,626804,178228,5325364,9106.731,528.855,0,14379.260,0,959.552,7079,13122,2.440,1.960,1.140,3,2,27.044,0,0,11,38,0,8,0
23-04 15:39:07,6.741,3.246,52.929,33.455,0,1799960,625544,178236,5326852,12508.176,539.275,0,15391.298,0,989.669,5889,10977,2.440,1.960,1.140,5,1,20.972,0,0,11,38,0,8,0
23-04 15:39:08,8.003,3.752,50.521,34.764,0,1799184,624788,178264,5328288,9739.988,486.199,0,16954.943,0,1058.433,6180,10997,2.650,2.010,1.170,3,1,19.008,0,0,11,38,0,8,0
23-04 15:39:09,7.494,3.247,53.205,32.972,0,1798644,624284,178276,5329288,9516.897,485.587,0,14092.002,0,953.188,6082,10978,2.650,2.010,1.170,1,1,29.974,0,0,11,38,0,8,0
23-04 15:39:10,8.739,2.996,54.684,30.963,0,1798264,623528,178304,5330332,6349.354,485.415,0,12920.441,0,893.924,5469,9855,2.650,2.010,1.170,3,2,26.968,0,0,11,38,0,8,0
23-04 15:39:11,8.244,3.248,55.211,31.228,0,1797412,622280,178324,5332328,13250.592,485.655,0,10872.281,0,806.427,5465,9623,2.650,2.010,1.170,2,3,29.979,0,0,11,38,0,8,0
23-04 15:39:12,7.266,3.758,53.367,33.073,0.501,1796856,621524,178336,5333616,6791.917,432.951,0,15313.634,0,1038.280,6323,11579,2.650,2.010,1.170,1,1,27.059,0,0,11,38,0,8,0
23-04 15:39:13,7.997,2.999,53.732,31.490,0,1796496,620516,178352,5334892,5371.239,485.841,0,17022.420,0,1131.629,6589,12307,2.920,2.080,1.190,7,0,29.990,0,0,11,38,0,8,0
23-04 15:39:14,7.253,2.751,51.774,35.016,0,1796132,619508,178364,5336208,9197.264,540.250,0,15395.137,0,965.448,5607,10339,2.920,2.080,1.190,3,1,18.008,0,0,11,38,0,8,0
23-04 15:39:15,7.266,2.506,53.370,33.074,0,1796532,618248,178368,5337044,8650.389,432.970,0,13369.967,0,938.103,5627,10320,2.920,2.080,1.190,4,1,24.054,0,0,11,38,0,8,0
23-04 15:39:16,6.500,3.500,54.751,32.501,0,1796360,617240,178372,5338192,10557.251,540.013,0,14420.343,0,986.023,5461,9872,2.920,2.080,1.190,1,3,32.001,0,0,11,38,0,8,0
23-04 15:39:17,7.477,2.492,55.080,33.148,0,1796164,616232,178376,5339356,10494.585,430.670,0,8744.989,0,638.029,4660,8233,2.920,2.080,1.190,3,1,26.917,0,0,11,38,0,8,0
23-04 15:39:18,5.756,2.503,55.060,33.787,0,1796348,615224,178396,5340140,4339.741,486.531,0,12109.228,0,913.998,5712,10538,3,2.110,1.210,1,3,22.024,0,0,11,38,0,8,0
23-04 15:39:19,5.250,3.500,48.754,40.253,0,1795916,614720,178404,5341044,12306.934,486.037,0,13449.021,0,980.074,6554,11867,3,2.110,1.210,2,1,21.002,0,0,11,38,0,8,0
23-04 15:39:20,10.749,5.000,49.248,31.998,0,1804596,605144,178408,5341892,6241.684,485.975,0,12347.376,0,858.957,6594,19870,3,2.110,1.210,2,1,50.997,0,0,11,38,0,9,0
23-04 15:39:21,5.746,3.748,54.465,33.228,0,1803640,605144,178412,5342788,6497.791,579.625,0,13895.000,0,944.388,5293,9619,3,2.110,1.210,1,2,11.992,0,0,11,38,0,8,0
23-04 15:39:22,6.251,3.501,52.512,34.508,0.250,1802700,605144,178428,5343684,11566.669,486.112,0,16963.914,0,1072.247,6068,11217,3,2.110,1.210,2,1,12.003,0,0,11,38,0,8,0
23-04 15:39:23,9.497,3.749,49.982,34.238,0,1801748,604892,178444,5344844,5673.005,485.829,0,16194.305,0,1165.590,7092,13021,3.160,2.160,1.230,1,3,23.992,0,0,11,38,0,8,0
23-04 15:39:24,6.764,3.006,58.871,29.060,0,1801628,604136,178444,5345696,8722.875,486.998,0,12253.109,0,903.852,5690,10165,3.160,2.160,1.230,4,1,18.037,0,0,11,38,0,8,0
23-04 15:39:25,7.257,3.253,49.550,37.788,0,1801124,603884,178452,5346408,5785.863,486.493,0,14062.251,0,939.953,5993,11065,3.160,2.160,1.230,4,3,15.015,0,0,11,38,0,8,0
23-04 15:39:26,25.992,7.748,35.990,27.992,0,1686664,717184,178452,5347544,4709.631,539.843,0,14659.737,0,1015.705,7397,11758,3.160,2.160,1.230,2,2,95.972,0,0,11,36,0,8,0
23-04 15:39:27,28.182,5.736,34.167,29.678,0,1755356,647380,178464,5348612,9312.374,484.822,0,14085.776,0,942.709,7319,12141,3.160,2.160,1.230,2,2,24.939,0,0,11,36,0,8,0
23-04 15:39:28,25.798,6.011,40.325,26.049,0,1732824,668660,178476,5349828,9888.462,486.909,0,15112.215,0,1012.891,6411,10409,3.390,2.220,1.250,9,2,71.133,0,0,11,36,0,8,0
23-04 15:39:29,7.239,3.495,55.914,31.452,0,1723096,676472,178484,5351680,8388.089,485.253,0,11530.252,0,737.864,6099,11101,3.390,2.220,1.250,2,1,54.915,0,0,11,36,0,8,0
23-04 15:39:30,8.252,2.501,55.514,31.258,0,1714336,684032,178496,5352824,6830.711,486.122,0,11242.817,0,801.201,5625,10054,3.390,2.220,1.250,4,1,27.007,0,0,11,36,0,8,0
23-04 15:39:31,6.248,3.249,55.735,32.241,0,1705176,691704,178504,5354264,8515.654,485.866,0,11424.853,0,804.778,5354,9531,3.390,2.220,1.250,8,2,17.995,0,0,11,36,0,8,0
23-04 15:39:32,6.493,2.997,54.945,33.217,0,1697648,698220,178508,5355240,7483.456,485.511,0,13366.525,0,842.151,5242,9698,3.390,2.220,1.250,6,1,11.988,0,0,11,36,0,8,0
23-04 15:39:33,4.753,2.502,52.537,36.776,0,1690924,703940,178516,5356212,6041.284,486.345,0,13469.551,0,837.594,4893,8893,3.200,2.200,1.250,1,1,15.011,0,0,11,36,0,8,0
23-04 15:39:34,5.749,2.000,57.245,31.997,0,1685800,707944,178528,5357240,3878.660,485.957,0,8043.296,0,621.946,4866,8844,3.200,2.200,1.250,7,1,20.998,0,0,11,36,0,8,0
23-04 15:39:35,4.990,2.994,58.637,30.441,0,1681112,711608,178536,5358180,11989.859,485.064,0,14847.344,0,804.447,5178,9573,3.200,2.200,1.250,1,2,8.983,0,0,11,36,0,8,0
23-04 15:39:36,4.759,3.507,54.358,34.819,0,1677228,714572,178540,5359068,7774.463,486.969,0,13647.143,0,884.760,5677,10587,3.200,2.200,1.250,1,2,12.024,0,0,11,36,0,8,0
23-04 15:39:37,9.256,3.002,52.034,33.022,0,1675776,715228,178540,5359848,9146.058,486.322,0,13909.213,0,921.610,5769,10094,3.200,2.200,1.250,1,2,12.008,0,0,11,36,0,8,0
23-04 15:39:38,6.251,3.501,52.759,35.256,0,1672304,717564,178548,5360912,6569.166,486.086,0,11334.011,0,802.142,5363,9633,3.180,2.220,1.260,1,4,13.002,0,0,11,36,0,8,0
23-04 15:39:39,5.743,2.746,55.928,32.958,0,1669220,719288,178552,5362240,8835.653,485.377,0,11820.819,0,786.989,4850,9047,3.180,2.220,1.260,2,2,5.992,0,0,11,36,0,8,0
23-04 15:39:40,7.511,2.504,53.830,33.049,0,1668232,719368,178556,5363100,8692.972,486.726,0,12502.657,0,774.155,4898,8792,3.180,2.220,1.260,1,3,0,0,0,11,36,0,8,0
23-04 15:39:41,4.747,2.748,51.467,37.976,0,1666192,720144,178556,5364336,5435.505,485.688,0,14242.841,0,813.477,4646,8957,3.180,2.220,1.260,1,3,0,0,0,11,36,0,8,0
23-04 15:39:42,6.248,2.749,55.229,33.737,0,1663956,720656,178560,5366012,4612.276,485.818,0,8624.776,0,610.772,4554,8284,3.180,2.220,1.260,3,1,0,0,0,11,36,0,8,0
23-04 15:39:43,4.250,2.250,55.247,34.998,0,1663224,720012,178564,5367316,9743.498,485.975,0,13627.298,0,802.959,4703,8764,3.250,2.250,1.280,1,2,0,0,0,11,36,0,8,0
23-04 15:39:44,5.492,2.496,54.419,34.698,0,1662068,719620,178568,5368820,8083.933,527.213,0,8095.915,0,547.183,4542,8256,3.250,2.250,1.280,1,3,0,0,0,11,36,0,8,0
23-04 15:39:45,3.755,2.253,56.081,35.551,0,1660360,720256,178572,5369816,8748.597,486.701,0,11324.306,0,701.009,4207,7696,3.250,2.250,1.280,2,1,0,0,0,11,36,0,8,0
23-04 15:39:46,3.501,2.500,50.258,40.757,0,1659388,720300,178572,5370724,7472.260,486.082,0,11241.896,0,685.116,4055,7595,3.250,2.250,1.280,1,2,0,0,0,11,36,0,8,0
23-04 15:39:47,5.751,3.001,51.511,36.258,0,1658636,719292,178576,5372376,9620.093,540.118,0,15671.410,0,969.211,5855,10813,3.250,2.250,1.280,1,2,0,0,0,11,36,0,8,0
23-04 15:39:48,6.750,2.250,56.499,30.749,0,1658768,717780,178580,5373732,6712.848,485.989,0,8559.807,0,678.985,5149,9108,3.150,2.240,1.280,1,1,7.000,0,0,11,36,0,8,0
23-04 15:39:49,5.496,4.247,57.459,31.228,0,1658412,717276,178596,5374536,3859.246,485.653,0,15101.223,0,943.327,5064,9496,3.150,2.240,1.280,1,3,5.996,0,0,11,36,0,8,0
23-04 15:39:50,5.494,2.747,53.441,35.961,0,1658824,716268,178596,5375116,9418.667,485.467,0,10836.112,0,764.162,5023,9080,3.150,2.240,1.280,1,1,5.993,0,0,11,36,0,8,0
23-04 15:39:51,5.250,2.750,57.255,31.503,0,1658300,716016,178600,5375804,10593.986,540.050,0,11405.061,0,860.080,5195,9450,3.150,2.240,1.280,1,0,18.002,0,0,11,36,0,8,0
23-04 15:39:52,7.761,3.254,55.075,30.291,0,1659568,714252,178608,5376280,3633.937,486.661,0,14964.332,0,1050.427,5808,10823,3.150,2.240,1.280,1,2,3.004,0,0,11,36,0,8,0
23-04 15:39:53,6.011,3.006,52.349,35.818,0,1659240,714000,178612,5376844,8506.107,486.922,0,14924.261,0,921.745,5167,9268,2.980,2.220,1.280,3,0,9.017,0,0,11,36,0,8,0
23-04 15:39:54,4.985,3.240,54.091,35.894,0,1659176,713748,178616,5377140,7769.161,538.417,0,13141.368,0,902.347,5248,9362,2.980,2.220,1.280,2,2,14.956,0,0,11,36,0,8,0
23-04 15:39:55,5.750,3.000,58.502,29.501,0,1659248,713244,178620,5377560,9917.416,540.023,0,8360.350,0,697.029,5344,9172,2.980,2.220,1.280,2,1,18.001,0,0,11,36,0,8,0
23-04 15:39:56,5.503,3.002,52.529,35.519,0,1659620,711228,178624,5379144,6634.628,540.295,0,14688.032,0,914.500,5857,10852,2.980,2.220,1.280,1,1,15.008,0,0,11,36,0,8,0
23-04 15:39:57,7.018,3.008,58.898,28.823,0,1659156,711228,178628,5379588,4949.466,541.363,0,14083.470,0,899.265,4797,9104,2.980,2.220,1.280,0,1,6.015,0,0,11,36,0,8,0
23-04 15:39:58,18.013,7.005,45.534,27.020,0,1501440,868228,178628,5380288,9975.428,486.362,0,13698.201,0,992.739,7329,11363,3.140,2.270,1.300,1,1,154.115,0,0,11,34,0,8,0
23-04 15:39:59,5.239,2.994,61.373,27.692,0,1500308,867976,178628,5381628,9388.499,538.881,0,13136.714,0,856.222,5405,9892,3.140,2.270,1.300,1,3,28.940,0,0,11,34,0,8,0
23-04 15:40:00,9.016,2.004,65.116,21.789,0,1499852,867976,178632,5382072,4641.242,486.865,0,6287.164,0,570.012,4210,7292,3.140,2.270,1.300,1,0,15.027,0,0,11,34,0,8,0
23-04 15:40:01,18.666,7.218,67.199,5.475,0,1399676,968128,178632,5382088,8298.811,537.591,0,3181.742,0,194.130,3149,2730,3.140,2.270,1.300,2,0,99.554,0,0,11,32,0,8,0
23-04 15:40:02,23.274,4.004,57.058,14.265,0,1465664,902132,178632,5382096,7751.887,540.550,0,10462.645,0,608.619,3325,4409,3.140,2.270,1.300,2,0,1.001,0,0,11,32,0,1,0
23-04 15:40:03,22.796,3.257,66.884,5.762,0,1362116,1005672,178632,5382104,10771.573,541.084,0,2569.145,0,139.279,2600,2602,2.970,2.250,1.300,1,0,13.026,0,0,11,32,0,1,0
23-04 15:40:04,21.702,4.241,73.338,0.499,0,1433244,934544,178632,5382104,5994.753,538.809,0,375.171,0,24.945,2006,1506,2.970,2.250,1.300,2,0,16.963,0,0,11,32,0,1,0
23-04 15:40:05,22.730,2.997,72.936,0.749,0,1493976,873812,178632,5382104,7433.498,485.575,0,147.871,0,18.983,1879,1652,2.970,2.250,1.300,2,0,1.998,0,0,11,34,0,1,0
23-04 15:40:06,16.576,24.614,56.511,1.758,0,1371244,996512,178636,5382128,11069.048,542.502,0,586.706,0,40.185,6242,6116,2.970,2.250,1.300,3,0,781.605,0,0,11,32,0,1,0
23-04 15:40:07,9.997,27.993,61.234,0.250,0,1377236,990452,178636,5382192,8851.717,581.850,0,207.946,0,20.995,7116,6306,2.970,2.250,1.300,1,0,810.791,0,0,11,32,0,1,0
23-04 15:40:08,8.475,20.441,68.800,0.748,0,1373272,994332,178636,5382276,8952.949,538.433,0,207.397,0,16.951,6291,4990,2.890,2.240,1.300,2,0,486.584,0,0,11,32,0,1,0
23-04 15:40:09,9.750,19.500,69.250,0,0,1361600,1005932,178636,5382312,6544.959,539.997,0,44.000,0,11.000,5816,4597,2.890,2.240,1.300,2,0,404.997,0,0,11,32,0,1,0
23-04 15:40:10,24.041,15.276,60.352,0.250,0,1378028,989448,178640,5382668,8616.548,540.913,0,84.142,0,5.008,6493,7338,2.890,2.240,1.300,4,0,248.419,0,0,11,32,0,1,0
23-04 15:40:11,44.202,8.740,46.699,0,0,1512716,854624,178648,5382904,7080.278,539.412,0,0,0,0,3058,1892,2.890,2.240,1.300,3,0,56.938,0,0,11,33,0,1,0
23-04 15:40:12,42.521,4.752,49.524,2.501,0,1597932,769200,178660,5383096,3399.682,486.241,104.051,288.143,1.000,16.008,3389,2817,2.890,2.240,1.300,5,0,17.008,0,0,11,49,0,1,0
23-04 15:40:13,41.351,6.015,43.105,9.022,0,1648460,714264,178712,5387108,6574.027,541.320,4.010,1692.125,1.002,154.376,3977,6462,2.820,2.240,1.300,2,0,14.034,0,0,11,48,0,2,0
23-04 15:40:14,12.950,17.432,66.243,1.494,0,1655868,706752,178716,5387136,11416.769,537.916,0,1063.878,0,11.954,6568,6738,2.820,2.240,1.300,2,0,390.487,0,0,11,48,0,2,0
23-04 15:40:15,10.256,6.004,80.800,2.502,0,1668308,694272,178716,5387152,7004.341,486.301,0,292.181,0,23.014,3467,4940,2.820,2.240,1.300,4,0,91.056,0,0,11,48,0,2,0
23-04 15:40:16,0.751,0.751,95.628,2.003,0,1668308,694272,178716,5387152,10438.956,540.723,0,624.835,0,78.104,821,1119,2.820,2.240,1.300,1,1,3.004,0,0,11,48,0,2,0
23-04 15:40:17,0,0.499,96.135,1.998,0,1668756,693824,178716,5387152,10868.995,485.419,0,3411.918,0,156.812,893,1003,2.820,2.240,1.300,1,0,2.996,0,0,11,48,0,2,0
23-04 15:40:18,0.750,0.250,98.493,0,0,1668752,693824,178716,5387156,9960.304,539.962,0,0,0,0,785,996,2.590,2.200,1.300,1,0,2.000,0,0,11,48,0,2,0
23-04 15:40:19,2.758,5.266,91.020,0,0,1604600,757868,178716,5387272,10225.330,487.446,0,0,0,0,2144,2134,2.590,2.200,1.300,2,0,85.253,0,0,11,48,0,2,0
23-04 15:40:20,21.244,14.246,63.231,0,0,1659012,703432,178716,5389812,4743.577,539.838,0,7.998,0,1.999,6703,12870,2.590,2.200,1.300,4,0,310.907,0,0,11,48,0,2,0
23-04 15:40:21,14.009,19.262,65.292,0,0,1659580,702808,178716,5387776,4298.753,818.524,0,12.008,0,3.002,6843,10403,2.590,2.200,1.300,2,0,396.254,0,0,12,48,0,3,0
23-04 15:40:22,17.941,12.210,68.027,0.997,0,1667276,695024,178716,5387420,10174.580,538.232,0,382.743,0,32.892,5653,7061,2.590,2.200,1.300,1,0,220.276,0,0,12,64,0,3,0
23-04 15:40:23,5.265,8.776,84.997,0.251,0,1671372,690876,178716,5387484,6821.861,541.577,0,172.502,0,8.023,2922,2986,2.380,2.160,1.290,1,0,199.581,0,0,14,66,0,2,0
23-04 15:40:24,17.228,12.734,68.412,0,0,1681780,680400,178716,5387524,8756.686,539.303,0,43.943,0,5.992,6299,7734,2.380,2.160,1.290,5,0,227.706,0,0,14,64,0,3,0
23-04 15:40:25,8.759,21.023,69.325,0,0,1660896,701216,178720,5387568,5683.138,540.584,0,16.017,0,4.004,6046,4875,2.380,2.160,1.290,1,0,457.494,0,0,14,66,0,3,0
23-04 15:40:26,14.506,19.258,65.028,0,0,1664668,697416,178720,5388020,9411.122,582.255,0,52.023,0,13.006,7250,8761,2.380,2.160,1.290,1,0,339.149,0,0,14,66,0,3,0
23-04 15:40:27,25.970,20.726,52.688,0,0.250,1722472,639524,178728,5387640,7161.589,527.381,0,211.751,0,5.993,5986,5300,2.380,2.160,1.290,4,0,477.439,0,0,14,66,0,3,0
23-04 15:40:28,31.736,21.990,44.730,0.500,0,1796480,564516,178784,5388580,4177.174,539.764,7.997,395.827,1.000,8.996,7162,7898,2.270,2.140,1.290,2,0,660.711,0,0,14,66,0,3,0
23-04 15:40:29,32.686,22.955,43.165,0,0,1910112,450020,178804,5389632,9155.074,485.050,0,447.125,0,12.975,6944,8040,2.270,2.140,1.290,3,0,486.048,0,0,14,70,0,5,0
23-04 15:40:30,58.159,18.222,22.964,0,0,1983856,376024,178820,5389912,9614.989,539.158,0,19.969,0,4.992,5603,6561,2.270,2.140,1.290,5,0,389.392,0,0,14,70,0,5,0
23-04 15:40:31,60.342,21.533,17.276,0,0,2123484,236032,178828,5390604,5238.970,576.878,0,885.347,0,68.104,6852,9450,2.270,2.140,1.290,4,0,394.600,0,0,14,70,0,5,0
23-04 15:40:32,70.257,24.841,5.018,0,0,2221916,241988,174284,5292512,8643.586,541.981,0,1866.822,0,70.257,5891,5682,2.270,2.140,1.290,5,0,526.926,0,0,14,70,0,5,0
23-04 15:40:33,70.612,17.715,5.489,5.988,0,2353048,176576,172656,5229432,5315.597,485.051,542.937,1513.039,68.865,22.955,7211,8577,2.570,2.210,1.310,5,0,259.492,0,0,14,74,0,5,0
23-04 15:40:34,58.112,23.796,8.516,9.268,0,2540420,159080,171608,5065012,9637.585,541.043,761.468,7943.318,53.102,553.067,9178,12173,2.570,2.210,1.310,4,5,491.949,0,0,14,76,0,5,0
23-04 15:40:35,51.999,18.749,11.500,15.750,0,2611904,148560,171344,5005948,9094.745,485.986,523.985,14315.598,24.999,325.991,10183,14284,2.570,2.210,1.310,5,2,303.991,0,0,14,78,0,5,0
23-04 15:40:36,55.483,7.998,27.492,8.497,0,2723188,174308,170864,4872404,6098.172,539.838,27.992,7681.697,1.999,313.906,7860,10752,2.570,2.210,1.310,4,0,11.996,0,0,14,79,0,5,0
23-04 15:40:37,73.498,19.550,5.692,0.742,0,2822644,142888,170872,4806056,9726.465,481.077,51.473,7507.176,6.929,502.854,12359,17773,2.570,2.210,1.310,11,0,386.049,0,0,14,93,0,13,0
23-04 15:40:38,38.910,22.740,36.889,0.253,0,2898760,134660,170872,4740256,7115.987,545.751,4.043,1317.888,1.011,74.788,9511,14134,2.530,2.200,1.320,4,0,532.613,0,0,14,97,0,16,0
23-04 15:40:39,34.503,13.652,48.155,2.482,0,2970736,128576,170872,4675504,4053.925,482.539,19.858,1076.281,1.986,52.623,5406,5432,2.530,2.200,1.320,4,0,195.597,0,0,14,98,0,17,0
23-04 15:40:40,42.035,7.300,44.049,6.041,0,3067400,164292,170884,4545828,9118.887,543.690,12.082,9049.416,3.020,313.125,4348,4450,2.530,2.200,1.320,4,0,32.219,0,0,14,101,0,18,0
23-04 15:40:41,8.240,19.976,69.918,0.749,0,3097064,134596,170884,4545860,8790.637,485.428,0,847.002,0,44.947,5843,4499,2.530,2.200,1.320,1,0,366.568,0,0,14,101,0,18,0
23-04 15:40:42,7.992,19.481,70.682,0.500,0,3098920,132708,170884,4545892,8798.503,575.444,3.996,103.900,0.999,10.989,5878,4480,2.530,2.200,1.320,2,0,362.650,0,0,14,101,0,18,0
23-04 15:40:43,14.985,12.987,69.179,1.998,0,3114208,184592,170884,4480384,10865.861,539.447,0,9134.635,0,459.529,4513,3326,2.400,2.180,1.320,2,0,228.765,0,0,14,101,0,18,0
23-04 15:40:44,17.697,1.994,79.262,0,0,3146420,152376,170884,4480388,12494.498,6840.468,0,59.820,0,1.994,1882,1608,2.400,2.180,1.320,0,0,0.997,0,0,14,102,0,18,0
23-04 15:40:45,20.041,5.511,73.652,0.251,0,3147748,151012,170884,4480424,25799.119,16935.870,8.017,312.644,2.004,25.052,3268,3056,2.400,2.180,1.320,2,0,63.130,0,0,14,103,0,19,0
23-04 15:40:46,18.463,2.495,77.594,0.748,0,3185384,178600,170756,4416824,12917.088,6125.712,11.976,518.959,2.994,16.966,2153,2115,2.400,2.180,1.320,2,0,0,0,0,14,104,0,19,0
23-04 15:40:47,20.040,4.258,71.893,3.256,0,3187452,175936,170768,4417412,8947.809,1364.716,136.271,1218.425,10.020,134.267,3762,4987,2.400,2.180,1.320,3,0,3.006,0,0,14,112,0,19,0
23-04 15:40:48,25.085,4.014,64.720,5.268,0,3184064,179072,170772,4417644,9724.011,1634.549,128.436,1822.186,8.027,183.623,4967,6999,2.290,2.160,1.310,2,0,4.014,0,0,14,114,0,21,0
23-04 15:40:49,28.677,9.725,59.348,0.249,0,3251876,175416,170772,4355200,14868.923,538.621,0,825.885,0,47.877,3894,3375,2.290,2.160,1.310,2,0,113.709,0,0,14,116,0,21,0
23-04 15:40:50,17.720,2.995,76.622,1.997,0,3262076,165156,170772,4355260,15128.772,6869.544,35.940,794.675,2.995,53.910,2326,2334,2.290,2.160,1.310,2,0,1.997,0,0,14,121,0,21,0
23-04 15:40:51,20.837,4.268,71.298,2.510,0,3278092,149044,170776,4355332,6591.561,2576.774,4.017,1313.492,1.004,138.579,4284,6020,2.290,2.160,1.310,3,1,3.013,0,0,14,121,0,21,0
23-04 15:40:52,42.335,10.708,44.327,1.743,0,3329672,161352,170776,4293020,9123.359,1763.112,7.969,2992.310,1.992,190.257,4488,4113,2.290,2.160,1.310,3,0,97.619,0,0,14,120,0,22,0
23-04 15:40:53,30.783,4.004,64.319,0,0,3378480,175900,170776,4231264,32280.569,23102.740,180.193,648.695,1.001,32.034,2598,1755,2.270,2.160,1.320,2,0,0,0,0,14,120,0,23,0
23-04 15:40:54,20.314,5.517,73.232,0.502,0,3409988,144376,170776,4231280,7141.625,487.545,0,581.843,0,28.089,2344,1777,2.270,2.160,1.320,2,0,55.175,0,0,14,120,0,23,0
23-04 15:40:55,15.949,3.987,78.750,0,0,3326628,227716,170776,4231300,33084.126,23005.076,0,522.344,0,27.912,2457,2010,2.270,2.160,1.320,3,0,50.839,0,0,14,120,0,24,0
23-04 15:40:56,20.249,3.750,75.496,0.250,0,3398168,156160,170780,4231312,7413.633,2451.879,4.000,1883.907,1.000,37.998,1849,1404,2.270,2.160,1.320,1,0,0,0,0,14,121,0,24,0
23-04 15:40:57,15.960,2.494,75.810,4.489,0,3393528,160684,170780,4231428,15250.681,6178.476,67.830,981.534,7.980,102.742,2977,3985,2.270,2.160,1.320,3,0,0.997,0,0,14,122,0,25,0
23-04 15:40:58,19.522,7.258,70.580,1.251,0,3414488,139708,170780,4231444,6049.865,486.552,0,636.723,0,44.050,2933,2628,2.250,2.160,1.320,2,0,83.094,0,0,14,122,0,25,0
23-04 15:40:59,24.046,3.507,71.637,0.250,0,3357144,196824,170780,4231672,26190.081,23122.214,0,733.402,0,52.100,3948,5640,2.250,2.160,1.320,3,0,17.033,0,0,14,124,0,26,0
23-04 15:41:00,20.976,4.495,73.165,0.499,0,3385664,168284,170780,4231692,10783.413,485.433,0,479.440,0,25.970,2256,1681,2.250,2.160,1.320,2,0,44.948,0,0,14,124,0,26,0
23-04 15:41:01,15.056,3.262,75.784,4.266,0,3388368,165524,170780,4231748,14157.994,7219.021,64.240,1710.402,5.019,139.522,3451,4647,2.250,2.160,1.320,6,0,6.023,0,0,14,125,0,26,0
23-04 15:41:02,25.061,3.722,62.279,6.699,0,3397684,155764,170780,4232176,5089.538,1713.054,134.980,2552.709,8.932,256.065,6553,10331,2.250,2.160,1.320,3,0,2.977,0,0,14,129,0,28,0
23-04 15:41:03,20.649,6.044,66.732,6.295,0,3436444,117012,170780,4232196,10218.797,586.234,0,4286.959,0,406.939,2855,2125,2.150,2.140,1.320,3,0,53.386,0,0,14,129,0,28,0
23-04 15:41:04,14.010,2.001,82.561,0.250,0,3395144,220680,170780,4171332,18659.700,10525.728,0,732.538,0,37.027,1987,1836,2.150,2.140,1.320,2,0,0,0,0,14,130,0,28,0
23-04 15:41:05,22.663,5.230,66.245,4.483,0,3398372,217404,170780,4171380,10497.588,537.929,11.954,3869.105,2.988,276.934,5401,8081,2.150,2.140,1.320,4,0,0,0,0,14,130,0,28,0
23-04 15:41:06,31.529,7.757,56.052,2.753,0,3365276,250400,170780,4171480,13618.575,1353.250,0,1113.028,0,119.110,8644,13380,2.150,2.140,1.320,2,0,78.072,0,0,14,131,0,29,0
23-04 15:41:07,19.236,3.248,69.450,7.245,0,3415680,200000,170780,4171492,10938.149,6248.515,0,5827.817,0,508.635,2783,2971,2.150,2.140,1.320,2,0,0,0,0,14,132,0,29,0
23-04 15:41:08,15.799,5.266,74.730,3.260,0,3394696,220916,170780,4171560,13500.593,4408.582,32.099,1031.177,2.006,99.306,3857,4626,2.050,2.120,1.320,1,0,77.238,0,0,14,131,0,30,0
23-04 15:41:09,21.930,5.233,71.522,0.498,0,3418980,196620,170780,4171572,8608.506,538.281,0,669.861,0,38.876,2509,2054,2.050,2.120,1.320,2,0,71.771,0,0,14,133,0,30,0
23-04 15:41:10,13.752,1.750,82.261,1.250,0,3419592,195864,170784,4171712,15603.095,12029.616,0,1176.158,0,36.005,2067,2178,2.050,2.120,1.320,2,0,0,0,0,14,134,0,30,0
23-04 15:41:11,27.064,4.761,63.149,3.759,0,3422784,192616,170788,4171764,9724.997,541.280,0,1615.821,0,170.403,7641,11783,2.050,2.120,1.320,2,0,0,0,0,14,134,0,30,0
23-04 15:41:12,37.785,12.011,47.794,1.501,0,3360444,254756,170792,4171944,8748.035,2131.958,32.029,1673.537,2.002,136.125,11502,17976,2.050,2.120,1.320,4,0,184.169,0,0,14,133,0,31,0
23-04 15:41:13,30.123,7.220,60.495,1.245,0,3436440,178688,170792,4172000,9895.343,1039.623,15.933,1035.640,0.996,69.707,4292,5350,2.050,2.120,1.320,2,0,104.560,0,0,14,133,0,31,0
23-04 15:41:14,15.310,4.518,78.810,0.251,0,3438676,176436,170792,4172016,16794.155,7993.488,0,654.578,0,32.127,2651,2199,2.050,2.120,1.320,1,0,59.233,0,0,14,133,0,32,0
23-04 15:41:15,9.496,19.993,67.975,1.499,0,3423552,191400,170792,4172176,5413.973,671.748,0,775.710,0,40.985,5903,4854,2.050,2.120,1.320,1,0,403.849,0,0,14,133,0,32,0
23-04 15:41:16,16.714,16.215,64.859,0.748,0,3418504,196428,170792,4172552,10504.101,538.825,0,646.590,0,38.915,7239,8796,2.050,2.120,1.320,2,0,306.332,0,0,14,133,0,31,0
23-04 15:41:17,28.848,21.824,48.415,0.502,0,3446040,168844,170792,4172248,9165.229,541.846,0,610.079,0,38.130,6416,5772,2.050,2.120,1.320,4,0,481.641,0,0,14,133,0,31,0
23-04 15:41:18,35.943,18.720,42.433,1.498,0,3484064,130480,170800,4172928,10944.639,609.034,27.956,1637.403,1.997,86.862,8452,9913,2.040,2.110,1.330,3,0,383.392,0,0,14,139,0,31,0
23-04 15:41:19,41.685,20.718,35.195,2.247,0,3559848,173160,170800,4057096,8200.301,539.165,0,3227.003,0,312.516,6410,6996,2.040,2.110,1.330,6,0,443.313,0,0,16,139,0,31,0
23-04 15:41:20,57.679,25.078,16.802,0,0,3719708,149088,170540,3923080,11801.668,541.683,12.037,862.680,3.009,48.150,8542,13252,2.040,2.110,1.330,3,0,486.512,0,0,16,145,0,31,0
23-04 15:41:21,52.217,19.738,26.983,0.500,0.250,3793212,172532,170544,3827148,9198.225,579.636,59.962,1467.079,5.996,23.985,8633,18804,2.040,2.110,1.330,2,0,437.725,0,0,16,161,0,32,0
23-04 15:41:22,35.738,23.492,38.987,0.250,0,3859072,161016,170416,3774244,4024.657,539.820,19.993,1119.626,4.998,51.983,7215,6681,2.040,2.110,1.330,4,0,620.793,0,0,16,161,0,32,0
23-04 15:41:23,20.003,14.752,64.259,0,0,3872140,147876,170416,3774300,2969.436,630.093,0,336.049,0,19.003,6291,8597,1.960,2.100,1.320,2,0,285.042,0,0,17,161,0,32,0
23-04 15:41:24,30.026,23.520,45.039,0.500,0,3940288,133932,170416,3721380,8390.210,540.464,12.010,788.678,3.003,114.098,7131,6446,1.960,2.100,1.320,4,0,581.500,0,0,17,161,0,31,0
23-04 15:41:25,37.193,16.475,44.931,0.998,0,3992604,159388,170420,3645244,6518.018,539.174,7.988,307.529,1.997,25.960,7521,9199,1.960,2.100,1.320,4,0,306.531,0,0,17,167,0,31,0
23-04 15:41:26,37.302,26.787,34.297,1.001,0,4114236,158980,170420,3526932,7671.604,610.844,24.033,556.770,3.004,29.040,9798,13458,1.960,2.100,1.320,4,0,713.987,0,0,17,173,0,31,0
23-04 15:41:27,26.253,23.002,49.005,0.500,0,4172460,127872,170420,3500688,6619.657,486.048,12.001,728.072,3.000,44.004,9807,15392,1.960,2.100,1.320,1,0,616.061,0,0,17,179,0,31,0
23-04 15:41:28,18.169,15.929,64.212,0.249,0,4192152,149360,170420,3460148,8853.313,537.590,3.982,473.876,0.996,28.871,7105,9255,1.800,2.060,1.320,2,0,294.679,0,0,17,185,0,30,2
23-04 15:41:29,38.093,12.121,47.246,2.226,0,4313384,140080,170420,3349676,7728.499,534.296,411.606,312.662,7.916,11.873,4321,3026,1.800,2.060,1.320,4,0,118.733,0,0,17,185,0,30,2
23-04 15:41:30,44.128,8.116,45.143,1.268,0,4454412,145048,170420,3206884,5949.719,547.800,308.391,474.760,15.217,35.506,3309,2109,1.800,2.060,1.320,2,0,2.029,0,0,17,185,0,30,2
23-04 15:41:31,31.516,13.757,50.776,2.751,0,4383292,215892,170432,3207240,3674.916,540.282,44.023,2733.425,6.003,168.088,5498,6014,1.800,2.060,1.320,2,0,326.170,0,0,17,205,0,30,2
23-04 15:41:32,28.478,23.232,45.215,2.748,0,4425636,172528,170432,3208228,11853.741,6116.222,939.266,1019.204,9.992,70.945,7504,7510,1.800,2.060,1.320,3,0,592.537,0,0,17,210,0,28,2
23-04 15:41:33,47.605,21.186,28.164,1.495,0,4432984,190744,170432,3183652,15803.969,3722.686,893.285,1160.473,14.955,27.915,7497,9155,1.900,2.080,1.330,6,0,323.018,0,0,17,211,0,29,2
23-04 15:41:34,66.242,13.549,15.557,5.018,0,4610888,152664,170436,3047196,11094.449,2460.972,554.020,1184.318,17.062,30.110,4630,3389,1.900,2.080,1.330,3,2,58.212,0,0,17,213,0,29,2
23-04 15:41:35,48.106,8.724,22.433,20.190,0,4672976,161700,170460,2978152,15955.390,8721.974,3665.064,1671.014,169.494,83.750,5555,5726,1.900,2.080,1.330,3,2,23.929,0,0,17,229,0,29,2
23-04 15:41:36,55.507,10.501,16.252,16.252,0,4685016,142600,170516,2985260,10431.224,1333.156,3896.457,4292.503,341.040,111.013,6013,6984,1.900,2.080,1.330,4,0,33.004,0,0,17,228,0,34,2
23-04 15:41:37,28.348,22.829,41.142,6.522,0,4705748,161264,170528,2946836,15869.694,8793.306,48.166,6269.608,5.017,61.211,7952,9481,1.900,2.080,1.330,1,6,559.930,0,0,17,230,0,35,2
23-04 15:41:38,41.214,18.234,34.470,4.746,0,4707180,157788,170528,2948984,7257.663,3251.161,179.843,5778.954,9.991,259.773,7343,9659,1.990,2.090,1.330,4,0,289.747,0,0,17,231,0,36,2
23-04 15:41:39,50.908,24.955,20.213,2.995,0,4768792,136100,170532,2910380,17691.933,8270.010,3.993,798.553,0.998,42.922,6834,7066,1.990,2.090,1.330,2,3,589.931,0,0,17,232,0,36,2
23-04 15:41:40,54.865,18.789,16.535,9.520,0,4774296,164100,170552,2877348,10575.200,3779.935,1302.735,5531.612,57.120,179.377,8576,14934,1.990,2.090,1.330,4,0,243.511,0,0,17,237,0,26,0
23-04 15:41:41,53.028,25.764,19.010,1.501,0,4895088,142296,170560,2780236,10954.850,6232.328,8.004,832.445,1.001,42.022,6867,7325,1.990,2.090,1.330,6,0,578.309,0,0,17,240,0,26,0
23-04 15:41:42,53.000,18.750,23.500,3.250,0,4869332,165036,170568,2783436,13226.905,5721.959,587.996,1207.991,34.000,79.999,9595,16402,1.990,2.090,1.330,4,0,338.998,0,0,17,249,0,28,0
23-04 15:41:43,68.975,12.948,17.182,0.996,0,5057888,164944,170196,2598952,12471.306,6317.825,689.254,386.460,6.972,20.917,5833,10208,2.230,2.140,1.350,6,0,25.897,0,0,17,250,0,28,0
23-04 15:41:44,49.177,8.737,34.948,5.741,0,5048932,206568,170200,2567488,22853.034,12230.822,1110.350,1206.207,82.877,66.901,7033,11443,2.230,2.140,1.350,5,0,20.969,0,0,17,254,0,34,0
23-04 15:41:45,56.758,8.790,28.379,6.027,0,5135304,147076,170204,2541140,10372.113,4885.190,1289.859,18303.138,24.110,823.742,5203,3719,2.230,2.140,1.350,4,1,11.050,0,0,17,260,0,35,0
23-04 15:41:46,41.697,25.967,26.466,4.744,0,5047640,230736,170464,2544784,13235.122,9362.061,4434.345,3166.961,70.910,277.646,8376,9255,2.230,2.140,1.350,3,0,616.214,0,0,17,259,0,36,0
23-04 15:41:47,53.779,20.761,22.762,1.001,0,5130824,147100,170464,2545456,14408.859,6322.448,628.343,788.430,11.006,49.027,6673,11012,2.230,2.140,1.350,4,0,343.187,0,0,17,260,0,36,0
23-04 15:41:48,70.112,15.220,11.477,2.994,0,5141596,168948,170464,2513680,10902.511,5707.750,1273.490,1073.883,55.890,49.902,5774,5335,2.530,2.200,1.380,4,0,175.654,0,0,18,262,0,37,0
23-04 15:41:49,72.214,11.534,3.260,12.537,0,5290680,146128,170468,2390868,8313.678,2513.461,3205.515,1175.489,149.444,40.119,5301,4235,2.530,2.200,1.380,1,5,15.045,0,0,18,268,0,34,0
23-04 15:41:50,68.715,10.245,14.742,5.747,0,5318220,141780,170476,2368552,17237.104,9479.108,1823.059,2566.675,70.963,190.901,7400,9791,2.530,2.200,1.380,4,0,86.955,0,0,18,271,0,38,0
23-04 15:41:51,44.800,13.118,39.850,1.485,0,5354976,136084,170476,2338628,9309.475,1561.315,542.549,586.112,6.930,35.642,4769,4935,2.530,2.200,1.380,5,0,154.448,0,0,18,278,0,38,0
23-04 15:41:52,30.828,8.020,57.646,2.757,0,5390100,162376,170484,2279884,34387.199,13476.173,826.095,3921.945,11.028,90.229,4605,5710,2.530,2.200,1.380,4,0,11.028,0,0,18,285,0,38,1
23-04 15:41:53,43.366,8.320,46.896,0.252,0,5352568,189516,170484,2290260,10721506.596,91083.319,774.533,689.819,6.051,50.425,6743,3541,2.490,2.200,1.380,1,0,12.102,0,0,18,283,0,38,0
23-04 15:41:54,23.348,12.419,55.638,7.452,0,5395056,138892,170488,2298376,5897810.667,58906.840,2320.904,3330.338,29.806,210.630,6840,6305,2.490,2.200,1.380,1,0,256.333,0,0,18,285,0,38,0
23-04 15:41:55,38.544,5.757,53.311,0.751,0,5412484,179224,170488,2242596,17179.679,7315.379,20.023,512.587,2.002,41.047,3423,2666,2.490,2.200,1.380,2,0,7.008,0,0,18,289,0,39,0
23-04 15:41:56,32.532,4.004,58.808,3.503,0,5435656,155396,170488,2243256,21305.850,12029.772,456.447,708.694,25.024,68.067,5522,6844,2.490,2.200,1.380,4,1,3.003,0,0,18,296,0,40,0
23-04 15:41:57,9.440,3.478,81.730,2.981,0,5359384,231560,170492,2243360,366680.106,15007957.372,99.368,596.205,6.956,57.633,4509,3280,2.490,2.200,1.380,2,0,37.760,0,0,18,293,0,40,0
23-04 15:41:58,13.372,2.271,81.493,1.262,0,5363524,227340,170492,2243440,7861550.353,1384936.562,32.295,9272.579,2.018,60.552,5459,6025,2.290,2.160,1.380,3,0,2.018,0,0,18,299,0,41,0
23-04 15:41:59,14.249,12.249,68.745,3.750,0,5293808,280892,170496,2259568,8801514.724,87959.182,79.994,1583.877,6.000,99.992,7826,7427,2.290,2.160,1.380,2,0,228.982,0,0,18,295,0,44,0
23-04 15:42:00,17.190,10.713,70.007,0.747,0,5363296,211380,170496,2259592,11087.459,526.171,0,215.252,0,21.924,3963,3617,2.290,2.160,1.380,2,0,235.182,0,0,18,295,0,44,0
23-04 15:42:01,15.309,12.047,70.775,0,0,5387180,187464,170496,2259624,5496.359,487.896,0,76.296,0,5.020,4259,3376,2.290,2.160,1.380,3,0,216.843,0,0,18,295,0,42,0
23-04 15:42:02,9.254,20.258,69.527,0.500,0,5382524,192072,170496,2259672,4667.844,486.192,0,408.161,0,40.016,6467,5782,2.290,2.160,1.380,3,0,445.176,0,0,18,299,0,42,0
23-04 15:42:03,1.244,1.493,96.065,0.747,0,5371316,203272,170496,2259680,8835.029,483.811,0,17867.166,0,41.811,1151,1461,2.110,2.130,1.370,1,1,16.923,0,0,18,299,0,42,0
23-04 15:42:04,21.820,3.260,69.221,4.264,0,5410892,163696,170496,2259680,7474.880,487.558,0,5686.165,0,179.574,2197,1602,2.110,2.130,1.370,1,0,9.029,0,0,18,299,0,42,0
23-04 15:42:05,15.745,4.749,78.726,0.500,0,5335632,238824,170496,2259812,17392.616,9417.085,111.965,0,5.998,0,2949,2773,2.110,2.130,1.370,1,0,58.982,0,0,18,303,0,41,0
23-04 15:42:06,9.762,15.519,65.582,6.508,0,5322444,251744,170500,2260012,9123.407,486.608,16.020,4685.859,4.005,596.746,5702,4031,2.110,2.130,1.370,2,0,213.267,0,0,18,303,0,41,0
23-04 15:42:07,12.491,16.988,70.201,0.250,0,5312624,261000,170500,2260544,10128.937,485.661,0,775.459,0,48.966,6167,5443,2.110,2.130,1.370,3,0,259.819,0,0,18,303,0,41,0
23-04 15:42:08,21.935,4.985,71.288,0.997,0,5377700,195836,170500,2260632,7943.341,538.396,67.798,287.145,3.988,22.932,2912,2650,2.020,2.110,1.370,2,0,70.789,0,0,18,303,0,41,0
23-04 15:42:09,22.725,3.496,69.922,3.246,0,5440748,132512,170500,2260908,7797.324,485.460,291.675,12158.472,5.993,41.953,2262,2023,2.020,2.110,1.370,2,0,4.994,0,0,18,309,0,39,0
23-04 15:42:10,22.745,3.249,71.734,0.500,0,5343868,229244,170500,2261056,4079.098,485.893,103.977,443.902,7.998,40.991,2509,2455,2.020,2.110,1.370,2,0,5.999,0,0,18,307,0,39,0
23-04 15:42:11,22.533,3.255,72.855,0.501,0,5405596,167500,170500,2261072,11196.211,486.705,16.023,216.313,2.003,11.016,2053,1659,2.020,2.110,1.370,2,0,1.001,0,0,18,307,0,39,0
23-04 15:42:12,11.993,2.749,78.957,4.747,0,5412856,160232,170500,2261080,18907.722,13728.537,15.991,3374.166,0.999,478.740,2974,2990,2.020,2.110,1.370,1,1,1.999,0,0,18,312,0,40,0
23-04 15:42:13,21.860,3.518,72.614,1.256,0,5351416,221576,170500,2261176,14667.602,6362.929,64.323,237.190,4.020,14.071,2616,2300,1.930,2.090,1.360,2,0,17.086,0,0,18,309,0,40,0
23-04 15:42:14,23.650,2.489,72.941,0.249,0,5365108,207884,170500,2261176,6047.343,483.947,0,119.493,0,10.954,1859,1356,1.930,2.090,1.360,2,0,0,0,0,18,309,0,40,0
23-04 15:42:15,13.296,14.299,69.741,1.756,0,5351300,221516,170504,2261332,9226.876,487.685,389.345,501.733,4.014,25.087,4749,3855,1.930,2.090,1.360,2,0,254.881,0,0,18,309,0,40,0
23-04 15:42:16,10.952,15.930,69.941,1.742,0,5367784,204892,170504,2261472,7182.319,483.866,31.859,0,3.982,0,5142,4079,1.930,2.090,1.360,1,0,327.555,0,0,18,309,0,40,0
23-04 15:42:17,21.231,3.497,73.435,0.749,0,5387800,184828,170520,2261504,10146.950,1756.433,19.982,287.743,1.998,14.987,2379,1961,1.930,2.090,1.360,1,0,32.971,0,0,18,310,0,39,0
23-04 15:42:18,20.358,2.011,74.648,2.011,0,5379480,187120,170748,2267180,11451.006,1506.023,64.343,969.163,3.016,18.096,2146,1949,1.860,2.070,1.360,2,1,3.016,0,0,18,309,0,39,0
23-04 15:42:19,18.636,2.485,77.030,0.994,0,5380800,184600,170772,2268336,14422.949,3394.278,0,715.631,0,27.830,1947,1770,1.860,2.070,1.360,2,0,16.897,0,0,18,310,0,39,0
23-04 15:42:20,22.358,4.773,69.585,0.754,0,5362644,197804,171204,2272700,4229.359,663.192,0,980.721,0,19.092,9813,18162,1.860,2.070,1.360,3,0,14.068,0,0,18,309,0,39,0
23-04 15:42:21,22.410,6.474,68.225,1.992,0,5392672,167164,171244,2273272,14893.867,3506.841,215.131,430.263,14.940,6.972,9790,27473,1.860,2.070,1.360,2,0,40.835,0,0,18,310,0,39,0
23-04 15:42:22,22.013,5.503,67.291,4.253,0,5385152,174040,171316,2273824,3934.393,528.321,4.002,1220.742,1.001,68.041,4735,6753,1.860,2.070,1.360,2,0,16.010,0,0,18,312,0,39,0
23-04 15:42:23,12.516,13.768,69.088,3.504,0,5330912,238572,171428,2263468,9192.732,660.843,4.005,1349.723,1.001,43.055,4572,4063,1.790,2.050,1.360,2,0,268.342,0,0,18,311,0,39,0
23-04 15:42:24,24.026,2.002,73.080,0,0,5381732,187576,171428,2263644,9238.105,528.578,0,200.219,0,14.015,1976,1477,1.790,2.050,1.360,4,0,0,0,0,18,311,0,39,0
23-04 15:42:25,16.022,2.754,79.858,0.250,0,5359720,209544,171428,2263688,13773.592,10887.697,16.022,0,1.001,0,2204,1957,1.790,2.050,1.360,3,0,14.019,0,0,18,311,0,42,0
23-04 15:42:26,19.639,7.209,72.093,0,0,5416240,153012,171428,2263700,11967.358,483.268,0,3.978,0,0.994,2836,2235,1.790,2.050,1.360,2,0,101.427,0,0,18,311,0,42,0
23-04 15:42:27,16.618,4.784,77.803,0,0,5386404,182840,171428,2263708,15950.371,9241.688,0,88.630,0,3.021,2652,2304,1.790,2.050,1.360,2,0,64.458,0,0,18,311,0,43,0
23-04 15:42:28,21.897,3.981,72.658,0,0,5416128,153104,171428,2263720,9968.113,483.725,0,159.251,0,13.934,2258,1901,1.730,2.040,1.360,2,0,6.967,0,0,18,311,0,43,0
23-04 15:42:29,16.834,3.518,78.642,0.503,0,5399816,169392,171428,2263744,21457.871,13579.634,0,225.121,0,16.080,2678,2510,1.730,2.040,1.360,3,0,58.290,0,0,18,311,0,44,0
23-04 15:42:30,20.917,4.233,73.709,0.249,0,5382484,215220,171428,2236100,13136.080,2069.819,0,131.480,0,8.965,1988,1567,1.730,2.040,1.360,3,0,0,0,0,18,312,0,44,0
23-04 15:42:31,19.208,5.987,73.840,0,0,5357172,240396,171428,2236248,20118.346,9095.264,3.991,51.887,0.998,3.991,3931,4770,1.730,2.040,1.360,3,0,34.924,0,0,18,311,0,47,0
23-04 15:42:32,21.529,3.004,73.348,0.501,0,5376484,220940,171428,2236392,6732.031,2874.857,0,252.339,0,25.034,2576,2560,1.730,2.040,1.360,3,0,2.003,0,0,18,312,0,47,0
23-04 15:42:33,16.328,4.270,73.602,5.778,0,5344240,253164,171428,2236412,13512.588,9041.215,0,2487.892,0,374.791,3257,3578,1.830,2.050,1.370,2,0,40.192,0,0,18,311,0,48,0
23-04 15:42:34,21.394,3.980,73.136,0.249,0,5405676,191716,171428,2236424,9824.122,1093.559,0,302.495,0,15.921,2080,1628,1.830,2.050,1.370,1,0,7.960,0,0,18,312,0,47,0
23-04 15:42:35,16.743,3.748,78.218,0,0,5348508,248744,171428,2236572,17991.616,10089.859,0,1583.350,0,107.956,2797,2405,1.830,2.050,1.370,3,0,31.987,0,0,18,311,0,50,0
23-04 15:42:36,20.991,2.499,74.969,0,0,5408992,188260,171428,2236572,11693.108,2450.975,0,143.940,0,6.997,1986,1536,1.830,2.050,1.370,1,0,0,0,0,18,312,0,50,0
23-04 15:42:37,15.282,1.754,81.421,0.251,0,5407388,189844,171428,2236592,16961.589,9492.918,0,485.018,0,55.116,2842,3348,1.830,2.050,1.370,2,0,0,0,0,18,311,0,51,0
23-04 15:42:38,5.733,8.226,82.013,2.991,0,5403796,192192,171968,2237296,13495.050,2939.516,1136.719,570.354,251.275,57.833,3670,4027,1.840,2.050,1.370,2,0,181.476,0,0,18,315,0,45,0
23-04 15:42:39,3.515,6.528,85.866,2.511,0,5388728,207212,171968,2237348,18636.527,2228.510,0,2659.348,0,163.699,3025,3201,1.840,2.050,1.370,1,0,125.536,0,0,18,313,1,46,0
23-04 15:42:40,3.501,4.251,91.270,0.500,0,5385464,210472,171968,2237352,10211.195,3639.782,0,264.057,0,10.002,1980,2068,1.840,2.050,1.370,1,0,71.015,0,0,18,313,0,47,0
23-04 15:42:41,13.430,9.202,70.630,5.471,0,5382608,212196,171972,2238480,5900.098,483.468,628.707,374.041,51.729,17.906,3507,3051,1.840,2.050,1.370,1,1,141.260,0,0,18,313,0,47,0
23-04 15:42:42,10.512,3.754,69.827,14.266,0,5380940,200604,171972,2251740,10110.085,486.533,6050.634,945.036,424.465,28.031,2486,2845,1.840,2.050,1.370,2,0,1.001,0,0,18,313,0,42,0
23-04 15:42:43,17.020,2.002,77.088,3.504,0,5387352,189836,171972,2256016,13047.955,2564.940,332.381,2230.557,7.008,254.291,2031,1669,1.780,2.030,1.370,1,1,16.018,0,0,18,314,0,42,0
23-04 15:42:44,15.012,3.002,77.310,3.503,0,5379036,194584,171980,2259560,14696.448,2909.266,536.418,1533.194,3.002,52.041,2265,2144,1.780,2.030,1.370,1,1,15.012,0,0,18,313,0,42,0
23-04 15:42:45,10.252,14.252,70.760,4.001,0,5350436,220916,172016,2261760,11192.659,486.072,1000.148,2384.353,22.003,79.012,5289,4727,1.780,2.030,1.370,2,0,288.043,0,0,18,313,0,42,0
23-04 15:42:46,19.208,2.495,77.331,0,0.249,5383580,187764,172016,2261768,13859.727,2725.048,0,11.974,0,1.996,1823,1422,1.780,2.030,1.370,1,0,0,0,0,18,314,0,34,0
23-04 15:42:47,20.238,5.747,71.208,1.499,0,5365936,205344,172016,2261832,27766.463,20766.632,0,379.774,0,38.977,2798,2492,1.780,2.030,1.370,2,0,46.972,0,0,18,313,0,36,0
23-04 15:42:48,19.549,2.757,76.944,0.501,0,5406560,164672,172016,2261880,11135.039,6214.649,32.081,144.364,1.003,12.030,2024,1886,1.710,2.020,1.360,2,0,1.003,0,0,18,316,0,36,0
23-04 15:42:49,18.997,3.499,74.238,1.500,0,5387572,183348,172016,2262192,13411.824,3668.405,303.951,143.977,17.997,8.999,2416,2058,1.710,2.020,1.360,2,0,13.998,0,0,18,315,0,38,0
23-04 15:42:50,19.228,2.497,77.663,0.250,0,5399384,171532,172016,2262196,15430.676,6192.048,0,171.807,0,10.988,2090,1778,1.710,2.020,1.360,2,0,0,0,0,18,316,0,36,0
23-04 15:42:51,14.488,3.497,70.441,9.742,0,5393312,176036,172016,2263764,6827.313,1321.899,1390.841,939.218,78.934,124.896,4182,6010,1.710,2.020,1.360,3,0,1.998,0,0,18,318,0,36,0
23-04 15:42:52,42.578,9.016,42.077,5.260,0,5391896,177264,172016,2263952,10251.683,1729.151,657.198,1077.964,7.013,104.190,4703,4678,1.710,2.020,1.360,3,0,13.024,0,0,18,317,0,37,0
23-04 15:42:53,25.188,4.738,68.580,0.249,0.249,5411088,158052,172016,2263972,18298.599,9686.965,510.733,406.990,3.990,23.941,2904,2306,1.740,2.020,1.370,1,0,3.990,0,0,18,318,0,37,0
23-04 15:42:54,18.891,7.305,69.016,4.282,0,5374104,194876,172016,2264132,11569.576,2101.727,96.724,1269.500,4.030,137.025,5456,7246,1.740,2.020,1.370,2,0,111.837,0,0,18,317,0,33,0
23-04 15:42:55,9.000,22.749,66.996,1.000,0,5372280,196668,172016,2264164,9681.477,485.974,0,2459.867,0,56.997,7335,6761,1.740,2.020,1.370,2,0,702.962,0,0,18,317,0,33,0
23-04 15:42:56,7.995,22.737,66.961,0.750,0,5366628,202276,172020,2264204,6319.337,485.718,0,723.581,0,50.970,7239,6680,1.740,2.020,1.370,3,0,717.584,0,0,18,317,0,33,0
23-04 15:42:57,8.253,23.259,62.525,4.752,0,5364408,204464,172020,2264236,8548.473,486.198,0,3289.336,0,184.075,7537,7340,1.740,2.020,1.370,3,0,694.282,0,0,18,317,0,33,0
23-04 15:42:58,8.254,22.260,66.529,1.751,0,5349508,219324,172020,2264276,5899.614,486.215,0,2353.043,0,384.170,7149,6216,1.600,1.980,1.360,3,0,643.285,0,0,18,317,0,29,0
23-04 15:42:59,8.250,22.500,67.999,0,0,5339404,229392,172020,2264312,4168.947,485.994,0,47.999,0,12.000,7173,6648,1.600,1.980,1.360,1,0,687.991,0,0,18,317,0,29,0
23-04 15:43:00,13.166,14.408,71.544,0,0,5325900,342524,172020,2175400,9622.682,482.923,0,27.823,0,4.968,4563,3855,1.600,1.980,1.360,2,0,278.227,0,0,18,317,0,29,0
23-04 15:43:01,22.004,4.001,69.761,3.751,0,5354488,303456,172320,2185568,9969.639,486.080,0,2428.399,0,8.001,2303,1812,1.600,1.980,1.360,2,0,9.001,0,0,18,317,0,29,0
23-04 15:43:02,14.266,2.002,78.587,4.004,0,5367088,289600,172332,2186808,22258.783,6534.275,556.620,1133.262,29.032,31.035,2080,1987,1.600,1.980,1.360,2,0,16.018,0,0,18,318,0,25,0
23-04 15:43:03,10.754,0.750,83.528,4.001,0,5370512,285568,172364,2187380,23357.886,9182.100,348.118,1336.451,37.012,54.018,1623,1727,1.550,1.970,1.360,1,1,0,0,0,18,318,0,25,0
23-04 15:43:04,13.976,1.997,77.369,5.491,0,5395484,259360,172412,2188560,21542.591,10710.898,982.340,1633.240,50.914,85.855,2170,2392,1.550,1.970,1.360,2,0,0,0,0,18,318,0,25,0
23-04 15:43:05,11.016,1.001,81.871,5.258,0,5396136,257848,172440,2189388,21183.216,8561.616,540.797,2147.164,40.059,210.310,1784,1776,1.550,1.970,1.360,2,2,0,0,0,18,318,0,25,0
23-04 15:43:06,9.988,1.248,73.408,14.732,0,5410932,241972,172460,2190512,15393.761,6960.301,910.862,4298.628,33.958,174.782,1582,1584,1.550,1.970,1.360,3,0,0,0,0,18,318,0,24,0
23-04 15:43:07,13.219,1.496,77.566,6.235,0,5419976,223072,172496,2200324,24101.940,9885.596,4972.229,1528.382,71.830,68.837,2148,2395,1.550,1.970,1.360,3,1,0,0,0,18,318,0,24,0
23-04 15:43:08,16.513,2.502,72.058,7.256,0,5420292,196752,172524,2226248,7578.124,486.393,9511.686,1665.346,119.096,75.061,2239,2199,1.500,1.950,1.360,5,0,2.002,0,0,18,318,0,24,0
23-04 15:43:09,20.743,2.249,72.976,3.499,0,5431060,167016,172680,2244788,5473.190,485.839,0,1323.562,0,29.990,1997,1784,1.500,1.950,1.360,3,0,0,0,0,18,318,0,24,0
23-04 15:43:10,22.556,2.506,72.180,2.005,0,5435652,142836,172804,2263916,11442.524,487.215,0,1567.908,0,55.137,2263,2026,1.500,1.950,1.360,1,1,0,0,0,18,318,0,24,0
23-04 15:43:11,17.491,2.749,73.213,6.247,0,5441224,126720,172932,2274112,11413.249,485.755,0,2570.705,0,101.949,2338,2281,1.500,1.950,1.360,2,0,0,0,0,18,318,0,24,0
23-04 15:43:12,19.528,3.004,70.350,6.009,0,5425320,145172,173036,2272064,4589.513,486.691,0,2046.905,0,72.102,2611,2768,1.500,1.950,1.360,2,0,0,0,0,18,318,0,24,0
23-04 15:43:13,18.998,1.250,72.741,5.499,0,5419356,141868,173260,2280844,9604.771,485.938,3.999,2055.737,1.000,70.991,2207,2088,1.460,1.930,1.350,4,0,0,0,0,18,318,0,24,0
23-04 15:43:14,22.979,3.996,71.185,1.249,0,5399484,178800,173260,2263804,7750.934,659.399,31.971,1130.969,0.999,167.847,2711,2373,1.460,1.930,1.350,2,0,33.969,0,0,18,317,0,24,0
23-04 15:43:15,17.771,2.503,77.843,1.502,0,5385656,186920,173348,2269404,14428.184,2909.465,0,1269.512,0,17.020,1907,1662,1.460,1.930,1.350,3,0,3.004,0,0,18,317,0,22,0
23-04 15:43:16,18.244,3.249,75.227,2.249,0,5392804,175996,173420,2273088,14585.592,3359.985,0,14727.549,0,135.959,2299,1956,1.460,1.930,1.350,2,0,17.995,0,0,18,318,0,22,0
23-04 15:43:17,20.954,5.238,65.855,5.737,0,5358520,208040,173552,2275088,10721.377,658.549,0,2606.257,0,25.943,9773,17467,1.460,1.930,1.350,2,0,12.971,0,0,18,317,0,22,0
23-04 15:43:18,22.004,6.251,68.513,2.000,0,5369064,197308,173560,2275248,8231.574,486.093,0,380.073,0,5.001,11001,19583,1.430,1.920,1.350,2,0,21.004,0,0,18,317,0,22,0
23-04 15:43:19,18.282,5.510,66.117,9.016,0,5354528,223288,173560,2263916,5330.404,486.859,0,4087.211,0,139.246,2489,2320,1.430,1.920,1.350,3,0,10.018,0,0,18,317,0,22,0
23-04 15:43:20,24.512,4.502,69.533,0.250,0,5380724,197080,173560,2263928,6274.963,528.249,0,308.145,0,6.003,11618,20590,1.430,1.920,1.350,2,0,48.023,0,0,18,317,0,22,0
23-04 15:43:21,23.502,5.751,69.757,0.250,0,5402248,174680,173560,2264804,14672.500,2690.275,0,180.018,0,3.000,3206,14886,1.430,1.920,1.350,1,0,69.007,0,0,18,318,0,23,0
23-04 15:43:22,22.460,3.494,70.875,1.996,0,5396640,175408,173560,2269668,6265.924,1150.966,0,1561.240,0,60.892,3072,3257,1.430,1.920,1.350,3,0,18.966,0,0,18,318,0,23,0
23-04 15:43:23,19.735,3.247,74.193,0.250,0,5397188,169664,173560,2274752,15895.730,3105.603,0,1087.161,0,26.979,10341,19372,1.310,1.890,1.350,2,0,6.995,0,0,18,317,0,22,0
23-04 15:43:24,21.801,6.515,67.910,1.754,0,5396116,170056,173560,2275432,6082.345,541.277,128.303,745.759,6.014,21.050,11630,20841,1.310,1.890,1.350,2,0,20.047,0,0,18,317,0,22,0
23-04 15:43:25,20.743,4.998,71.476,1.500,0,5359180,218412,173584,2264084,11219.305,485.840,0,891.706,0,33.989,2633,2391,1.310,1.890,1.350,2,0,12.996,0,0,18,317,0,22,0
23-04 15:43:26,21.607,5.527,71.857,0.754,0,5353408,224176,173584,2264096,6520.402,488.427,0,635.156,0,12.060,2691,2049,1.310,1.890,1.350,4,0,70.350,0,0,18,317,0,22,0
23-04 15:43:27,23.146,3.235,71.429,1.244,0,5370212,198572,173584,2272896,3317.071,483.822,0,1087.107,0,23.892,2656,2483,1.310,1.890,1.350,2,0,42.807,0,0,18,317,0,19,0
23-04 15:43:28,16.414,1.990,78.586,1.492,0,5378756,187936,173584,2274940,18678.601,4950.918,3.979,859.472,0.995,9.948,1879,1661,1.290,1.870,1.340,2,0,16.911,0,0,18,318,0,19,0
23-04 15:43:29,13.614,1.765,82.945,1.765,0,5378428,187936,173584,2275264,29840.145,13614.125,0,1770.845,0,54.456,1909,1883,1.290,1.870,1.340,1,0,2.017,0,0,18,318,0,19,0
23-04 15:43:30,4.479,0.498,92.567,0.747,0,5378500,187712,173584,2275420,52748.250,6267.680,0,1337.742,0,171.199,1293,1435,1.290,1.870,1.340,1,0,0,0,0,18,319,0,19,0
23-04 15:43:31,9.002,1.250,85.517,3.251,0,5388524,177380,173612,2275676,125017.394,9709.895,0,1244.243,0,51.010,1726,1814,1.290,1.870,1.340,2,1,0,0,0,18,319,0,16,0
23-04 15:43:32,15.252,2.000,71.510,9.501,0,5404040,161504,173700,2275948,17795.533,8490.209,0,12673.804,0,188.027,2490,2830,1.290,1.870,1.340,2,0,0,0,0,18,319,0,16,0
23-04 15:43:33,15.508,1.501,79.539,2.501,0,5423552,141608,173788,2276244,26518.161,9994.960,0,1180.586,0,41.020,1935,1842,1.180,1.840,1.340,1,0,1.000,0,0,18,319,0,16,0
23-04 15:43:34,9.002,2.751,82.267,5.501,0,5428104,136100,173932,2277016,319159.659,14772.039,256.053,1716.353,12.002,72.015,3136,4505,1.180,1.840,1.340,1,0,3.001,0,0,18,319,0,16,0
23-04 15:43:35,7.516,1.754,79.166,8.768,0,5427640,136100,174144,2277252,89977.092,13289.930,28.059,2204.633,4.008,108.227,2413,2863,1.180,1.840,1.340,1,0,2.004,0,0,18,319,0,13,0
23-04 15:43:36,12.675,1.491,80.024,5.467,0,5427300,135876,174300,2277652,36118.213,11564.230,103.385,1705.856,5.965,64.616,1949,2022,1.180,1.840,1.340,2,0,0,0,0,18,319,0,13,0
23-04 15:43:37,4.256,2.003,88.383,2.253,0,5431836,119776,174328,2289156,1754243.828,38023.305,0,2127.206,0,47.071,3522,3321,1.180,1.840,1.340,1,0,2.003,0,0,18,319,0,13,0
23-04 15:43:38,4.747,2.249,80.957,8.745,0.250,5428956,112020,174384,2299860,5586508.274,61201.258,0,12045.556,0,297.841,4439,3253,1.170,1.830,1.330,2,0,2.998,0,0,18,319,0,13,0
23-04 15:43:39,4.504,3.253,85.581,3.503,0,5417420,128416,174416,2295716,10206976.225,92879.449,0,10245.647,0,15.014,4999,3233,1.170,1.830,1.330,1,1,1.001,0,0,18,319,0,10,0
23-04 15:43:40,11.500,1.750,77.000,8.250,0,5411808,125140,174556,2304432,625101.050,9576.985,164.000,3775.994,4.000,84.000,1994,1900,1.170,1.830,1.330,4,0,1.000,0,0,18,319,0,10,0
23-04 15:43:41,14.845,3.774,71.457,9.813,0,5407648,142044,177364,2288144,11369.729,489.129,0,5479.048,0,297.906,2498,2287,1.170,1.830,1.330,2,1,0,0,0,18,319,0,10,0
23-04 15:43:42,20.631,2.237,69.101,6.214,0,5418888,142468,178072,2275368,8856.818,483.208,0,1527.175,0,46.730,2532,2473,1.170,1.830,1.330,2,0,0,0,0,18,319,0,10,0
23-04 15:43:43,20.333,2.510,70.791,5.272,0,5419588,129488,178400,2286352,5329.881,488.003,0,5791.778,0,83.342,2255,2100,1.150,1.810,1.330,2,0,0,0,0,18,319,0,9,0
23-04 15:43:44,8.943,3.974,65.082,20.369,0,5419336,144676,178616,2271656,8388.098,482.897,0,40006.916,0,320.938,2525,3016,1.150,1.810,1.330,1,1,0,0,0,18,319,0,9,0
23-04 15:43:45,7.518,3.508,62.397,26.562,0,5434820,126560,178792,2274072,8791.676,487.146,0,25211.291,0,229.540,2027,2351,1.150,1.810,1.330,1,0,0,0,0,18,319,0,9,0
23-04 15:43:46,14.005,3.001,72.025,9.503,0,5421972,117164,179400,2294416,11628.995,486.167,0,20102.907,0,152.052,2192,2128,1.150,1.810,1.330,2,0,0,0,0,18,319,0,9,0
23-04 15:43:47,16.268,3.254,68.324,11.512,0,5417252,121508,180032,2293484,6577.117,540.585,0,1982.145,0,67.073,2169,2060,1.150,1.810,1.330,2,1,0,0,0,18,319,0,7,0
23-04 15:43:48,21.236,2.998,72.203,2.249,0,5425888,138908,181416,2267172,11495.486,485.683,0,1035.323,0,36.976,2229,1906,1.300,1.830,1.340,3,0,0.999,0,0,18,319,0,7,0
23-04 15:43:49,22.279,2.253,72.844,2.253,0,5424916,126712,181752,2278968,8959.511,486.625,0,1810.326,0,20.026,2059,1788,1.300,1.830,1.340,2,0,0,0,0,18,319,0,7,0
23-04 15:43:50,15.473,2.745,72.372,7.986,0,5431840,117632,182652,2280244,5013.129,485.142,0,2028.411,0,67.880,2074,2099,1.300,1.830,1.340,2,0,0,0,0,18,319,0,7,0
23-04 15:43:51,17.397,1.740,76.299,3.231,0,5463092,130444,183112,2235560,11166.036,3128.518,0,1387.801,0,47.718,2050,1915,1.300,1.830,1.340,3,0,0,0,0,18,317,0,7,0
23-04 15:43:52,42.432,8.840,46.473,1.263,0,5441272,152372,183112,2235472,10180.562,989.061,792.057,1988.225,7.072,230.343,4468,3528,1.300,1.830,1.340,3,0,44.452,0,0,18,318,0,5,0
23-04 15:43:53,25.626,4.727,65.683,3.483,0,5435664,152088,183252,2241192,13843.109,2266.050,254.769,1269.864,1.990,30.851,2752,2307,1.360,1.830,1.350,3,0,4.976,0,0,18,317,0,5,0
23-04 15:43:54,17.017,2.503,75.827,3.253,0,5434604,151492,183300,2242724,15867.062,3430.473,0,876.888,0,38.039,2346,2303,1.360,1.830,1.350,2,0,18.018,0,0,18,318,0,5,0
23-04 15:43:55,20.516,5.755,68.304,3.753,0,5418672,162360,183504,2246592,8685.827,660.519,0,1084.853,0,20.016,9873,18074,1.360,1.830,1.350,2,0,13.010,0,0,18,317,0,5,0
23-04 15:43:56,22.497,5.749,66.491,3.250,0,5415520,165212,183512,2246844,10477.623,569.925,0,2435.680,0,26.996,10650,19293,1.360,1.830,1.350,2,0,13.998,0,0,18,317,0,3,0
23-04 15:43:57,19.968,5.741,71.634,2.246,0,5400860,179800,183516,2246912,9330.945,485.217,0,694.879,0,15.974,2233,1657,1.360,1.830,1.350,3,1,6.989,0,0,18,317,0,3,0
23-04 15:43:58,22.271,4.004,72.068,0.500,0,5363376,227604,183516,2237508,4051.804,486.457,248.233,772.725,4.004,16.015,2315,1965,1.330,1.820,1.340,2,0,7.007,0,0,18,317,0,3,0
23-04 15:43:59,20.014,3.002,68.798,6.004,0,5349080,240524,183520,2238860,3694.551,486.336,456.315,2837.960,19.013,114.079,4241,6493,1.330,1.820,1.340,1,1,0,0,0,18,320,0,7,0
23-04 15:44:00,19.745,4.249,61.483,12.747,0,5316864,271656,183520,2239940,11355.895,485.867,895.755,5846.401,45.987,432.882,6504,10210,1.330,1.820,1.340,4,0,1.000,0,0,18,319,0,8,0
23-04 15:44:01,9.008,20.018,66.559,4.004,0,5329544,258796,183520,2240128,8034.094,486.430,4.004,2314.043,1.001,124.110,6302,5596,1.330,1.820,1.340,1,1,434.384,0,0,18,319,0,8,0
23-04 15:44:02,9.272,4.009,60.140,24.056,0,5306264,278544,183520,2243660,8894.743,487.136,3596.387,11695.274,502.171,122.285,2971,3554,1.330,1.820,1.340,2,0,21.049,0,0,18,319,0,10,0
23-04 15:44:03,5.504,3.253,68.554,21.517,0,5298164,249224,183520,2281056,8250.557,486.387,37413.733,3634.889,2684.133,391.311,4949,7397,1.300,1.810,1.340,2,1,0,0,0,18,319,0,10,0
23-04 15:44:04,5.971,1.990,89.316,2.239,0,5296108,248972,183520,2283428,9855.096,1493.739,2368.487,1034.969,314.471,19.903,1676,2160,1.300,1.810,1.340,1,0,5.971,0,0,18,322,0,10,0
23-04 15:44:05,2.001,0.750,95.544,0.500,0,5295396,249456,183520,2283656,49583.875,4058.873,224.103,16.007,3.001,4.002,1142,1493,1.300,1.810,1.340,1,0,0,0,0,18,322,0,10,0
23-04 15:44:06,3.754,2.252,90.337,2.753,0,5279248,264852,183640,2284288,124074.698,127545.046,448.433,528.510,16.015,4.004,1477,1567,1.300,1.810,1.340,1,0,12.012,0,0,18,321,0,10,0
23-04 15:44:07,2.246,1.248,94.079,1.248,0,5279244,264852,183640,2284292,9279.107,0,0,606.895,0,35.935,1436,2188,1.300,1.810,1.340,1,0,0,0,0,18,321,0,10,0
23-04 15:44:08,10.013,2.754,86.115,0,0,5280972,263100,183664,2284292,283264.071,9670.908,0,132.176,0,28.037,2468,2013,1.280,1.790,1.340,2,0,21.028,0,0,18,321,0,10,0
23-04 15:44:09,9.008,3.753,85.578,0.751,0,5292292,251648,183676,2284412,286259.347,10765.754,124.112,0,6.005,0,2353,1959,1.280,1.790,1.340,2,0,19.017,0,0,18,321,0,10,0
23-04 15:44:10,12.756,5.753,78.539,1.001,0,5279820,259872,183676,2288660,153866.132,5646.831,48.024,688.345,2.001,52.026,2975,2595,1.280,1.790,1.340,3,0,33.017,0,0,18,321,0,10,0
