Feb 20 15:41:04 ubuntu devstack@keystone.service[61951]: DEBUG keystone.server.flask.request_processing.middleware.auth_context [None req-048c8077-0f6a-4a27-9288-af28a9061e31 None admin] Authenticating user token {{(pid=61951) process_request /opt/stack/data/venv/lib/python3.12/site-packages/keystonemiddleware/auth_token/__init__.py:407}}
Feb 20 15:41:04 ubuntu devstack@keystone.service[61951]: DEBUG keystone.server.flask.request_processing.middleware.auth_context [None req-048c8077-0f6a-4a27-9288-af28a9061e31 None admin] Validating token access rules against request {{(pid=61951) validate_allowed_request /opt/stack/data/venv/lib/python3.12/site-packages/keystonemiddleware/auth_token/__init__.py:545}}
Feb 20 15:41:04 ubuntu devstack@keystone.service[61951]: DEBUG keystone.server.flask.request_processing.middleware.auth_context [None req-e0f4cdff-adb0-43e8-bfbe-fd4e9b9de254 None admin] RBAC: auth_context: {'token': <TokenModel (audit_id=n1LBSmR2Sj-LZC3WYrxOSA, audit_chain_id=['n1LBSmR2Sj-LZC3WYrxOSA']) at 0x7eb7895d10d0>, 'domain_id': None, 'trust_id': None, 'trustor_id': None, 'trustee_id': None, 'domain_name': None, 'group_ids': [], 'user_id': '5d47512bb9b64471a87a4bed36b49bfc', 'user_domain_id': 'default', 'system_scope': 'all', 'project_id': None, 'project_domain_id': None, 'roles': ['admin', 'manager', 'member', 'reader'], 'is_admin_project': True, 'service_user_id': None, 'service_user_domain_id': None, 'service_project_id': None, 'service_project_domain_id': None, 'service_roles': []} {{(pid=61951) fill_context /opt/stack/keystone/keystone/server/flask/request_processing/middleware/auth_context.py:509}}
Feb 20 15:41:04 ubuntu devstack@keystone.service[61951]: DEBUG keystone.server.flask.request_processing.req_logging [None req-e0f4cdff-adb0-43e8-bfbe-fd4e9b9de254 None admin] REQUEST_METHOD: `GET` {{(pid=61951) log_request_info /opt/stack/keystone/keystone/server/flask/request_processing/req_logging.py:26}}
Feb 20 15:41:04 ubuntu devstack@keystone.service[61951]: DEBUG keystone.server.flask.request_processing.req_logging [None req-e0f4cdff-adb0-43e8-bfbe-fd4e9b9de254 None admin] SCRIPT_NAME: `/identity` {{(pid=61951) log_request_info /opt/stack/keystone/keystone/server/flask/request_processing/req_logging.py:27}}
Feb 20 15:41:04 ubuntu devstack@keystone.service[61951]: DEBUG keystone.server.flask.request_processing.req_logging [None req-e0f4cdff-adb0-43e8-bfbe-fd4e9b9de254 None admin] PATH_INFO: `/v3/domains` {{(pid=61951) log_request_info /opt/stack/keystone/keystone/server/flask/request_processing/req_logging.py:28}}
Feb 20 15:41:04 ubuntu devstack@keystone.service[61951]: DEBUG keystone.common.rbac_enforcer.enforcer [None req-e0f4cdff-adb0-43e8-bfbe-fd4e9b9de254 None admin] RBAC: Adding query filter params (name=Default) {{(pid=61951) _extract_filter_values /opt/stack/keystone/keystone/common/rbac_enforcer/enforcer.py:176}}
Feb 20 15:41:04 ubuntu devstack@keystone.service[61951]: DEBUG keystone.common.rbac_enforcer.enforcer [None req-e0f4cdff-adb0-43e8-bfbe-fd4e9b9de254 None admin] RBAC: Authorizing `identity:list_domains()` {{(pid=61951) enforce_call /opt/stack/keystone/keystone/common/rbac_enforcer/enforcer.py:494}}
Feb 20 15:41:04 ubuntu devstack@keystone.service[61951]: DEBUG keystone.common.rbac_enforcer.enforcer [None req-e0f4cdff-adb0-43e8-bfbe-fd4e9b9de254 None admin] RBAC: Authorization granted {{(pid=61951) enforce_call /opt/stack/keystone/keystone/common/rbac_enforcer/enforcer.py:505}}
Feb 20 15:41:04 ubuntu devstack@keystone.service[61951]: [pid: 61951|app: 0|req: 11/21] 10.120.125.136 () {58 vars in 1190 bytes} [Fri Feb 20 15:41:04 2026] GET /identity/v3/domains?name=Default => generated 310 bytes in 69 msecs (HTTP/1.1 200) 5 headers in 177 bytes (1 switches on core 0)
Feb 20 15:41:04 ubuntu devstack@keystone.service[61952]: [pid: 61952|app: 0|req: 11/22] 10.120.125.136 () {60 vars in 1429 bytes} [Fri Feb 20 15:41:03 2026] PUT /identity/v3/domains/default/users/5d47512bb9b64471a87a4bed36b49bfc/roles/f000c4eae80a468c80e6b630c3ae9b08 => generated 0 bytes in 331 msecs (HTTP/1.1 204) 3 headers in 132 bytes (0 switches on core 0)
Feb 20 15:41:05 ubuntu devstack@keystone.service[61951]: DEBUG keystone.server.flask.request_processing.req_logging [None req-0f9b7933-25ef-434e-b3d7-0d8e64484d79 None None] REQUEST_METHOD: `GET` {{(pid=61951) log_request_info /opt/stack/keystone/keystone/server/flask/request_processing/req_logging.py:26}}
Feb 20 15:41:05 ubuntu devstack@keystone.service[61951]: DEBUG keystone.server.flask.request_processing.req_logging [None req-0f9b7933-25ef-434e-b3d7-0d8e64484d79 None None] SCRIPT_NAME: `/identity` {{(pid=61951) log_request_info /opt/stack/keystone/keystone/server/flask/request_processing/req_logging.py:27}}
Feb 20 15:41:05 ubuntu devstack@keystone.service[61951]: DEBUG keystone.server.flask.request_processing.req_logging [None req-0f9b7933-25ef-434e-b3d7-0d8e64484d79 None None] PATH_INFO: `/` {{(pid=61951) log_request_info /opt/stack/keystone/keystone/server/flask/request_processing/req_logging.py:28}}
Feb 20 15:41:05 ubuntu devstack@keystone.service[61951]: [pid: 61951|app: 0|req: 12/23] 10.120.125.136 () {56 vars in 951 bytes} [Fri Feb 20 15:41:05 2026] GET /identity => generated 271 bytes in 1 msecs (HTTP/1.1 300) 6 headers in 235 bytes (1 switches on core 0)
Feb 20 15:41:05 ubuntu devstack@keystone.service[61952]: DEBUG keystone.server.flask.request_processing.req_logging [None req-e6ad4e38-d998-494c-b4ca-c4da7894286a None None] REQUEST_METHOD: `GET` {{(pid=61952) log_request_info /opt/stack/keystone/keystone/server/flask/request_processing/req_logging.py:26}}
Feb 20 15:41:05 ubuntu devstack@keystone.service[61952]: DEBUG keystone.server.flask.request_processing.req_logging [None req-e6ad4e38-d998-494c-b4ca-c4da7894286a None None] SCRIPT_NAME: `/identity` {{(pid=61952) log_request_info /opt/stack/keystone/keystone/server/flask/request_processing/req_logging.py:27}}
Feb 20 15:41:05 ubuntu devstack@keystone.service[61952]: DEBUG keystone.server.flask.request_processing.req_logging [None req-e6ad4e38-d998-494c-b4ca-c4da7894286a None None] PATH_INFO: `/` {{(pid=61952) log_request_info /opt/stack/keystone/keystone/server/flask/request_processing/req_logging.py:28}}
Feb 20 15:41:05 ubuntu devstack@keystone.service[61952]: [pid: 61952|app: 0|req: 12/24] 10.120.125.136 () {56 vars in 951 bytes} [Fri Feb 20 15:41:05 2026] GET /identity => generated 271 bytes in 3 msecs (HTTP/1.1 300) 6 headers in 235 bytes (1 switches on core 0)
Feb 20 15:41:05 ubuntu devstack@keystone.service[61951]: DEBUG keystone.server.flask.request_processing.req_logging [None req-0d0895ed-9480-4767-8cf9-c58a64e2818b None None] REQUEST_METHOD: `POST` {{(pid=61951) log_request_info /opt/stack/keystone/keystone/server/flask/request_processing/req_logging.py:26}}
Feb 20 15:41:05 ubuntu devstack@keystone.service[61951]: DEBUG keystone.server.flask.request_processing.req_logging [None req-0d0895ed-9480-4767-8cf9-c58a64e2818b None None] SCRIPT_NAME: `/identity` {{(pid=61951) log_request_info /opt/stack/keystone/keystone/server/flask/request_processing/req_logging.py:27}}
Feb 20 15:41:05 ubuntu devstack@keystone.service[61951]: DEBUG keystone.server.flask.request_processing.req_logging [None req-0d0895ed-9480-4767-8cf9-c58a64e2818b None None] PATH_INFO: `/v3/auth/tokens` {{(pid=61951) log_request_info /opt/stack/keystone/keystone/server/flask/request_processing/req_logging.py:28}}
Feb 20 15:41:05 ubuntu devstack@keystone.service[61951]: WARNING keystone.common.password_hashing [None req-0d0895ed-9480-4767-8cf9-c58a64e2818b None None] Truncating password to algorithm specific maximum length 72 characters.
Feb 20 15:41:05 ubuntu devstack@keystone.service[61951]: DEBUG keystone.auth.core [None req-0d0895ed-9480-4767-8cf9-c58a64e2818b None None] MFA Rules not processed for user `5d47512bb9b64471a87a4bed36b49bfc`. Rule list: `[]` (Enabled: `True`). {{(pid=61951) check_auth_methods_against_rules /opt/stack/keystone/keystone/auth/core.py:476}}
Feb 20 15:41:05 ubuntu devstack@keystone.service[61951]: DEBUG keystone.common.fernet_utils [None req-0d0895ed-9480-4767-8cf9-c58a64e2818b None None] Loaded 2 Fernet keys from /etc/keystone/fernet-keys/, but `[fernet_tokens] max_active_keys = 3`; perhaps there have not been enough key rotations to reach `max_active_keys` yet? {{(pid=61951) load_keys /opt/stack/keystone/keystone/common/fernet_utils.py:297}}
Feb 20 15:41:05 ubuntu devstack@keystone.service[61952]: DEBUG keystone.server.flask.request_processing.req_logging [None req-ae906fee-ae9e-4a50-891c-7128269e12c9 None None] REQUEST_METHOD: `POST` {{(pid=61952) log_request_info /opt/stack/keystone/keystone/server/flask/request_processing/req_logging.py:26}}
Feb 20 15:41:05 ubuntu devstack@keystone.service[61952]: DEBUG keystone.server.flask.request_processing.req_logging [None req-ae906fee-ae9e-4a50-891c-7128269e12c9 None None] SCRIPT_NAME: `/identity` {{(pid=61952) log_request_info /opt/stack/keystone/keystone/server/flask/request_processing/req_logging.py:27}}
Feb 20 15:41:05 ubuntu devstack@keystone.service[61952]: DEBUG keystone.server.flask.request_processing.req_logging [None req-ae906fee-ae9e-4a50-891c-7128269e12c9 None None] PATH_INFO: `/v3/auth/tokens` {{(pid=61952) log_request_info /opt/stack/keystone/keystone/server/flask/request_processing/req_logging.py:28}}
Feb 20 15:41:05 ubuntu devstack@keystone.service[61952]: WARNING keystone.common.password_hashing [None req-ae906fee-ae9e-4a50-891c-7128269e12c9 None None] Truncating password to algorithm specific maximum length 72 characters.
Feb 20 15:41:05 ubuntu devstack@keystone.service[61952]: DEBUG keystone.auth.core [None req-ae906fee-ae9e-4a50-891c-7128269e12c9 None None] MFA Rules not processed for user `5d47512bb9b64471a87a4bed36b49bfc`. Rule list: `[]` (Enabled: `True`). {{(pid=61952) check_auth_methods_against_rules /opt/stack/keystone/keystone/auth/core.py:476}}
Feb 20 15:41:05 ubuntu devstack@keystone.service[61952]: DEBUG keystone.common.fernet_utils [None req-ae906fee-ae9e-4a50-891c-7128269e12c9 None None] Loaded 2 Fernet keys from /etc/keystone/fernet-keys/, but `[fernet_tokens] max_active_keys = 3`; perhaps there have not been enough key rotations to reach `max_active_keys` yet? {{(pid=61952) load_keys /opt/stack/keystone/keystone/common/fernet_utils.py:297}}
Feb 20 15:41:05 ubuntu devstack@keystone.service[61951]: [pid: 61951|app: 0|req: 13/25] 10.120.125.136 () {60 vars in 1048 bytes} [Fri Feb 20 15:41:05 2026] POST /identity/v3/auth/tokens => generated 863 bytes in 67 msecs (HTTP/1.1 201) 6 headers in 363 bytes (1 switches on core 0)
Feb 20 15:41:05 ubuntu devstack@keystone.service[61952]: [pid: 61952|app: 0|req: 13/26] 10.120.125.136 () {60 vars in 1048 bytes} [Fri Feb 20 15:41:05 2026] POST /identity/v3/auth/tokens => generated 863 bytes in 67 msecs (HTTP/1.1 201) 6 headers in 363 bytes (2 switches on core 0)
Feb 20 15:41:05 ubuntu devstack@keystone.service[61951]: DEBUG keystone.server.flask.request_processing.req_logging [None req-55bf81e4-90f6-43c3-9f35-7e19d27d6eb3 None None] REQUEST_METHOD: `GET` {{(pid=61951) log_request_info /opt/stack/keystone/keystone/server/flask/request_processing/req_logging.py:26}}
Feb 20 15:41:05 ubuntu devstack@keystone.service[61951]: DEBUG keystone.server.flask.request_processing.req_logging [None req-55bf81e4-90f6-43c3-9f35-7e19d27d6eb3 None None] SCRIPT_NAME: `/identity` {{(pid=61951) log_request_info /opt/stack/keystone/keystone/server/flask/request_processing/req_logging.py:27}}
Feb 20 15:41:05 ubuntu devstack@keystone.service[61951]: DEBUG keystone.server.flask.request_processing.req_logging [None req-55bf81e4-90f6-43c3-9f35-7e19d27d6eb3 None None] PATH_INFO: `/` {{(pid=61951) log_request_info /opt/stack/keystone/keystone/server/flask/request_processing/req_logging.py:28}}
Feb 20 15:41:05 ubuntu devstack@keystone.service[61951]: [pid: 61951|app: 0|req: 14/27] 10.120.125.136 () {56 vars in 951 bytes} [Fri Feb 20 15:41:05 2026] GET /identity => generated 271 bytes in 1 msecs (HTTP/1.1 300) 6 headers in 235 bytes (1 switches on core 0)
Feb 20 15:41:06 ubuntu devstack@keystone.service[61952]: DEBUG keystone.server.flask.request_processing.req_logging [None req-84de7091-e7b6-43b7-b0b0-921539fd72e3 None None] REQUEST_METHOD: `POST` {{(pid=61952) log_request_info /opt/stack/keystone/keystone/server/flask/request_processing/req_logging.py:26}}
Feb 20 15:41:06 ubuntu devstack@keystone.service[61952]: DEBUG keystone.server.flask.request_processing.req_logging [None req-84de7091-e7b6-43b7-b0b0-921539fd72e3 None None] SCRIPT_NAME: `/identity` {{(pid=61952) log_request_info /opt/stack/keystone/keystone/server/flask/request_processing/req_logging.py:27}}
Feb 20 15:41:06 ubuntu devstack@keystone.service[61952]: DEBUG keystone.server.flask.request_processing.req_logging [None req-84de7091-e7b6-43b7-b0b0-921539fd72e3 None None] PATH_INFO: `/v3/auth/tokens` {{(pid=61952) log_request_info /opt/stack/keystone/keystone/server/flask/request_processing/req_logging.py:28}}
Feb 20 15:41:06 ubuntu devstack@keystone.service[61952]: WARNING keystone.common.password_hashing [None req-84de7091-e7b6-43b7-b0b0-921539fd72e3 None None] Truncating password to algorithm specific maximum length 72 characters.
Feb 20 15:41:06 ubuntu devstack@keystone.service[61951]: DEBUG keystone.server.flask.request_processing.req_logging [None req-7a18e720-5d77-4c09-86e3-2cbe476e08ec None None] REQUEST_METHOD: `GET` {{(pid=61951) log_request_info /opt/stack/keystone/keystone/server/flask/request_processing/req_logging.py:26}}
Feb 20 15:41:06 ubuntu devstack@keystone.service[61951]: DEBUG keystone.server.flask.request_processing.req_logging [None req-7a18e720-5d77-4c09-86e3-2cbe476e08ec None None] SCRIPT_NAME: `/identity` {{(pid=61951) log_request_info /opt/stack/keystone/keystone/server/flask/request_processing/req_logging.py:27}}
Feb 20 15:41:06 ubuntu devstack@keystone.service[61951]: DEBUG keystone.server.flask.request_processing.req_logging [None req-7a18e720-5d77-4c09-86e3-2cbe476e08ec None None] PATH_INFO: `/` {{(pid=61951) log_request_info /opt/stack/keystone/keystone/server/flask/request_processing/req_logging.py:28}}
Feb 20 15:41:06 ubuntu devstack@keystone.service[61951]: [pid: 61951|app: 0|req: 15/28] 10.120.125.136 () {56 vars in 951 bytes} [Fri Feb 20 15:41:06 2026] GET /identity => generated 271 bytes in 1 msecs (HTTP/1.1 300) 6 headers in 235 bytes (1 switches on core 0)
Feb 20 15:41:06 ubuntu devstack@keystone.service[61952]: DEBUG keystone.auth.core [None req-84de7091-e7b6-43b7-b0b0-921539fd72e3 None None] MFA Rules not processed for user `5d47512bb9b64471a87a4bed36b49bfc`. Rule list: `[]` (Enabled: `True`). {{(pid=61952) check_auth_methods_against_rules /opt/stack/keystone/keystone/auth/core.py:476}}
Feb 20 15:41:06 ubuntu devstack@keystone.service[61952]: DEBUG keystone.common.fernet_utils [None req-84de7091-e7b6-43b7-b0b0-921539fd72e3 None None] Loaded 2 Fernet keys from /etc/keystone/fernet-keys/, but `[fernet_tokens] max_active_keys = 3`; perhaps there have not been enough key rotations to reach `max_active_keys` yet? {{(pid=61952) load_keys /opt/stack/keystone/keystone/common/fernet_utils.py:297}}
Feb 20 15:41:06 ubuntu devstack@keystone.service[61952]: [pid: 61952|app: 0|req: 14/29] 10.120.125.136 () {60 vars in 1048 bytes} [Fri Feb 20 15:41:06 2026] POST /identity/v3/auth/tokens => generated 863 bytes in 59 msecs (HTTP/1.1 201) 6 headers in 363 bytes (1 switches on core 0)
Feb 20 15:41:06 ubuntu devstack@keystone.service[61951]: DEBUG keystone.server.flask.request_processing.req_logging [None req-2b286f90-0921-4e4c-8be0-73e44c43903a None None] REQUEST_METHOD: `POST` {{(pid=61951) log_request_info /opt/stack/keystone/keystone/server/flask/request_processing/req_logging.py:26}}
Feb 20 15:41:06 ubuntu devstack@keystone.service[61951]: DEBUG keystone.server.flask.request_processing.req_logging [None req-2b286f90-0921-4e4c-8be0-73e44c43903a None None] SCRIPT_NAME: `/identity` {{(pid=61951) log_request_info /opt/stack/keystone/keystone/server/flask/request_processing/req_logging.py:27}}
Feb 20 15:41:06 ubuntu devstack@keystone.service[61951]: DEBUG keystone.server.flask.request_processing.req_logging [None req-2b286f90-0921-4e4c-8be0-73e44c43903a None None] PATH_INFO: `/v3/auth/tokens` {{(pid=61951) log_request_info /opt/stack/keystone/keystone/server/flask/request_processing/req_logging.py:28}}
Feb 20 15:41:06 ubuntu devstack@keystone.service[61952]: DEBUG keystone.server.flask.request_processing.middleware.auth_context [None req-84de7091-e7b6-43b7-b0b0-921539fd72e3 None None] Authenticating user token {{(pid=61952) process_request /opt/stack/data/venv/lib/python3.12/site-packages/keystonemiddleware/auth_token/__init__.py:407}}
Feb 20 15:41:06 ubuntu devstack@keystone.service[61951]: WARNING keystone.common.password_hashing [None req-2b286f90-0921-4e4c-8be0-73e44c43903a None None] Truncating password to algorithm specific maximum length 72 characters.
Feb 20 15:41:06 ubuntu devstack@keystone.service[61951]: DEBUG keystone.auth.core [None req-2b286f90-0921-4e4c-8be0-73e44c43903a None None] MFA Rules not processed for user `5d47512bb9b64471a87a4bed36b49bfc`. Rule list: `[]` (Enabled: `True`). {{(pid=61951) check_auth_methods_against_rules /opt/stack/keystone/keystone/auth/core.py:476}}
Feb 20 15:41:06 ubuntu devstack@keystone.service[61951]: DEBUG keystone.common.fernet_utils [None req-2b286f90-0921-4e4c-8be0-73e44c43903a None None] Loaded 2 Fernet keys from /etc/keystone/fernet-keys/, but `[fernet_tokens] max_active_keys = 3`; perhaps there have not been enough key rotations to reach `max_active_keys` yet? {{(pid=61951) load_keys /opt/stack/keystone/keystone/common/fernet_utils.py:297}}
Feb 20 15:41:06 ubuntu devstack@keystone.service[61952]: DEBUG keystone.server.flask.request_processing.middleware.auth_context [None req-84de7091-e7b6-43b7-b0b0-921539fd72e3 None None] Validating token access rules against request {{(pid=61952) validate_allowed_request /opt/stack/data/venv/lib/python3.12/site-packages/keystonemiddleware/auth_token/__init__.py:545}}
Feb 20 15:41:06 ubuntu devstack@keystone.service[61951]: [pid: 61951|app: 0|req: 16/30] 10.120.125.136 () {60 vars in 1048 bytes} [Fri Feb 20 15:41:06 2026] POST /identity/v3/auth/tokens => generated 863 bytes in 79 msecs (HTTP/1.1 201) 6 headers in 363 bytes (1 switches on core 0)
Feb 20 15:41:06 ubuntu devstack@keystone.service[61952]: DEBUG keystone.server.flask.request_processing.middleware.auth_context [None req-4e9f4b6a-c57d-4ecc-a15b-ed3c34f5db5f None admin] RBAC: auth_context: {'token': <TokenModel (audit_id=ydUENNdwQcWi8nRFTAUfOA, audit_chain_id=['ydUENNdwQcWi8nRFTAUfOA']) at 0x7eb78a1a77a0>, 'domain_id': None, 'trust_id': None, 'trustor_id': None, 'trustee_id': None, 'domain_name': None, 'group_ids': [], 'user_id': '5d47512bb9b64471a87a4bed36b49bfc', 'user_domain_id': 'default', 'system_scope': 'all', 'project_id': None, 'project_domain_id': None, 'roles': ['admin', 'manager', 'member', 'reader'], 'is_admin_project': True, 'service_user_id': None, 'service_user_domain_id': None, 'service_project_id': None, 'service_project_domain_id': None, 'service_roles': []} {{(pid=61952) fill_context /opt/stack/keystone/keystone/server/flask/request_processing/middleware/auth_context.py:509}}
Feb 20 15:41:06 ubuntu devstack@keystone.service[61952]: DEBUG keystone.server.flask.request_processing.req_logging [None req-4e9f4b6a-c57d-4ecc-a15b-ed3c34f5db5f None admin] REQUEST_METHOD: `GET` {{(pid=61952) log_request_info /opt/stack/keystone/keystone/server/flask/request_processing/req_logging.py:26}}
Feb 20 15:41:06 ubuntu devstack@keystone.service[61952]: DEBUG keystone.server.flask.request_processing.req_logging [None req-4e9f4b6a-c57d-4ecc-a15b-ed3c34f5db5f None admin] SCRIPT_NAME: `/identity` {{(pid=61952) log_request_info /opt/stack/keystone/keystone/server/flask/request_processing/req_logging.py:27}}
Feb 20 15:41:06 ubuntu devstack@keystone.service[61952]: DEBUG keystone.server.flask.request_processing.req_logging [None req-4e9f4b6a-c57d-4ecc-a15b-ed3c34f5db5f None admin] PATH_INFO: `/v3/domains/Default` {{(pid=61952) log_request_info /opt/stack/keystone/keystone/server/flask/request_processing/req_logging.py:28}}
Feb 20 15:41:06 ubuntu devstack@keystone.service[61952]: DEBUG keystone.common.rbac_enforcer.enforcer [None req-4e9f4b6a-c57d-4ecc-a15b-ed3c34f5db5f None admin] RBAC: Authorizing `identity:get_domain(domain_id=Default)` {{(pid=61952) enforce_call /opt/stack/keystone/keystone/common/rbac_enforcer/enforcer.py:494}}
Feb 20 15:41:06 ubuntu devstack@keystone.service[61952]: DEBUG keystone.common.rbac_enforcer.enforcer [None req-4e9f4b6a-c57d-4ecc-a15b-ed3c34f5db5f None admin] RBAC: Authorization granted {{(pid=61952) enforce_call /opt/stack/keystone/keystone/common/rbac_enforcer/enforcer.py:505}}
Feb 20 15:41:06 ubuntu devstack@keystone.service[61952]: DEBUG keystone.server.flask.application [None req-4e9f4b6a-c57d-4ecc-a15b-ed3c34f5db5f None admin] Could not find domain: Default. {{(pid=61952) _handle_keystone_exception /opt/stack/keystone/keystone/server/flask/application.py:146}}
Feb 20 15:41:06 ubuntu devstack@keystone.service[61952]: [pid: 61952|app: 0|req: 15/31] 10.120.125.136 () {58 vars in 1176 bytes} [Fri Feb 20 15:41:06 2026] GET /identity/v3/domains/Default => generated 87 bytes in 117 msecs (HTTP/1.1 404) 5 headers in 183 bytes (1 switches on core 0)
Feb 20 15:41:06 ubuntu devstack@keystone.service[61951]: DEBUG keystone.server.flask.request_processing.middleware.auth_context [None req-2b286f90-0921-4e4c-8be0-73e44c43903a None None] Authenticating user token {{(pid=61951) process_request /opt/stack/data/venv/lib/python3.12/site-packages/keystonemiddleware/auth_token/__init__.py:407}}
Feb 20 15:41:06 ubuntu devstack@keystone.service[61952]: DEBUG keystone.server.flask.request_processing.middleware.auth_context [None req-4e9f4b6a-c57d-4ecc-a15b-ed3c34f5db5f None admin] Authenticating user token {{(pid=61952) process_request /opt/stack/data/venv/lib/python3.12/site-packages/keystonemiddleware/auth_token/__init__.py:407}}
Feb 20 15:41:06 ubuntu devstack@keystone.service[61951]: DEBUG keystone.server.flask.request_processing.middleware.auth_context [None req-2b286f90-0921-4e4c-8be0-73e44c43903a None None] Validating token access rules against request {{(pid=61951) validate_allowed_request /opt/stack/data/venv/lib/python3.12/site-packages/keystonemiddleware/auth_token/__init__.py:545}}
Feb 20 15:41:06 ubuntu devstack@keystone.service[61951]: DEBUG keystone.server.flask.request_processing.middleware.auth_context [None req-060dd531-594a-4c6d-a11e-cdbe84ccac23 None admin] RBAC: auth_context: {'token': <TokenModel (audit_id=ydUENNdwQcWi8nRFTAUfOA, audit_chain_id=['ydUENNdwQcWi8nRFTAUfOA']) at 0x7eb78929bc20>, 'domain_id': None, 'trust_id': None, 'trustor_id': None, 'trustee_id': None, 'domain_name': None, 'group_ids': [], 'user_id': '5d47512bb9b64471a87a4bed36b49bfc', 'user_domain_id': 'default', 'system_scope': 'all', 'project_id': None, 'project_domain_id': None, 'roles': ['admin', 'manager', 'member', 'reader'], 'is_admin_project': True, 'service_user_id': None, 'service_user_domain_id': None, 'service_project_id': None, 'service_project_domain_id': None, 'service_roles': []} {{(pid=61951) fill_context /opt/stack/keystone/keystone/server/flask/request_processing/middleware/auth_context.py:509}}
Feb 20 15:41:06 ubuntu devstack@keystone.service[61951]: DEBUG keystone.server.flask.request_processing.req_logging [None req-060dd531-594a-4c6d-a11e-cdbe84ccac23 None admin] REQUEST_METHOD: `GET` {{(pid=61951) log_request_info /opt/stack/keystone/keystone/server/flask/request_processing/req_logging.py:26}}
Feb 20 15:41:06 ubuntu devstack@keystone.service[61951]: DEBUG keystone.server.flask.request_processing.req_logging [None req-060dd531-594a-4c6d-a11e-cdbe84ccac23 None admin] SCRIPT_NAME: `/identity` {{(pid=61951) log_request_info /opt/stack/keystone/keystone/server/flask/request_processing/req_logging.py:27}}
Feb 20 15:41:06 ubuntu devstack@keystone.service[61951]: DEBUG keystone.server.flask.request_processing.req_logging [None req-060dd531-594a-4c6d-a11e-cdbe84ccac23 None admin] PATH_INFO: `/v3/domains` {{(pid=61951) log_request_info /opt/stack/keystone/keystone/server/flask/request_processing/req_logging.py:28}}
Feb 20 15:41:06 ubuntu devstack@keystone.service[61951]: DEBUG keystone.common.rbac_enforcer.enforcer [None req-060dd531-594a-4c6d-a11e-cdbe84ccac23 None admin] RBAC: Adding query filter params (name=Default) {{(pid=61951) _extract_filter_values /opt/stack/keystone/keystone/common/rbac_enforcer/enforcer.py:176}}
Feb 20 15:41:06 ubuntu devstack@keystone.service[61951]: DEBUG keystone.common.rbac_enforcer.enforcer [None req-060dd531-594a-4c6d-a11e-cdbe84ccac23 None admin] RBAC: Authorizing `identity:list_domains()` {{(pid=61951) enforce_call /opt/stack/keystone/keystone/common/rbac_enforcer/enforcer.py:494}}
Feb 20 15:41:06 ubuntu devstack@keystone.service[61951]: DEBUG keystone.common.rbac_enforcer.enforcer [None req-060dd531-594a-4c6d-a11e-cdbe84ccac23 None admin] RBAC: Authorization granted {{(pid=61951) enforce_call /opt/stack/keystone/keystone/common/rbac_enforcer/enforcer.py:505}}
Feb 20 15:41:06 ubuntu devstack@keystone.service[61952]: DEBUG keystone.server.flask.request_processing.middleware.auth_context [None req-4e9f4b6a-c57d-4ecc-a15b-ed3c34f5db5f None admin] Validating token access rules against request {{(pid=61952) validate_allowed_request /opt/stack/data/venv/lib/python3.12/site-packages/keystonemiddleware/auth_token/__init__.py:545}}
Feb 20 15:41:06 ubuntu devstack@keystone.service[61951]: [pid: 61951|app: 0|req: 17/32] 10.120.125.136 () {58 vars in 1190 bytes} [Fri Feb 20 15:41:06 2026] GET /identity/v3/domains?name=Default => generated 310 bytes in 99 msecs (HTTP/1.1 200) 5 headers in 177 bytes (1 switches on core 0)
Feb 20 15:41:06 ubuntu devstack@keystone.service[61952]: DEBUG keystone.server.flask.request_processing.middleware.auth_context [None req-4ba8d0c9-0c87-46fc-a9d7-e4401b697614 None admin] RBAC: auth_context: {'token': <TokenModel (audit_id=Uxwvtb9sSbaebkUQSUhtdQ, audit_chain_id=['Uxwvtb9sSbaebkUQSUhtdQ']) at 0x7eb78a1a7560>, 'domain_id': None, 'trust_id': None, 'trustor_id': None, 'trustee_id': None, 'domain_name': None, 'group_ids': [], 'user_id': '5d47512bb9b64471a87a4bed36b49bfc', 'user_domain_id': 'default', 'system_scope': 'all', 'project_id': None, 'project_domain_id': None, 'roles': ['admin', 'manager', 'member', 'reader'], 'is_admin_project': True, 'service_user_id': None, 'service_user_domain_id': None, 'service_project_id': None, 'service_project_domain_id': None, 'service_roles': []} {{(pid=61952) fill_context /opt/stack/keystone/keystone/server/flask/request_processing/middleware/auth_context.py:509}}
Feb 20 15:41:06 ubuntu devstack@keystone.service[61952]: DEBUG keystone.server.flask.request_processing.req_logging [None req-4ba8d0c9-0c87-46fc-a9d7-e4401b697614 None admin] REQUEST_METHOD: `GET` {{(pid=61952) log_request_info /opt/stack/keystone/keystone/server/flask/request_processing/req_logging.py:26}}
Feb 20 15:41:06 ubuntu devstack@keystone.service[61952]: DEBUG keystone.server.flask.request_processing.req_logging [None req-4ba8d0c9-0c87-46fc-a9d7-e4401b697614 None admin] SCRIPT_NAME: `/identity` {{(pid=61952) log_request_info /opt/stack/keystone/keystone/server/flask/request_processing/req_logging.py:27}}
Feb 20 15:41:06 ubuntu devstack@keystone.service[61952]: DEBUG keystone.server.flask.request_processing.req_logging [None req-4ba8d0c9-0c87-46fc-a9d7-e4401b697614 None admin] PATH_INFO: `/v3/roles/admin` {{(pid=61952) log_request_info /opt/stack/keystone/keystone/server/flask/request_processing/req_logging.py:28}}
Feb 20 15:41:06 ubuntu devstack@keystone.service[61952]: DEBUG keystone.common.rbac_enforcer.enforcer [None req-4ba8d0c9-0c87-46fc-a9d7-e4401b697614 None admin] Extracting inferred target data resulted in "NOT FOUND (404)". {{(pid=61952) enforce_call /opt/stack/keystone/keystone/common/rbac_enforcer/enforcer.py:445}}
Feb 20 15:41:06 ubuntu devstack@keystone.service[61952]: DEBUG keystone.server.flask.application [None req-4ba8d0c9-0c87-46fc-a9d7-e4401b697614 None admin] Could not find role: admin. {{(pid=61952) _handle_keystone_exception /opt/stack/keystone/keystone/server/flask/application.py:146}}
Feb 20 15:41:06 ubuntu devstack@keystone.service[61952]: [pid: 61952|app: 0|req: 16/33] 10.120.125.136 () {58 vars in 1164 bytes} [Fri Feb 20 15:41:06 2026] GET /identity/v3/roles/admin => generated 83 bytes in 85 msecs (HTTP/1.1 404) 5 headers in 183 bytes (1 switches on core 0)
Feb 20 15:41:06 ubuntu devstack@keystone.service[61951]: DEBUG keystone.server.flask.request_processing.middleware.auth_context [None req-060dd531-594a-4c6d-a11e-cdbe84ccac23 None admin] Authenticating user token {{(pid=61951) process_request /opt/stack/data/venv/lib/python3.12/site-packages/keystonemiddleware/auth_token/__init__.py:407}}
Feb 20 15:41:06 ubuntu devstack@keystone.service[61952]: DEBUG keystone.server.flask.request_processing.req_logging [None req-6aa5aebb-28be-40ac-8a1a-9f6785d5fbeb None None] REQUEST_METHOD: `GET` {{(pid=61952) log_request_info /opt/stack/keystone/keystone/server/flask/request_processing/req_logging.py:26}}
Feb 20 15:41:06 ubuntu devstack@keystone.service[61952]: DEBUG keystone.server.flask.request_processing.req_logging [None req-6aa5aebb-28be-40ac-8a1a-9f6785d5fbeb None None] SCRIPT_NAME: `/identity` {{(pid=61952) log_request_info /opt/stack/keystone/keystone/server/flask/request_processing/req_logging.py:27}}
Feb 20 15:41:06 ubuntu devstack@keystone.service[61952]: DEBUG keystone.server.flask.request_processing.req_logging [None req-6aa5aebb-28be-40ac-8a1a-9f6785d5fbeb None None] PATH_INFO: `/` {{(pid=61952) log_request_info /opt/stack/keystone/keystone/server/flask/request_processing/req_logging.py:28}}
Feb 20 15:41:06 ubuntu devstack@keystone.service[61952]: [pid: 61952|app: 0|req: 17/34] 10.120.125.136 () {56 vars in 951 bytes} [Fri Feb 20 15:41:06 2026] GET /identity => generated 271 bytes in 1 msecs (HTTP/1.1 300) 6 headers in 235 bytes (1 switches on core 0)
Feb 20 15:41:06 ubuntu devstack@keystone.service[61951]: DEBUG keystone.server.flask.request_processing.middleware.auth_context [None req-060dd531-594a-4c6d-a11e-cdbe84ccac23 None admin] Validating token access rules against request {{(pid=61951) validate_allowed_request /opt/stack/data/venv/lib/python3.12/site-packages/keystonemiddleware/auth_token/__init__.py:545}}
Feb 20 15:41:06 ubuntu devstack@keystone.service[61951]: DEBUG keystone.server.flask.request_processing.middleware.auth_context [None req-67342d2e-ab07-4882-9125-0e0c9c738fd3 None admin] RBAC: auth_context: {'token': <TokenModel (audit_id=Uxwvtb9sSbaebkUQSUhtdQ, audit_chain_id=['Uxwvtb9sSbaebkUQSUhtdQ']) at 0x7eb789298d40>, 'domain_id': None, 'trust_id': None, 'trustor_id': None, 'trustee_id': None, 'domain_name': None, 'group_ids': [], 'user_id': '5d47512bb9b64471a87a4bed36b49bfc', 'user_domain_id': 'default', 'system_scope': 'all', 'project_id': None, 'project_domain_id': None, 'roles': ['admin', 'manager', 'member', 'reader'], 'is_admin_project': True, 'service_user_id': None, 'service_user_domain_id': None, 'service_project_id': None, 'service_project_domain_id': None, 'service_roles': []} {{(pid=61951) fill_context /opt/stack/keystone/keystone/server/flask/request_processing/middleware/auth_context.py:509}}
Feb 20 15:41:06 ubuntu devstack@keystone.service[61951]: DEBUG keystone.server.flask.request_processing.req_logging [None req-67342d2e-ab07-4882-9125-0e0c9c738fd3 None admin] REQUEST_METHOD: `GET` {{(pid=61951) log_request_info /opt/stack/keystone/keystone/server/flask/request_processing/req_logging.py:26}}
Feb 20 15:41:06 ubuntu devstack@keystone.service[61951]: DEBUG keystone.server.flask.request_processing.req_logging [None req-67342d2e-ab07-4882-9125-0e0c9c738fd3 None admin] SCRIPT_NAME: `/identity` {{(pid=61951) log_request_info /opt/stack/keystone/keystone/server/flask/request_processing/req_logging.py:27}}
Feb 20 15:41:06 ubuntu devstack@keystone.service[61951]: DEBUG keystone.server.flask.request_processing.req_logging [None req-67342d2e-ab07-4882-9125-0e0c9c738fd3 None admin] PATH_INFO: `/v3/roles` {{(pid=61951) log_request_info /opt/stack/keystone/keystone/server/flask/request_processing/req_logging.py:28}}
Feb 20 15:41:06 ubuntu devstack@keystone.service[61951]: DEBUG keystone.common.rbac_enforcer.enforcer [None req-67342d2e-ab07-4882-9125-0e0c9c738fd3 None admin] RBAC: Adding query filter params (name=admin) {{(pid=61951) _extract_filter_values /opt/stack/keystone/keystone/common/rbac_enforcer/enforcer.py:176}}
Feb 20 15:41:06 ubuntu devstack@keystone.service[61951]: DEBUG keystone.common.rbac_enforcer.enforcer [None req-67342d2e-ab07-4882-9125-0e0c9c738fd3 None admin] RBAC: Authorizing `identity:list_roles()` {{(pid=61951) enforce_call /opt/stack/keystone/keystone/common/rbac_enforcer/enforcer.py:494}}
Feb 20 15:41:06 ubuntu devstack@keystone.service[61952]: DEBUG keystone.server.flask.request_processing.middleware.auth_context [None req-6aa5aebb-28be-40ac-8a1a-9f6785d5fbeb None None] Authenticating user token {{(pid=61952) process_request /opt/stack/data/venv/lib/python3.12/site-packages/keystonemiddleware/auth_token/__init__.py:407}}
Feb 20 15:41:06 ubuntu devstack@keystone.service[61951]: DEBUG keystone.common.rbac_enforcer.enforcer [None req-67342d2e-ab07-4882-9125-0e0c9c738fd3 None admin] RBAC: Authorization granted {{(pid=61951) enforce_call /opt/stack/keystone/keystone/common/rbac_enforcer/enforcer.py:505}}
Feb 20 15:41:06 ubuntu devstack@keystone.service[61951]: [pid: 61951|app: 0|req: 18/35] 10.120.125.136 () {58 vars in 1180 bytes} [Fri Feb 20 15:41:06 2026] GET /identity/v3/roles?name=admin => generated 341 bytes in 59 msecs (HTTP/1.1 200) 5 headers in 177 bytes (1 switches on core 0)
Feb 20 15:41:06 ubuntu devstack@keystone.service[61951]: DEBUG keystone.server.flask.request_processing.middleware.auth_context [None req-67342d2e-ab07-4882-9125-0e0c9c738fd3 None admin] Authenticating user token {{(pid=61951) process_request /opt/stack/data/venv/lib/python3.12/site-packages/keystonemiddleware/auth_token/__init__.py:407}}
Feb 20 15:41:06 ubuntu devstack@keystone.service[61952]: DEBUG keystone.server.flask.request_processing.middleware.auth_context [None req-6aa5aebb-28be-40ac-8a1a-9f6785d5fbeb None None] Validating token access rules against request {{(pid=61952) validate_allowed_request /opt/stack/data/venv/lib/python3.12/site-packages/keystonemiddleware/auth_token/__init__.py:545}}
Feb 20 15:41:06 ubuntu devstack@keystone.service[61952]: DEBUG keystone.server.flask.request_processing.middleware.auth_context [None req-710c226f-a0a2-4dac-9ea3-91a1ed969d6f None admin] RBAC: auth_context: {'token': <TokenModel (audit_id=jShq6Eu4R3CBPCYjWNAZ9w, audit_chain_id=['jShq6Eu4R3CBPCYjWNAZ9w']) at 0x7eb7894ee570>, 'domain_id': None, 'trust_id': None, 'trustor_id': None, 'trustee_id': None, 'domain_name': None, 'group_ids': [], 'user_id': '5d47512bb9b64471a87a4bed36b49bfc', 'user_domain_id': 'default', 'system_scope': 'all', 'project_id': None, 'project_domain_id': None, 'roles': ['admin', 'manager', 'member', 'reader'], 'is_admin_project': True, 'service_user_id': None, 'service_user_domain_id': None, 'service_project_id': None, 'service_project_domain_id': None, 'service_roles': []} {{(pid=61952) fill_context /opt/stack/keystone/keystone/server/flask/request_processing/middleware/auth_context.py:509}}
Feb 20 15:41:06 ubuntu devstack@keystone.service[61952]: DEBUG keystone.server.flask.request_processing.req_logging [None req-710c226f-a0a2-4dac-9ea3-91a1ed969d6f None admin] REQUEST_METHOD: `POST` {{(pid=61952) log_request_info /opt/stack/keystone/keystone/server/flask/request_processing/req_logging.py:26}}
Feb 20 15:41:06 ubuntu devstack@keystone.service[61952]: DEBUG keystone.server.flask.request_processing.req_logging [None req-710c226f-a0a2-4dac-9ea3-91a1ed969d6f None admin] SCRIPT_NAME: `/identity` {{(pid=61952) log_request_info /opt/stack/keystone/keystone/server/flask/request_processing/req_logging.py:27}}
Feb 20 15:41:06 ubuntu devstack@keystone.service[61952]: DEBUG keystone.server.flask.request_processing.req_logging [None req-710c226f-a0a2-4dac-9ea3-91a1ed969d6f None admin] PATH_INFO: `/v3/roles` {{(pid=61952) log_request_info /opt/stack/keystone/keystone/server/flask/request_processing/req_logging.py:28}}
Feb 20 15:41:06 ubuntu devstack@keystone.service[61952]: DEBUG keystone.common.rbac_enforcer.enforcer [None req-710c226f-a0a2-4dac-9ea3-91a1ed969d6f None admin] RBAC: Authorizing `identity:create_role()` {{(pid=61952) enforce_call /opt/stack/keystone/keystone/common/rbac_enforcer/enforcer.py:494}}
Feb 20 15:41:06 ubuntu devstack@keystone.service[61952]: DEBUG keystone.common.rbac_enforcer.enforcer [None req-710c226f-a0a2-4dac-9ea3-91a1ed969d6f None admin] RBAC: Authorization granted {{(pid=61952) enforce_call /opt/stack/keystone/keystone/common/rbac_enforcer/enforcer.py:505}}
Feb 20 15:41:06 ubuntu devstack@keystone.service[61951]: DEBUG keystone.server.flask.request_processing.middleware.auth_context [None req-67342d2e-ab07-4882-9125-0e0c9c738fd3 None admin] Validating token access rules against request {{(pid=61951) validate_allowed_request /opt/stack/data/venv/lib/python3.12/site-packages/keystonemiddleware/auth_token/__init__.py:545}}
Feb 20 15:41:06 ubuntu devstack@keystone.service[61951]: DEBUG keystone.server.flask.request_processing.middleware.auth_context [None req-9f63de79-3308-4b2b-a526-f8015b110197 None admin] RBAC: auth_context: {'token': <TokenModel (audit_id=ydUENNdwQcWi8nRFTAUfOA, audit_chain_id=['ydUENNdwQcWi8nRFTAUfOA']) at 0x7eb78929b350>, 'domain_id': None, 'trust_id': None, 'trustor_id': None, 'trustee_id': None, 'domain_name': None, 'group_ids': [], 'user_id': '5d47512bb9b64471a87a4bed36b49bfc', 'user_domain_id': 'default', 'system_scope': 'all', 'project_id': None, 'project_domain_id': None, 'roles': ['admin', 'manager', 'member', 'reader'], 'is_admin_project': True, 'service_user_id': None, 'service_user_domain_id': None, 'service_project_id': None, 'service_project_domain_id': None, 'service_roles': []} {{(pid=61951) fill_context /opt/stack/keystone/keystone/server/flask/request_processing/middleware/auth_context.py:509}}
Feb 20 15:41:06 ubuntu devstack@keystone.service[61951]: DEBUG keystone.server.flask.request_processing.req_logging [None req-9f63de79-3308-4b2b-a526-f8015b110197 None admin] REQUEST_METHOD: `POST` {{(pid=61951) log_request_info /opt/stack/keystone/keystone/server/flask/request_processing/req_logging.py:26}}
Feb 20 15:41:06 ubuntu devstack@keystone.service[61951]: DEBUG keystone.server.flask.request_processing.req_logging [None req-9f63de79-3308-4b2b-a526-f8015b110197 None admin] SCRIPT_NAME: `/identity` {{(pid=61951) log_request_info /opt/stack/keystone/keystone/server/flask/request_processing/req_logging.py:27}}
Feb 20 15:41:06 ubuntu devstack@keystone.service[61951]: DEBUG keystone.server.flask.request_processing.req_logging [None req-9f63de79-3308-4b2b-a526-f8015b110197 None admin] PATH_INFO: `/v3/projects` {{(pid=61951) log_request_info /opt/stack/keystone/keystone/server/flask/request_processing/req_logging.py:28}}
Feb 20 15:41:06 ubuntu devstack@keystone.service[61951]: DEBUG keystone.common.rbac_enforcer.enforcer [None req-9f63de79-3308-4b2b-a526-f8015b110197 None admin] RBAC: Authorizing `identity:create_project()` {{(pid=61951) enforce_call /opt/stack/keystone/keystone/common/rbac_enforcer/enforcer.py:494}}
Feb 20 15:41:06 ubuntu devstack@keystone.service[61951]: DEBUG keystone.common.rbac_enforcer.enforcer [None req-9f63de79-3308-4b2b-a526-f8015b110197 None admin] RBAC: Authorization granted {{(pid=61951) enforce_call /opt/stack/keystone/keystone/common/rbac_enforcer/enforcer.py:505}}
Feb 20 15:41:06 ubuntu devstack@keystone.service[61952]: DEBUG keystone.common.sql.core [None req-710c226f-a0a2-4dac-9ea3-91a1ed969d6f None admin] Conflict role: (pymysql.err.IntegrityError) (1062, "Duplicate entry 'service-<<null>>' for key 'role.ixu_role_name_domain_id'")
Feb 20 15:41:06 ubuntu devstack@keystone.service[61952]: [SQL: INSERT INTO `role` (id, name, description, extra) VALUES (%(id)s, %(name)s, %(description)s, %(extra)s)]
Feb 20 15:41:06 ubuntu devstack@keystone.service[61952]: [parameters: {'id': 'b9f1ab187a37498da887229d51b97a02', 'name': 'service', 'description': None, 'extra': '{}'}]
Feb 20 15:41:06 ubuntu devstack@keystone.service[61952]: (Background on this error at: https://sqlalche.me/e/20/gkpj) {{(pid=61952) wrapper /opt/stack/keystone/keystone/common/sql/core.py:580}}
Feb 20 15:41:06 ubuntu devstack@keystone.service[61952]: ERROR keystone.server.flask.application [None req-710c226f-a0a2-4dac-9ea3-91a1ed969d6f None admin] Conflict occurred attempting to store role - Duplicate entry found with name service.: keystone.exception.Conflict: Conflict occurred attempting to store role - Duplicate entry found with name service.
Feb 20 15:41:06 ubuntu devstack@keystone.service[61952]: ERROR keystone.server.flask.application Traceback (most recent call last):
Feb 20 15:41:06 ubuntu devstack@keystone.service[61952]: ERROR keystone.server.flask.application   File "/opt/stack/data/venv/lib/python3.12/site-packages/sqlalchemy/engine/base.py", line 1967, in _exec_single_context
Feb 20 15:41:06 ubuntu devstack@keystone.service[61952]: ERROR keystone.server.flask.application     self.dialect.do_execute(
Feb 20 15:41:06 ubuntu devstack@keystone.service[61952]: ERROR keystone.server.flask.application   File "/opt/stack/data/venv/lib/python3.12/site-packages/sqlalchemy/engine/default.py", line 951, in do_execute
Feb 20 15:41:06 ubuntu devstack@keystone.service[61952]: ERROR keystone.server.flask.application     cursor.execute(statement, parameters)
Feb 20 15:41:06 ubuntu devstack@keystone.service[61952]: ERROR keystone.server.flask.application   File "/opt/stack/data/venv/lib/python3.12/site-packages/pymysql/cursors.py", line 153, in execute
Feb 20 15:41:06 ubuntu devstack@keystone.service[61952]: ERROR keystone.server.flask.application     result = self._query(query)
Feb 20 15:41:06 ubuntu devstack@keystone.service[61952]: ERROR keystone.server.flask.application              ^^^^^^^^^^^^^^^^^^
Feb 20 15:41:06 ubuntu devstack@keystone.service[61952]: ERROR keystone.server.flask.application   File "/opt/stack/data/venv/lib/python3.12/site-packages/pymysql/cursors.py", line 322, in _query
Feb 20 15:41:06 ubuntu devstack@keystone.service[61952]: ERROR keystone.server.flask.application     conn.query(q)
Feb 20 15:41:06 ubuntu devstack@keystone.service[61952]: ERROR keystone.server.flask.application   File "/opt/stack/data/venv/lib/python3.12/site-packages/pymysql/connections.py", line 575, in query
Feb 20 15:41:06 ubuntu devstack@keystone.service[61952]: ERROR keystone.server.flask.application     self._affected_rows = self._read_query_result(unbuffered=unbuffered)
Feb 20 15:41:06 ubuntu devstack@keystone.service[61952]: ERROR keystone.server.flask.application                           ^^^^^^^^^^^^^^^^^^^^^^^^^^^^^^^^^^^^^^^^^^^^^^
Feb 20 15:41:06 ubuntu devstack@keystone.service[61952]: ERROR keystone.server.flask.application   File "/opt/stack/data/venv/lib/python3.12/site-packages/pymysql/connections.py", line 826, in _read_query_result
Feb 20 15:41:06 ubuntu devstack@keystone.service[61952]: ERROR keystone.server.flask.application     result.read()
Feb 20 15:41:06 ubuntu devstack@keystone.service[61952]: ERROR keystone.server.flask.application   File "/opt/stack/data/venv/lib/python3.12/site-packages/pymysql/connections.py", line 1203, in read
Feb 20 15:41:06 ubuntu devstack@keystone.service[61952]: ERROR keystone.server.flask.application     first_packet = self.connection._read_packet()
Feb 20 15:41:06 ubuntu devstack@keystone.service[61952]: ERROR keystone.server.flask.application                    ^^^^^^^^^^^^^^^^^^^^^^^^^^^^^^
Feb 20 15:41:06 ubuntu devstack@keystone.service[61952]: ERROR keystone.server.flask.application   File "/opt/stack/data/venv/lib/python3.12/site-packages/pymysql/connections.py", line 782, in _read_packet
Feb 20 15:41:06 ubuntu devstack@keystone.service[61952]: ERROR keystone.server.flask.application     packet.raise_for_error()
Feb 20 15:41:06 ubuntu devstack@keystone.service[61952]: ERROR keystone.server.flask.application   File "/opt/stack/data/venv/lib/python3.12/site-packages/pymysql/protocol.py", line 219, in raise_for_error
Feb 20 15:41:06 ubuntu devstack@keystone.service[61952]: ERROR keystone.server.flask.application     err.raise_mysql_exception(self._data)
Feb 20 15:41:06 ubuntu devstack@keystone.service[61952]: ERROR keystone.server.flask.application   File "/opt/stack/data/venv/lib/python3.12/site-packages/pymysql/err.py", line 150, in raise_mysql_exception
Feb 20 15:41:06 ubuntu devstack@keystone.service[61952]: ERROR keystone.server.flask.application     raise errorclass(errno, errval)
Feb 20 15:41:06 ubuntu devstack@keystone.service[61952]: ERROR keystone.server.flask.application pymysql.err.IntegrityError: (1062, "Duplicate entry 'service-<<null>>' for key 'role.ixu_role_name_domain_id'")
Feb 20 15:41:06 ubuntu devstack@keystone.service[61952]: ERROR keystone.server.flask.application 
Feb 20 15:41:06 ubuntu devstack@keystone.service[61952]: ERROR keystone.server.flask.application The above exception was the direct cause of the following exception:
Feb 20 15:41:06 ubuntu devstack@keystone.service[61952]: ERROR keystone.server.flask.application 
Feb 20 15:41:06 ubuntu devstack@keystone.service[61952]: ERROR keystone.server.flask.application Traceback (most recent call last):
Feb 20 15:41:06 ubuntu devstack@keystone.service[61952]: ERROR keystone.server.flask.application   File "/opt/stack/keystone/keystone/common/sql/core.py", line 575, in wrapper
Feb 20 15:41:06 ubuntu devstack@keystone.service[61952]: ERROR keystone.server.flask.application     return method(*args, **kwargs)
Feb 20 15:41:06 ubuntu devstack@keystone.service[61952]: ERROR keystone.server.flask.application            ^^^^^^^^^^^^^^^^^^^^^^^
Feb 20 15:41:06 ubuntu devstack@keystone.service[61952]: ERROR keystone.server.flask.application   File "/opt/stack/keystone/keystone/assignment/role_backends/sql.py", line 25, in create_role
Feb 20 15:41:06 ubuntu devstack@keystone.service[61952]: ERROR keystone.server.flask.application     with sql.session_for_write() as session:
Feb 20 15:41:06 ubuntu devstack@keystone.service[61952]: ERROR keystone.server.flask.application   File "/usr/lib/python3.12/contextlib.py", line 144, in __exit__
Feb 20 15:41:06 ubuntu devstack@keystone.service[61952]: ERROR keystone.server.flask.application     next(self.gen)
Feb 20 15:41:06 ubuntu devstack@keystone.service[61952]: ERROR keystone.server.flask.application   File "/opt/stack/data/venv/lib/python3.12/site-packages/oslo_db/sqlalchemy/enginefacade.py", line 1175, in _transaction_scope
Feb 20 15:41:06 ubuntu devstack@keystone.service[61952]: ERROR keystone.server.flask.application     with current._produce_block(
Feb 20 15:41:06 ubuntu devstack@keystone.service[61952]: ERROR keystone.server.flask.application   File "/usr/lib/python3.12/contextlib.py", line 144, in __exit__
Feb 20 15:41:06 ubuntu devstack@keystone.service[61952]: ERROR keystone.server.flask.application     next(self.gen)
Feb 20 15:41:06 ubuntu devstack@keystone.service[61952]: ERROR keystone.server.flask.application   File "/opt/stack/data/venv/lib/python3.12/site-packages/oslo_db/sqlalchemy/enginefacade.py", line 837, in _session
Feb 20 15:41:06 ubuntu devstack@keystone.service[61952]: ERROR keystone.server.flask.application     with excutils.save_and_reraise_exception():
Feb 20 15:41:06 ubuntu devstack@keystone.service[61952]: ERROR keystone.server.flask.application   File "/opt/stack/data/venv/lib/python3.12/site-packages/oslo_utils/excutils.py", line 256, in __exit__
Feb 20 15:41:06 ubuntu devstack@keystone.service[61952]: ERROR keystone.server.flask.application     self.force_reraise()
Feb 20 15:41:06 ubuntu devstack@keystone.service[61952]: ERROR keystone.server.flask.application   File "/opt/stack/data/venv/lib/python3.12/site-packages/oslo_utils/excutils.py", line 222, in force_reraise
Feb 20 15:41:06 ubuntu devstack@keystone.service[61952]: ERROR keystone.server.flask.application     raise self.value
Feb 20 15:41:06 ubuntu devstack@keystone.service[61952]: ERROR keystone.server.flask.application   File "/opt/stack/data/venv/lib/python3.12/site-packages/oslo_db/sqlalchemy/enginefacade.py", line 835, in _session
Feb 20 15:41:06 ubuntu devstack@keystone.service[61952]: ERROR keystone.server.flask.application     self._end_session_transaction(self.session)
Feb 20 15:41:06 ubuntu devstack@keystone.service[61952]: ERROR keystone.server.flask.application   File "/opt/stack/data/venv/lib/python3.12/site-packages/oslo_db/sqlalchemy/enginefacade.py", line 748, in _end_session_transaction
Feb 20 15:41:06 ubuntu devstack@keystone.service[61952]: ERROR keystone.server.flask.application     session.commit()
Feb 20 15:41:06 ubuntu devstack@keystone.service[61952]: ERROR keystone.server.flask.application   File "/opt/stack/data/venv/lib/python3.12/site-packages/sqlalchemy/orm/session.py", line 2030, in commit
Feb 20 15:41:06 ubuntu devstack@keystone.service[61952]: ERROR keystone.server.flask.application     trans.commit(_to_root=True)
Feb 20 15:41:06 ubuntu devstack@keystone.service[61952]: ERROR keystone.server.flask.application   File "<string>", line 2, in commit
Feb 20 15:41:06 ubuntu devstack@keystone.service[61952]: ERROR keystone.server.flask.application   File "/opt/stack/data/venv/lib/python3.12/site-packages/sqlalchemy/orm/state_changes.py", line 137, in _go
Feb 20 15:41:06 ubuntu devstack@keystone.service[61952]: ERROR keystone.server.flask.application     ret_value = fn(self, *arg, **kw)
