Feb 19 11:59:35 ubuntu cinder-volume[119690]: DEBUG oslo_service.backend._eventlet.service [None req-71b44110-b890-4f07-b2c0-0f02f55830c0 None None] 3par2.chiscsi_conf             = None {{(pid=119690) log_opt_values /opt/stack/data/venv/lib/python3.12/site-packages/oslo_config/cfg.py:3006}}
Feb 19 11:59:35 ubuntu cinder-volume[119690]: DEBUG oslo_service.backend._eventlet.service [None req-71b44110-b890-4f07-b2c0-0f02f55830c0 None None] 3par2.disk_geometry            = None {{(pid=119690) log_opt_values /opt/stack/data/venv/lib/python3.12/site-packages/oslo_config/cfg.py:3006}}
Feb 19 11:59:35 ubuntu cinder-volume[119690]: DEBUG oslo_service.backend._eventlet.service [None req-71b44110-b890-4f07-b2c0-0f02f55830c0 None None] 3par2.driver_client_cert       = None {{(pid=119690) log_opt_values /opt/stack/data/venv/lib/python3.12/site-packages/oslo_config/cfg.py:3006}}
Feb 19 11:59:35 ubuntu cinder-volume[119690]: DEBUG oslo_service.backend._eventlet.service [None req-71b44110-b890-4f07-b2c0-0f02f55830c0 None None] 3par2.driver_client_cert_key   = None {{(pid=119690) log_opt_values /opt/stack/data/venv/lib/python3.12/site-packages/oslo_config/cfg.py:3006}}
Feb 19 11:59:35 ubuntu cinder-volume[119690]: DEBUG oslo_service.backend._eventlet.service [None req-71b44110-b890-4f07-b2c0-0f02f55830c0 None None] 3par2.driver_data_namespace    = None {{(pid=119690) log_opt_values /opt/stack/data/venv/lib/python3.12/site-packages/oslo_config/cfg.py:3006}}
Feb 19 11:59:35 ubuntu cinder-volume[119690]: DEBUG oslo_service.backend._eventlet.service [None req-71b44110-b890-4f07-b2c0-0f02f55830c0 None None] 3par2.driver_ssl_cert_path     = None {{(pid=119690) log_opt_values /opt/stack/data/venv/lib/python3.12/site-packages/oslo_config/cfg.py:3006}}
Feb 19 11:59:35 ubuntu cinder-volume[119690]: DEBUG oslo_service.backend._eventlet.service [None req-71b44110-b890-4f07-b2c0-0f02f55830c0 None None] 3par2.driver_ssl_cert_verify   = None {{(pid=119690) log_opt_values /opt/stack/data/venv/lib/python3.12/site-packages/oslo_config/cfg.py:3006}}
Feb 19 11:59:35 ubuntu cinder-volume[119690]: DEBUG oslo_service.backend._eventlet.service [None req-71b44110-b890-4f07-b2c0-0f02f55830c0 None None] 3par2.driver_use_ssl           = None {{(pid=119690) log_opt_values /opt/stack/data/venv/lib/python3.12/site-packages/oslo_config/cfg.py:3006}}
Feb 19 11:59:35 ubuntu cinder-volume[119690]: DEBUG oslo_service.backend._eventlet.service [None req-71b44110-b890-4f07-b2c0-0f02f55830c0 None None] 3par2.enable_unsupported_driver = None {{(pid=119690) log_opt_values /opt/stack/data/venv/lib/python3.12/site-packages/oslo_config/cfg.py:3006}}
Feb 19 11:59:35 ubuntu cinder-volume[119690]: DEBUG oslo_service.backend._eventlet.service [None req-71b44110-b890-4f07-b2c0-0f02f55830c0 None None] 3par2.enforce_multipath_for_image_xfer = None {{(pid=119690) log_opt_values /opt/stack/data/venv/lib/python3.12/site-packages/oslo_config/cfg.py:3006}}
Feb 19 11:59:35 ubuntu cinder-volume[119690]: DEBUG oslo_service.backend._eventlet.service [None req-71b44110-b890-4f07-b2c0-0f02f55830c0 None None] 3par2.extra_capabilities       = None {{(pid=119690) log_opt_values /opt/stack/data/venv/lib/python3.12/site-packages/oslo_config/cfg.py:3006}}
Feb 19 11:59:35 ubuntu cinder-volume[119690]: DEBUG oslo_service.backend._eventlet.service [None req-71b44110-b890-4f07-b2c0-0f02f55830c0 None None] 3par2.filter_function          = None {{(pid=119690) log_opt_values /opt/stack/data/venv/lib/python3.12/site-packages/oslo_config/cfg.py:3006}}
Feb 19 11:59:35 ubuntu cinder-volume[119690]: DEBUG oslo_service.backend._eventlet.service [None req-71b44110-b890-4f07-b2c0-0f02f55830c0 None None] 3par2.goodness_function        = None {{(pid=119690) log_opt_values /opt/stack/data/venv/lib/python3.12/site-packages/oslo_config/cfg.py:3006}}
Feb 19 11:59:35 ubuntu cinder-volume[119690]: DEBUG oslo_service.backend._eventlet.service [None req-71b44110-b890-4f07-b2c0-0f02f55830c0 None None] 3par2.hpe3par_api_url          = https://10.201.5.12/api/v1 {{(pid=119690) log_opt_values /opt/stack/data/venv/lib/python3.12/site-packages/oslo_config/cfg.py:3006}}
Feb 19 11:59:35 ubuntu cinder-volume[119690]: DEBUG oslo_service.backend._eventlet.service [None req-71b44110-b890-4f07-b2c0-0f02f55830c0 None None] 3par2.hpe3par_cpg              = ['SSD_r6'] {{(pid=119690) log_opt_values /opt/stack/data/venv/lib/python3.12/site-packages/oslo_config/cfg.py:3006}}
Feb 19 11:59:35 ubuntu cinder-volume[119690]: DEBUG oslo_service.backend._eventlet.service [None req-71b44110-b890-4f07-b2c0-0f02f55830c0 None None] 3par2.hpe3par_cpg_snap         = None {{(pid=119690) log_opt_values /opt/stack/data/venv/lib/python3.12/site-packages/oslo_config/cfg.py:3006}}
Feb 19 11:59:35 ubuntu cinder-volume[119690]: DEBUG oslo_service.backend._eventlet.service [None req-71b44110-b890-4f07-b2c0-0f02f55830c0 None None] 3par2.hpe3par_debug            = None {{(pid=119690) log_opt_values /opt/stack/data/venv/lib/python3.12/site-packages/oslo_config/cfg.py:3006}}
Feb 19 11:59:35 ubuntu cinder-volume[119690]: DEBUG oslo_service.backend._eventlet.service [None req-71b44110-b890-4f07-b2c0-0f02f55830c0 None None] 3par2.hpe3par_iscsi_chap_enabled = None {{(pid=119690) log_opt_values /opt/stack/data/venv/lib/python3.12/site-packages/oslo_config/cfg.py:3006}}
Feb 19 11:59:35 ubuntu cinder-volume[119690]: DEBUG oslo_service.backend._eventlet.service [None req-71b44110-b890-4f07-b2c0-0f02f55830c0 None None] 3par2.hpe3par_iscsi_ips        = ['172.28.66.17'] {{(pid=119690) log_opt_values /opt/stack/data/venv/lib/python3.12/site-packages/oslo_config/cfg.py:3006}}
Feb 19 11:59:35 ubuntu cinder-volume[119690]: DEBUG oslo_service.backend._eventlet.service [None req-71b44110-b890-4f07-b2c0-0f02f55830c0 None None] 3par2.hpe3par_password         = **** {{(pid=119690) log_opt_values /opt/stack/data/venv/lib/python3.12/site-packages/oslo_config/cfg.py:3006}}
Feb 19 11:59:35 ubuntu cinder-volume[119690]: DEBUG oslo_service.backend._eventlet.service [None req-71b44110-b890-4f07-b2c0-0f02f55830c0 None None] 3par2.hpe3par_snapshot_expiration = None {{(pid=119690) log_opt_values /opt/stack/data/venv/lib/python3.12/site-packages/oslo_config/cfg.py:3006}}
Feb 19 11:59:35 ubuntu cinder-volume[119690]: DEBUG oslo_service.backend._eventlet.service [None req-71b44110-b890-4f07-b2c0-0f02f55830c0 None None] 3par2.hpe3par_snapshot_retention = None {{(pid=119690) log_opt_values /opt/stack/data/venv/lib/python3.12/site-packages/oslo_config/cfg.py:3006}}
Feb 19 11:59:35 ubuntu cinder-volume[119690]: DEBUG oslo_service.backend._eventlet.service [None req-71b44110-b890-4f07-b2c0-0f02f55830c0 None None] 3par2.hpe3par_target_nsp       = None {{(pid=119690) log_opt_values /opt/stack/data/venv/lib/python3.12/site-packages/oslo_config/cfg.py:3006}}
Feb 19 11:59:35 ubuntu cinder-volume[119690]: DEBUG oslo_service.backend._eventlet.service [None req-71b44110-b890-4f07-b2c0-0f02f55830c0 None None] 3par2.hpe3par_username         = 3paradm {{(pid=119690) log_opt_values /opt/stack/data/venv/lib/python3.12/site-packages/oslo_config/cfg.py:3006}}
Feb 19 11:59:35 ubuntu cinder-volume[119690]: DEBUG oslo_service.backend._eventlet.service [None req-71b44110-b890-4f07-b2c0-0f02f55830c0 None None] 3par2.image_upload_use_cinder_backend = None {{(pid=119690) log_opt_values /opt/stack/data/venv/lib/python3.12/site-packages/oslo_config/cfg.py:3006}}
Feb 19 11:59:35 ubuntu cinder-volume[119690]: DEBUG oslo_service.backend._eventlet.service [None req-71b44110-b890-4f07-b2c0-0f02f55830c0 None None] 3par2.image_upload_use_internal_tenant = None {{(pid=119690) log_opt_values /opt/stack/data/venv/lib/python3.12/site-packages/oslo_config/cfg.py:3006}}
Feb 19 11:59:35 ubuntu cinder-volume[119690]: DEBUG oslo_service.backend._eventlet.service [None req-71b44110-b890-4f07-b2c0-0f02f55830c0 None None] 3par2.image_volume_cache_enabled = None {{(pid=119690) log_opt_values /opt/stack/data/venv/lib/python3.12/site-packages/oslo_config/cfg.py:3006}}
Feb 19 11:59:35 ubuntu cinder-volume[119690]: DEBUG oslo_service.backend._eventlet.service [None req-71b44110-b890-4f07-b2c0-0f02f55830c0 None None] 3par2.image_volume_cache_max_count = None {{(pid=119690) log_opt_values /opt/stack/data/venv/lib/python3.12/site-packages/oslo_config/cfg.py:3006}}
Feb 19 11:59:35 ubuntu cinder-volume[119690]: DEBUG oslo_service.backend._eventlet.service [None req-71b44110-b890-4f07-b2c0-0f02f55830c0 None None] 3par2.image_volume_cache_max_size_gb = None {{(pid=119690) log_opt_values /opt/stack/data/venv/lib/python3.12/site-packages/oslo_config/cfg.py:3006}}
Feb 19 11:59:35 ubuntu cinder-volume[119690]: DEBUG oslo_service.backend._eventlet.service [None req-71b44110-b890-4f07-b2c0-0f02f55830c0 None None] 3par2.iscsi_target_flags       = None {{(pid=119690) log_opt_values /opt/stack/data/venv/lib/python3.12/site-packages/oslo_config/cfg.py:3006}}
Feb 19 11:59:35 ubuntu cinder-volume[119690]: DEBUG oslo_service.backend._eventlet.service [None req-71b44110-b890-4f07-b2c0-0f02f55830c0 None None] 3par2.iscsi_write_cache        = None {{(pid=119690) log_opt_values /opt/stack/data/venv/lib/python3.12/site-packages/oslo_config/cfg.py:3006}}
Feb 19 11:59:35 ubuntu cinder-volume[119690]: DEBUG oslo_service.backend._eventlet.service [None req-71b44110-b890-4f07-b2c0-0f02f55830c0 None None] 3par2.iser_helper              = None {{(pid=119690) log_opt_values /opt/stack/data/venv/lib/python3.12/site-packages/oslo_config/cfg.py:3006}}
Feb 19 11:59:35 ubuntu cinder-volume[119690]: DEBUG oslo_service.backend._eventlet.service [None req-71b44110-b890-4f07-b2c0-0f02f55830c0 None None] 3par2.iser_ip_address          = None {{(pid=119690) log_opt_values /opt/stack/data/venv/lib/python3.12/site-packages/oslo_config/cfg.py:3006}}
Feb 19 11:59:35 ubuntu cinder-volume[119690]: DEBUG oslo_service.backend._eventlet.service [None req-71b44110-b890-4f07-b2c0-0f02f55830c0 None None] 3par2.iser_port                = None {{(pid=119690) log_opt_values /opt/stack/data/venv/lib/python3.12/site-packages/oslo_config/cfg.py:3006}}
Feb 19 11:59:35 ubuntu cinder-volume[119690]: DEBUG oslo_service.backend._eventlet.service [None req-71b44110-b890-4f07-b2c0-0f02f55830c0 None None] 3par2.iser_target_prefix       = None {{(pid=119690) log_opt_values /opt/stack/data/venv/lib/python3.12/site-packages/oslo_config/cfg.py:3006}}
Feb 19 11:59:35 ubuntu cinder-volume[119690]: DEBUG oslo_service.backend._eventlet.service [None req-71b44110-b890-4f07-b2c0-0f02f55830c0 None None] 3par2.max_over_subscription_ratio = None {{(pid=119690) log_opt_values /opt/stack/data/venv/lib/python3.12/site-packages/oslo_config/cfg.py:3006}}
Feb 19 11:59:35 ubuntu cinder-volume[119690]: DEBUG oslo_service.backend._eventlet.service [None req-71b44110-b890-4f07-b2c0-0f02f55830c0 None None] 3par2.num_iser_scan_tries      = None {{(pid=119690) log_opt_values /opt/stack/data/venv/lib/python3.12/site-packages/oslo_config/cfg.py:3006}}
Feb 19 11:59:35 ubuntu cinder-volume[119690]: DEBUG oslo_service.backend._eventlet.service [None req-71b44110-b890-4f07-b2c0-0f02f55830c0 None None] 3par2.num_shell_tries          = None {{(pid=119690) log_opt_values /opt/stack/data/venv/lib/python3.12/site-packages/oslo_config/cfg.py:3006}}
Feb 19 11:59:35 ubuntu cinder-volume[119690]: DEBUG oslo_service.backend._eventlet.service [None req-71b44110-b890-4f07-b2c0-0f02f55830c0 None None] 3par2.num_volume_device_scan_tries = None {{(pid=119690) log_opt_values /opt/stack/data/venv/lib/python3.12/site-packages/oslo_config/cfg.py:3006}}
Feb 19 11:59:35 ubuntu cinder-volume[119690]: DEBUG oslo_service.backend._eventlet.service [None req-71b44110-b890-4f07-b2c0-0f02f55830c0 None None] 3par2.nvmeof_conn_info_version = None {{(pid=119690) log_opt_values /opt/stack/data/venv/lib/python3.12/site-packages/oslo_config/cfg.py:3006}}
Feb 19 11:59:35 ubuntu cinder-volume[119690]: DEBUG oslo_service.backend._eventlet.service [None req-71b44110-b890-4f07-b2c0-0f02f55830c0 None None] 3par2.nvmet_ns_id              = None {{(pid=119690) log_opt_values /opt/stack/data/venv/lib/python3.12/site-packages/oslo_config/cfg.py:3006}}
Feb 19 11:59:35 ubuntu cinder-volume[119690]: DEBUG oslo_service.backend._eventlet.service [None req-71b44110-b890-4f07-b2c0-0f02f55830c0 None None] 3par2.nvmet_port_id            = None {{(pid=119690) log_opt_values /opt/stack/data/venv/lib/python3.12/site-packages/oslo_config/cfg.py:3006}}
Feb 19 11:59:35 ubuntu cinder-volume[119690]: DEBUG oslo_service.backend._eventlet.service [None req-71b44110-b890-4f07-b2c0-0f02f55830c0 None None] 3par2.replication_device       = **** {{(pid=119690) log_opt_values /opt/stack/data/venv/lib/python3.12/site-packages/oslo_config/cfg.py:3006}}
Feb 19 11:59:35 ubuntu cinder-volume[119690]: DEBUG oslo_service.backend._eventlet.service [None req-71b44110-b890-4f07-b2c0-0f02f55830c0 None None] 3par2.report_discard_supported = None {{(pid=119690) log_opt_values /opt/stack/data/venv/lib/python3.12/site-packages/oslo_config/cfg.py:3006}}
Feb 19 11:59:35 ubuntu cinder-volume[119690]: DEBUG oslo_service.backend._eventlet.service [None req-71b44110-b890-4f07-b2c0-0f02f55830c0 None None] 3par2.reserved_percentage      = None {{(pid=119690) log_opt_values /opt/stack/data/venv/lib/python3.12/site-packages/oslo_config/cfg.py:3006}}
Feb 19 11:59:35 ubuntu cinder-volume[119690]: DEBUG oslo_service.backend._eventlet.service [None req-71b44110-b890-4f07-b2c0-0f02f55830c0 None None] 3par2.san_api_port             = None {{(pid=119690) log_opt_values /opt/stack/data/venv/lib/python3.12/site-packages/oslo_config/cfg.py:3006}}
Feb 19 11:59:35 ubuntu cinder-volume[119690]: DEBUG oslo_service.backend._eventlet.service [None req-71b44110-b890-4f07-b2c0-0f02f55830c0 None None] 3par2.san_clustername          = None {{(pid=119690) log_opt_values /opt/stack/data/venv/lib/python3.12/site-packages/oslo_config/cfg.py:3006}}
Feb 19 11:59:35 ubuntu cinder-volume[119690]: DEBUG oslo_service.backend._eventlet.service [None req-71b44110-b890-4f07-b2c0-0f02f55830c0 None None] 3par2.san_ip                   = 10.201.5.12 {{(pid=119690) log_opt_values /opt/stack/data/venv/lib/python3.12/site-packages/oslo_config/cfg.py:3006}}
Feb 19 11:59:35 ubuntu cinder-volume[119690]: DEBUG oslo_service.backend._eventlet.service [None req-71b44110-b890-4f07-b2c0-0f02f55830c0 None None] 3par2.san_is_local             = None {{(pid=119690) log_opt_values /opt/stack/data/venv/lib/python3.12/site-packages/oslo_config/cfg.py:3006}}
Feb 19 11:59:35 ubuntu cinder-volume[119690]: DEBUG oslo_service.backend._eventlet.service [None req-71b44110-b890-4f07-b2c0-0f02f55830c0 None None] 3par2.san_login                = 3paradm {{(pid=119690) log_opt_values /opt/stack/data/venv/lib/python3.12/site-packages/oslo_config/cfg.py:3006}}
Feb 19 11:59:35 ubuntu cinder-volume[119690]: DEBUG oslo_service.backend._eventlet.service [None req-71b44110-b890-4f07-b2c0-0f02f55830c0 None None] 3par2.san_password             = **** {{(pid=119690) log_opt_values /opt/stack/data/venv/lib/python3.12/site-packages/oslo_config/cfg.py:3006}}
Feb 19 11:59:35 ubuntu cinder-volume[119690]: DEBUG oslo_service.backend._eventlet.service [None req-71b44110-b890-4f07-b2c0-0f02f55830c0 None None] 3par2.san_private_key          = None {{(pid=119690) log_opt_values /opt/stack/data/venv/lib/python3.12/site-packages/oslo_config/cfg.py:3006}}
Feb 19 11:59:35 ubuntu cinder-volume[119690]: DEBUG oslo_service.backend._eventlet.service [None req-71b44110-b890-4f07-b2c0-0f02f55830c0 None None] 3par2.san_ssh_port             = None {{(pid=119690) log_opt_values /opt/stack/data/venv/lib/python3.12/site-packages/oslo_config/cfg.py:3006}}
Feb 19 11:59:35 ubuntu cinder-volume[119690]: DEBUG oslo_service.backend._eventlet.service [None req-71b44110-b890-4f07-b2c0-0f02f55830c0 None None] 3par2.san_thin_provision       = None {{(pid=119690) log_opt_values /opt/stack/data/venv/lib/python3.12/site-packages/oslo_config/cfg.py:3006}}
Feb 19 11:59:35 ubuntu cinder-volume[119690]: DEBUG oslo_service.backend._eventlet.service [None req-71b44110-b890-4f07-b2c0-0f02f55830c0 None None] 3par2.scst_target_driver       = None {{(pid=119690) log_opt_values /opt/stack/data/venv/lib/python3.12/site-packages/oslo_config/cfg.py:3006}}
Feb 19 11:59:35 ubuntu cinder-volume[119690]: DEBUG oslo_service.backend._eventlet.service [None req-71b44110-b890-4f07-b2c0-0f02f55830c0 None None] 3par2.scst_target_iqn_name     = None {{(pid=119690) log_opt_values /opt/stack/data/venv/lib/python3.12/site-packages/oslo_config/cfg.py:3006}}
Feb 19 11:59:35 ubuntu cinder-volume[119690]: DEBUG oslo_service.backend._eventlet.service [None req-71b44110-b890-4f07-b2c0-0f02f55830c0 None None] 3par2.ssh_conn_timeout         = 45 {{(pid=119690) log_opt_values /opt/stack/data/venv/lib/python3.12/site-packages/oslo_config/cfg.py:3006}}
Feb 19 11:59:35 ubuntu cinder-volume[119690]: DEBUG oslo_service.backend._eventlet.service [None req-71b44110-b890-4f07-b2c0-0f02f55830c0 None None] 3par2.ssh_max_pool_conn        = None {{(pid=119690) log_opt_values /opt/stack/data/venv/lib/python3.12/site-packages/oslo_config/cfg.py:3006}}
Feb 19 11:59:35 ubuntu cinder-volume[119690]: DEBUG oslo_service.backend._eventlet.service [None req-71b44110-b890-4f07-b2c0-0f02f55830c0 None None] 3par2.ssh_min_pool_conn        = None {{(pid=119690) log_opt_values /opt/stack/data/venv/lib/python3.12/site-packages/oslo_config/cfg.py:3006}}
Feb 19 11:59:35 ubuntu cinder-volume[119690]: DEBUG oslo_service.backend._eventlet.service [None req-71b44110-b890-4f07-b2c0-0f02f55830c0 None None] 3par2.storage_protocol         = None {{(pid=119690) log_opt_values /opt/stack/data/venv/lib/python3.12/site-packages/oslo_config/cfg.py:3006}}
Feb 19 11:59:35 ubuntu cinder-volume[119690]: DEBUG oslo_service.backend._eventlet.service [None req-71b44110-b890-4f07-b2c0-0f02f55830c0 None None] 3par2.suppress_requests_ssl_warnings = None {{(pid=119690) log_opt_values /opt/stack/data/venv/lib/python3.12/site-packages/oslo_config/cfg.py:3006}}
Feb 19 11:59:35 ubuntu cinder-volume[119690]: DEBUG oslo_service.backend._eventlet.service [None req-71b44110-b890-4f07-b2c0-0f02f55830c0 None None] 3par2.target_helper            = None {{(pid=119690) log_opt_values /opt/stack/data/venv/lib/python3.12/site-packages/oslo_config/cfg.py:3006}}
Feb 19 11:59:35 ubuntu cinder-volume[119690]: DEBUG oslo_service.backend._eventlet.service [None req-71b44110-b890-4f07-b2c0-0f02f55830c0 None None] 3par2.target_ip_address        = None {{(pid=119690) log_opt_values /opt/stack/data/venv/lib/python3.12/site-packages/oslo_config/cfg.py:3006}}
Feb 19 11:59:35 ubuntu cinder-volume[119690]: DEBUG oslo_service.backend._eventlet.service [None req-71b44110-b890-4f07-b2c0-0f02f55830c0 None None] 3par2.target_port              = None {{(pid=119690) log_opt_values /opt/stack/data/venv/lib/python3.12/site-packages/oslo_config/cfg.py:3006}}
Feb 19 11:59:35 ubuntu cinder-volume[119690]: DEBUG oslo_service.backend._eventlet.service [None req-71b44110-b890-4f07-b2c0-0f02f55830c0 None None] 3par2.target_prefix            = None {{(pid=119690) log_opt_values /opt/stack/data/venv/lib/python3.12/site-packages/oslo_config/cfg.py:3006}}
Feb 19 11:59:35 ubuntu cinder-volume[119690]: DEBUG oslo_service.backend._eventlet.service [None req-71b44110-b890-4f07-b2c0-0f02f55830c0 None None] 3par2.target_protocol          = None {{(pid=119690) log_opt_values /opt/stack/data/venv/lib/python3.12/site-packages/oslo_config/cfg.py:3006}}
Feb 19 11:59:35 ubuntu cinder-volume[119690]: DEBUG oslo_service.backend._eventlet.service [None req-71b44110-b890-4f07-b2c0-0f02f55830c0 None None] 3par2.target_secondary_ip_addresses = None {{(pid=119690) log_opt_values /opt/stack/data/venv/lib/python3.12/site-packages/oslo_config/cfg.py:3006}}
Feb 19 11:59:35 ubuntu cinder-volume[119690]: DEBUG oslo_service.backend._eventlet.service [None req-71b44110-b890-4f07-b2c0-0f02f55830c0 None None] 3par2.trace_flags              = None {{(pid=119690) log_opt_values /opt/stack/data/venv/lib/python3.12/site-packages/oslo_config/cfg.py:3006}}
Feb 19 11:59:35 ubuntu cinder-volume[119690]: DEBUG oslo_service.backend._eventlet.service [None req-71b44110-b890-4f07-b2c0-0f02f55830c0 None None] 3par2.unique_fqdn_network      = None {{(pid=119690) log_opt_values /opt/stack/data/venv/lib/python3.12/site-packages/oslo_config/cfg.py:3006}}
Feb 19 11:59:35 ubuntu cinder-volume[119690]: DEBUG oslo_service.backend._eventlet.service [None req-71b44110-b890-4f07-b2c0-0f02f55830c0 None None] 3par2.use_chap_auth            = None {{(pid=119690) log_opt_values /opt/stack/data/venv/lib/python3.12/site-packages/oslo_config/cfg.py:3006}}
Feb 19 11:59:35 ubuntu cinder-volume[119690]: DEBUG oslo_service.backend._eventlet.service [None req-71b44110-b890-4f07-b2c0-0f02f55830c0 None None] 3par2.use_multipath_for_image_xfer = None {{(pid=119690) log_opt_values /opt/stack/data/venv/lib/python3.12/site-packages/oslo_config/cfg.py:3006}}
Feb 19 11:59:35 ubuntu cinder-volume[119690]: DEBUG oslo_service.backend._eventlet.service [None req-71b44110-b890-4f07-b2c0-0f02f55830c0 None None] 3par2.volume_backend_name      = 3par2 {{(pid=119690) log_opt_values /opt/stack/data/venv/lib/python3.12/site-packages/oslo_config/cfg.py:3006}}
Feb 19 11:59:35 ubuntu cinder-volume[119690]: DEBUG oslo_service.backend._eventlet.service [None req-71b44110-b890-4f07-b2c0-0f02f55830c0 None None] 3par2.volume_clear             = None {{(pid=119690) log_opt_values /opt/stack/data/venv/lib/python3.12/site-packages/oslo_config/cfg.py:3006}}
Feb 19 11:59:35 ubuntu cinder-volume[119690]: DEBUG oslo_service.backend._eventlet.service [None req-71b44110-b890-4f07-b2c0-0f02f55830c0 None None] 3par2.volume_clear_ionice      = None {{(pid=119690) log_opt_values /opt/stack/data/venv/lib/python3.12/site-packages/oslo_config/cfg.py:3006}}
Feb 19 11:59:35 ubuntu cinder-volume[119690]: DEBUG oslo_service.backend._eventlet.service [None req-71b44110-b890-4f07-b2c0-0f02f55830c0 None None] 3par2.volume_clear_size        = None {{(pid=119690) log_opt_values /opt/stack/data/venv/lib/python3.12/site-packages/oslo_config/cfg.py:3006}}
Feb 19 11:59:35 ubuntu cinder-volume[119690]: DEBUG oslo_service.backend._eventlet.service [None req-71b44110-b890-4f07-b2c0-0f02f55830c0 None None] 3par2.volume_copy_blkio_cgroup_name = None {{(pid=119690) log_opt_values /opt/stack/data/venv/lib/python3.12/site-packages/oslo_config/cfg.py:3006}}
Feb 19 11:59:35 ubuntu cinder-volume[119690]: DEBUG oslo_service.backend._eventlet.service [None req-71b44110-b890-4f07-b2c0-0f02f55830c0 None None] 3par2.volume_copy_bps_limit    = None {{(pid=119690) log_opt_values /opt/stack/data/venv/lib/python3.12/site-packages/oslo_config/cfg.py:3006}}
Feb 19 11:59:35 ubuntu cinder-volume[119696]: WARNING py.warnings [None req-2fb1df35-f595-4fea-9196-14a834df0523 None None] /opt/stack/data/venv/lib/python3.12/site-packages/urllib3/connectionpool.py:1064: InsecureRequestWarning: Unverified HTTPS request is being made to host '10.201.5.12'. Adding certificate verification is strongly advised. See: https://urllib3.readthedocs.io/en/1.26.x/advanced-usage.html#ssl-warnings
Feb 19 11:59:35 ubuntu cinder-volume[119696]:   warnings.warn(
Feb 19 11:59:35 ubuntu cinder-volume[119690]: DEBUG oslo_service.backend._eventlet.service [None req-71b44110-b890-4f07-b2c0-0f02f55830c0 None None] 3par2.volume_dd_blocksize      = None {{(pid=119690) log_opt_values /opt/stack/data/venv/lib/python3.12/site-packages/oslo_config/cfg.py:3006}}
Feb 19 11:59:35 ubuntu cinder-volume[119690]: DEBUG oslo_service.backend._eventlet.service [None req-71b44110-b890-4f07-b2c0-0f02f55830c0 None None] 3par2.volume_driver            = cinder.volume.drivers.hpe.hpe_3par_iscsi.HPE3PARISCSIDriver {{(pid=119690) log_opt_values /opt/stack/data/venv/lib/python3.12/site-packages/oslo_config/cfg.py:3006}}
Feb 19 11:59:35 ubuntu cinder-volume[119690]: DEBUG oslo_service.backend._eventlet.service [None req-71b44110-b890-4f07-b2c0-0f02f55830c0 None None] 3par2.volumes_dir              = None {{(pid=119690) log_opt_values /opt/stack/data/venv/lib/python3.12/site-packages/oslo_config/cfg.py:3006}}
Feb 19 11:59:35 ubuntu cinder-volume[119690]: DEBUG oslo_service.backend._eventlet.service [None req-71b44110-b890-4f07-b2c0-0f02f55830c0 None None] ******************************************************************************** {{(pid=119690) log_opt_values /opt/stack/data/venv/lib/python3.12/site-packages/oslo_config/cfg.py:3013}}
Feb 19 11:59:35 ubuntu cinder-volume[119697]: WARNING py.warnings [None req-f7ca0c91-b673-4d2a-8bae-2e05c332f857 None None] /opt/stack/data/venv/lib/python3.12/site-packages/urllib3/connectionpool.py:1064: InsecureRequestWarning: Unverified HTTPS request is being made to host '10.201.5.12'. Adding certificate verification is strongly advised. See: https://urllib3.readthedocs.io/en/1.26.x/advanced-usage.html#ssl-warnings
Feb 19 11:59:35 ubuntu cinder-volume[119697]:   warnings.warn(
Feb 19 11:59:35 ubuntu cinder-volume[119697]: DEBUG cinder.volume.drivers.hpe.hpe_3par_common [None req-f7ca0c91-b673-4d2a-8bae-2e05c332f857 None None] Disconnect from 3PAR REST and SSH 52181eef-ca75-4647-a286-e4013bc45361 {{(pid=119697) client_logout /opt/stack/cinder/cinder/volume/drivers/hpe/hpe_3par_common.py:448}}
Feb 19 11:59:35 ubuntu cinder-volume[119696]: WARNING py.warnings [None req-2fb1df35-f595-4fea-9196-14a834df0523 None None] /opt/stack/data/venv/lib/python3.12/site-packages/urllib3/connectionpool.py:1064: InsecureRequestWarning: Unverified HTTPS request is being made to host '10.201.5.12'. Adding certificate verification is strongly advised. See: https://urllib3.readthedocs.io/en/1.26.x/advanced-usage.html#ssl-warnings
Feb 19 11:59:35 ubuntu cinder-volume[119696]:   warnings.warn(
Feb 19 11:59:35 ubuntu cinder-volume[119697]: WARNING py.warnings [None req-f7ca0c91-b673-4d2a-8bae-2e05c332f857 None None] /opt/stack/data/venv/lib/python3.12/site-packages/urllib3/connectionpool.py:1064: InsecureRequestWarning: Unverified HTTPS request is being made to host '10.201.5.12'. Adding certificate verification is strongly advised. See: https://urllib3.readthedocs.io/en/1.26.x/advanced-usage.html#ssl-warnings
Feb 19 11:59:35 ubuntu cinder-volume[119697]:   warnings.warn(
Feb 19 11:59:35 ubuntu cinder-volume[119697]: INFO cinder.volume.drivers.hpe.hpe_3par_common [None req-f7ca0c91-b673-4d2a-8bae-2e05c332f857 None None] HPE3PARCommon 4.0.28,hpe3parclient 4.2.13
Feb 19 11:59:35 ubuntu cinder-volume[119697]: DEBUG cinder.volume.drivers.hpe.hpe_3par_common [None req-f7ca0c91-b673-4d2a-8bae-2e05c332f857 None None] Connecting to 3PAR {{(pid=119697) client_login /opt/stack/cinder/cinder/volume/drivers/hpe/hpe_3par_common.py:437}}
Feb 19 11:59:35 ubuntu cinder-volume[119696]: DEBUG cinder.volume.drivers.hpe.hpe_3par_common [None req-2fb1df35-f595-4fea-9196-14a834df0523 None None] Disconnect from 3PAR REST and SSH f2bf8d67-89d0-415d-9d41-16f04d11d027 {{(pid=119696) client_logout /opt/stack/cinder/cinder/volume/drivers/hpe/hpe_3par_common.py:448}}
Feb 19 11:59:35 ubuntu cinder-volume[119697]: WARNING py.warnings [None req-f7ca0c91-b673-4d2a-8bae-2e05c332f857 None None] /opt/stack/data/venv/lib/python3.12/site-packages/urllib3/connectionpool.py:1064: InsecureRequestWarning: Unverified HTTPS request is being made to host '10.201.5.12'. Adding certificate verification is strongly advised. See: https://urllib3.readthedocs.io/en/1.26.x/advanced-usage.html#ssl-warnings
Feb 19 11:59:35 ubuntu cinder-volume[119697]:   warnings.warn(
Feb 19 11:59:35 ubuntu cinder-volume[119696]: WARNING py.warnings [None req-2fb1df35-f595-4fea-9196-14a834df0523 None None] /opt/stack/data/venv/lib/python3.12/site-packages/urllib3/connectionpool.py:1064: InsecureRequestWarning: Unverified HTTPS request is being made to host '10.201.5.12'. Adding certificate verification is strongly advised. See: https://urllib3.readthedocs.io/en/1.26.x/advanced-usage.html#ssl-warnings
Feb 19 11:59:35 ubuntu cinder-volume[119696]:   warnings.warn(
Feb 19 11:59:35 ubuntu cinder-volume[119696]: DEBUG cinder.volume.drivers.hpe.hpe_3par_common [None req-2fb1df35-f595-4fea-9196-14a834df0523 None None] Connecting to 3PAR {{(pid=119696) client_login /opt/stack/cinder/cinder/volume/drivers/hpe/hpe_3par_common.py:437}}
Feb 19 11:59:35 ubuntu cinder-volume[119697]: WARNING py.warnings [None req-f7ca0c91-b673-4d2a-8bae-2e05c332f857 None None] /opt/stack/data/venv/lib/python3.12/site-packages/urllib3/connectionpool.py:1064: InsecureRequestWarning: Unverified HTTPS request is being made to host '10.201.5.12'. Adding certificate verification is strongly advised. See: https://urllib3.readthedocs.io/en/1.26.x/advanced-usage.html#ssl-warnings
Feb 19 11:59:35 ubuntu cinder-volume[119697]:   warnings.warn(
Feb 19 11:59:35 ubuntu cinder-volume[119696]: WARNING py.warnings [None req-2fb1df35-f595-4fea-9196-14a834df0523 None None] /opt/stack/data/venv/lib/python3.12/site-packages/urllib3/connectionpool.py:1064: InsecureRequestWarning: Unverified HTTPS request is being made to host '10.201.5.12'. Adding certificate verification is strongly advised. See: https://urllib3.readthedocs.io/en/1.26.x/advanced-usage.html#ssl-warnings
Feb 19 11:59:35 ubuntu cinder-volume[119696]:   warnings.warn(
Feb 19 11:59:35 ubuntu cinder-volume[119697]: DEBUG cinder.volume.drivers.hpe.hpe_3par_common [None req-f7ca0c91-b673-4d2a-8bae-2e05c332f857 None None] Disconnect from 3PAR REST and SSH 52181eef-ca75-4647-a286-e4013bc45361 {{(pid=119697) client_logout /opt/stack/cinder/cinder/volume/drivers/hpe/hpe_3par_common.py:448}}
Feb 19 11:59:35 ubuntu cinder-volume[119696]: WARNING py.warnings [None req-2fb1df35-f595-4fea-9196-14a834df0523 None None] /opt/stack/data/venv/lib/python3.12/site-packages/urllib3/connectionpool.py:1064: InsecureRequestWarning: Unverified HTTPS request is being made to host '10.201.5.12'. Adding certificate verification is strongly advised. See: https://urllib3.readthedocs.io/en/1.26.x/advanced-usage.html#ssl-warnings
Feb 19 11:59:35 ubuntu cinder-volume[119696]:   warnings.warn(
Feb 19 11:59:35 ubuntu cinder-volume[119697]: WARNING py.warnings [None req-f7ca0c91-b673-4d2a-8bae-2e05c332f857 None None] /opt/stack/data/venv/lib/python3.12/site-packages/urllib3/connectionpool.py:1064: InsecureRequestWarning: Unverified HTTPS request is being made to host '10.201.5.12'. Adding certificate verification is strongly advised. See: https://urllib3.readthedocs.io/en/1.26.x/advanced-usage.html#ssl-warnings
Feb 19 11:59:35 ubuntu cinder-volume[119697]:   warnings.warn(
Feb 19 11:59:35 ubuntu cinder-volume[119697]: DEBUG cinder.volume.drivers.hpe.hpe_3par_common [None req-f7ca0c91-b673-4d2a-8bae-2e05c332f857 None None] Connecting to 3PAR {{(pid=119697) client_login /opt/stack/cinder/cinder/volume/drivers/hpe/hpe_3par_common.py:437}}
Feb 19 11:59:35 ubuntu cinder-volume[119696]: DEBUG cinder.volume.drivers.hpe.hpe_3par_common [None req-2fb1df35-f595-4fea-9196-14a834df0523 None None] Disconnect from 3PAR REST and SSH f2bf8d67-89d0-415d-9d41-16f04d11d027 {{(pid=119696) client_logout /opt/stack/cinder/cinder/volume/drivers/hpe/hpe_3par_common.py:448}}
Feb 19 11:59:35 ubuntu cinder-volume[119697]: WARNING py.warnings [None req-f7ca0c91-b673-4d2a-8bae-2e05c332f857 None None] /opt/stack/data/venv/lib/python3.12/site-packages/urllib3/connectionpool.py:1064: InsecureRequestWarning: Unverified HTTPS request is being made to host '10.201.5.12'. Adding certificate verification is strongly advised. See: https://urllib3.readthedocs.io/en/1.26.x/advanced-usage.html#ssl-warnings
Feb 19 11:59:35 ubuntu cinder-volume[119697]:   warnings.warn(
Feb 19 11:59:35 ubuntu cinder-volume[119696]: WARNING py.warnings [None req-2fb1df35-f595-4fea-9196-14a834df0523 None None] /opt/stack/data/venv/lib/python3.12/site-packages/urllib3/connectionpool.py:1064: InsecureRequestWarning: Unverified HTTPS request is being made to host '10.201.5.12'. Adding certificate verification is strongly advised. See: https://urllib3.readthedocs.io/en/1.26.x/advanced-usage.html#ssl-warnings
Feb 19 11:59:35 ubuntu cinder-volume[119696]:   warnings.warn(
Feb 19 11:59:35 ubuntu cinder-volume[119696]: DEBUG cinder.volume.drivers.hpe.hpe_3par_common [None req-2fb1df35-f595-4fea-9196-14a834df0523 None None] Connecting to 3PAR {{(pid=119696) client_login /opt/stack/cinder/cinder/volume/drivers/hpe/hpe_3par_common.py:437}}
Feb 19 11:59:35 ubuntu cinder-volume[119697]: WARNING py.warnings [None req-f7ca0c91-b673-4d2a-8bae-2e05c332f857 None None] /opt/stack/data/venv/lib/python3.12/site-packages/urllib3/connectionpool.py:1064: InsecureRequestWarning: Unverified HTTPS request is being made to host '10.201.5.12'. Adding certificate verification is strongly advised. See: https://urllib3.readthedocs.io/en/1.26.x/advanced-usage.html#ssl-warnings
Feb 19 11:59:35 ubuntu cinder-volume[119697]:   warnings.warn(
Feb 19 11:59:35 ubuntu cinder-volume[119696]: WARNING py.warnings [None req-2fb1df35-f595-4fea-9196-14a834df0523 None None] /opt/stack/data/venv/lib/python3.12/site-packages/urllib3/connectionpool.py:1064: InsecureRequestWarning: Unverified HTTPS request is being made to host '10.201.5.12'. Adding certificate verification is strongly advised. See: https://urllib3.readthedocs.io/en/1.26.x/advanced-usage.html#ssl-warnings
Feb 19 11:59:35 ubuntu cinder-volume[119696]:   warnings.warn(
Feb 19 11:59:35 ubuntu cinder-volume[119697]: DEBUG cinder.volume.drivers.hpe.hpe_3par_common [None req-f7ca0c91-b673-4d2a-8bae-2e05c332f857 None None] Disconnect from 3PAR REST and SSH 52181eef-ca75-4647-a286-e4013bc45361 {{(pid=119697) client_logout /opt/stack/cinder/cinder/volume/drivers/hpe/hpe_3par_common.py:448}}
Feb 19 11:59:35 ubuntu cinder-volume[119696]: WARNING py.warnings [None req-2fb1df35-f595-4fea-9196-14a834df0523 None None] /opt/stack/data/venv/lib/python3.12/site-packages/urllib3/connectionpool.py:1064: InsecureRequestWarning: Unverified HTTPS request is being made to host '10.201.5.12'. Adding certificate verification is strongly advised. See: https://urllib3.readthedocs.io/en/1.26.x/advanced-usage.html#ssl-warnings
Feb 19 11:59:35 ubuntu cinder-volume[119696]:   warnings.warn(
Feb 19 11:59:35 ubuntu cinder-volume[119696]: DEBUG cinder.volume.drivers.hpe.hpe_3par_iscsi [None req-2fb1df35-f595-4fea-9196-14a834df0523 None None] array version: 100560021 {{(pid=119696) _do_setup /opt/stack/cinder/cinder/volume/drivers/hpe/hpe_3par_iscsi.py:156}}
Feb 19 11:59:35 ubuntu cinder-volume[119696]: DEBUG cinder.volume.drivers.hpe.hpe_3par_common [None req-2fb1df35-f595-4fea-9196-14a834df0523 None None] Connecting to 3PAR {{(pid=119696) client_login /opt/stack/cinder/cinder/volume/drivers/hpe/hpe_3par_common.py:437}}
Feb 19 11:59:35 ubuntu cinder-volume[119697]: WARNING py.warnings [None req-f7ca0c91-b673-4d2a-8bae-2e05c332f857 None None] /opt/stack/data/venv/lib/python3.12/site-packages/urllib3/connectionpool.py:1064: InsecureRequestWarning: Unverified HTTPS request is being made to host '10.201.5.12'. Adding certificate verification is strongly advised. See: https://urllib3.readthedocs.io/en/1.26.x/advanced-usage.html#ssl-warnings
Feb 19 11:59:35 ubuntu cinder-volume[119697]:   warnings.warn(
Feb 19 11:59:35 ubuntu cinder-volume[119697]: DEBUG cinder.volume.drivers.hpe.hpe_3par_common [None req-f7ca0c91-b673-4d2a-8bae-2e05c332f857 None None] Connecting to 3PAR {{(pid=119697) client_login /opt/stack/cinder/cinder/volume/drivers/hpe/hpe_3par_common.py:437}}
Feb 19 11:59:35 ubuntu cinder-volume[119696]: WARNING py.warnings [None req-2fb1df35-f595-4fea-9196-14a834df0523 None None] /opt/stack/data/venv/lib/python3.12/site-packages/urllib3/connectionpool.py:1064: InsecureRequestWarning: Unverified HTTPS request is being made to host '10.201.5.12'. Adding certificate verification is strongly advised. See: https://urllib3.readthedocs.io/en/1.26.x/advanced-usage.html#ssl-warnings
Feb 19 11:59:35 ubuntu cinder-volume[119696]:   warnings.warn(
Feb 19 11:59:35 ubuntu cinder-volume[119697]: WARNING py.warnings [None req-f7ca0c91-b673-4d2a-8bae-2e05c332f857 None None] /opt/stack/data/venv/lib/python3.12/site-packages/urllib3/connectionpool.py:1064: InsecureRequestWarning: Unverified HTTPS request is being made to host '10.201.5.12'. Adding certificate verification is strongly advised. See: https://urllib3.readthedocs.io/en/1.26.x/advanced-usage.html#ssl-warnings
Feb 19 11:59:35 ubuntu cinder-volume[119697]:   warnings.warn(
Feb 19 11:59:35 ubuntu cinder-volume[119696]: WARNING py.warnings [None req-2fb1df35-f595-4fea-9196-14a834df0523 None None] /opt/stack/data/venv/lib/python3.12/site-packages/urllib3/connectionpool.py:1064: InsecureRequestWarning: Unverified HTTPS request is being made to host '10.201.5.12'. Adding certificate verification is strongly advised. See: https://urllib3.readthedocs.io/en/1.26.x/advanced-usage.html#ssl-warnings
Feb 19 11:59:35 ubuntu cinder-volume[119696]:   warnings.warn(
Feb 19 11:59:35 ubuntu cinder-volume[119697]: WARNING py.warnings [None req-f7ca0c91-b673-4d2a-8bae-2e05c332f857 None None] /opt/stack/data/venv/lib/python3.12/site-packages/urllib3/connectionpool.py:1064: InsecureRequestWarning: Unverified HTTPS request is being made to host '10.201.5.12'. Adding certificate verification is strongly advised. See: https://urllib3.readthedocs.io/en/1.26.x/advanced-usage.html#ssl-warnings
Feb 19 11:59:35 ubuntu cinder-volume[119697]:   warnings.warn(
Feb 19 11:59:35 ubuntu cinder-volume[119697]: DEBUG cinder.volume.drivers.hpe.hpe_3par_iscsi [None req-f7ca0c91-b673-4d2a-8bae-2e05c332f857 None None] array version: 100560021 {{(pid=119697) _do_setup /opt/stack/cinder/cinder/volume/drivers/hpe/hpe_3par_iscsi.py:156}}
Feb 19 11:59:35 ubuntu cinder-volume[119697]: DEBUG cinder.volume.drivers.hpe.hpe_3par_common [None req-f7ca0c91-b673-4d2a-8bae-2e05c332f857 None None] Connecting to 3PAR {{(pid=119697) client_login /opt/stack/cinder/cinder/volume/drivers/hpe/hpe_3par_common.py:437}}
Feb 19 11:59:35 ubuntu cinder-volume[119697]: WARNING py.warnings [None req-f7ca0c91-b673-4d2a-8bae-2e05c332f857 None None] /opt/stack/data/venv/lib/python3.12/site-packages/urllib3/connectionpool.py:1064: InsecureRequestWarning: Unverified HTTPS request is being made to host '10.201.5.12'. Adding certificate verification is strongly advised. See: https://urllib3.readthedocs.io/en/1.26.x/advanced-usage.html#ssl-warnings
Feb 19 11:59:35 ubuntu cinder-volume[119697]:   warnings.warn(
Feb 19 11:59:36 ubuntu cinder-volume[119697]: WARNING py.warnings [None req-f7ca0c91-b673-4d2a-8bae-2e05c332f857 None None] /opt/stack/data/venv/lib/python3.12/site-packages/urllib3/connectionpool.py:1064: InsecureRequestWarning: Unverified HTTPS request is being made to host '10.201.5.12'. Adding certificate verification is strongly advised. See: https://urllib3.readthedocs.io/en/1.26.x/advanced-usage.html#ssl-warnings
Feb 19 11:59:36 ubuntu cinder-volume[119697]:   warnings.warn(
Feb 19 11:59:36 ubuntu cinder-volume[119696]: DEBUG cinder.volume.drivers.hpe.hpe_3par_iscsi [None req-2fb1df35-f595-4fea-9196-14a834df0523 None None] iscsi_ports: [{'portPos': {'node': 0, 'slot': 3, 'cardPort': 1}, 'mode': 2, 'linkState': 4, 'HWAddr': '40A6B781B640', 'type': 1, 'protocol': 2, 'device': ['host-win2k22', '852617f6973-iscsi-nepo.moc.40-6', 'nimuser', 'iqn-ubunanbnworker1', 'iqn-nansl15worker01', 'iqn-rhel9-worker1', 'iqn-red95work2', 'iqn-iwf-dl360-52-kvm', 'iqn-red95work1', 'iqn-ubuntuworker2', 'iqn-ubuntuworker1', 'iqn-iwf-dl360-53-kvm', 'Test-Host-ISCSi-1', 'iqn-sp6-worker2', 'Arrcus-sipvc-iscsi-1', 'Arrcus-sipvc-iscsi-2', '10.201.14.223', 'uthaya-openstack-ubuntu-new-1'], 'IPAddr': '172.28.2.35', 'iSCSIName': 'iqn.2023-24.com.hpe:4uw0004090', 'iSCSIPortInfo': {'IPAddr': '172.28.2.35', 'iSCSIName': 'iqn.2023-24.com.hpe:4uw0004090', 'netmask': '255.255.224.0', 'gateway': '0.0.0.0', 'mtu': 1500, 'tpgt': 31, 'stgt': 0, 'iSNSPort': 3205, 'iSNSAddr': '0.0.0.0', 'rate': '10Gbps', 'vlan': 0}, 'iSCSIVlans': [{'IPAddr': '172.28.2.35', 'netmask': '255.255.224.0', 'gateway': '0.0.0.0', 'vlanTag': 0, 'mtu': 1500, 'stgt': 0, 'tpgt': 31, 'iSNSAddr': '0.0.0.0', 'iSNSPort': 3205}], 'hardwareType': 3, 'connectionType': 99, 'connectionMode': 2, 'configurableRate': 'auto', 'maxRate': '25Gbps', 'class2': 99, 'smartSANStatus': 99, 'uniqueNodeWWN': 3, 'vcn': 3, 'interruptCoalesce': 3, 'targetModeWriteOptimization': 3, 'nsp': '0:3:1'}, {'portPos': {'node': 0, 'slot': 3, 'cardPort': 2}, 'mode': 2, 'linkState': 4, 'HWAddr': '40A6B781B641', 'type': 1, 'protocol': 2, 'device': ['10.201.4.182', 'host-win2k22', 'nimuser', 'iqn-ubunanbnworker1', 'iqn-nansl15worker01', 'iqn-rhel9-worker1', 'iqn-red95work2', 'iqn-iwf-dl360-52-kvm', 'iqn-red95work1', 'iqn-ubuntuworker2', 'iqn-ubuntuworker1', 'iqn-iwf-dl360-53-kvm', 'openstack', 'iqn-tarannum-ubuntu-node3', 'Test-Host-ISCSi-1', 'Test-Host-ISCSi-2', 'iqn-sp6-worker2', 'Arrcus-sipvc-iscsi-1', 'Arrcus-sipvc-iscsi-2', '10.201.14.223', 'uthaya-openstack-ubuntu-new-1'], 'IPAddr': '172.28.66.17', 'iSCSIName': 'iqn.2023-24.com.hpe:4uw0004090', 'iSCSIPortInfo': {'IPAddr': '172.28.66.17', 'iSCSIName': 'iqn.2023-24.com.hpe:4uw0004090', 'netmask': '255.255.224.0', 'gateway': '0.0.0.0', 'mtu': 1500, 'tpgt': 32, 'stgt': 0, 'iSNSPort': 3205, 'iSNSAddr': '0.0.0.0', 'rate': '10Gbps', 'vlan': 0}, 'iSCSIVlans': [{'IPAddr': '172.28.66.17', 'netmask': '255.255.224.0', 'gateway': '0.0.0.0', 'vlanTag': 0, 'mtu': 1500, 'stgt': 0, 'tpgt': 32, 'iSNSAddr': '0.0.0.0', 'iSNSPort': 3205}], 'hardwareType': 3, 'connectionType': 99, 'connectionMode': 2, 'configurableRate': 'auto', 'maxRate': '25Gbps', 'class2': 99, 'smartSANStatus': 99, 'uniqueNodeWWN': 3, 'vcn': 3, 'interruptCoalesce': 3, 'targetModeWriteOptimization': 3, 'nsp': '0:3:2'}, {'portPos': {'node': 1, 'slot': 3, 'cardPort': 1}, 'mode': 2, 'linkState': 4, 'HWAddr': '40A6B781B220', 'type': 1, 'protocol': 2, 'device': ['host-win2k22', '852617f6973-iscsi-nepo.moc.40-6', 'nimuser', 'iqn-ubunanbnworker1', 'iqn-nansl15worker01', 'iqn-rhel9-worker1', 'iqn-red95work2', 'iqn-iwf-dl360-52-kvm', 'iqn-red95work1', 'iqn-ubuntuworker2', 'iqn-ubuntuworker1', 'iqn-iwf-dl360-53-kvm', 'Test-Host-ISCSi-1', 'iqn-sp6-worker2', 'Arrcus-sipvc-iscsi-1', 'Arrcus-sipvc-iscsi-2', '10.201.14.223', 'uthaya-openstack-ubuntu-new-1'], 'IPAddr': '172.28.2.36', 'iSCSIName': 'iqn.2023-24.com.hpe:4uw0004090', 'iSCSIPortInfo': {'IPAddr': '172.28.2.36', 'iSCSIName': 'iqn.2023-24.com.hpe:4uw0004090', 'netmask': '255.255.224.0', 'gateway': '0.0.0.0', 'mtu': 1500, 'tpgt': 131, 'stgt': 0, 'iSNSPort': 3205, 'iSNSAddr': '0.0.0.0', 'rate': '10Gbps', 'vlan': 0}, 'iSCSIVlans': [{'IPAddr': '172.28.2.36', 'netmask': '255.255.224.0', 'gateway': '0.0.0.0', 'vlanTag': 0, 'mtu': 1500, 'stgt': 0, 'tpgt': 131, 'iSNSAddr': '0.0.0.0', 'iSNSPort': 3205}], 'hardwareType': 3, 'connectionType': 99, 'connectionMode': 2, 'configurableRate': 'auto', 'maxRate': '25Gbps', 'class2': 99, 'smartSANStatus': 99, 'uniqueNodeWWN': 3, 'vcn': 3, 'interruptCoalesce': 3, 'targetModeWriteOptimization': 3, 'nsp': '1:3:1'}, {'portPos': {'node': 1, 'slot': 3, 'cardPort': 2}, 'mode': 2, 'linkState': 4, 'HWAddr': '40A6B781B221', 'type': 1, 'protocol': 2, 'device': ['10.201.4.182', 'host-win2k22', 'nimuser', 'iqn-ubunanbnworker1', 'iqn-nansl15worker01', 'iqn-rhel9-worker1', 'iqn-red95work2', 'iqn-nansl15worker02', 'iqn-iwf-dl360-52-kvm', 'iqn-red95work1', 'iqn-ubuntuworker2', 'iqn-ubuntuworker1', 'iqn-iwf-dl360-53-kvm', 'iqn-tarannum-ubuntu-node3', 'Test-Host-ISCSi-1', 'Test-Host-ISCSi-2', 'iqn-sp6-worker2', 'Arrcus-sipvc-iscsi-1', 'Arrcus-sipvc-iscsi-2', '10.201.14.223', 'uthaya-openstack-ubuntu-new-1'], 'IPAddr': '172.28.66.18', 'iSCSIName': 'iqn.2023-24.com.hpe:4uw0004090', 'iSCSIPortInfo': {'IPAddr': '172.28.66.18', 'iSCSIName': 'iqn.2023-24.com.hpe:4uw0004090', 'netmask': '255.255.224.0', 'gateway': '0.0.0.0', 'mtu': 1500, 'tpgt': 132, 'stgt': 0, 'iSNSPort': 3205, 'iSNSAddr': '0.0.0.0', 'rate': '10Gbps', 'vlan': 0}, 'iSCSIVlans': [{'IPAddr': '172.28.66.18', 'netmask': '255.255.224.0', 'gateway': '0.0.0.0', 'vlanTag': 0, 'mtu': 1500, 'stgt': 0, 'tpgt': 132, 'iSNSAddr': '0.0.0.0', 'iSNSPort': 3205}], 'hardwareType': 3, 'connectionType': 99, 'connectionMode': 2, 'configurableRate': 'auto', 'maxRate': '25Gbps', 'class2': 99, 'smartSANStatus': 99, 'uniqueNodeWWN': 3, 'vcn': 3, 'interruptCoalesce': 3, 'targetModeWriteOptimization': 3, 'nsp': '1:3:2'}] {{(pid=119696) initialize_iscsi_ports /opt/stack/cinder/cinder/volume/drivers/hpe/hpe_3par_iscsi.py:232}}
Feb 19 11:59:36 ubuntu cinder-volume[119696]: ERROR cinder.volume.manager [None req-2fb1df35-f595-4fea-9196-14a834df0523 None None] Failed to initialize driver.: AttributeError: 'HPE3ParClient' object has no attribute 'get_session_key'
Feb 19 11:59:36 ubuntu cinder-volume[119696]: ERROR cinder.volume.manager Traceback (most recent call last):
Feb 19 11:59:36 ubuntu cinder-volume[119696]: ERROR cinder.volume.manager   File "/opt/stack/cinder/cinder/volume/manager.py", line 523, in _init_host
Feb 19 11:59:36 ubuntu cinder-volume[119696]: ERROR cinder.volume.manager     self.driver.do_setup(ctxt)
Feb 19 11:59:36 ubuntu cinder-volume[119696]: ERROR cinder.volume.manager   File "/opt/stack/cinder/cinder/volume/drivers/hpe/hpe_3par_base.py", line 407, in do_setup
Feb 19 11:59:36 ubuntu cinder-volume[119696]: ERROR cinder.volume.manager     self._do_setup(common)
Feb 19 11:59:36 ubuntu cinder-volume[119696]: ERROR cinder.volume.manager   File "/opt/stack/cinder/cinder/volume/drivers/hpe/hpe_3par_iscsi.py", line 171, in _do_setup
Feb 19 11:59:36 ubuntu cinder-volume[119696]: ERROR cinder.volume.manager     self._logout(common)
Feb 19 11:59:36 ubuntu cinder-volume[119696]: ERROR cinder.volume.manager   File "/opt/stack/cinder/cinder/volume/drivers/hpe/hpe_3par_base.py", line 147, in _logout
Feb 19 11:59:36 ubuntu cinder-volume[119696]: ERROR cinder.volume.manager     s_key = common.client.get_session_key()
Feb 19 11:59:36 ubuntu cinder-volume[119696]: ERROR cinder.volume.manager             ^^^^^^^^^^^^^^^^^^^^^^^^^^^^^
Feb 19 11:59:36 ubuntu cinder-volume[119696]: ERROR cinder.volume.manager AttributeError: 'HPE3ParClient' object has no attribute 'get_session_key'
Feb 19 11:59:36 ubuntu cinder-volume[119696]: ERROR cinder.volume.manager
