"pcp-dstat 6.2.0 CSV Output"
"Author:","PCP team <pcp@groups.io> and Dag Wieers <dag@wieers.com>",,,,"URL:","https://pcp.io/ and http://dag.wieers.com/home-made/dstat/"
"Host:","ubuntu",,,,"User:","ubuntu"
"Cmdline:","dstat -tcmndrylpg --tcp --output /tmp/devstack_logs/dstat-csv.log",,,,"Date:","25 Apr 2026 08:59:39 UTC"
"system","total usage",,,,,"memory usage",,,,"net/total",,"dsk/total",,"io/total",,"system",,"load avg",,,"procs",,,"paging",,"tcp sockets",,,,
"time","total usage:usr","total usage:sys","total usage:idl","total usage:wai","total usage:stl","used","free","buf","cach","net/total:recv","net/total:send","dsk/total:read","dsk/total:writ","read","writ","int","csw","1m","5m","15m","run","blk","new","in","out","lis","act","syn","tim","clo"
25-04 08:59:39,,951808,1718528,159112,4995300,,,,,,,1.560,1.130,0.680,2,1,,,,10,6,1,17,0
25-04 08:59:40,17.732,19.980,55.443,6.244,0,987336,1682028,159320,4995920,24329.135,12855.861,0,2645.296,0,100.897,6563,6004,1.560,1.130,0.680,1,4,572.415,0,0,10,6,1,17,0
25-04 08:59:41,26.503,17.252,52.256,2.750,0,1004644,1664264,159396,4996188,18943.239,11487.357,0,1756.208,0,62.007,6168,6345,1.560,1.130,0.680,1,0,397.047,0,0,10,6,1,17,0
25-04 08:59:42,26.430,11.220,57.847,3.740,0,1145136,1523052,159444,5121488,42697.339,9727.334,0,1364.400,0,45.879,5571,8224,1.510,1.130,0.680,0,1,152.597,0,0,11,5,1,17,1
25-04 08:59:43,19.263,6.755,66.795,6.004,0,1162004,1490336,159572,5136596,181633.273,10504.071,0,3198.153,0,58.039,3093,2358,1.510,1.130,0.680,1,1,96.065,0,0,11,6,1,17,2
25-04 08:59:44,36.092,9.775,48.373,5.263,0,1202428,1434360,160296,5149152,8157.689,487.236,192.488,4435.248,8.020,121.308,4584,3650,1.510,1.130,0.680,2,0,186.473,0,0,11,6,1,19,2
25-04 08:59:45,36.160,4.988,49.128,9.477,0,1254112,1361964,160900,5166760,5938.299,484.800,1671.861,2493.826,112.721,30.923,2805,1820,1.510,1.130,0.680,2,0,0,0,0,11,6,1,19,2
25-04 08:59:46,35.480,3.248,46.974,12.993,0,1281608,1316924,161216,5182432,8558.201,485.728,127.928,3977.769,5.997,217.878,2895,2052,1.510,1.130,0.680,0,1,0.999,0,0,11,8,1,19,2
25-04 08:59:47,16.755,4.751,52.766,25.007,0,1294396,1292340,161988,5192012,6379.882,560.165,0,9042.667,0,514.152,5576,8963,1.710,1.180,0.700,0,5,9.003,0,0,11,8,1,19,2
25-04 08:59:48,18.550,3.760,35.346,39.858,0,1286692,1288180,162696,5201648,3967.745,487.320,0,12345.432,0,593.608,5384,8748,1.710,1.180,0.700,0,3,0,0,0,11,8,1,19,2
25-04 08:59:49,16.448,3.240,42.864,34.391,0,1285228,1265876,163516,5222788,9819.841,604.083,0,8684.444,0,485.460,4831,7507,1.710,1.180,0.700,1,1,0,0,0,11,8,1,19,2
25-04 08:59:50,18.782,4.007,46.079,29.801,0,1289136,1251848,164244,5230740,8037.828,607.044,0,9632.572,0,576.993,5032,7898,1.710,1.180,0.700,0,3,18.031,0,0,11,8,1,19,2
25-04 08:59:51,15.011,4.503,38.277,40.779,0,1187048,1369832,164532,5214860,9679.912,3215.296,0,17044.170,0,984.703,5235,8835,1.710,1.180,0.700,3,1,3.002,0,0,11,6,1,19,0
25-04 08:59:52,18.209,4.490,45.398,29.683,0,1245456,1310616,164608,5215592,8753.313,1678.225,0,7662.766,0,697.431,4790,6989,1.820,1.210,0.710,0,1,44.899,0,0,11,7,1,19,0
25-04 08:59:53,14.497,3.499,48.988,30.993,0.250,1255944,1293680,165008,5221052,13708.776,1735.592,0,6602.447,0,494.884,4231,6726,1.820,1.210,0.710,1,1,9.998,0,0,11,6,1,19,0
25-04 08:59:54,18.758,4.002,40.768,34.265,0,1294172,1253920,165108,5222336,14684.374,1694.736,0,12789.551,0,476.207,4427,6660,1.820,1.210,0.710,4,1,21.009,0,0,11,7,1,19,0
25-04 08:59:55,8.988,2.497,39.699,47.439,0,1299804,1240424,165660,5228452,12391.978,2323.995,0,12795.457,0,271.649,2407,3398,1.820,1.210,0.710,0,1,0.999,0,0,11,7,1,19,0
25-04 08:59:56,19.242,5.748,42.233,30.238,0,1306932,1232500,165848,5228884,4371.234,713.712,0,8192.689,0,621.749,13624,25454,1.820,1.210,0.710,4,1,15.994,0,0,11,6,1,19,0
25-04 08:59:57,19.301,5.765,33.337,38.100,0,1297972,1240484,166064,5229580,8921.406,487.278,0,14465.953,0,1055.770,13692,25683,1.910,1.240,0.720,1,2,8.021,0,0,11,6,1,19,0
25-04 08:59:58,19.501,6.500,43.503,29.502,0,1287376,1250060,166264,5230328,9004.573,486.031,0,6652.423,0,684.044,5147,7421,1.910,1.240,0.720,0,2,36.002,0,0,11,6,1,19,0
25-04 08:59:59,18.241,5.747,41.978,30.734,0,1202376,1347528,166432,5219168,8110.808,485.749,0,11206.208,0,827.572,5595,8156,1.910,1.240,0.720,2,0,18.990,0,0,11,6,1,19,0
25-04 09:00:00,35.231,8.995,51.222,3.998,0,1145244,1404604,166472,5219184,5889.834,485.739,0,3046.362,0,193.896,3978,3413,1.910,1.240,0.720,1,0,142.923,0,0,11,4,1,19,0
25-04 09:00:01,21.753,3.750,70.509,3.500,0,1180068,1369776,166476,5219184,9193.140,486.060,0,10373.286,0,86.011,2177,1642,1.910,1.240,0.720,2,0,1.000,0,0,11,4,1,19,0
25-04 09:00:02,23.003,3.751,59.509,12.252,0,1130076,1419664,166568,5219196,8890.312,486.072,0,7909.167,0,505.075,2649,2973,2,1.270,0.730,1,0,10.001,0,0,11,4,1,13,0
25-04 09:00:03,22.995,2.749,73.235,0.250,0,1171904,1377832,166572,5219196,5388.918,485.902,0,115.977,0,16.997,1846,1493,2,1.270,0.730,1,0,0,0,0,11,4,1,13,0
25-04 09:00:04,10.275,18.044,70.672,0.251,0,1123288,1426408,166572,5219236,3470.426,561.363,0,84.204,0,6.015,5228,3980,2,1.270,0.730,2,0,348.847,0,0,11,4,1,13,0
25-04 09:00:05,11.721,20.201,66.338,0,0,1088448,1461092,166572,5219824,12539.339,484.815,0,39.902,0,9.976,6976,6609,2,1.270,0.730,1,0,431.944,0,0,11,4,1,13,0
25-04 09:00:06,31.235,12.994,54.723,0.250,0,1122300,1419776,166572,5227328,14230.034,485.762,7444.356,1807.115,74.963,74.963,5250,5495,2,1.270,0.730,2,0,194.905,0,0,11,5,1,13,0
25-04 09:00:07,45.268,5.502,48.270,0,0,1188648,1352996,166580,5227752,8263.356,486.197,20.008,21616.779,4.002,243.099,3128,2055,2.080,1.300,0.750,1,0,0,0,0,11,5,1,13,0
25-04 09:00:08,39.325,8.516,41.579,10.269,0,1210928,1330024,166588,5228540,7474.173,486.923,492.935,15505.402,5.009,410.779,3341,2485,2.080,1.300,0.750,2,1,0,0,0,11,5,1,13,0
25-04 09:00:09,25.458,8.486,61.149,4.493,0,1256124,1282468,166624,5230824,7934.847,539.106,0,1940.783,0,117.805,4383,5009,2.080,1.300,0.750,0,0,117.805,0,0,11,4,1,13,0
25-04 09:00:10,9.022,3.258,85.706,1.253,0,1292136,1246432,166648,5230824,7692.511,487.172,0,637.534,0,56.135,1575,1434,2.080,1.300,0.750,2,0,22.053,0,0,11,4,1,12,0
25-04 09:00:11,22.180,3.489,72.522,0.748,0,1353368,1185196,166668,5230808,4084.148,484.475,0,303.046,0,12.959,2077,1876,2.080,1.300,0.750,2,0,0.997,0,0,11,4,1,12,0
25-04 09:00:12,22.293,2.505,72.388,2.004,0,1374528,1163780,166700,5231032,9297.730,486.929,0,825.574,0,83.159,2613,2843,1.990,1.290,0.750,2,0,1.002,0,0,11,10,1,12,0
25-04 09:00:13,22.973,7.241,55.185,12.735,0,1381224,1156984,166772,5231060,7788.791,485.426,0,7351.308,0,444.474,4673,15765,1.990,1.290,0.750,1,0,77.908,0,0,11,4,1,15,0
25-04 09:00:14,19.248,2.000,76.244,2.000,0,1430068,1107296,167040,5231592,7412.381,2451.795,611.949,1423.881,17.998,30.997,1667,1214,1.990,1.290,0.750,0,0,0,0,0,11,5,1,13,0
25-04 09:00:15,15.999,2.000,66.995,13.249,0,1425984,1111044,167088,5231828,13884.935,3248.751,267.979,4155.681,65.995,90.993,2551,2796,1.990,1.290,0.750,1,0,3.000,0,0,11,25,1,13,0
25-04 09:00:16,19.032,4.758,75.378,0.250,0,1435096,1101900,167096,5231852,14360.339,4191.103,0,308.523,0,21.036,2640,2294,1.990,1.290,0.750,2,0,45.076,0,0,11,28,1,14,0
25-04 09:00:17,18.766,1.751,79.066,0,0,1456736,1080252,167096,5231856,13101.896,4623.845,0,0,0,0,1778,1295,1.910,1.290,0.750,1,0,0,0,0,11,29,1,14,0
25-04 09:00:18,25.693,10.228,63.610,0,0,1483232,1053732,167096,5231880,9840.352,3317.701,0,11.974,0,2.993,3432,2750,1.910,1.290,0.750,3,0,155.658,0,0,11,28,1,15,0
25-04 09:00:19,35.989,5.248,53.733,3.999,0,1515848,1021100,167104,5231888,13110.849,8463.320,0,18270.216,0,133.958,3436,2718,1.910,1.290,0.750,2,0,0,0,0,11,30,1,15,0
25-04 09:00:20,27.821,7.269,56.645,7.018,0,1459928,1076800,167108,5232104,20364.014,11201.611,0,14336.619,0,219.561,6653,8961,1.910,1.290,0.750,4,0,87.223,0,0,11,28,1,16,0
25-04 09:00:21,70.535,23.261,6.003,0,0,1553944,982744,167112,5232136,6611.243,486.239,0,26248.877,0,233.114,6022,5348,1.910,1.290,0.750,6,0,492.241,0,0,11,28,1,16,0
25-04 09:00:22,86.412,10.739,2.248,0.250,0,1762816,773832,167120,5232156,17065.526,12869.822,0,26656.705,0,155.840,5799,4222,2.320,1.380,0.780,5,0,0,0,0,11,32,1,16,0
25-04 09:00:23,71.039,9.255,18.010,1.251,0,1764828,771556,167144,5232392,42335.025,31716.250,0,4118.240,0,48.026,9540,13544,2.320,1.380,0.780,5,0,59.032,0,0,11,30,1,20,0
25-04 09:00:24,27.671,11.218,58.084,1.496,0,1567812,968500,167172,5232432,11756.419,2533.763,0,610.257,0,50.855,4340,4990,2.320,1.380,0.780,1,0,250.285,0,0,11,28,1,22,0
25-04 09:00:25,17.751,2.500,77.755,1.500,0,1545664,990636,167176,5232440,14708.859,6270.366,0,212.012,0,10.001,2265,2292,2.320,1.380,0.780,0,0,0,0,0,11,29,1,22,0
25-04 09:00:26,16.503,6.751,75.264,0.500,0,1507444,1028836,167188,5232448,7698.441,1642.307,0,740.139,0,56.010,3163,3006,2.320,1.380,0.780,1,0,68.013,0,0,11,28,1,22,0
25-04 09:00:27,18.497,2.000,78.236,0.750,0,1511912,1024352,167192,5232460,9788.189,4491.169,0,127.976,0,7.999,1892,1678,2.210,1.380,0.790,1,0,0,0,0,11,29,1,22,0
25-04 09:00:28,11.768,11.518,74.614,0.501,0,1455984,1080124,167200,5232608,12182.628,3620.536,0,224.343,0,23.035,4857,4831,2.210,1.380,0.790,1,0,281.430,0,0,11,28,1,23,0
25-04 09:00:29,37.519,27.014,35.018,0,0,1462764,1073300,167200,5232652,9298.826,560.291,0,268.139,0,22.011,6177,5414,2.210,1.380,0.790,6,0,757.393,0,0,11,28,1,23,0
25-04 09:00:30,83.587,10.010,6.006,0,0,1680884,855176,167200,5232656,21852.710,12338.823,0,180.187,0,9.009,5105,3197,2.210,1.380,0.790,3,0,0,0,0,11,31,1,20,0
25-04 09:00:31,68.613,8.234,21.208,0.998,0,1666104,869736,167236,5232840,44422.373,35220.731,0,2714.584,0,145.709,9969,15429,2.210,1.380,0.790,6,0,60.879,0,0,11,30,1,19,0
25-04 09:00:32,80.425,18.791,0.752,0,0,1617576,918136,167256,5232948,12075.325,3454.531,0,440.961,0,43.094,6221,5788,2.440,1.440,0.810,6,0,250.546,0,0,11,28,1,20,0
25-04 09:00:33,86.960,8.996,3.498,0,0.250,1787936,747612,167264,5233104,28432.909,23007.407,0,323.851,0,13.994,6312,5882,2.440,1.440,0.810,5,0,0,0,0,11,33,1,20,0
25-04 09:00:34,70.256,11.001,18.252,0.500,0,1751376,783780,167264,5233496,48291.297,40794.630,0,460.041,0,32.003,9093,16860,2.440,1.440,0.810,3,0,150.013,0,0,11,28,1,25,0
25-04 09:00:35,44.103,9.967,44.602,0.249,0,1512540,1022592,167272,5233512,6698.723,558.144,0,251.165,0,14.950,3888,2678,2.440,1.440,0.810,2,0,147.509,0,0,11,28,1,22,0
25-04 09:00:36,27.517,3.502,67.792,0,0,1505432,1029664,167276,5233544,26613.492,16664.327,0,188.117,0,9.006,4716,5476,2.440,1.440,0.810,2,0,0,0,0,11,30,1,22,0
25-04 09:00:37,45.890,17.804,34.605,1.755,0,1486068,1048968,167296,5233584,12370.692,2685.181,0,922.812,0,63.193,5877,5509,2.400,1.450,0.810,3,0,379.155,0,0,11,28,1,24,0
25-04 09:00:38,52.741,5.749,40.743,0,0,1566624,968392,167300,5233600,23555.003,13449.718,0,107.982,0,8.998,4203,3416,2.400,1.450,0.810,3,0,0,0,0,11,31,1,24,0
25-04 09:00:39,49.008,15.253,34.256,0.500,0,1492344,1042408,167352,5233812,22572.803,15884.676,0,440.074,0,51.009,7633,10105,2.400,1.450,0.810,4,0,258.043,0,0,11,28,1,25,0
25-04 09:00:40,70.195,8.244,21.233,0,0,1617676,917052,167360,5233828,19888.406,11374.082,0,175.862,0,7.994,4538,2430,2.400,1.450,0.810,2,0,0,0,0,11,32,1,25,0
25-04 09:00:41,58.217,5.997,31.482,3.748,0,1621752,912768,167368,5234028,37816.694,29784.220,0,2542.568,0,148.916,8730,12841,2.400,1.450,0.810,4,0,0.999,0,0,11,28,1,28,0
25-04 09:00:42,62.066,17.268,20.272,0,0,1586624,947856,167368,5234068,7541.043,486.519,0,252.269,0,14.015,4254,2993,2.450,1.470,0.830,3,0,324.346,0,0,11,28,1,28,0
25-04 09:00:43,43.477,4.248,46.725,4.997,0,1607980,926448,167368,5234120,24190.083,22390.044,0,5261.191,0,412.780,6489,7433,2.450,1.470,0.830,1,0,0,0,0,11,31,1,28,0
25-04 09:00:44,58.357,16.210,23.692,0.748,0.249,1554272,980192,167384,5234168,17416.198,7456.675,0,1296.813,0,85.789,6164,6530,2.450,1.470,0.830,3,0,298.267,0,0,11,28,1,30,0
25-04 09:00:45,49.875,5.263,44.111,0.251,0,1614956,919492,167384,5234184,21924.143,13992.193,0,152.383,0,8.020,4234,3319,2.450,1.470,0.830,2,0,0,0,0,11,31,1,30,0
25-04 09:00:46,50.179,15.228,33.453,0.749,0,1520720,1013376,167384,5234536,23843.221,14767.079,0,1513.855,0,152.784,7232,9004,2.450,1.470,0.830,3,0,286.594,0,0,11,28,1,33,0
25-04 09:00:47,52.122,5.736,40.900,0.249,0,1602196,931752,167388,5234680,16015.715,10573.065,0,191.530,0,7.980,3886,2532,2.500,1.500,0.840,5,0,0,0,0,11,31,1,31,0
25-04 09:00:48,51.987,9.041,38.425,0.753,0,1469576,1064132,167396,5234908,24846.393,16053.263,0,393.797,0,38.174,7139,8826,2.500,1.500,0.840,3,0,112.513,0,0,11,28,1,33,0
25-04 09:00:49,57.757,8.713,32.364,0,0,1586724,946976,167396,5234916,14233.183,6236.789,0,517.824,0,9.958,3572,1623,2.500,1.500,0.840,2,0,0,0,0,11,31,1,33,0
25-04 09:00:50,45.941,9.289,45.187,0.753,0,1578672,954968,167400,5234972,26289.042,20386.559,0,1490.181,0,42.175,6595,9615,2.500,1.500,0.840,5,0,127.529,0,0,11,28,1,35,0
25-04 09:00:51,74.173,24.475,0.499,0,0,1581128,952432,167404,5235044,8771.941,485.499,0,267.724,0,22.976,5728,5291,2.500,1.500,0.840,8,0,619.360,0,0,11,28,1,35,0
25-04 09:00:52,83.346,16.269,0.751,0,0,1776600,756912,167404,5235092,22225.661,17278.950,0,196.227,0,10.012,6091,5393,2.860,1.590,0.870,5,0,416.481,0,0,11,32,1,35,0
25-04 09:00:53,75.227,19.244,4.499,0.250,0.250,1777456,755764,167412,5235376,46307.617,42353.845,0,1095.660,0,73.977,8828,11656,2.860,1.590,0.870,3,0,467.855,0,0,11,31,1,35,0
25-04 09:00:54,83.013,16.002,0.250,0,0,1679844,853176,167436,5235552,20407.178,9244.440,0,2084.325,0,131.020,6155,5624,2.860,1.590,0.870,5,0,224.035,0,0,11,29,1,36,0
25-04 09:00:55,75.187,7.469,17.428,0,0,1684768,848200,167440,5235600,37245.091,29095.985,0,179.254,0,6.971,6809,8629,2.860,1.590,0.870,5,0,0.996,0,0,11,32,1,37,0
25-04 09:00:56,47.432,18.571,33.629,0,0,1462324,1070404,167448,5235848,34811.452,24221.856,0,168.647,0,12.046,8816,12746,2.860,1.590,0.870,1,0,545.090,0,0,11,28,1,41,0
25-04 09:00:57,29.761,31.261,38.014,0.500,0,1493172,1039516,167448,5235888,8065.942,486.177,0,252.092,0,21.008,6699,6254,2.710,1.580,0.870,7,0,909.332,0,0,11,28,1,41,0
25-04 09:00:58,72.237,12.455,14.198,0,0,1632500,900144,167460,5235912,12624.983,10234.696,0,191.303,0,14.946,4907,3460,2.710,1.580,0.870,3,0,154.437,0,0,11,31,1,41,0
25-04 09:00:59,55.420,10.031,33.854,0,0,1612232,920196,167476,5236112,31181.865,22452.026,0,477.468,0,49.151,7749,10638,2.710,1.580,0.870,3,0,134.413,0,0,11,29,1,44,0
25-04 09:01:00,76.482,14.200,8.719,0,0,1608196,924200,167480,5236140,10569.900,5979.014,0,267.063,0,20.927,5024,3309,2.710,1.580,0.870,3,0,133.531,0,0,11,30,1,45,0
25-04 09:01:01,60.159,6.267,33.338,0,0,1636304,896016,167484,5236212,31957.375,27383.298,0,192.508,0,8.021,7468,10533,2.710,1.580,0.870,3,0,1.003,0,0,11,32,1,45,0
25-04 09:01:02,51.270,5.752,40.266,0.500,0.250,1601632,930288,167496,5236596,46769.265,36879.402,0,372.145,0,33.013,12957,20452,2.570,1.570,0.870,5,0,30.012,0,0,11,30,1,45,0
25-04 09:01:03,77.671,13.486,9.241,0.250,0,1566600,965256,167508,5236612,15138.603,8521.333,0,379.614,0,39.959,6759,6457,2.570,1.570,0.870,3,0,91.907,0,0,11,29,1,45,0
25-04 09:01:04,61.856,6.261,31.053,0,0,1634304,897492,167512,5236664,33789.639,24064.049,0,184.314,0,9.015,6190,7674,2.570,1.570,0.870,5,0,0,0,0,11,32,1,45,0
25-04 09:01:05,51.770,5.502,42.017,0,0,1626244,905144,167512,5237064,52462.654,42858.873,0,156.061,0,10.004,11626,20617,2.570,1.570,0.870,3,0,21.008,0,0,11,30,1,47,0
25-04 09:01:06,74.716,16.243,8.246,0,0,1544752,986584,167512,5237116,14276.500,8899.948,0,155.929,0,7.996,6310,6136,2.570,1.570,0.870,4,0,238.891,0,0,11,28,1,49,0
25-04 09:01:07,63.935,6.743,29.720,0,0,1634276,897012,167512,5237160,35612.767,24289.287,0,119.878,0,7.992,6144,7165,2.680,1.610,0.890,2,0,0,0,0,11,32,1,49,0
25-04 09:01:08,61.321,10.012,27.532,0.250,0,1542896,988128,167520,5237408,39288.563,28279.796,0,292.339,0,25.029,10183,16044,2.680,1.610,0.890,4,1,74.086,0,0,11,29,1,51,0
25-04 09:01:09,77.008,10.751,11.501,0,0,1613184,917820,167540,5237408,12137.243,9055.927,0,320.033,0,29.003,5017,3626,2.680,1.610,0.890,4,0,54.006,0,0,11,30,2,51,0
25-04 09:01:10,61.248,10.955,26.142,0.498,0,1621912,908864,167560,5237612,33442.265,20605.136,0,322.671,0,31.869,6749,8462,2.680,1.610,0.890,3,0,119.508,0,0,11,30,1,53,0
25-04 09:01:11,63.760,7.029,29.370,0,0,1645168,885380,167564,5237828,38235.088,30088.832,0,188.771,0,9.037,6611,10825,2.680,1.610,0.890,4,0,14.057,0,0,11,30,1,55,0
25-04 09:01:12,72.266,14.753,13.503,0,0,1550884,979604,167568,5237884,26294.963,13618.088,0,152.034,0,8.002,6194,7737,2.870,1.670,0.910,4,0,214.049,0,0,11,28,1,57,0
25-04 09:01:13,71.386,9.984,17.722,0,0,1659596,870864,167568,5237912,23934.675,16486.601,0,155.751,0,8.986,5611,13371,2.870,1.670,0.910,3,0,35.942,0,0,11,31,1,59,0
25-04 09:01:14,65.304,10.759,23.519,0,0,1637408,892868,167568,5238088,23563.502,20090.628,0,388.321,0,46.038,5394,7522,2.870,1.670,0.910,2,0,68.056,0,0,11,30,1,60,0
25-04 09:01:15,56.379,9.230,31.931,0.748,0,1612380,917840,167580,5238140,23178.095,13908.055,0,614.677,0,58.873,5341,5729,2.870,1.670,0.910,2,0,138.701,0,0,11,31,1,60,0
25-04 09:01:16,55.872,10.774,33.573,0.251,0,1536328,993852,167596,5238164,12413.146,6798.868,0,260.570,0,23.050,4435,3648,2.870,1.670,0.910,2,0,120.263,0,0,11,31,1,61,0
25-04 09:01:17,48.145,9.230,41.160,0.499,0,1544692,985396,167612,5238240,25914.406,17174.493,0,247.460,0,22.950,5490,7077,2.800,1.670,0.920,4,0,96.789,0,0,11,34,1,62,0
25-04 09:01:18,50.988,9.248,37.491,1.750,0,1533828,996020,167616,5238472,19305.403,14372.578,0,4406.951,0,145.965,6740,7134,2.800,1.670,0.920,2,0,85.980,0,0,11,33,1,64,0
25-04 09:01:19,53.401,7.020,39.110,0.251,0,1557392,972256,167616,5238668,23814.210,11760.190,0,224.634,0,16.045,4575,4626,2.800,1.670,0.920,3,0,53.150,0,0,11,34,1,65,0
25-04 09:01:20,29.751,5.500,63.002,0.500,0,1520564,1009008,167640,5238712,26205.885,16703.564,0,648.022,0,35.001,6254,8738,2.800,1.670,0.920,3,0,95.003,0,0,11,32,1,65,0
25-04 09:01:21,41.729,8.746,49.475,0,0,1502220,1027336,167648,5238720,5294.376,727.639,0,1679.168,0,13.993,3319,2143,2.800,1.670,0.920,1,0,73.963,0,0,11,32,2,65,0
25-04 09:01:22,31.509,3.001,64.518,0.250,0,1492904,1036496,167648,5238876,18001.053,15002.211,0,196.055,0,13.004,3545,4567,2.660,1.660,0.920,3,0,2.001,0,0,11,33,1,66,0
25-04 09:01:23,37.614,10.960,49.820,0.249,0,1503732,1025592,167668,5238932,15074.459,3305.042,0,653.635,0,43.841,4709,4087,2.660,1.660,0.920,2,0,135.510,0,0,11,32,1,67,0
25-04 09:01:24,32.500,3.750,62.501,0.250,0,1520648,1008644,167680,5238948,20406.216,11714.124,0,180.002,0,15.000,3489,3132,2.660,1.660,0.920,2,0,0,0,0,11,33,1,62,0
25-04 09:01:25,36.524,7.255,54.785,0.500,0,1452856,1076392,167696,5238976,14349.253,6146.964,0,388.250,0,36.023,5088,5271,2.660,1.660,0.920,2,0,65.042,0,0,11,32,1,63,0
25-04 09:01:26,37.857,5.265,56.910,0.251,0,1499248,1029980,167700,5238992,13375.659,7886.204,0,144.407,0,9.025,3312,2775,2.660,1.660,0.920,1,0,0,0,0,11,34,1,63,0
25-04 09:01:27,31.006,6.001,62.011,0,0,1512688,1016372,167700,5239160,22944.119,14150.540,0,152.027,0,10.002,4918,6302,2.600,1.670,0.930,3,0,43.008,0,0,11,33,1,64,0
25-04 09:01:28,38.150,5.984,53.610,1.247,0,1536492,992556,167700,5239164,14521.073,6256.658,0,271.291,0,22.940,3452,3056,2.600,1.670,0.930,2,0,6.982,0,0,11,33,0,63,0
25-04 09:01:29,32.047,3.755,63.593,0.250,0,1540128,988876,167716,5239192,21283.150,14028.532,0,284.416,0,24.035,4421,5983,2.600,1.670,0.930,3,0,0,0,0,11,33,0,64,0
25-04 09:01:30,20.214,11.979,66.881,0.749,0,1420744,1108140,167732,5239288,8033.690,4322.301,0,435.225,0,22.959,4416,4641,2.600,1.670,0.930,1,0,281.499,0,0,11,32,0,65,0
25-04 09:01:31,18.499,2.000,77.996,0.250,0,1454404,1074472,167736,5239292,14312.318,5517.737,0,143.993,0,10.000,1949,1633,2.600,1.670,0.930,1,0,1.000,0,0,11,33,0,65,0
25-04 09:01:32,14.481,4.994,78.897,0.499,0,1421468,1107372,167744,5239320,13048.017,6143.004,0,271.646,0,26.965,3929,4536,2.470,1.660,0.930,3,0,86.887,0,0,11,32,0,64,0
25-04 09:01:33,16.555,10.284,70.232,1.756,0,1469592,1059240,167748,5239324,7800.773,487.611,0,2572.499,0,187.620,3359,2379,2.470,1.660,0.930,2,0,197.653,0,0,11,32,0,64,0
25-04 09:01:34,16.717,1.747,80.091,0.250,0,1460976,1067712,167752,5239464,14076.978,7250.567,0,147.706,0,6.986,2218,2306,2.470,1.660,0.930,0,0,0,0,0,11,33,0,64,0
25-04 09:01:35,19.001,5.000,74.255,1.000,0,1392232,1136424,167760,5239484,14834.959,4419.286,0,352.023,0,27.002,3473,3773,2.470,1.660,0.930,1,0,46.003,0,0,11,32,0,65,0
25-04 09:01:36,18.753,2.000,78.761,0,0,1417476,1111168,167768,5239488,17213.482,5584.805,0,132.019,0,10.001,1923,1663,2.470,1.660,0.930,1,0,1.000,0,0,11,33,0,60,0
25-04 09:01:37,15.997,2.499,79.984,0,0,1411360,1117248,167772,5239520,15551.860,9482.085,0,83.983,0,8.998,4242,5865,2.360,1.640,0.930,1,0,0,0,0,11,32,0,60,0
25-04 09:01:38,12.790,20.816,64.453,1.756,0,1380020,1148356,167796,5239716,10472.005,487.537,0,369.163,0,31.098,6295,5578,2.360,1.640,0.930,2,0,584.843,0,0,11,32,0,61,0
25-04 09:01:39,42.637,7.480,48.622,0.499,0,1484100,1043832,167852,5240100,8167.422,472.751,35.905,291.231,0.997,19.947,3330,2167,2.360,1.640,0.930,2,0,42.887,0,0,11,32,0,62,0
25-04 09:01:40,32.810,5.260,45.082,15.779,0,1503976,1020144,168192,5242964,7266.182,486.883,436.792,5293.604,17.031,348.632,4613,6080,2.360,1.640,0.930,1,2,23.042,0,0,11,36,0,59,0
25-04 09:01:41,25.736,5.247,40.478,26.486,0,1549252,973948,168332,5243720,9601.899,485.742,0,10990.162,0,796.577,5429,8852,2.360,1.640,0.930,2,1,19.989,0,0,11,36,0,59,0
25-04 09:01:42,27.030,4.755,46.301,20.523,0,1542456,979504,168504,5244736,5727.322,486.537,0,9138.087,0,703.777,5362,8684,2.490,1.680,0.940,1,1,24.027,0,0,11,36,0,59,0
25-04 09:01:43,26.474,6.244,43.708,22.229,0,1558316,962472,168660,5245728,10881.477,485.530,0,5430.748,0,537.480,5754,8704,2.490,1.680,0.940,1,1,22.978,0,0,11,36,0,59,0
25-04 09:01:44,26.460,4.743,38.443,27.209,0,1547472,972480,168760,5246408,8535.253,485.275,0,11107.412,0,823.770,6613,10949,2.490,1.680,0.940,2,1,21.967,0,0,11,36,0,54,0
25-04 09:01:45,26.251,4.750,42.502,24.751,0,1612264,906992,168816,5247044,3997.153,486.019,0,10584.406,0,877.034,5243,8089,2.490,1.680,0.940,1,1,17.001,0,0,11,36,0,54,0
25-04 09:01:46,25.996,4.999,42.744,24.746,0.250,1581712,936988,168876,5247528,8701.752,485.930,0,9510.636,0,682.902,5074,8135,2.490,1.680,0.940,1,3,12.998,0,0,11,36,0,54,0
25-04 09:01:47,26.747,5.749,42.746,23.998,0,1591636,926612,168972,5247872,8470.137,485.950,0,10510.929,0,735.925,5410,8686,2.610,1.720,0.960,2,1,10.999,0,0,11,36,0,54,0
25-04 09:01:48,27.322,4.261,43.866,22.810,0,1549848,967712,169088,5248428,8812.212,487.284,0,8598.650,0,795.094,5381,8576,2.610,1.720,0.960,1,2,13.034,0,0,11,36,0,50,0
25-04 09:01:49,25.422,4.985,42.369,24.923,0,1598600,918472,169308,5248676,5339.513,484.504,0,10611.236,0,814.485,5648,9352,2.610,1.720,0.960,4,1,13.957,0,0,11,36,0,50,0
25-04 09:01:50,28.032,4.755,42.798,22.525,0,1548664,967780,169516,5249064,11124.522,486.548,0,9298.466,0,728.820,5644,9159,2.610,1.720,0.960,1,1,7.008,0,0,11,36,0,50,0
25-04 09:01:51,35.732,5.247,40.980,16.742,0,1502460,1014424,169660,5248472,9021.548,485.760,0,10934.603,0,708.650,5947,9463,2.610,1.720,0.960,2,0,7.996,0,0,11,32,0,50,0
25-04 09:01:52,43.098,5.763,47.107,3.759,0,1554196,962588,169660,5248572,3495.947,487.107,0,946.151,0,30.068,2782,1810,2.560,1.730,0.970,2,1,2.005,0,0,11,34,0,47,0
25-04 09:01:53,26.745,5.249,45.242,20.996,0,1554548,961912,169860,5248696,3561.376,485.915,0,4999.124,0,646.887,5973,9769,2.560,1.730,0.970,1,2,1.000,0,0,11,34,0,47,0
25-04 09:01:54,28.734,5.747,42.227,20.989,0,1552172,963796,170116,5248928,11967.500,485.736,0,10422.339,0,1060.424,7597,12744,2.560,1.730,0.970,3,0,2.998,0,0,11,34,0,47,0
25-04 09:01:55,28.763,5.002,45.521,18.759,0,1550408,965116,170388,5249088,10493.820,486.223,0,8347.834,0,991.455,7591,12630,2.560,1.730,0.970,1,1,0,0,0,11,34,0,47,0
25-04 09:01:56,31.184,8.233,45.903,13.472,0,1503588,1011752,170496,5249144,10260.396,484.979,0,9228.568,0,682.563,5946,8372,2.560,1.730,0.970,1,0,98.792,0,0,11,32,0,41,0
25-04 09:01:57,21.188,4.736,71.291,1.994,0,1490912,1024312,170500,5249252,8024.512,484.582,0,319.066,0,15.953,2061,1434,2.440,1.720,0.970,2,0,26.921,0,0,11,32,0,41,0
25-04 09:01:58,9.549,21.360,61.064,7.539,0,1479156,1035920,170524,5249308,8872.631,488.512,0,4663.987,0,179.925,6983,6506,2.440,1.720,0.970,2,0,606.117,0,0,11,32,0,41,0
25-04 09:01:59,8.502,20.755,68.266,0.750,0,1459556,1055456,170528,5249368,5507.309,486.116,0,400.095,0,10.002,6248,5004,2.440,1.720,0.970,1,0,483.115,0,0,11,32,0,41,0
25-04 09:02:00,13.715,13.216,71.565,0,0,1450148,1064852,170528,5249372,3992.674,484.746,0,0,0,0,4209,3336,2.440,1.720,0.970,1,0,263.319,0,0,11,32,0,41,0
25-04 09:02:01,22.993,2.999,73.477,0,0,1509352,1005644,170528,5249376,4628.571,485.850,0,19.994,0,2.999,1866,1292,2.440,1.720,0.970,1,0,2.999,0,0,11,32,0,37,0
25-04 09:02:02,22.518,2.752,74.059,0,0,1509988,1005012,170528,5249372,9692.744,486.389,0,20.016,0,2.002,1823,1311,2.320,1.700,0.970,1,0,1.001,0,0,11,32,0,37,0
25-04 09:02:03,22.301,3.258,73.670,0,0,1549044,965952,170528,5249376,5358.369,433.000,0,20.046,0,1.002,1773,1231,2.320,1.700,0.970,2,0,2.005,0,0,11,32,0,37,0
25-04 09:02:04,22.193,3.740,72.315,1.247,0,1509944,1005024,170536,5249396,8523.215,484.761,0,953.563,0,121.689,2162,1940,2.320,1.700,0.970,2,0,0.997,0,0,11,32,0,37,0
25-04 09:02:05,22.499,3.500,73.246,0,0,1496348,1018608,170536,5249408,6714.667,539.973,0,43.998,0,5.000,1836,1186,2.320,1.700,0.970,2,0,3.000,0,0,11,32,0,37,0
25-04 09:02:06,21.749,3.500,73.746,0,0,1531488,983488,170536,5249388,10037.497,485.976,0,0,0,0,1912,1401,2.320,1.700,0.970,1,0,2.000,0,0,11,32,0,37,0
25-04 09:02:07,23.003,2.750,73.761,0,0,1516328,998640,170536,5249396,7421.091,486.071,0,20.003,0,1.000,1782,1244,2.210,1.690,0.970,1,0,1.000,0,0,11,32,0,37,0
25-04 09:02:08,22.499,3.250,73.746,0,0.250,1539936,975032,170536,5249396,4547.771,485.976,0,8.000,0,2.000,1763,1237,2.210,1.690,0.970,1,0,2.000,0,0,11,32,0,37,0
25-04 09:02:09,22.751,3.250,73.504,0,0,1506116,1008868,170536,5249380,10165.543,486.026,0,12.001,0,1.000,1853,1343,2.210,1.690,0.970,2,0,1.000,0,0,11,32,0,31,0
25-04 09:02:10,22.994,2.499,73.482,0,0,1538192,976792,170536,5249380,7408.200,485.882,0,83.980,0,2.999,1846,1348,2.210,1.690,0.970,2,0,2.000,0,0,11,32,0,31,0
25-04 09:02:11,23.004,3.001,73.263,0,0,1496300,1018740,170536,5249324,5388.979,486.088,0,2064.375,0,15.003,1867,1369,2.210,1.690,0.970,1,0,2.000,0,0,11,32,0,31,0
25-04 09:02:12,22.744,2.999,73.732,0,0.250,1533328,981648,170536,5249384,8042.049,485.882,0,87.979,0,1.000,1798,1168,2.120,1.680,0.970,1,0,2.000,0,0,11,32,0,31,0
25-04 09:02:13,26.754,6.001,66.760,0,0,1474572,1040388,170536,5249400,9404.376,486.071,0,20.003,0,2.000,2798,14218,2.120,1.680,0.970,2,0,37.005,0,0,11,32,0,26,0
25-04 09:02:14,21.999,3.750,72.247,1.000,0,1481264,1033700,170536,5249396,7852.678,527.978,0,527.978,0,32.999,2115,1949,2.120,1.680,0.970,2,0,1.000,0,0,11,32,0,26,0
25-04 09:02:15,23.006,3.501,71.769,1.750,0,1473604,1041340,170536,5249416,6736.802,486.130,0,220.059,0,37.010,1908,1299,2.120,1.680,0.970,2,0,3.001,0,0,11,32,0,26,0
25-04 09:02:16,22.250,3.250,73.751,0,0,1469320,1045624,170536,5249416,5359.055,486.005,0,540.006,0,81.001,1841,1268,2.120,1.680,0.970,2,0,1.000,0,0,11,32,0,26,0
25-04 09:02:17,22.499,3.250,73.496,0,0,1508968,1005988,170536,5249404,9912.517,539.974,0,0,0,0,1850,1382,2.030,1.670,0.970,3,0,0,0,0,11,32,0,19,0
25-04 09:02:18,19.802,6.768,72.691,0,0,1492576,1022332,170536,5249452,11363.792,433.136,0,60.158,0,3.008,2741,2001,2.030,1.670,0.970,3,0,110.289,0,0,11,32,0,19,0
25-04 09:02:19,13.212,14.957,70.546,0,0,1481856,1033028,170536,5249472,6154.247,632.176,0,191.448,0,7.977,4693,3811,2.030,1.670,0.970,1,0,350.988,0,0,11,32,0,19,0
25-04 09:02:20,23.006,2.501,73.269,0,0,1489464,1025384,170536,5249508,8697.212,486.124,0,108.027,0,3.001,1719,1079,2.030,1.670,0.970,1,0,0,0,0,11,32,0,19,0
25-04 09:02:21,22.057,3.760,73.942,0,0,1525924,988700,170536,5249728,6399.587,487.263,0,192.499,0,3.008,1951,1353,2.030,1.670,0.970,1,0,10.026,0,0,11,32,0,13,0
25-04 09:02:22,20.509,8.003,71.281,0,0,1516300,998200,170536,5249852,9211.983,486.210,40.017,28.012,2.001,1.000,3090,2429,1.940,1.660,0.970,1,0,204.088,0,0,11,32,0,13,0
25-04 09:02:23,8.492,21.979,68.684,0,0,1486296,1028152,170536,5249900,8328.049,485.536,0,207.802,0,7.992,6747,6017,1.940,1.660,0.970,1,0,643.386,0,0,11,32,0,13,0
25-04 09:02:24,9.009,21.772,67.319,1.001,0,1465896,1048488,170544,5249952,5128.238,486.497,0,1193.219,0,40.041,7241,6841,1.940,1.660,0.970,1,0,701.717,0,0,11,32,0,13,0
25-04 09:02:25,7.998,22.245,68.234,0.250,0,1431312,1083044,170548,5249972,8345.987,485.883,0,1355.673,0,46.989,6142,4851,1.940,1.660,0.970,1,0,492.881,0,0,11,32,0,10,0
25-04 09:02:26,8.738,21.969,68.403,0,0,1419792,1094508,170548,5250008,7315.676,485.315,0,1402.022,0,16.976,6564,5566,1.940,1.660,0.970,1,0,596.159,0,0,11,32,0,10,0
25-04 09:02:27,8.248,20.496,70.236,0,0,1402372,1111888,170548,5250048,8852.221,485.902,0,251.949,0,8.998,6433,5560,1.790,1.630,0.960,2,0,570.885,0,0,11,32,0,10,0
25-04 09:02:28,8.763,22.033,67.853,0,0,1388280,1125928,170548,5250096,8621.072,486.738,0,280.425,0,14.021,6497,5457,1.790,1.630,0.960,2,0,589.894,0,0,11,32,0,10,0
25-04 09:02:29,8.992,20.233,69.941,0,0,1360604,1153560,170564,5250124,8446.901,485.592,0,27.976,0,6.994,6159,5049,1.790,1.630,0.960,1,0,494.584,0,0,11,32,0,7,0
25-04 09:02:30,37.794,26.531,34.290,1.251,0,1419904,1094176,170608,5250172,9956.529,486.563,0,1201.391,0,69.080,7249,7085,1.790,1.630,0.960,3,0,774.897,0,0,11,32,0,13,0
25-04 09:02:31,64.907,7.989,24.215,2.496,0,1631248,880716,170720,5251912,3626.819,485.307,15.977,1877.318,0.999,152.782,3933,1988,1.790,1.630,0.960,2,1,3.994,0,0,11,34,0,13,0
25-04 09:02:32,24.669,4.485,38.624,30.152,0,1646772,859380,171132,5256452,3454.715,484.418,426.606,9827.897,8.971,518.307,5748,9201,1.890,1.650,0.970,4,1,25.915,0,0,11,38,0,14,0
25-04 09:02:33,7.774,3.260,54.667,31.346,0,1645124,859216,171264,5258068,9314.527,487.493,0,10704.785,0,757.319,5805,10628,1.890,1.650,0.970,1,1,27.083,0,0,11,38,0,11,0
25-04 09:02:34,6.239,2.496,55.656,32.196,0,1640968,862092,171380,5259200,5925.981,485.180,0,12454.942,0,839.580,4896,9035,1.890,1.650,0.970,0,2,14.975,0,0,11,38,0,11,0
25-04 09:02:35,8.249,3.500,51.747,33.998,0,1638768,863036,171512,5260260,9570.386,485.969,0,12811.178,0,836.946,6023,11077,1.890,1.650,0.970,0,2,17.999,0,0,11,38,0,11,0
25-04 09:02:36,6.754,3.252,48.530,38.774,0,1637532,862480,171692,5261792,5576.483,486.304,0,15669.788,0,1000.625,5416,10342,1.890,1.650,0.970,4,1,9.006,0,0,11,38,0,11,0
25-04 09:02:37,7.993,2.747,56.198,29.973,0.250,1636376,862028,171764,5263260,8984.761,485.555,0,7501.121,0,600.449,5221,9213,1.970,1.670,0.990,0,1,17.984,0,0,11,38,0,10,0
25-04 09:02:38,6.494,2.997,51.199,36.464,0,1636200,861508,171816,5263880,6862.208,485.519,0,12723.407,0,830.178,5020,9363,1.970,1.670,0.990,1,1,8.991,0,0,11,38,0,10,0
25-04 09:02:39,11.534,3.510,52.155,29.839,0,1586348,910072,171912,5265028,4012.907,541.607,0,15794.865,0,1034.068,6512,12278,1.970,1.670,0.990,7,2,17.051,0,0,11,36,0,10,0
25-04 09:02:40,23.706,6.738,32.191,35.185,0,1658812,836460,171956,5266100,10622.436,485.107,0,12417.130,0,723.667,6263,9208,1.970,1.670,0.990,1,4,51.904,0,0,11,36,0,10,0
25-04 09:02:41,20.010,4.002,46.523,27.014,0,1666216,827892,172012,5267176,14444.254,8621.330,0,7023.527,0,537.270,6048,9632,1.970,1.670,0.990,2,0,19.010,0,0,11,37,0,8,0
25-04 09:02:42,21.009,7.503,34.515,35.015,0,1600348,892708,172048,5268160,5727.449,1621.693,0,14170.059,0,908.388,7567,13005,2.060,1.700,1,1,2,79.034,0,0,11,38,0,9,0
25-04 09:02:43,23.492,4.249,35.988,34.238,0,1638628,852652,172100,5269820,14152.245,5516.147,0,9588.778,0,678.772,6267,10184,2.060,1.700,1,1,1,8.997,0,0,11,39,0,9,0
25-04 09:02:44,16.995,4.499,44.238,31.241,0,1638096,851700,172196,5271176,17668.030,8948.483,0,13984.066,0,897.747,7949,13419,2.060,1.700,1,1,1,11.997,0,0,11,39,0,9,0
25-04 09:02:45,17.804,5.266,45.137,28.838,0,1610224,878380,172272,5272224,16061.836,6495.750,0,15876.272,0,938.855,7973,13342,2.060,1.700,1,4,1,39.119,0,0,11,38,0,9,0
25-04 09:02:46,26.175,4.487,39.138,27.671,0,1633564,853208,172356,5273876,9473.864,767.801,0,9245.518,0,696.006,6192,10020,2.060,1.700,1,0,3,8.974,0,0,11,38,1,9,0
25-04 09:02:47,19.552,4.261,43.115,31.083,0,1637636,848224,172440,5274672,11603.871,8457.500,0,15228.514,0,1286.422,7225,11842,2.130,1.720,1.010,1,3,18.048,0,0,11,39,0,9,0
25-04 09:02:48,19.507,3.751,43.016,31.262,0,1637404,846964,172496,5276056,17339.617,8315.173,0,17282.596,0,1200.458,8836,15479,2.130,1.720,1.010,2,1,0,0,0,11,39,0,9,0
25-04 09:02:49,19.936,6.230,43.360,27.411,0,1627476,855400,172532,5277456,12028.108,4511.413,0,11275.542,0,797.422,7593,12256,2.130,1.720,1.010,5,1,73.762,0,0,11,38,0,10,0
25-04 09:02:50,25.244,4.499,41.490,27.743,0,1678756,803148,172580,5278348,8292.960,2836.302,0,9229.729,0,672.834,5366,8501,2.130,1.720,1.010,2,1,0,0,0,11,39,0,10,0
25-04 09:02:51,20.292,4.259,45.593,28.057,0,1674272,805760,172664,5280096,17052.887,7515.375,0,14329.315,0,866.773,6949,11443,2.130,1.720,1.010,1,2,13.027,0,0,11,39,0,10,0
25-04 09:02:52,19.235,2.998,41.467,32.974,0,1661532,817360,172880,5280984,14478.510,7659.921,0,13932.943,0,891.293,7893,13137,2.200,1.740,1.020,0,1,6.994,0,0,11,39,0,10,0
25-04 09:02:53,25.287,6.259,40.058,26.288,0.250,1606000,871740,173040,5281976,12376.887,3368.869,0,11276.296,0,774.119,7045,11214,2.200,1.740,1.020,3,1,39.056,0,0,11,38,0,10,0
25-04 09:02:54,32.202,15.976,30.705,19.970,0,1610904,865336,173116,5283760,13020.743,5455.931,371.451,10943.814,5.991,746.895,8844,13179,2.200,1.740,1.020,4,2,323.522,0,0,11,37,0,10,0
25-04 09:02:55,33.019,13.508,31.268,20.762,0,1595072,879688,173192,5284688,18302.695,9066.298,1108.648,11843.921,18.011,779.455,9974,16993,2.200,1.740,1.020,5,1,152.089,0,0,11,37,0,10,0
25-04 09:02:56,22.713,9.484,43.678,21.215,0,1562576,911008,173324,5285700,20377.564,7100.350,666.906,9811.901,11.980,668.902,7755,12205,2.200,1.740,1.020,4,2,158.740,0,0,11,36,0,11,0
25-04 09:02:57,22.032,5.258,42.561,28.791,0,1624288,848416,173384,5286464,10465.083,2455.539,0,13263.116,0,965.391,5372,7919,2.430,1.790,1.040,2,1,1.001,0,0,11,37,0,11,0
25-04 09:02:58,20.720,3.495,49.427,22.966,0,1588856,882624,173424,5287608,15394.413,7287.308,0,10260.945,0,692.983,6561,10958,2.430,1.790,1.040,2,1,7.988,0,0,11,36,0,12,0
25-04 09:02:59,25.510,6.503,41.016,26.260,0,1631796,838660,173460,5288572,6097.364,486.189,0,9307.609,0,630.244,5895,8977,2.430,1.790,1.040,4,1,35.014,0,0,11,36,0,12,0
25-04 09:03:00,17.489,3.498,48.220,27.983,0,1622256,846788,173516,5289836,15920.133,7191.543,0,11125.105,0,749.535,6257,10616,2.430,1.790,1.040,1,1,0,0,0,11,36,0,13,0
25-04 09:03:01,23.991,7.497,38.986,27.740,0,1635400,832548,173564,5290808,8076.999,485.819,0,8664.780,0,653.757,6066,8782,2.430,1.790,1.040,6,0,66.975,0,0,11,36,0,13,0
25-04 09:03:02,18.058,3.260,50.161,26.084,0,1639684,827292,173576,5291732,11300.314,7466.995,0,10373.335,0,444.428,5206,7965,2.310,1.780,1.040,2,2,0,0,0,11,37,0,13,0
25-04 09:03:03,21.006,6.752,40.012,30.759,0,1598468,867532,173600,5292648,7776.402,4003.236,0,14588.506,0,922.285,6587,10815,2.310,1.780,1.040,1,1,46.014,0,0,11,36,0,14,0
25-04 09:03:04,19.686,3.987,46.349,27.161,0,1625584,839292,173628,5293712,15676.817,5602.708,0,7423.762,0,529.272,5360,8526,2.310,1.780,1.040,2,2,0,0,0,11,37,0,14,0
25-04 09:03:05,19.995,3.749,46.739,26.244,0,1591972,871596,173656,5294968,13765.644,6161.498,0,10689.394,0,763.814,7622,12699,2.310,1.780,1.040,2,2,9.998,0,0,11,36,0,15,0
25-04 09:03:06,3.752,4.752,62.780,26.512,0.250,1575544,887416,173676,5295536,12847.041,486.229,0,7763.651,0,555.261,4531,7578,2.310,1.780,1.040,1,2,65.031,0,0,11,36,0,15,0
25-04 09:03:07,3.751,1.500,61.509,29.504,0,1559328,902788,173708,5296324,6974.983,486.069,0,7241.020,0,561.079,4081,7586,2.370,1.800,1.050,0,3,6.001,0,0,11,36,0,15,0
25-04 09:03:08,4.249,3.249,58.986,31.742,0,1546152,914624,173768,5297572,10660.460,485.884,0,14996.428,0,903.785,4826,8795,2.370,1.800,1.050,3,2,8.998,0,0,11,36,0,15,0
25-04 09:03:09,4.000,1.750,66.000,25.000,0,1534432,925480,173840,5298344,7754.053,486.003,0,4888.033,0,450.003,3836,6918,2.370,1.800,1.050,1,2,3.000,0,0,11,36,0,15,0
25-04 09:03:10,6.251,2.751,63.262,25.255,0,1527052,932180,173892,5298940,5488.031,486.091,0,8961.683,0,729.137,4984,9054,2.370,1.800,1.050,1,2,9.002,0,0,11,36,0,15,0
25-04 09:03:11,5.750,3.250,57.248,31.249,0,1518352,940772,173940,5298996,4110.865,485.984,0,15711.486,0,980.968,4731,8751,2.370,1.800,1.050,0,1,7.000,0,0,11,36,0,15,0
25-04 09:03:12,4.495,2.247,61.182,27.969,0,1508324,950468,173992,5299264,9235.696,485.458,0,9197.739,0,683.238,4486,8024,2.420,1.820,1.060,0,2,8.990,0,0,11,36,0,15,0
25-04 09:03:13,6.758,3.504,62.321,25.779,0,1512924,945588,174040,5301184,8079.143,486.551,0,7712.728,0,701.794,4682,10900,2.420,1.820,1.060,2,1,46.052,0,0,11,36,0,15,0
25-04 09:03:14,7.250,3.750,56.501,29.000,0,1484784,973224,174104,5299908,8931.086,486.005,0,13680.132,0,998.010,6244,22016,2.420,1.820,1.060,1,1,8.000,0,0,11,36,0,15,0
25-04 09:03:15,5.760,2.755,65.114,24.042,0,1482632,974340,174204,5300816,6259.968,486.853,0,8587.046,0,727.274,5389,10195,2.420,1.820,1.060,0,2,12.021,0,0,11,36,0,15,0
25-04 09:03:16,5.005,2.502,58.556,30.779,0,1480580,975684,174364,5301344,9094.626,486.461,0,16363.521,0,1062.007,5580,10437,2.420,1.820,1.060,0,1,6.006,0,0,11,36,0,15,0
25-04 09:03:17,5.236,2.493,64.574,25.680,0,1476168,979436,174432,5301924,6096.390,538.533,0,8241.546,0,706.076,4934,9307,2.470,1.840,1.070,1,1,11.967,0,0,11,36,0,15,0
25-04 09:03:18,6.012,2.505,61.368,28.054,0,1474836,980292,174456,5302360,4626.901,486.937,0,11129.411,0,726.397,4569,8602,2.470,1.840,1.070,2,1,3.006,0,0,11,36,0,15,0
25-04 09:03:19,6.987,2.995,64.883,22.709,0,1473864,981424,174524,5302124,10160.716,578.958,0,7730.090,0,789.579,5789,10434,2.470,1.840,1.070,0,1,11.978,0,0,11,36,0,15,0
25-04 09:03:20,4.748,3.748,62.221,26.488,0,1473312,981992,174580,5302048,5990.176,485.771,0,15784.559,0,1056.502,5470,10160,2.470,1.840,1.070,3,1,0,0,0,11,36,0,15,0
25-04 09:03:21,4.759,2.755,65.869,24.044,0,1473528,981992,174652,5301752,3894.054,486.882,0,7281.189,0,629.140,4713,8470,2.470,1.840,1.070,1,1,4.007,0,0,11,36,0,15,0
25-04 09:03:22,3.745,2.746,59.167,30.208,0,1473588,982648,174684,5301004,9339.887,485.319,0,10728.937,0,784.898,5115,9629,2.350,1.830,1.070,2,1,2.996,0,0,11,36,0,15,0
25-04 09:03:23,6.264,2.506,59.885,28.815,0,1473120,982900,174696,5301204,7489.941,487.102,0,12380.001,0,830.879,4582,8316,2.350,1.830,1.070,1,1,3.007,0,0,11,36,0,15,0
25-04 09:03:24,6.244,2.248,58.942,29.971,0,1472564,982900,174716,5301740,9834.324,485.522,0,11320.862,0,732.280,4563,7971,2.350,1.830,1.070,1,0,2.997,0,0,11,36,0,15,0
25-04 09:03:25,4.995,1.748,65.929,23.974,0,1472188,982900,174724,5302108,7121.279,485.474,0,6936.479,0,550.403,4296,7704,2.350,1.830,1.070,0,1,5.994,0,0,11,36,0,15,0
25-04 09:03:26,5.497,2.249,64.714,25.236,0,1471996,982900,174732,5302288,4119.726,485.732,0,7995.586,0,651.640,4760,8602,2.350,1.830,1.070,0,2,8.995,0,0,11,36,0,15,0
25-04 09:03:27,3.999,2.749,63.237,26.745,0,1471540,982900,174752,5302712,12374.472,485.901,0,10961.760,0,808.835,4771,8781,2.320,1.830,1.080,0,1,8.998,0,0,11,36,0,15,0
25-04 09:03:28,5.005,2.502,59.057,29.529,0,1471204,982900,174772,5303024,6973.785,486.473,0,11226.922,0,816.795,4810,8845,2.320,1.830,1.080,2,1,6.006,0,0,11,36,0,15,0
25-04 09:03:29,5.502,2.751,58.276,31.514,0.250,1471000,982900,174788,5303208,7687.484,486.220,0,12121.493,0,878.398,4884,8641,2.320,1.830,1.080,0,2,6.003,0,0,11,36,0,15,0
25-04 09:03:30,5.754,2.502,63.539,24.515,0,1471696,982900,174816,5302476,5211.232,486.302,0,8925.535,0,772.479,5315,9709,2.320,1.830,1.080,1,0,3.002,0,0,11,36,0,15,0
25-04 09:03:31,5.736,2.245,64.843,24.441,0,1471488,982900,174852,5302648,6936.235,484.828,0,11711.692,0,894.837,4868,9288,2.320,1.830,1.080,3,2,6.983,0,0,11,36,0,9,0
25-04 09:03:32,6.504,2.752,61.290,25.517,0,1471196,982900,174884,5302908,9686.276,486.315,0,11035.150,0,868.563,5609,10165,2.210,1.820,1.080,1,2,3.002,0,0,11,38,0,9,0
25-04 09:03:33,6.251,3.501,55.012,32.757,0,1470764,982900,174928,5303292,8303.846,486.108,0,18132.030,0,1143.254,5605,10373,2.210,1.820,1.080,0,1,6.001,0,0,11,38,0,9,0
25-04 09:03:34,5.499,2.250,65.238,24.496,0,1470224,982900,174948,5303800,5901.958,485.914,0,7114.744,0,613.892,4567,7981,2.210,1.820,1.080,0,1,8.998,0,0,11,38,0,9,0
25-04 09:03:35,8.250,2.500,63.753,22.501,0,1469940,982900,174956,5304064,8880.449,486.025,0,9124.462,0,783.040,5527,9704,2.210,1.820,1.080,0,2,15.001,0,0,11,38,0,8,0
25-04 09:03:36,8.956,2.985,59.707,25.873,0.249,1469572,982900,174988,5304392,7445.441,483.625,0,12896.674,0,869.729,5080,9280,2.210,1.820,1.080,2,1,2.985,0,0,11,38,0,8,0
25-04 09:03:37,10.328,3.023,58.948,25.191,0,1468952,982900,175028,5304956,11732.108,489.720,0,12853.626,0,966.340,5586,10294,2.280,1.840,1.090,0,2,12.092,0,0,11,38,0,8,0
25-04 09:03:38,9.971,2.742,61.569,23.182,0,1468100,982900,175120,5305704,9412.330,538.417,0,10293.738,0,852.494,6332,11545,2.280,1.840,1.090,2,1,14.956,0,0,11,38,0,8,0
25-04 09:03:39,6.252,3.251,56.269,30.260,0,1467616,982900,175164,5306132,8884.006,486.164,0,15789.342,0,1085.367,6309,11547,2.280,1.840,1.090,3,2,9.003,0,0,11,38,0,8,0
25-04 09:03:40,5.762,2.255,66.138,22.798,0,1467496,982648,175204,5306456,10754.503,487.019,0,6814.258,0,651.363,4797,8603,2.280,1.840,1.090,0,2,9.019,0,0,11,38,0,8,0
25-04 09:03:41,4.243,2.745,59.649,29.450,0,1467488,982144,175244,5306912,5272.059,485.177,0,13712.743,0,953.383,5534,9919,2.280,1.840,1.090,0,3,6.988,0,0,11,38,0,8,0
25-04 09:03:42,7.521,3.259,65.683,21.310,0,1467664,981136,175268,5307692,3520.834,487.361,0,8616.066,0,778.174,6253,11275,2.250,1.840,1.090,0,1,15.042,0,0,11,38,0,8,0
25-04 09:03:43,4.487,2.243,59.325,29.164,0,1467564,980884,175324,5307984,8454.096,484.573,0,14553.130,0,940.230,5454,10323,2.250,1.840,1.090,2,2,5.982,0,0,11,38,0,7,0
25-04 09:03:44,4.999,2.999,63.983,25.743,0,1474876,972820,175360,5308680,7345.053,485.871,0,8473.754,0,724.808,5039,9304,2.250,1.840,1.090,1,0,2.999,0,0,11,38,0,7,0
25-04 09:03:45,4.751,3.001,63.516,26.006,0,1474908,972316,175368,5309132,8480.106,486.121,0,11842.941,0,817.203,4972,9042,2.250,1.840,1.090,0,1,9.002,0,0,11,38,0,7,0
25-04 09:03:46,5.759,3.004,55.582,32.548,0,1474884,972064,175384,5309376,5114.568,486.720,0,15551.009,0,1019.508,5140,9676,2.250,1.840,1.090,1,2,12.018,0,0,11,38,0,7,0
25-04 09:03:47,4.243,2.246,63.639,26.454,0,1474196,972064,175388,5310048,10317.944,485.151,0,6971.800,0,585.975,4428,7712,2.230,1.840,1.100,2,3,8.984,0,0,11,38,0,7,0
25-04 09:03:48,4.013,3.260,61.192,28.589,0,1473920,972064,175404,5310292,6514.390,487.526,0,10677.421,0,759.377,4767,8517,2.230,1.840,1.100,0,3,6.019,0,0,11,38,0,7,0
25-04 09:03:49,5.481,2.740,62.279,27.154,0,1473660,971560,175412,5311032,5627.013,526.131,0,7732.534,0,670.618,4778,8562,2.230,1.840,1.100,0,1,8.968,0,0,11,38,0,7,0
25-04 09:03:50,4.000,2.750,63.253,27.001,0,1473520,971560,175416,5311168,8785.415,486.023,0,9092.430,0,706.033,4329,7850,2.230,1.840,1.100,0,1,6.000,0,0,11,38,0,7,0
25-04 09:03:51,3.502,2.501,63.033,28.265,0,1473424,971308,175436,5311492,4196.213,486.256,0,12154.411,0,775.409,4172,7878,2.230,1.840,1.100,0,2,4.002,0,0,11,38,0,6,0
25-04 09:03:52,5.000,2.750,63.499,26.249,0,1473196,971056,175464,5311920,4594.894,485.989,0,8507.804,0,753.983,5212,9487,2.130,1.830,1.100,2,0,12.000,0,0,11,38,0,6,0
25-04 09:03:53,3.755,3.255,60.585,29.541,0,1472916,971056,175480,5312172,8314.632,486.681,0,12209.080,0,927.297,5326,9778,2.130,1.830,1.100,3,2,9.013,0,0,11,38,0,6,0
25-04 09:03:54,3.745,2.746,63.663,26.464,0,1472468,971056,175500,5312588,8061.933,485.334,0,7905.148,0,631.134,4200,7636,2.130,1.830,1.100,0,2,2.996,0,0,11,38,0,6,0
25-04 09:03:55,6.259,3.505,57.331,30.043,0,1472404,970552,175528,5313120,9327.239,486.691,0,17564.932,0,1161.649,6917,12916,2.130,1.830,1.100,0,1,24.034,0,0,11,38,0,6,0
25-04 09:03:56,5.242,1.997,63.656,26.461,0,1471596,970552,175548,5313876,10991.794,539.205,0,5763.502,0,555.181,4706,8729,2.130,1.830,1.100,0,2,23.965,0,0,11,38,0,6,0
25-04 09:03:57,7.001,3.000,63.258,23.503,0,1471600,970048,175564,5314344,3836.500,486.063,0,11845.543,0,934.122,6193,11530,2.280,1.860,1.110,0,2,15.002,0,0,11,38,0,6,0
25-04 09:03:58,7.249,4.249,59.738,25.745,0.250,1471844,969292,175564,5314820,9587.083,485.903,0,13177.365,0,1010.798,8030,14963,2.280,1.860,1.110,0,2,23.995,0,0,11,38,0,6,0
25-04 09:03:59,6.002,2.251,62.275,26.510,0.250,1471392,969292,175572,5315252,7507.967,486.192,0,13749.434,0,874.346,4756,8690,2.280,1.860,1.110,0,3,9.004,0,0,11,38,0,4,0
25-04 09:04:00,3.250,2.500,64.242,27.247,0,1471036,969292,175628,5315532,4270.490,485.942,0,7523.101,0,626.925,4377,7989,2.280,1.860,1.110,1,1,8.999,0,0,11,38,0,4,0
25-04 09:04:01,6.005,2.502,60.301,28.274,0,1471016,969040,175660,5315760,8078.809,486.410,0,8379.062,0,735.620,4996,8881,2.280,1.860,1.110,0,1,16.013,0,0,11,38,0,4,0
25-04 09:04:02,4.245,2.747,61.181,29.467,0,1469672,969040,175676,5317048,5334.967,485.451,0,17364.365,0,1019.847,4987,9379,2.180,1.850,1.110,2,1,2.997,0,0,11,38,0,4,0
25-04 09:04:03,6.253,2.251,62.279,26.012,0,1471756,966520,175676,5317472,9600.454,486.226,0,5994.781,0,573.266,4352,7860,2.180,1.850,1.110,0,1,9.004,0,0,11,38,0,2,0
25-04 09:04:04,6.248,2.999,62.485,25.244,0,1471720,966268,175692,5317732,5585.635,485.881,0,12057.053,0,889.783,5241,9599,2.180,1.850,1.110,0,1,2.999,0,0,11,38,0,2,0
25-04 09:04:05,5.752,2.501,63.769,25.007,0,1471276,966268,175704,5318160,6295.881,486.145,0,9310.782,0,697.208,4413,8019,2.180,1.850,1.110,2,1,6.002,0,0,11,38,0,2,0
25-04 09:04:06,4.749,3.249,59.736,29.493,0,1472216,965008,175728,5318440,9501.750,485.885,0,12509.037,0,829.803,5453,10194,2.180,1.850,1.110,1,2,2.999,0,0,11,38,0,2,0
25-04 09:04:07,4.757,3.004,58.334,30.794,0,1473496,964756,175732,5317408,8712.500,486.698,0,13499.368,0,940.349,5496,9807,2.250,1.870,1.120,1,1,3.004,0,0,11,38,0,1,0
25-04 09:04:08,4.993,2.996,61.658,26.960,0,1474872,964756,175744,5316028,8800.905,485.278,0,7005.576,0,638.051,5763,10491,2.250,1.870,1.120,1,1,0,0,0,11,38,0,1,0
25-04 09:04:09,5.750,3.500,61.253,26.251,0,1476704,964756,175764,5314180,8451.361,486.021,0,13672.584,0,1067.046,6593,12218,2.250,1.870,1.120,0,1,0,0,0,11,38,0,1,0
25-04 09:04:10,4.499,2.250,62.492,27.996,0,1477820,964756,175776,5313048,10792.632,539.932,0,12310.440,0,873.889,5044,9664,2.250,1.870,1.120,0,2,0,0,0,11,38,0,1,0
25-04 09:04:11,5.751,3.751,63.759,24.003,0,1478208,964756,175784,5312648,9091.255,486.067,0,12405.712,0,782.108,5765,10884,2.250,1.870,1.120,1,1,4.001,0,0,11,38,0,1,0
25-04 09:04:12,5.761,2.505,63.373,25.800,0,1477984,964756,175784,5312868,5520.684,486.942,0,9879.119,0,776.503,4854,9057,2.230,1.870,1.130,0,1,9.017,0,0,11,38,0,1,0
25-04 09:04:13,5.239,2.744,55.387,32.683,0,1477664,964756,175792,5313180,4916.983,485.012,0,14358.747,0,908.150,5199,9371,2.230,1.870,1.130,0,2,8.982,0,0,11,38,0,1,0
25-04 09:04:14,9.749,4.999,57.992,24.996,0,1475116,967044,175792,5313440,9408.663,485.931,0,7066.996,0,645.908,5957,21280,2.230,1.870,1.130,0,1,44.994,0,0,11,38,0,2,0
25-04 09:04:15,10.753,1.750,62.768,22.506,0,1475288,967044,175792,5313264,6350.772,486.136,0,7141.992,0,593.165,4535,7673,2.230,1.870,1.130,1,1,9.003,0,0,11,36,0,3,0
25-04 09:04:16,10.529,19.304,56.909,12.535,0,1358664,1083532,175792,5313416,7099.788,487.358,0,7204.079,0,412.149,6437,6399,2.230,1.870,1.130,2,1,457.274,0,0,11,32,0,2,0
25-04 09:04:17,32.924,19.954,43.400,2.245,0,1421456,1020452,175820,5313676,5765.678,538.755,0,2949.186,0,179.585,6488,6020,2.130,1.860,1.130,3,2,485.877,0,0,11,32,0,8,0
25-04 09:04:18,67.720,7.996,22.990,1.499,0,1612012,828460,175876,5314980,8488.186,485.782,0,1475.337,0,75.966,3857,1901,2.130,1.860,1.130,3,0,2.999,0,0,11,32,0,8,0
25-04 09:04:19,61.487,5.749,25.744,6.499,0,1770232,665952,176020,5318700,5915.725,527.886,0,6690.558,0,177.962,3916,2007,2.130,1.860,1.130,1,1,5.999,0,0,11,32,0,8,0
25-04 09:04:20,23.769,4.003,43.034,26.521,0,1780744,652400,176076,5321436,4299.396,634.501,0,9223.284,0,610.482,5542,8203,2.130,1.860,1.130,4,3,27.021,0,0,11,38,0,8,0
25-04 09:04:21,11.514,3.004,48.560,35.544,0.250,1781796,649628,176088,5323096,4024.943,486.598,0,11878.587,0,773.950,5957,10501,2.130,1.860,1.130,2,2,40.049,0,0,11,38,0,8,0
25-04 09:04:22,8.735,2.745,51.911,32.195,0,1780616,649124,176088,5324736,11082.044,485.170,0,15449.573,0,981.321,6712,12537,2.200,1.880,1.140,2,2,23.959,0,0,11,38,0,8,0
25-04 09:04:23,7.259,3.254,49.561,37.296,0,1780120,648116,176100,5326188,11567.331,486.603,0,15511.217,0,990.227,6313,11510,2.200,1.880,1.140,1,3,15.019,0,0,11,38,0,8,0
25-04 09:04:24,7.235,3.243,57.129,29.687,0,1779804,647108,176124,5327440,8712.589,538.861,0,12661.245,0,934.026,5199,9363,2.200,1.880,1.140,0,1,26.943,0,0,11,38,0,8,0
25-04 09:04:25,8.274,3.009,52.151,32.845,0,1780108,645596,176144,5328596,6332.360,487.413,0,17671.237,0,1148.330,6164,11445,2.200,1.880,1.140,2,2,21.061,0,0,11,38,0,8,0
25-04 09:04:26,8.232,3.243,51.385,34.922,0,1781220,643328,176160,5329704,8933.014,484.915,0,12998.918,0,863.069,5982,10844,2.200,1.880,1.140,0,3,26.940,0,0,11,38,0,8,0
25-04 09:04:27,6.009,3.505,55.079,33.048,0,1780764,642572,176168,5330876,12106.452,540.780,0,13255.108,0,887.279,5954,11107,2.340,1.910,1.150,0,1,21.030,0,0,11,38,0,8,0
25-04 09:04:28,8.236,2.745,52.662,33.194,0,1780800,640808,176188,5332524,8390.917,485.186,0,9939.318,0,724.784,5471,9366,2.340,1.910,1.150,0,3,35.940,0,0,11,38,0,8,0
25-04 09:04:29,7.255,3.252,47.280,38.525,0,1780608,639560,176212,5333872,10997.030,486.311,0,15798.099,0,1039.665,6300,11646,2.340,1.910,1.150,4,2,24.015,0,0,11,38,0,8,0
25-04 09:04:30,7.996,3.248,54.473,31.234,0,1780956,637796,176224,5335240,6470.751,539.729,0,17699.113,0,1121.437,6441,12284,2.340,1.910,1.150,5,0,17.991,0,0,11,38,0,8,0
25-04 09:04:31,7.501,3.750,51.256,34.504,0,1780924,636788,176228,5336252,5463.658,486.059,0,14673.768,0,973.117,5525,9994,2.340,1.910,1.150,0,2,34.004,0,0,11,38,0,8,0
25-04 09:04:32,8.728,3.242,55.609,29.425,0,1780700,635780,176232,5337448,8114.421,484.771,0,11179.648,0,868.797,5671,10086,2.310,1.910,1.160,0,2,29.924,0,0,11,38,0,8,0
25-04 09:04:33,6.518,3.008,54.902,33.092,0,1780960,634772,176244,5338164,7477.684,487.348,0,11347.388,0,774.141,5495,10169,2.310,1.910,1.160,1,3,27.075,0,0,11,38,0,8,0
25-04 09:04:34,6.999,2.750,50.746,36.247,0,1781216,633260,176260,5339336,8957.268,485.960,0,12982.939,0,811.934,5225,9372,2.310,1.910,1.160,1,3,17.999,0,0,11,38,0,8,0
25-04 09:04:35,7.243,3.497,57.698,29.723,0,1780844,632756,176268,5340180,8370.452,485.562,0,14271.132,0,900.188,5300,9363,2.310,1.910,1.160,7,2,23.978,0,0,11,38,0,8,0
25-04 09:04:36,5.002,2.751,51.016,39.012,0,1780916,631748,176276,5341040,5405.667,486.150,0,11287.481,0,676.209,4857,8788,2.310,1.910,1.160,1,1,3.001,0,0,11,38,0,8,0
25-04 09:04:37,4.250,2.500,54.495,35.747,0,1780920,630992,176276,5341776,9010.249,485.959,0,8203.316,0,602.950,4537,7926,2.210,1.900,1.160,2,1,17.998,0,0,11,38,0,8,0
25-04 09:04:38,6.500,3.000,50.249,36.749,0,1780892,629984,176284,5342740,9663.858,485.993,0,12187.821,0,900.987,5815,10396,2.210,1.900,1.160,0,1,15.000,0,0,11,38,0,8,0
25-04 09:04:39,6.507,3.003,56.809,31.032,0,1780972,629228,176284,5343368,4656.832,486.505,0,15403.985,0,1014.052,5415,10014,2.210,1.900,1.160,0,1,12.012,0,0,11,38,0,8,0
25-04 09:04:40,4.746,2.498,46.962,42.216,0,1780452,628976,176284,5344120,9865.072,485.610,0,13065.500,0,769.382,4692,8356,2.210,1.900,1.160,0,2,8.993,0,0,11,38,0,8,0
25-04 09:04:41,6.002,2.501,55.019,33.511,0,1780668,627968,176288,5344892,8540.881,486.164,0,7518.536,0,622.210,4803,8438,2.210,1.900,1.160,0,2,22.007,0,0,11,38,0,8,0
25-04 09:04:42,6.247,3.498,56.472,30.735,0,1780684,627212,176288,5345584,8980.522,485.758,0,13757.141,0,921.541,6025,11115,2.350,1.930,1.170,4,1,14.993,0,0,11,38,0,8,0
25-04 09:04:43,12.762,3.503,46.796,34.784,0,1780804,626456,176288,5346200,5819.686,486.475,0,12604.314,0,849.830,5529,9606,2.350,1.930,1.170,1,3,15.015,0,0,11,38,0,8,0
25-04 09:04:44,26.479,7.744,37.721,25.980,0,1711396,694464,176308,5347552,4985.137,749.419,0,10899.553,0,794.384,7056,10865,2.350,1.930,1.170,5,1,96.925,0,0,11,36,0,8,0
25-04 09:04:45,28.266,4.753,28.516,36.771,0,1767340,637512,176320,5348524,9130.134,864.486,0,13543.615,0,862.485,7309,12107,2.350,1.930,1.170,1,1,24.014,0,0,11,36,0,8,0
25-04 09:04:46,20.988,6.496,36.729,33.481,0,1717332,686328,176332,5349652,8272.207,527.694,0,13971.904,0,902.477,6782,11138,2.350,1.930,1.170,0,2,103.940,0,0,11,36,0,8,0
25-04 09:04:47,7.003,3.501,54.771,33.013,0,1707868,694392,176352,5351000,8482.275,486.188,0,12172.700,0,840.324,5434,10118,2.320,1.930,1.180,0,1,21.008,0,0,11,36,0,8,0
25-04 09:04:48,6.750,3.250,57.249,29.000,0.250,1698264,701680,176368,5353232,9888.912,485.996,0,11023.902,0,747.993,6052,10746,2.320,1.930,1.180,0,1,24.000,0,0,11,36,0,8,0
25-04 09:04:49,5.748,2.999,54.233,33.989,0,1689672,709488,176384,5353980,8973.180,581.817,0,13343.806,0,890.720,5615,10157,2.320,1.930,1.180,0,2,23.992,0,0,11,36,0,8,0
25-04 09:04:50,4.000,2.500,52.506,38.504,0,1682156,716364,176388,5354580,6524.707,486.053,0,13413.454,0,741.080,4142,7571,2.320,1.930,1.180,0,5,12.001,0,0,11,36,0,8,0
25-04 09:04:51,5.753,2.001,58.527,31.515,0,1675544,721680,176400,5355836,3679.717,486.227,0,6623.090,0,508.237,3981,7370,2.320,1.930,1.180,0,2,7.003,0,0,11,36,0,8,0
25-04 09:04:52,4.495,3.496,55.941,33.714,0,1670332,725820,176404,5356852,3491.295,485.485,0,13893.256,0,858.089,4777,8900,2.220,1.920,1.170,1,2,5.994,0,0,11,36,0,8,0
25-04 09:04:53,6.005,2.002,55.547,33.028,0,1665688,728972,176412,5358300,11622.920,486.415,0,7786.646,0,598.511,4740,8142,2.220,1.920,1.170,0,1,21.018,0,0,11,36,0,8,0
25-04 09:04:54,6.499,3.250,57.993,29.747,0,1662016,731708,176432,5359192,8873.999,539.939,0,15298.273,0,959.892,6165,11473,2.220,1.920,1.170,0,2,23.997,0,0,11,36,0,8,0
25-04 09:04:55,6.000,3.250,52.753,35.002,0,1657784,735048,176440,5360056,8525.495,486.028,0,13360.776,0,888.052,5687,10155,2.220,1.920,1.170,1,3,15.001,0,0,11,36,0,8,0
25-04 09:04:56,11.995,2.499,51.481,30.239,0,1660000,732104,176440,5360760,8102.945,485.817,0,12699.211,0,886.666,6473,11611,2.220,1.920,1.170,0,2,0,0,0,11,36,0,8,0
25-04 09:04:57,5.251,3.251,50.009,39.507,0,1657964,732968,176440,5361908,8763.642,486.091,0,12122.271,0,763.143,5175,9508,2.360,1.950,1.190,1,2,0,0,0,11,36,0,8,0
25-04 09:04:58,5.751,2.750,54.760,32.756,0,1656080,733124,176444,5363492,8245.462,486.086,0,7589.346,0,501.089,4377,7694,2.360,1.950,1.190,3,1,6.001,0,0,11,36,0,8,0
25-04 09:04:59,4.749,2.499,50.989,39.742,0,1653936,734128,176448,5364600,4015.156,539.887,0,13733.114,0,831.825,4470,8623,2.360,1.950,1.190,0,2,0,0,0,11,36,0,8,0
25-04 09:05:00,4.501,3.251,42.508,46.258,0,1652040,734576,176448,5365988,3678.675,486.089,0,15902.918,0,940.172,5097,9700,2.360,1.950,1.190,2,2,0,0,0,11,36,0,8,0
25-04 09:05:01,4.748,2.999,56.980,33.238,0,1650992,733996,176452,5367552,8498.983,527.813,0,6793.589,0,456.838,4373,7798,2.360,1.950,1.190,1,2,3.999,0,0,11,36,0,8,0
25-04 09:05:02,4.748,2.999,49.984,39.237,0,1648904,734772,176464,5368804,6563.875,485.843,0,15347.033,0,955.691,5817,11212,2.410,1.970,1.200,2,2,0,0,0,11,36,0,8,0
25-04 09:05:03,5.002,2.001,52.524,36.767,0,1648016,734036,176464,5370356,10103.544,486.219,0,8703.914,0,561.252,4142,7643,2.410,1.970,1.200,0,1,0,0,0,11,36,0,8,0
25-04 09:05:04,5.758,3.756,50.574,39.057,0,1647508,733080,176476,5371720,5732.438,540.796,0,14136.809,0,892.313,5205,9547,2.410,1.970,1.200,0,1,0,0,0,11,36,0,8,0
25-04 09:05:05,5.507,3.004,54.572,33.294,0.250,1647220,731820,176488,5373216,9472.565,582.773,0,15953.161,0,983.304,5416,10213,2.410,1.970,1.200,0,2,0,0,0,11,36,0,8,0
25-04 09:05:06,4.737,2.244,57.348,32.165,0,1648320,728040,176488,5375796,9283.414,484.716,0,9921.723,0,639.307,4713,8376,2.410,1.970,1.200,1,1,8.976,0,0,11,36,0,8,0
25-04 09:05:07,5.495,3.247,60.444,27.225,0,1648260,727788,176496,5376088,6604.892,485.551,0,12160.754,0,847.217,5019,9242,2.540,2,1.220,1,1,2.997,0,0,11,36,0,8,0
25-04 09:05:08,5.254,3.503,56.297,32.277,0,1648848,726528,176504,5376736,11235.383,540.451,0,16165.500,0,1072.896,5568,10266,2.540,2,1.220,0,2,12.010,0,0,11,36,0,8,0
25-04 09:05:09,4.248,2.749,63.467,26.736,0,1648448,726528,176504,5377116,6626.582,485.749,0,7540.111,0,619.680,4618,8265,2.540,2,1.220,2,2,11.994,0,0,11,36,0,8,0
25-04 09:05:10,5.002,3.001,52.775,37.018,0.250,1648364,726276,176508,5377444,7503.625,486.235,0,15303.393,0,971.469,4950,9071,2.540,2,1.220,1,3,6.003,0,0,11,36,0,8,0
25-04 09:05:11,5.749,3.500,59.495,28.747,0,1648688,725772,176508,5377604,8794.225,485.957,0,8971.209,0,710.937,5396,9261,2.540,2,1.220,0,1,21.998,0,0,11,36,0,8,0
25-04 09:05:12,9.000,3.000,58.249,26.000,0,1650528,723252,176508,5378264,7589.880,539.991,0,15099.762,0,1034.984,6756,12866,2.740,2.050,1.240,2,2,6.000,0,0,11,36,0,8,0
25-04 09:05:13,8.497,2.749,50.233,35.738,0.250,1650020,723000,176508,5379000,8335.183,485.836,0,10636.405,0,724.755,4730,8077,2.740,2.050,1.240,0,1,8.997,0,0,11,36,0,8,0
25-04 09:05:14,9.765,5.509,53.834,28.795,0,1651916,720676,176508,5379424,6971.943,486.764,0,10841.016,0,781.226,5955,17803,2.740,2.050,1.240,0,2,54.085,0,0,11,36,0,9,0
25-04 09:05:15,7.505,3.252,53.538,31.772,0,1651408,720676,176508,5379920,3085.183,486.344,0,18913.382,0,1270.899,7474,14104,2.740,2.050,1.240,0,3,20.014,0,0,11,36,0,9,0
25-04 09:05:16,6.755,3.002,58.045,29.023,0,1650480,720676,176512,5380816,8714.782,486.379,0,14695.437,0,1049.817,8212,15716,2.740,2.050,1.240,0,1,21.016,0,0,11,36,0,9,0
25-04 09:05:17,28.767,9.256,45.027,16.260,0,1361740,1009144,176512,5381080,8098.913,486.295,0,7908.798,0,548.333,5863,6827,2.680,2.050,1.240,3,0,244.148,0,0,11,32,0,5,0
25-04 09:05:18,22.740,3.748,71.469,2.499,0,1434164,936724,176512,5381076,12866.443,485.790,0,1839.206,0,110.952,2332,2085,2.680,2.050,1.240,1,0,14.994,0,0,11,32,0,5,0
25-04 09:05:19,23.201,2.495,66.111,6.486,0,1502232,868652,176512,5381080,10486.956,580.779,0,3979.635,0,238.499,2440,2479,2.680,2.050,1.240,1,0,1.996,0,0,11,36,0,5,0
25-04 09:05:20,21.746,3.749,73.738,0.250,0,1452120,918756,176512,5381088,10191.320,579.904,0,147.976,0,13.998,2329,1828,2.680,2.050,1.240,1,0,26.996,0,0,11,32,0,5,0
25-04 09:05:21,22.502,3.250,73.758,0,0,1473440,897436,176512,5381088,8026.853,486.052,0,68.007,0,5.001,1852,1262,2.680,2.050,1.240,1,0,2.000,0,0,11,32,0,1,0
25-04 09:05:22,20.794,7.265,71.151,0.251,0,1438784,932080,176512,5381100,6070.910,487.036,0,416.887,0,52.111,3112,2700,2.540,2.040,1.240,3,0,169.360,0,0,11,32,0,1,0
25-04 09:05:23,12.746,35.239,50.484,0.250,0,1444184,926608,176512,5381168,6237.033,485.847,0,259.918,0,24.992,8133,8208,2.540,2.040,1.240,1,0,1171.630,0,0,11,32,0,1,0
25-04 09:05:24,7.491,21.723,64.169,5.743,0,1429836,940884,176512,5381240,10424.895,539.322,0,271.659,0,20.974,6305,5113,2.540,2.040,1.240,2,0,525.340,0,0,11,32,0,1,0
25-04 09:05:25,8.248,19.746,68.237,2.000,0,1403460,967228,176512,5381268,7071.628,485.906,0,111.978,0,8.998,5721,4357,2.540,2.040,1.240,2,0,382.926,0,0,11,32,0,1,0
25-04 09:05:26,14.247,17.497,66.988,0.250,0,1409376,961232,176512,5381392,8386.468,485.911,0,439.920,0,67.988,6333,6355,2.540,2.040,1.240,4,0,342.937,0,0,11,32,0,1,0
25-04 09:05:27,36.510,11.753,49.264,2.001,0,1457660,912884,176520,5381800,8073.281,540.153,0,1416.400,0,200.057,5453,5971,2.500,2.030,1.240,2,0,192.054,0,0,11,33,0,1,0
25-04 09:05:28,44.226,6.247,48.723,0,0,1564672,805788,176520,5381884,9701.664,539.703,0,7.996,0,0.999,2799,1493,2.500,2.030,1.240,3,0,0,0,0,11,33,0,1,0
25-04 09:05:29,43.236,3.749,48.485,3.749,0,1628496,741304,176564,5382468,6303.986,485.845,103.967,775.752,1.000,50.984,3402,2749,2.500,2.030,1.240,4,0,18.994,0,0,11,49,0,1,0
25-04 09:05:30,29.304,12.523,54.852,2.254,0,1656352,709372,176596,5386124,4848.985,486.902,0,1322.450,0,127.236,5723,8475,2.500,2.030,1.240,1,0,183.340,0,0,11,48,0,2,0
25-04 09:05:31,18.224,15.228,64.908,0.499,0,1662208,703436,176596,5386140,4338.856,539.236,0,163.768,0,9.986,5779,7765,2.500,2.030,1.240,1,0,293.584,0,0,11,48,0,2,0
25-04 09:05:32,0.750,1.249,96.439,0,0,1677236,688420,176596,5386144,8998.290,485.692,0,343.782,0,27.982,1148,1672,2.300,2,1.240,0,0,19.987,0,0,11,48,0,2,0
25-04 09:05:33,1.000,0.750,97.751,0.250,0,1676984,688672,176596,5386144,6957.105,486.007,0,96.001,0,10.000,766,1021,2.300,2,1.240,0,0,3.000,0,0,11,48,0,2,0
25-04 09:05:34,0,0.500,98.494,0,0,1676984,688672,176596,5386144,10704.373,485.972,0,0,0,0,698,931,2.300,2,1.240,0,0,3.000,0,0,11,48,0,2,0
25-04 09:05:35,0.750,0.250,98.759,0,0,1676984,688672,176596,5386144,5952.535,540.049,0,24.002,0,1.000,642,888,2.300,2,1.240,0,0,1.000,0,0,11,48,0,2,0
25-04 09:05:36,14.296,14.045,70.226,0,0,1664392,701280,176596,5386500,8937.737,487.568,0,0,0,0,5302,7430,2.300,2,1.240,1,0,281.906,0,0,11,48,0,2,0
25-04 09:05:37,12.998,13.748,72.739,0,0,1649252,716224,176596,5386304,5643.119,485.924,0,3.999,0,1.000,4965,5117,2.440,2.030,1.250,2,0,308.952,0,0,12,48,0,2,0
25-04 09:05:38,19.471,14.728,64.405,0,0,1656708,708588,176596,5386456,4924.705,776.849,0,3.994,0,0.999,6716,7835,2.440,2.030,1.250,2,0,277.589,0,0,12,48,0,2,0
25-04 09:05:39,6.239,7.487,84.856,0.998,0,1659348,705956,176596,5386468,8756.149,485.177,0,551.065,0,43.925,3337,3988,2.440,2.030,1.250,0,0,192.673,0,0,12,64,0,2,0
25-04 09:05:40,15.253,16.003,67.262,0,0,1662592,702620,176596,5386860,9719.700,486.085,0,0,0,0,6509,7673,2.440,2.030,1.250,1,0,267.047,0,0,14,66,0,2,0
25-04 09:05:41,10.505,16.507,72.282,0,0,1669584,695576,176596,5386540,3791.674,540.239,0,52.023,0,8.004,5185,4549,2.440,2.030,1.250,2,0,359.159,0,0,14,66,0,3,0
25-04 09:05:42,10.981,19.466,66.633,0.998,0,1655580,709516,176600,5387032,9468.320,527.071,0,806.579,0,44.921,6741,6706,2.320,2.020,1.250,6,0,416.267,0,0,14,66,0,3,0
25-04 09:05:43,23.812,16.794,48.626,9.775,0,1684812,680252,176612,5386600,6789.655,529.377,0,9528.777,0,547.423,6793,8396,2.320,2.020,1.250,3,0,316.824,0,0,14,66,0,3,0
25-04 09:05:44,29.551,24.793,43.825,1.503,0,1768296,596696,176636,5386644,8207.100,486.836,0,1590.733,0,60.103,7070,6266,2.320,2.020,1.250,2,0,675.160,0,0,14,66,0,3,0
25-04 09:05:45,29.507,22.255,37.508,10.502,0,1855504,507828,176688,5388144,8693.965,486.110,8.002,2996.677,1.000,119.027,7330,9096,2.320,2.020,1.250,2,0,550.124,0,0,14,70,0,5,0
25-04 09:05:46,39.098,18.180,41.091,0,0,1957976,405188,176688,5388640,3858.047,484.124,0,19.923,0,4.981,6556,7609,2.320,2.020,1.250,4,0,266.965,0,0,14,70,0,5,0
25-04 09:05:47,65.110,25.793,8.765,0,0,2076936,285928,176704,5389352,9473.973,540.912,0,32.054,0,8.014,6737,7564,2.540,2.070,1.270,3,0,629.061,0,0,14,70,0,5,0
25-04 09:05:48,68.404,19.043,12.278,0,0,2182468,179444,176744,5389816,6930.653,577.304,0,1507.405,0,121.274,6196,8143,2.540,2.070,1.270,6,0,358.810,0,0,14,70,0,5,0
25-04 09:05:49,65.521,23.418,3.737,6.976,0,2299272,181704,169992,5279904,3574.488,526.158,526.158,2260.089,70.752,94.669,7296,9225,2.540,2.070,1.270,4,0,425.511,0,0,14,74,0,5,0
25-04 09:05:50,62.639,20.295,4.259,12.027,0,2456860,122960,168132,5185016,8865.672,487.081,6125.592,4069.029,294.654,205.456,7726,8569,2.540,2.070,1.270,5,1,386.858,0,0,14,74,0,5,0
25-04 09:05:51,57.227,18.493,8.996,13.994,0,2582332,131388,167864,5054736,9453.179,485.804,7.997,6461.388,1.999,426.827,8619,14177,2.540,2.070,1.270,3,3,347.859,0,0,14,76,0,5,0
25-04 09:05:52,55.801,12.762,16.265,15.014,0,2678872,164256,167296,4928352,8826.018,486.442,1217.106,15462.047,48.044,275.250,7222,9665,2.730,2.110,1.290,3,1,139.126,0,0,14,79,0,5,0
25-04 09:05:53,48.214,6.495,27.480,16.987,0,2771432,141096,167404,4860600,10291.338,485.638,27.979,5711.748,1.999,253.811,6060,8373,2.730,2.110,1.290,6,0,1.999,0,0,14,79,0,5,0
25-04 09:05:54,75.818,16.014,5.755,1.752,0,2883744,164780,167420,4727644,3668.294,486.437,76.068,2029.823,10.009,93.084,8409,18105,2.730,2.110,1.290,2,0,351.315,0,0,14,95,0,14,0
25-04 09:05:55,17.706,22.693,56.360,2.244,0,2895440,151272,167420,4729464,10138.743,538.658,3.990,1312.730,0.998,68.829,9042,11046,2.730,2.110,1.290,1,0,494.767,0,0,14,97,0,17,0
25-04 09:05:56,26.300,15.029,46.839,9.518,0,2920864,188348,167668,4668196,9550.127,486.924,4216.002,989.879,136.259,53.101,6970,9214,2.730,2.110,1.290,5,1,270.513,0,0,14,98,0,17,0
25-04 09:05:57,49.598,6.480,28.413,14.705,0,3051084,122056,167884,4605568,4036.594,703.837,3907.990,8677.332,101.687,244.249,4021,3202,2.750,2.130,1.300,3,0,8.972,0,0,14,98,1,17,0
25-04 09:05:58,14.801,16.557,63.718,4.014,0,3081392,158116,167896,4540504,8434.834,652.230,12.041,1452.967,3.010,101.346,6061,5756,2.750,2.130,1.300,1,0,301.029,0,0,14,101,1,17,0
25-04 09:05:59,8.491,19.729,66.179,4.995,0,3098084,141388,167896,4540540,7205.324,559.404,0,11188.081,0,446.524,6417,5031,2.750,2.130,1.300,1,0,412.560,0,0,14,101,1,17,0
25-04 09:06:00,11.514,15.269,70.836,0.501,0,3109780,196452,167896,4475328,9003.947,614.747,901.096,220.268,38.046,12.015,4868,3754,2.750,2.130,1.300,1,0,284.346,0,0,14,101,1,17,0
25-04 09:06:01,17.702,2.493,78.786,0,0,3156996,149276,167896,4475436,11401.074,6256.030,7.978,0,0.997,0,1891,1682,2.750,2.130,1.300,2,0,0.997,0,0,14,102,1,17,0
25-04 09:06:02,18.990,5.247,71.962,2.998,0,3130700,175536,167904,4475464,21745.501,17441.777,11.994,2954.438,2.998,342.819,3362,2913,2.610,2.110,1.300,1,0,62.967,0,0,14,103,1,18,0
25-04 09:06:03,18.752,2.750,78.009,0,0,3154076,152164,167904,4475476,10421.257,2803.338,4.000,48.006,1.000,4.000,1628,1179,2.610,2.110,1.300,0,0,0,0,0,14,104,1,18,0
25-04 09:06:04,20.758,3.001,71.776,3.251,0,3163112,142868,167916,4475720,13546.978,4718.734,0,1420.522,0,167.061,3255,3695,2.610,2.110,1.300,2,0,4.001,0,0,14,114,1,18,0
25-04 09:06:05,31.491,6.248,52.984,8.248,0,3255988,178836,167792,4350048,8159.554,485.854,139.958,2071.379,9.997,217.935,6009,8422,2.610,2.110,1.300,1,0,4.999,0,0,14,117,1,18,0
25-04 09:06:06,25.245,8.998,61.987,3.249,0,3288820,145936,167792,4350116,8855.104,1682.640,3.999,1235.735,1.000,97.979,4865,5554,2.610,2.110,1.300,1,0,111.976,0,0,14,118,1,20,0
25-04 09:06:07,17.752,2.750,76.008,1.750,0,3321568,177380,167792,4287724,16836.679,6197.618,32.003,640.064,2.000,34.003,2053,1813,2.480,2.090,1.300,1,0,0,0,0,14,119,1,20,0
25-04 09:06:08,19.482,3.747,73.682,2.747,0,3309988,188908,167792,4287776,8880.836,3314.952,23.978,1918.237,2.997,155.857,3469,4636,2.480,2.090,1.300,3,0,1.998,0,0,14,123,1,20,0
25-04 09:06:09,33.893,10.545,50.464,4.268,0,3328744,170088,167800,4287816,6055.633,1687.141,0,1156.897,0,103.438,5000,5818,2.480,2.090,1.300,3,0,103.438,0,0,14,126,1,21,0
25-04 09:06:10,37.351,5.478,55.528,0.747,0,3403492,158232,167800,4226516,10873.591,6174.351,0,649.407,0,36.853,2635,1712,2.480,2.090,1.300,2,0,0,0,0,14,127,1,21,0
25-04 09:06:11,19.500,5.250,72.749,1.750,0,3395520,166184,167800,4226536,26717.743,17310.833,0,555.995,0,35.000,2608,2057,2.480,2.090,1.300,1,0,55.999,0,0,14,126,1,22,0
25-04 09:06:12,18.504,2.251,77.018,1.250,0,3418656,143036,167800,4226548,13024.978,6200.418,8.002,2320.531,2.000,40.009,1912,1624,2.370,2.070,1.290,1,0,0,0,0,14,127,1,22,0
25-04 09:06:13,19.568,5.268,74.510,0,0,3372008,189664,167800,4226564,25863.389,17371.712,0,220.772,0,6.021,2486,1883,2.370,2.070,1.290,2,0,51.179,0,0,14,126,1,23,0
25-04 09:06:14,20.434,4.486,73.762,0,0,3402164,159480,167800,4226592,14157.339,6849.907,23.923,3.987,1.994,0.997,2699,11349,2.370,2.070,1.290,0,0,35.884,0,0,14,127,1,23,0
25-04 09:06:15,23.575,7.524,62.197,5.768,0,3403308,158008,167800,4226920,12755.467,1821.780,52.165,1681.334,4.013,143.455,6074,8366,2.370,2.070,1.290,1,0,89.283,0,0,14,128,1,24,0
25-04 09:06:16,19.427,2.740,74.220,2.740,0,3403764,157544,167804,4226924,9982.399,2860.226,3.985,2155.879,0.996,126.523,2221,2230,2.370,2.070,1.290,1,0,0,0,0,14,129,1,24,0
25-04 09:06:17,19.272,5.256,73.334,1.251,0,3404460,156824,167804,4226948,24552.971,20778.671,0,540.616,0,26.030,2527,2061,2.260,2.060,1.290,1,0,55.063,0,0,14,128,1,25,0
25-04 09:06:18,18.246,2.749,77.233,1.000,0,3437664,186016,167804,4166032,9619.852,6197.616,7.998,575.871,2.000,34.992,1885,1676,2.260,2.060,1.290,1,0,0,0,0,14,129,1,25,0
25-04 09:06:19,19.532,4.007,65.857,8.263,0,3437096,186432,167804,4166184,10756.484,1481.408,52.085,2912.734,4.007,273.444,5834,8723,2.260,2.060,1.290,4,0,1.002,0,0,14,130,1,25,0
25-04 09:06:20,22.962,5.241,69.136,1.498,0,3394472,228844,167808,4166392,8252.366,1816.998,19.967,1114.159,1.997,96.840,4328,5424,2.260,2.060,1.290,1,0,52.913,0,0,14,129,1,27,0
25-04 09:06:21,17.999,3.000,75.995,2.250,0.250,3431908,191380,167808,4166420,15169.043,6196.609,0,763.952,0,45.997,1886,1509,2.260,2.060,1.290,1,0,1.000,0,0,14,130,1,27,0
25-04 09:06:22,18.995,3.999,72.481,3.499,0,3431964,191216,167808,4166528,11312.980,4805.717,63.983,2679.285,3.999,216.942,4871,6971,2.080,2.020,1.290,4,0,0,0,0,14,130,1,27,0
25-04 09:06:23,32.280,6.506,58.053,1.752,0,3396600,226496,167808,4166612,12655.577,1353.238,0,1293.183,0,117.107,8421,12693,2.080,2.020,1.290,1,0,18.016,0,0,14,131,1,28,0
25-04 09:06:24,22.550,5.011,70.906,0.501,0,3430472,192612,167808,4166624,8168.026,487.075,0,553.221,0,36.080,2751,2519,2.080,2.020,1.290,1,0,60.133,0,0,14,131,1,28,0
25-04 09:06:25,15.205,1.745,78.019,3.988,0.249,3431144,191868,167808,4166696,12954.645,8880.707,31.906,3924.381,0.997,382.866,2853,3349,2.080,2.020,1.290,1,0,0.997,0,0,14,134,1,28,0
25-04 09:06:26,19.000,8.750,69.749,2.000,0,3389428,233564,167808,4166716,10804.790,1686.967,0,783.985,0,60.999,3595,3461,2.080,2.020,1.290,1,0,146.997,0,0,14,133,1,29,0
25-04 09:06:27,18.003,1.750,77.763,0.750,0,3413104,209876,167808,4166728,12789.095,6881.127,0,1148.188,0,36.006,1939,1698,1.990,2,1.280,1,0,0,0,0,14,134,1,29,0
25-04 09:06:28,20.043,4.009,72.156,3.006,0,3417700,205116,167816,4166884,10115.863,5592.086,0,1395.015,0,134.290,4830,6880,1.990,2,1.280,3,0,0,0,0,14,134,1,29,0
25-04 09:06:29,30.788,8.010,50.061,9.512,0,3427316,195312,167816,4167040,8467.394,486.597,32.039,6660.176,2.002,404.497,11903,20048,1.990,2,1.280,2,0,3.004,0,0,14,134,1,29,0
25-04 09:06:30,38.094,13.445,43.323,3.237,0,3390940,231564,167816,4167148,8197.472,2543.597,15.935,3175.014,0.996,398.371,12149,18621,1.990,2,1.280,2,0,284.835,0,0,14,133,1,30,0
25-04 09:06:31,18.262,2.502,78.053,0.500,0,3443324,179176,167816,4167152,15175.358,6507.441,0,536.366,0,26.018,1869,1535,1.990,2,1.280,1,0,1.001,0,0,14,134,1,29,0
25-04 09:06:32,16.276,11.518,71.363,0,0,3453364,169112,167816,4167176,10546.632,2115.336,0,524.828,0,30.047,4273,3470,1.990,2,1.290,1,0,205.324,0,0,14,133,1,30,0
25-04 09:06:33,9.232,20.460,67.619,1.996,0,3404024,218268,167816,4167344,4193.886,558.919,0,854.347,0,76.851,5832,4556,1.990,2,1.290,2,0,385.255,0,0,14,133,1,30,0
25-04 09:06:34,20.480,15.235,62.687,0.250,0,3406172,216116,167816,4167352,8889.122,485.515,0,711.290,0,42.957,6818,9062,1.990,2,1.290,3,0,275.725,0,0,14,133,1,30,0
25-04 09:06:35,31.865,22.079,44.410,1.505,0,3447728,174480,167816,4167432,6908.873,558.009,16.058,268.968,1.004,20.072,6812,5928,1.990,2,1.290,3,0,583.099,0,0,14,133,1,30,0
25-04 09:06:36,33.205,14.980,49.184,0.999,0,3488952,194136,167832,4108268,5323.804,485.344,47.935,443.401,4.993,25.965,7403,10229,1.990,2,1.290,4,0,272.631,0,0,16,139,1,30,0
25-04 09:06:37,57.402,26.069,16.293,0,0,3658440,163868,167580,3971140,9831.049,487.291,108.287,308.818,8.021,19.050,8084,11352,2.070,2.020,1.300,3,0,651.727,0,0,16,145,1,30,0
25-04 09:06:38,60.925,19.476,19.226,0.250,0,3764488,158876,167580,3871168,8584.454,485.404,67.917,587.279,6.991,37.953,7342,10825,2.070,2.020,1.300,6,0,317.610,0,0,16,161,1,30,0
25-04 09:06:39,37.241,22.744,38.740,0.500,0,3844348,128496,167456,3822456,9200.735,485.880,7.998,787.806,2.000,45.989,7685,8782,2.070,2.020,1.300,2,0,656.838,0,0,16,161,1,30,0
25-04 09:06:40,25.937,20.201,51.626,0.998,0,3883188,143824,167460,3770012,9616.822,574.615,7.981,806.057,1.995,36.911,6815,7429,2.070,2.020,1.300,1,0,453.906,0,0,17,161,1,30,0
25-04 09:06:41,26.537,18.025,54.576,0.501,0,3920960,160248,167460,3716632,4537.328,486.679,8.011,220.307,2.003,16.022,6677,7247,2.070,2.020,1.300,3,0,384.536,0,0,17,161,1,30,0
25-04 09:06:42,35.573,21.294,42.838,0,0,3984228,175812,167464,3639936,9048.549,486.998,8.016,232.477,2.004,21.043,6762,7878,2.060,2.020,1.300,4,0,417.857,0,0,17,161,1,30,0
25-04 09:06:43,29.053,20.859,48.670,0,0,4041688,143872,167464,3614524,8032.522,552.255,0,333.737,0,17.879,7028,7866,2.060,2.020,1.300,4,0,524.443,0,0,17,167,1,29,0
25-04 09:06:44,38.241,24.655,34.719,1.761,0,4148632,132240,167472,3521688,7750.831,489.081,24.152,680.286,3.019,42.266,10067,15507,2.060,2.020,1.300,4,0,705.444,0,0,17,175,1,29,0
25-04 09:06:45,19.259,22.510,53.274,3.502,0,4200252,145296,167472,3458480,5863.638,486.219,12.005,736.331,3.001,45.020,10159,16581,2.060,2.020,1.300,1,0,498.224,0,0,17,179,1,29,0
25-04 09:06:46,27.252,13.251,51.753,6.750,0,4240492,126968,167472,3436296,8557.497,486.028,152.009,7980.464,4.000,690.040,6110,6533,2.060,2.020,1.300,2,1,196.011,0,0,17,185,1,29,0
25-04 09:06:47,40.617,7.725,43.856,6.728,0,4367364,158472,167476,3281384,6180.697,430.586,725.616,1363.521,12.957,125.587,3254,2054,2.060,2.020,1.300,2,0,0.997,0,0,17,185,1,27,0
25-04 09:06:48,41.083,6.263,47.346,5.261,0,4474580,128388,167596,3205496,5287.737,486.989,244.496,689.400,15.031,51.104,3513,2787,2.060,2.020,1.300,1,0,18.037,0,0,17,206,1,27,0
25-04 09:06:49,30.046,21.032,45.320,2.253,0,4407524,194404,167600,3206500,4330.680,486.751,921.421,480.742,10.015,46.071,6573,6457,2.060,2.020,1.300,2,0,564.871,0,0,17,209,1,27,0
25-04 09:06:50,29.747,22.748,46.745,0.750,0,4447968,153716,167608,3206856,17077.311,8355.173,27.997,583.942,2.000,37.996,7105,7397,2.060,2.020,1.300,2,0,457.955,0,0,17,210,1,27,0
25-04 09:06:51,59.400,18.968,17.720,2.496,0,4494628,153812,167624,3161176,10622.076,1388.657,1010.295,922.443,19.966,15.973,6803,7082,2.060,2.020,1.300,3,0,241.592,0,0,17,212,1,28,0
25-04 09:06:52,57.851,11.520,21.538,9.266,0,4678568,127104,167636,3008168,14553.412,6155.749,1370.393,8891.526,32.056,304.532,4884,3709,2.220,2.050,1.320,2,2,30.052,0,0,17,221,1,28,0
25-04 09:06:53,46.468,9.244,23.234,20.236,0,4623264,258128,167688,2934492,11815.954,5670.139,5652.151,1674.859,379.741,89.939,5571,5790,2.220,2.050,1.320,2,1,25.982,0,0,17,228,1,29,2
25-04 09:06:54,50.284,16.261,25.517,7.255,0,4741792,135520,167728,2938520,12114.289,2453.679,864.592,2557.750,104.071,144.099,7494,9482,2.220,2.050,1.320,1,0,308.211,0,0,17,232,1,33,0
25-04 09:06:55,26.994,20.995,47.490,2.499,0,4742424,133036,167732,2940652,15378.688,8704.125,95.979,1983.573,3.999,43.991,8187,10337,2.220,2.050,1.320,7,1,416.910,0,0,17,232,1,21,0
25-04 09:06:56,52.141,22.204,22.702,2.245,0,4754240,156300,167732,2905904,8176.876,1276.327,3.992,7779.708,0.998,48.898,6743,8319,2.220,2.050,1.320,8,0,473.009,0,0,17,233,1,22,0
25-04 09:06:57,51.116,23.303,22.802,1.503,0,4821072,148536,168024,2848652,20658.007,8546.447,1515.448,424.967,63.144,27.062,7655,9877,2.200,2.050,1.320,2,0,423.965,0,0,17,234,0,22,0
25-04 09:06:58,55.744,23.997,17.998,1.500,0,4841008,137620,168032,2839444,12145.682,3475.623,295.968,5783.373,15.998,79.991,7742,12154,2.200,2.050,1.320,5,0,475.948,0,0,17,237,0,26,0
25-04 09:06:59,57.018,19.670,18.176,4.233,0,4921688,150444,168048,2747720,11702.313,6173.841,414.312,952.120,23.903,58.761,8149,13292,2.200,2.050,1.320,2,1,352.563,0,0,17,246,0,27,0
25-04 09:07:00,56.963,16.311,25.094,2.008,0,4987732,151220,168048,2681900,13985.388,5689.312,172.647,1445.414,14.053,95.357,6424,7141,2.200,2.050,1.320,3,0,194.729,0,0,17,249,0,28,0
25-04 09:07:01,64.460,12.492,18.239,2.998,0,5106980,152888,167624,2565216,19544.906,12446.299,1219.246,787.513,52.967,19.988,9377,20102,2.200,2.050,1.320,2,0,23.985,0,0,17,253,0,29,0
25-04 09:07:02,47.535,8.756,34.525,8.756,0,5107200,183912,167624,2534672,17884.088,7600.562,1377.008,2754.016,55.040,188.138,6151,8327,2.340,2.080,1.340,3,0,22.016,0,0,17,258,0,33,0
25-04 09:07:03,51.237,18.745,26.243,1.999,0,5117448,172768,167772,2535404,8631.793,3542.094,1439.632,1486.620,29.992,63.984,7001,6857,2.340,2.080,1.340,2,2,373.904,0,0,17,262,0,34,0
25-04 09:07:04,43.338,25.405,26.899,4.483,0,5090416,196456,167884,2538828,12299.884,8987.304,3865.507,2988.794,46.824,255.044,8095,10686,2.340,2.080,1.340,9,1,504.110,0,0,17,261,0,34,0
25-04 09:07:05,62.290,17.441,18.687,0.997,0,5158328,128128,167892,2539288,16218.388,6178.196,988.671,904.953,23.919,38.869,6007,6295,2.340,2.080,1.340,5,0,251.154,0,0,18,265,0,34,0
25-04 09:07:06,69.702,11.827,11.072,7.046,0,5203388,180712,167892,2444336,12789.937,5701.975,2077.472,688.464,99.646,43.281,5229,3871,2.340,2.080,1.340,2,2,20.131,0,0,18,266,0,35,0
25-04 09:07:07,75.885,10.484,5.242,7.489,0,5321444,148868,167908,2360460,10518.072,2448.292,2628.020,1298.034,113.828,60.908,5820,5022,2.470,2.120,1.350,3,0,12.980,0,0,18,271,0,35,0
25-04 09:07:08,53.606,14.278,29.057,3.256,0,5316212,183348,167932,2332404,15565.729,9869.484,1482.928,1819.592,50.099,157.311,7736,10185,2.470,2.120,1.350,2,0,228.451,0,0,18,276,0,36,0
25-04 09:07:09,41.617,9.221,46.601,0.997,0,5391480,169032,167936,2274056,14061.052,3475.889,518.343,677.833,5.981,49.841,4286,4370,2.470,2.120,1.350,1,0,11.962,0,0,18,280,0,36,0
25-04 09:07:10,33.801,7.011,57.837,0.751,0,5410820,143580,167940,2280200,6342879.663,68872.856,821.238,817.232,10.015,72.109,6624,6024,2.470,2.120,1.350,2,0,10.015,0,0,18,283,0,38,0
25-04 09:07:11,44.824,15.025,35.559,2.254,0,5395188,146968,167940,2292400,10255055.744,95858.596,2800.634,580.961,31.051,38.063,8947,6065,2.470,2.120,1.350,2,0,267.442,0,0,18,282,0,38,0
25-04 09:07:12,28.387,3.486,60.510,6.225,0,5424724,139928,167940,2270664,18571.278,15937.733,0,1506.022,0,183.272,3154,2773,2.440,2.110,1.360,1,0,1.992,0,0,18,288,0,36,0
25-04 09:07:13,34.750,5.250,55.500,3.250,0,5454204,138340,167940,2243680,18241.155,170695.450,544.005,916.008,31.000,80.001,4817,6512,2.440,2.110,1.360,1,0,7.000,0,0,18,292,0,41,0
25-04 09:07:14,20.744,5.248,69.979,1.749,0,5450484,200264,167940,2187424,418115.193,16238879.398,179.947,627.816,8.997,46.986,5117,16316,2.440,2.110,1.360,4,0,37.989,0,0,18,295,0,42,0
25-04 09:07:15,25.596,5.772,65.244,2.258,0,5365712,268780,167948,2203704,16586161.098,113898.643,100.375,5247.611,6.023,94.353,11496,11576,2.440,2.110,1.360,1,0,38.143,0,0,18,296,0,47,0
25-04 09:07:16,9.504,17.507,61.275,10.004,0,5302920,331448,167952,2203824,6784.821,486.202,44.018,23017.571,3.001,76.032,5661,5100,2.440,2.110,1.360,1,0,465.193,0,0,18,296,0,44,0
25-04 09:07:17,22.498,4.000,71.745,1.250,0,5345168,289196,167952,2203828,9664.300,431.969,0,3471.748,0,282.979,2351,1793,2.320,2.100,1.350,1,1,0,0,0,18,296,0,44,0
25-04 09:07:18,10.501,17.001,65.255,6.250,0.250,5317784,316528,167952,2203880,9277.678,486.036,0,13801.009,0,974.071,6734,5322,2.320,2.100,1.350,2,0,395.029,0,0,18,296,0,44,0
25-04 09:07:19,5.245,11.489,80.425,1.249,0,5317440,316828,167952,2203924,3657.595,485.548,3.996,3045.165,0.999,92.914,4223,3941,2.320,2.100,1.350,0,1,273.745,0,0,18,296,0,44,0
25-04 09:07:20,10.966,2.741,81.247,4.735,0,5353472,280796,167952,2203924,3684.526,578.199,0,5096.131,0,78.755,1883,2063,2.320,2.100,1.350,1,0,8.972,0,0,18,296,0,41,0
25-04 09:07:21,19.000,2.750,75.251,1.750,0.250,5389592,244664,167952,2203936,16772.157,6199.058,0,136.001,0,15.000,2109,1668,2.320,2.100,1.350,1,0,3.000,0,0,18,301,0,41,0
25-04 09:07:22,14.031,10.523,73.412,1.002,0,5353708,280420,167956,2204060,10223.559,3661.079,76.168,0,7.015,0,4340,3720,2.220,2.080,1.350,2,0,164.363,0,0,18,304,0,42,0
25-04 09:07:23,11.266,17.275,70.601,0,0,5332800,301004,167956,2204368,15053.565,486.697,4.006,72.103,1.001,5.007,5535,4244,2.220,2.080,1.350,1,0,234.336,0,0,18,304,0,42,0
25-04 09:07:24,14.943,13.449,69.485,0.747,0,5327928,305764,167956,2204464,10744.046,484.155,3.985,430.360,0.996,35.863,5094,4666,2.220,2.080,1.350,1,0,202.229,0,0,18,304,0,41,0
25-04 09:07:25,24.252,4.000,69.755,1.500,0,5398660,234928,167960,2204564,8879.587,486.032,80.005,12320.814,5.000,65.004,2551,2368,2.220,2.080,1.350,1,0,3.000,0,0,18,308,0,41,0
25-04 09:07:26,21.496,2.250,72.485,2.000,0,5436464,196732,167960,2204956,9223.096,473.902,387.920,403.917,11.998,37.992,2460,2390,2.220,2.080,1.350,1,0,3.999,0,0,18,312,0,41,0
25-04 09:07:27,23.254,3.251,71.512,1.500,0,5369908,263248,167960,2204996,5680.934,486.080,24.004,276.045,4.001,17.003,2157,1816,2.120,2.060,1.350,1,0,5.001,0,0,18,308,0,41,0
25-04 09:07:28,21.737,4.247,70.207,3.248,0,5415988,217168,167960,2204996,9865.919,2006.763,0,2062.729,0,113.930,2431,2220,2.120,2.060,1.350,1,0,2.998,0,0,18,311,0,40,0
25-04 09:07:29,9.726,1.496,86.784,0.249,0,5417128,215944,167960,2205080,24809.188,17894.416,0,809.982,0,42.893,2183,2356,2.120,2.060,1.350,5,0,0.998,0,0,18,314,0,42,0
25-04 09:07:30,23.076,4.515,70.983,0.752,0,5394864,238148,167960,2205140,4280.053,487.601,48.158,357.173,2.007,30.099,2629,2451,2.120,2.060,1.350,1,0,15.049,0,0,18,308,0,42,0
25-04 09:07:31,24.083,2.760,72.500,0,0,5391036,241844,167960,2205272,9527.851,433.495,0,80.277,0,6.021,2086,1470,2.120,2.060,1.350,2,0,20.069,0,0,18,308,0,42,0
25-04 09:07:32,8.742,18.983,69.187,1.998,0,5390640,242088,167968,2205420,5620.861,485.556,411.624,423.613,7.993,21.980,6204,5354,2.110,2.060,1.350,1,0,456.583,0,0,18,308,0,40,0
25-04 09:07:33,18.210,7.234,72.092,1.247,0,5391840,240576,168100,2205600,9037.215,526.847,271.406,107.764,18.958,3.991,3123,2461,2.110,2.060,1.350,1,0,123.729,0,0,18,308,0,40,0
25-04 09:07:34,17.067,2.259,77.554,2.761,0,5411344,217472,168452,2208848,11884.524,2606.202,168.660,305.195,13.051,16.063,2006,1768,2.110,2.060,1.350,1,0,16.063,0,0,18,309,0,40,0
25-04 09:07:35,21.595,3.971,71.735,1.489,0,5398880,226968,168724,2211400,3951.628,1723.625,31.772,953.156,1.986,14.893,2399,2153,2.110,2.060,1.350,1,0,18.865,0,0,18,309,0,40,0
25-04 09:07:36,17.058,2.509,77.513,2.007,0,5393756,226336,169252,2216500,14898.609,2545.647,20.068,1268.308,3.010,39.133,2241,2327,2.110,2.060,1.350,2,0,6.020,0,0,18,308,0,40,0
25-04 09:07:37,18.311,4.013,74.998,1.505,0,5380160,239388,169276,2217004,12069.930,3438.375,20.066,485.607,4.013,8.027,9394,17281,2.020,2.040,1.350,0,0,8.027,0,0,18,309,0,40,0
25-04 09:07:38,21.664,6.225,70.470,0.249,0,5376216,242892,169356,2217348,5351.732,549.815,11.952,199.208,0.996,4.980,10622,19233,2.020,2.040,1.350,1,0,19.921,0,0,18,309,0,40,0
25-04 09:07:39,17.057,8.528,68.979,4.264,0,5320092,308924,169448,2207348,9085.185,662.200,8.027,1870.214,2.007,71.237,3853,3685,2.020,2.040,1.350,1,0,125.417,0,0,18,308,0,40,0
25-04 09:07:40,19.690,7.726,70.783,0.249,0,5386640,242356,169448,2207368,7369.438,484.517,0,354.913,0,31.902,3398,3251,2.020,2.040,1.350,1,0,143.560,0,0,18,308,0,40,0
25-04 09:07:41,17.991,1.749,79.212,0,0,5401448,227232,169448,2207684,18902.892,8952.686,0,255.877,0,12.994,1923,1610,2.020,2.040,1.350,1,0,1.000,0,0,18,309,0,41,0
25-04 09:07:42,18.830,8.285,72.559,0,0.251,5388632,240008,169448,2207724,8109.497,2237.518,16.068,0,1.004,0,3380,2789,1.940,2.020,1.350,1,0,116.496,0,0,18,308,0,43,0
25-04 09:07:43,19.426,2.242,76.709,0.747,0,5404116,224440,169448,2207808,14388.439,6175.582,79.698,91.652,4.981,6.974,2129,1856,1.940,2.020,1.350,2,0,0,0,0,18,309,0,43,0
25-04 09:07:44,19.578,6.024,69.778,3.514,0,5402256,226292,169448,2207816,42223.937,3410.565,0,3052.139,0,447.781,3421,2381,1.940,2.020,1.350,1,0,70.280,0,0,18,308,0,44,0
25-04 09:07:45,17.887,2.236,78.006,0.248,0,5419960,208444,169448,2207960,16547.166,7553.147,0,143.093,0,14.906,2245,2153,1.940,2.020,1.350,2,0,1.987,0,0,18,309,0,44,0
25-04 09:07:46,19.293,5.512,73.915,0.501,0,5426548,201824,169448,2207992,13870.960,6357.189,16.036,316.707,1.002,20.045,2681,2244,1.940,2.020,1.350,1,0,56.125,0,0,18,308,0,45,0
25-04 09:07:47,17.540,2.005,79.931,0.251,0.251,5442000,186360,169448,2208004,15805.861,9195.864,0,40.091,0,4.009,1969,1686,1.780,1.990,1.340,3,0,0,0,0,18,312,0,46,0
25-04 09:07:48,21.507,5.252,72.025,0,0,5392756,235548,169448,2208060,13662.715,2018.697,12.004,0,1.000,0,2566,1999,1.780,1.990,1.340,1,0,32.011,0,0,18,308,0,49,0
25-04 09:07:49,16.939,1.993,78.964,0.747,0,5404668,223612,169448,2208084,14821.388,8636.759,0,1394.954,0,237.142,2520,2517,1.780,1.990,1.340,1,0,1.993,0,0,18,313,0,49,0
25-04 09:07:50,20.252,6.251,70.007,2.500,0,5397320,230788,169448,2208256,7868.837,3147.335,32.003,1824.194,2.000,144.015,4152,5348,1.780,1.990,1.340,2,0,50.005,0,0,18,312,0,50,0
25-04 09:07:51,20.772,2.252,74.828,1.001,0,5401460,226644,169448,2208272,11941.428,6205.458,0,336.350,0,20.021,2509,2425,1.780,1.990,1.340,1,0,3.003,0,0,18,313,0,50,0
25-04 09:07:52,20.247,5.249,72.740,1.500,0,5365572,262384,169448,2208420,15290.839,4993.294,0,251.964,0,15.998,2761,2324,1.720,1.970,1.340,1,0,31.995,0,0,18,312,0,53,0
25-04 09:07:53,15.754,2.751,80.768,0.500,0,5388556,239396,169448,2208424,16696.745,8352.874,0,244.055,0,17.004,1914,1652,1.720,1.970,1.340,0,0,0,0,0,18,313,0,52,0
25-04 09:07:54,10.997,8.248,76.979,1.500,0,5366240,261504,169488,2208592,12724.534,4707.718,91.975,967.736,22.994,75.979,4374,4730,1.720,1.970,1.340,0,1,180.951,0,0,18,316,0,53,0
25-04 09:07:55,2.500,1.000,91.237,3.999,0,5365328,261504,169856,2209136,12498.193,2655.616,915.868,227.967,225.967,20.997,1572,2306,1.720,1.970,1.340,1,0,0,0,0,18,316,0,53,0
25-04 09:07:56,5.000,7.500,84.497,1.500,0,5336364,290420,169856,2209184,22020.092,3988.836,0,375.984,0,22.999,2962,2583,1.720,1.970,1.340,2,0,124.995,0,0,18,316,0,54,0
25-04 09:07:57,11.051,11.553,72.582,4.270,0,5322384,304084,169856,2209500,13015.489,898.105,245.120,221.010,19.087,12.055,4214,3379,1.660,1.960,1.340,1,0,211.969,0,0,18,314,0,49,0
25-04 09:07:58,22.391,3.981,71.153,0.746,0,5364056,251932,170108,2219728,11342.688,483.642,11.942,772.234,2.985,8.956,2340,1807,1.660,1.960,1.340,1,0,8.956,0,0,18,314,0,49,0
25-04 09:07:59,11.759,1.751,81.062,4.253,0,5371464,239612,170188,2224492,16774.893,5052.884,872.671,1104.849,11.008,28.022,1875,1908,1.660,1.960,1.340,1,0,16.012,0,0,18,314,0,49,0
25-04 09:08:00,14.750,7.750,70.498,6.750,0,5337972,270420,170220,2227128,9106.791,485.989,1011.977,3523.919,21.999,122.997,4260,4323,1.660,1.960,1.340,2,0,99.998,0,0,18,314,0,49,0
25-04 09:08:01,17.999,9.250,71.248,0,0,5372952,235376,170220,2227192,7847.769,431.987,0,167.995,0,13.000,3577,3127,1.660,1.960,1.340,1,0,205.994,0,0,18,314,0,43,0
25-04 09:08:02,17.736,2.248,79.186,0,0,5392452,215732,170220,2227336,30772.962,23137.175,0,43.964,0,3.997,2081,1848,1.530,1.920,1.330,2,0,0,0,0,18,314,0,45,0
25-04 09:08:03,20.998,5.500,72.493,0,0,5377568,230604,170220,2227348,7541.316,485.956,0,0,0,0,2405,1798,1.530,1.920,1.330,2,0,46.996,0,0,18,314,0,45,0
25-04 09:08:04,14.638,2.481,78.401,3.722,0,5388900,219052,170220,2227568,15620.567,9072.632,365.208,309.633,22.825,38.704,2299,2424,1.530,1.920,1.330,0,0,0.992,0,0,18,317,0,46,0
25-04 09:08:05,22.276,4.050,70.119,3.291,0,5374444,233304,170220,2227772,11378.980,637.903,32.401,1883.334,2.025,325.027,2609,2057,1.530,1.920,1.330,1,0,14.176,0,0,18,316,0,40,0
25-04 09:08:06,13.194,1.991,79.660,2.738,0,5387552,219876,170220,2228092,13559.058,7006.061,302.706,505.838,17.923,40.826,2164,2449,1.530,1.920,1.330,1,1,0,0,0,18,317,0,40,0
25-04 09:08:07,21.581,4.768,66.751,6.274,0,5379720,225816,170220,2229964,10900.985,1731.510,1798.763,1272.785,65.245,147.555,5243,7594,1.490,1.910,1.330,1,0,7.026,0,0,18,318,0,41,0
25-04 09:08:08,18.661,2.488,75.639,1.991,0,5377916,227612,170220,2229972,12865.598,6211.356,0,521.511,0,32.843,1955,1756,1.490,1.910,1.330,1,0,0,0,0,18,319,0,41,0
25-04 09:08:09,18.032,3.757,73.131,3.506,0,5377800,227612,170220,2230088,7450.386,4378.868,80.144,1009.814,3.005,116.209,3974,5802,1.490,1.910,1.330,1,0,0,0,0,18,319,0,37,0
25-04 09:08:10,13.792,17.804,61.938,6.269,0,5325212,280140,170224,2230144,11138.891,1663.060,0,4983.162,0,324.989,7435,8591,1.490,1.910,1.330,1,0,569.733,0,0,18,318,0,38,0
25-04 09:08:11,7.999,22.497,63.992,3.750,0,5332664,272628,170224,2230184,8271.921,485.937,0,2463.679,0,58.992,7460,7426,1.490,1.910,1.330,1,0,725.905,0,0,18,318,0,38,0
25-04 09:08:12,8.750,22.251,65.754,2.000,0,5330368,274884,170224,2230224,10825.582,486.026,0,436.023,0,37.002,7503,7313,1.450,1.890,1.330,3,0,811.044,0,0,18,318,0,38,0
25-04 09:08:13,9.254,21.510,65.280,2.751,0,5328080,277140,170224,2230256,8882.144,486.227,0,1412.659,0,75.035,7633,7411,1.450,1.890,1.330,2,0,791.369,0,0,18,318,0,32,0
25-04 09:08:14,12.247,22.744,64.234,0.250,0,5355552,249608,170224,2232916,3144.232,485.881,0,259.937,0,26.993,7599,12363,1.450,1.890,1.330,5,0,742.819,0,0,18,318,0,32,0
25-04 09:08:15,15.950,11.963,70.031,0.498,0,5339664,371772,170244,2134208,8481.492,484.486,11.963,123.614,2.991,6.978,4303,9274,1.450,1.890,1.330,1,0,233.271,0,0,18,318,0,33,0
25-04 09:08:16,22.252,3.500,73.005,0.250,0,5347908,352432,170736,2144812,5687.423,486.036,16.001,12.001,3.000,3.000,2171,1707,1.450,1.890,1.330,2,0,19.001,0,0,18,318,0,33,0
25-04 09:08:17,14.738,1.499,79.436,2.998,0,5364460,335044,170752,2145636,16179.964,6653.639,543.562,3033.556,24.980,25.979,1809,1719,1.330,1.860,1.320,0,1,0,0,0,18,319,0,26,0
25-04 09:08:18,9.752,0.500,82.763,5.001,0,5363560,335044,170752,2146536,27591.324,13023.041,540.085,1384.217,56.009,51.008,1723,1817,1.330,1.860,1.320,0,0,0,0,0,18,319,0,26,0
25-04 09:08:19,14.999,1.750,79.997,3.000,0.250,5394640,302788,170776,2147680,20988.151,9034.635,919.963,1271.949,42.998,49.998,1977,2026,1.330,1.860,1.320,1,0,0,0,0,18,319,0,26,0
25-04 09:08:20,12.501,1.250,79.009,6.251,0,5394192,302284,170836,2148572,24629.685,10669.163,684.075,2200.240,53.006,96.010,2085,2418,1.330,1.860,1.320,0,0,0,0,0,18,319,0,26,0
25-04 09:08:21,12.244,0.999,77.959,6.996,0,5412564,282628,170884,2149804,18387.393,7814.917,1051.451,1355.292,40.979,47.975,1672,1670,1.330,1.860,1.320,1,0,0.999,0,0,18,319,0,26,0
25-04 09:08:22,10.008,2.002,76.059,11.259,0,5415180,249744,170944,2180008,11494.876,4385.386,14218.979,452.349,168.130,15.012,1767,1863,1.300,1.850,1.320,1,0,0,0,0,18,319,0,26,0
25-04 09:08:23,20.495,2.249,72.982,3.249,0,5417928,234660,171548,2191724,9584.668,485.882,0,1535.626,0,65.984,2253,2025,1.300,1.850,1.320,1,0,1.000,0,0,18,319,0,26,0
25-04 09:08:24,21.000,2.250,70.001,5.750,0,5422340,215160,171760,2206576,6368.054,540.005,0,1812.015,0,64.001,2541,2709,1.300,1.850,1.320,1,0,0,0,0,18,319,0,26,0
25-04 09:08:25,20.253,1.750,72.010,4.751,0,5435408,183220,172032,2224928,8436.119,486.064,0,1716.228,0,62.008,2242,2060,1.300,1.850,1.320,1,0,0,0,0,18,319,0,26,0
25-04 09:08:26,9.494,1.749,66.957,20.987,0,5437500,175240,172284,2230444,8815.392,485.691,7.995,7219.407,1.999,390.751,2125,2020,1.300,1.850,1.320,1,2,0,0,0,18,319,0,25,0
25-04 09:08:27,18.009,2.001,71.537,6.754,0,5434172,154520,172864,2253804,8791.598,486.254,0,2417.264,0,97.051,2325,2209,1.280,1.830,1.320,1,0,1.001,0,0,18,319,0,25,0
25-04 09:08:28,20.985,1.999,72.448,3.497,0,5432204,144612,173376,2264956,7042.932,485.651,0,2122.473,0,70.949,2257,2129,1.280,1.830,1.320,1,0,0,0,0,18,319,0,25,0
25-04 09:08:29,19.845,4.271,68.831,6.783,0,5416356,176976,173388,2248308,3958.007,663.185,20.097,916.401,2.010,20.097,2382,2252,1.280,1.830,1.320,2,0,19.092,0,0,18,318,0,25,0
25-04 09:08:30,17.924,2.241,76.675,0.747,0,5413824,174140,173456,2253580,11220.445,2893.736,0,1533.501,0,51.781,2320,2378,1.280,1.830,1.320,1,0,16.928,0,0,18,318,0,23,0
25-04 09:08:31,18.503,2.750,76.263,2.500,0,5432420,155044,173464,2254048,15309.550,3427.571,0,2008.334,0,284.047,2362,1764,1.280,1.830,1.320,1,0,19.003,0,0,18,319,0,23,0
25-04 09:08:32,12.797,2.760,69.755,13.549,0,5414808,167432,173652,2258972,8454.849,662.417,0,15231.574,0,135.494,2058,1966,1.340,1.830,1.320,1,0,5.018,0,0,18,318,0,23,0
25-04 09:08:33,22.005,6.001,69.265,0.500,0,5414364,167192,173688,2259588,9576.007,540.113,0,84.018,0,1.000,12061,22911,1.340,1.830,1.320,1,0,14.003,0,0,18,318,0,23,0
25-04 09:08:34,21.749,6.250,68.246,2.750,0,5328928,263688,173696,2248504,5775.652,485.971,0,2111.873,0,23.999,7500,12882,1.340,1.830,1.320,1,0,14.999,0,0,18,318,0,23,0
25-04 09:08:35,23.754,4.751,71.013,0,0,5351156,241656,173696,2248436,9913.835,528.098,0,16.003,0,2.000,7885,13047,1.340,1.830,1.320,1,0,55.010,0,0,18,318,0,23,0
25-04 09:08:36,21.413,3.984,72.703,0,0,5375292,217504,173696,2248452,7923.677,1555.654,0,0,0,0,6271,9961,1.340,1.830,1.320,0,0,35.854,0,0,18,319,0,23,0
25-04 09:08:37,18.444,2.243,76.017,2.243,0,5364880,222252,173696,2254120,12810.814,1688.834,0,1447.572,0,9.970,1961,1706,1.310,1.820,1.320,2,0,1.994,0,0,18,318,0,23,0
25-04 09:08:38,15.794,2.507,79.223,1.254,0,5397892,183532,173696,2259732,18883.199,3436.682,0,473.334,0,8.023,1913,1590,1.310,1.820,1.320,1,1,18.051,0,0,18,319,0,23,0
25-04 09:08:39,23.011,6.003,67.784,2.251,0,5390760,190604,173696,2259760,9665.814,660.329,32.016,1724.859,1.000,59.029,11534,20648,1.310,1.820,1.320,1,0,14.007,0,0,18,318,0,23,0
25-04 09:08:40,20.972,6.491,68.410,2.247,0,5380540,200728,173700,2259852,7599.031,485.363,0,743.025,0,34.954,10693,18998,1.310,1.820,1.320,2,0,18.975,0,0,18,318,0,23,0
25-04 09:08:41,22.764,3.502,71.544,0.750,0,5346900,245828,173700,2248504,8430.146,540.330,0,676.413,0,12.007,2438,1939,1.310,1.820,1.320,1,0,23.014,0,0,18,318,0,23,0
25-04 09:08:42,28.576,9.024,59.408,3.509,0,5382484,203204,173744,2255500,8775.383,487.298,256.684,1215.238,2.005,37.099,3844,3194,1.290,1.810,1.320,3,0,102.273,0,0,18,318,0,20,0
25-04 09:08:43,41.858,6.976,49.582,0.747,0,5428052,153596,173744,2259460,9423.119,1017.557,765.410,821.222,5.980,13.953,3487,2283,1.290,1.810,1.320,4,0,22.922,0,0,18,319,0,20,0
25-04 09:08:44,13.014,1.752,80.334,4.004,0.250,5427272,154244,173748,2259568,24201.342,9211.646,0,1145.199,0,32.034,1722,1635,1.290,1.810,1.320,0,0,0,0,0,18,319,0,20,0
25-04 09:08:45,8.748,0.750,86.481,2.499,0,5425036,156108,173748,2259932,21276.407,11040.617,0,1223.736,0,41.991,1669,1890,1.290,1.810,1.320,2,0,2.000,0,0,18,319,0,20,0
25-04 09:08:46,5.753,1.251,88.040,3.752,0,5419880,161076,173748,2260104,141448.785,7861.601,0,752.345,0,30.014,1551,1628,1.290,1.810,1.320,1,0,0,0,0,18,320,0,18,0
25-04 09:08:47,10.503,1.500,84.777,2.001,0,5424860,155912,173752,2260276,32963.690,8259.679,0,1008.327,0,39.013,1610,1642,1.180,1.780,1.310,1,0,0,0,0,18,320,0,18,0
25-04 09:08:48,12.241,1.749,76.941,7.744,0,5426812,153776,173776,2260432,14723.800,7603.217,0,7274.467,0,81.938,1759,1739,1.180,1.780,1.310,0,0,0,0,0,18,320,0,18,0
25-04 09:08:49,12.257,1.751,75.546,9.756,0,5443160,137092,173848,2260692,21790.282,7673.677,0,6155.752,0,125.076,2252,2715,1.180,1.780,1.310,1,0,0,0,0,18,320,0,18,0
25-04 09:08:50,7.494,1.249,83.432,5.496,0,5439480,140352,173928,2261040,305981.466,11797.379,0,1246.983,0,62.949,2145,2494,1.180,1.780,1.310,2,0,0,0,0,18,320,0,13,0
25-04 09:08:51,5.254,2.001,86.559,5.504,0,5430348,149092,174112,2261236,72409.961,12213.258,28.019,1921.299,4.003,87.059,1719,1967,1.180,1.780,1.310,2,0,1.001,0,0,18,320,0,13,0
25-04 09:08:52,11.736,2.247,76.162,9.239,0,5428804,149952,174296,2261720,62088.151,13178.749,103.880,3204.292,5.993,335.612,3244,4433,1.090,1.750,1.300,1,0,2.997,0,0,18,320,0,13,0
25-04 09:08:53,8.258,1.752,84.585,3.253,0,5424684,141200,174364,2274472,1474333.112,36244.411,0,564.567,0,19.019,2842,2795,1.090,1.750,1.300,1,1,3.003,0,0,18,320,0,15,0
25-04 09:08:54,6.012,2.004,80.164,10.020,0,5423376,133416,174384,2283512,3641236.610,47605.330,0,5719.694,0,89.182,4324,4024,1.090,1.750,1.300,0,2,2.004,0,0,18,320,0,11,0
25-04 09:08:55,2.000,2.250,65.486,29.244,0,5425440,133408,174424,2281412,632197.082,8536.138,0,20955.428,0,128.972,1895,2226,1.090,1.750,1.300,0,1,1.000,0,0,18,320,0,11,0
25-04 09:08:56,3.248,2.499,80.958,11.744,0,5422816,128368,174424,2289056,4021243.649,48194.875,0,15719.805,0,177.907,3077,3042,1.090,1.750,1.300,0,0,0.999,0,0,18,320,0,11,0
25-04 09:08:57,3.991,3.243,69.601,20.706,0,5416408,150000,174444,2274692,6682117.444,70201.927,0,36230.549,0,451.036,4206,3499,1.080,1.730,1.300,1,0,0.998,0,0,18,320,0,11,0
25-04 09:08:58,4.252,3.002,73.788,17.759,0,5409788,147808,174540,2283436,1549566.317,19513.940,164.084,28342.437,4.002,151.077,2319,2185,1.080,1.730,1.300,1,0,6.003,0,0,18,320,0,9,0
25-04 09:08:59,18.284,2.004,72.133,6.512,0.250,5404760,144096,175368,2290772,195263.082,2311.262,0,2837.232,0,105.194,2597,2685,1.080,1.730,1.300,0,1,1.002,0,0,18,320,0,9,0
25-04 09:09:00,17.004,3.501,66.766,12.003,0,5406700,149196,176832,2280556,3884.910,486.114,0,6569.538,0,196.046,2665,3106,1.080,1.730,1.300,1,0,0,0,0,18,320,0,9,0
25-04 09:09:01,22.254,1.750,72.263,2.500,0,5411532,154336,177228,2269964,3851.680,486.086,0,1260.223,0,34.006,2150,1947,1.080,1.730,1.300,1,0,1.000,0,0,18,320,0,9,0
25-04 09:09:02,21.939,2.742,70.054,4.238,0,5428632,142644,177996,2263856,8261.878,484.644,0,2935.784,0,248.305,2716,2410,1.070,1.720,1.300,3,0,0,0,0,18,320,0,8,0
25-04 09:09:03,20.020,3.503,70.569,5.005,0.250,5416788,141560,178612,2275152,7584.443,486.477,0,3267.206,0,99.097,2344,2096,1.070,1.720,1.300,0,0,0,0,0,18,320,0,8,0
25-04 09:09:04,19.250,2.750,69.749,7.250,0,5422592,153224,178776,2257620,7790.875,485.992,0,6223.900,0,79.999,2244,2071,1.070,1.720,1.300,1,0,0,0,0,18,320,0,8,0
25-04 09:09:05,20.997,1.750,72.741,3.750,0,5422352,131864,179088,2277680,7169.133,485.941,0,1855.776,0,24.997,2047,1747,1.070,1.720,1.300,1,0,0,0,0,18,320,0,8,0
25-04 09:09:06,20.752,3.000,72.258,3.000,0,5422636,141640,179564,2267472,9881.125,486.055,0,2000.228,0,66.008,2280,2057,1.070,1.720,1.300,1,0,0,0,0,18,320,0,6,0
25-04 09:09:07,16.500,2.500,77.248,3.750,0,5429420,158260,179756,2243016,11276.684,3080.914,0,1831.949,0,60.998,2108,2093,1.150,1.730,1.300,3,0,0,0,0,18,318,0,5,0
25-04 09:09:08,22.963,2.995,72.384,0,0,5372408,215432,179756,2242896,3985.639,485.226,0,31.949,0,2.995,2130,1620,1.150,1.730,1.300,2,0,18.970,0,0,18,318,0,5,0
25-04 09:09:09,18.278,3.756,69.358,6.760,0,5374216,207716,179808,2248492,9394.591,2840.412,16.025,2760.287,1.002,61.095,2775,3128,1.150,1.730,1.300,1,0,18.028,0,0,18,318,0,5,0
25-04 09:09:10,19.498,3.000,76.742,1.000,0,5380844,196684,179892,2252364,16652.340,3426.658,0,607.939,0,45.995,2563,2545,1.150,1.730,1.300,2,0,17.998,0,0,18,319,0,5,0
25-04 09:09:11,21.253,5.751,67.510,3.501,0,5377600,197512,180032,2254040,7151.036,714.103,0,1284.186,0,34.005,10724,19396,1.150,1.730,1.300,2,0,14.002,0,0,18,318,0,3,0
25-04 09:09:12,22.247,6.249,68.490,1.500,0,5381536,193260,180056,2254292,9599.614,485.930,0,2211.681,0,10.998,11186,19796,1.140,1.710,1.300,2,0,12.998,0,0,18,318,0,3,0
25-04 09:09:13,20.260,5.253,71.534,1.751,0,5334768,252312,180092,2243012,10241.910,528.253,0,1180.566,0,132.063,2229,1649,1.140,1.710,1.300,2,0,8.004,0,0,18,318,0,3,0
25-04 09:09:14,22.077,5.519,69.242,2.258,0,5367820,216704,180092,2245572,10925.205,487.705,248.870,11596.553,4.014,154.540,2950,2811,1.140,1.710,1.300,1,0,6.021,0,0,18,318,0,3,0
25-04 09:09:15,24.673,4.735,62.056,7.227,0,5378348,205144,180096,2246596,5142.884,484.482,618.063,3604.704,25.919,112.647,5790,16073,1.140,1.710,1.300,3,0,35.888,0,0,18,321,0,6,0
25-04 09:09:16,15.493,3.498,63.472,15.243,0,5377732,205144,180096,2247212,3639.384,485.784,511.773,1511.329,31.986,179.920,5175,8472,1.140,1.710,1.300,3,0,1.000,0,0,18,320,0,8,0
25-04 09:09:17,9.749,18.748,68.493,1.500,0,5312156,270520,180096,2247412,12388.751,485.951,131.987,679.931,2.000,32.997,6021,5059,1.360,1.750,1.310,1,0,415.958,0,0,18,320,0,8,0
25-04 09:09:18,11.038,5.017,71.497,12.794,0,5305248,258872,180096,2265968,8346.868,487.687,18612.372,489.694,1175.064,23.080,3519,4359,1.360,1.750,1.310,1,0,33.115,0,0,18,320,0,10,0
25-04 09:09:19,3.985,2.490,76.457,14.694,0,5304316,254840,180096,2270992,4184.953,1495.267,5000.825,4032.538,972.272,171.343,2656,4132,1.360,1.750,1.310,0,0,5.977,0,0,18,321,0,10,0
25-04 09:09:20,1.750,0.750,96.273,0.250,0,5304316,254840,180096,2270992,29068.024,2489.602,0,376.091,0,39.009,1462,2071,1.360,1.750,1.310,0,0,0,0,0,18,321,0,10,0
25-04 09:09:21,4.249,2.499,87.977,4.249,0,5288660,269296,180176,2272008,136461.669,129291.578,671.821,835.777,18.995,10.997,1777,1840,1.360,1.750,1.310,1,0,12.997,0,0,18,320,0,10,0
25-04 09:09:22,1.750,0.500,97.023,0,0,5281344,276608,180176,2272012,8666.066,0,0,508.121,0,7.002,1030,1403,1.260,1.720,1.310,0,0,0,0,0,18,320,0,10,0
25-04 09:09:23,8.016,2.255,86.673,2.255,0.251,5286580,271368,180184,2272008,282447.591,6350.695,0,1891.782,0,314.629,1945,1737,1.260,1.720,1.310,1,0,7.014,0,0,18,320,0,10,0
25-04 09:09:24,8.230,3.491,83.545,3.491,0,5284360,273440,180204,2272136,144904.482,9634.362,123.697,379.070,5.985,25.936,2693,2900,1.260,1.720,1.310,1,0,26.934,0,0,18,320,0,10,0
25-04 09:09:25,10.535,4.013,79.260,5.769,0,5296960,260352,180204,2272576,295943.887,8054.396,16.053,3908.810,1.003,265.871,2517,2006,1.260,1.720,1.310,1,0,20.066,0,0,18,320,0,10,0
