"pcp-dstat 6.2.0 CSV Output"
"Author:","PCP team <pcp@groups.io> and Dag Wieers <dag@wieers.com>",,,,"URL:","https://pcp.io/ and http://dag.wieers.com/home-made/dstat/"
"Host:","ubuntu",,,,"User:","ubuntu"
"Cmdline:","dstat -tcmndrylpg --tcp --output /tmp/devstack_logs/dstat-csv.log",,,,"Date:","24 Apr 2026 09:32:41 UTC"
"system","total usage",,,,,"memory usage",,,,"net/total",,"dsk/total",,"io/total",,"system",,"load avg",,,"procs",,,"paging",,"tcp sockets",,,,
"time","total usage:usr","total usage:sys","total usage:idl","total usage:wai","total usage:stl","used","free","buf","cach","net/total:recv","net/total:send","dsk/total:read","dsk/total:writ","read","writ","int","csw","1m","5m","15m","run","blk","new","in","out","lis","act","syn","tim","clo"
24-04 09:32:41,,991284,1675024,162724,4995604,,,,,,,1.170,0.980,0.630,1,0,,,,10,6,0,17,0
24-04 09:32:42,14.998,20.497,56.243,6.749,0,1015428,1650120,162908,4996060,39600.048,13065.366,0,2743.657,0,104.987,6707,5791,1.170,0.980,0.630,1,0,530.934,0,0,10,6,0,17,0
24-04 09:32:43,24.990,17.993,52.979,2.999,0,1031680,1633392,163044,4996284,19788.044,9981.987,0,1535.383,0,52.979,6321,6909,1.160,0.980,0.630,1,0,352.858,0,0,10,6,0,17,0
24-04 09:32:44,28.226,14.738,52.955,3.497,0,1178628,1485656,163176,5121608,41493.096,9515.995,0,1386.833,0,44.962,6577,8096,1.160,0.980,0.630,1,0,229.807,0,0,11,5,0,17,1
24-04 09:32:45,15.724,5.990,72.632,4.742,0,1193096,1455268,163368,5136724,185791.734,12562.562,0,4077.367,0,69.886,2635,2227,1.160,0.980,0.630,2,3,75.877,0,0,11,6,0,17,2
24-04 09:32:46,32.828,11.527,48.115,6.516,0,1194700,1439292,164212,5148192,8645.598,541.290,0,3616.617,0,99.236,4491,3362,1.160,0.980,0.630,3,0,185.442,0,0,11,6,0,19,2
24-04 09:32:47,39.246,5.499,48.745,5.749,0,1261248,1352040,164776,5165848,7880.229,539.947,1791.825,2355.769,119.988,46.995,3216,2211,1.160,0.980,0.630,2,0,20.998,0,0,11,6,0,19,2
24-04 09:32:48,41.650,3.990,48.383,5.237,0,1299796,1292692,165288,5184260,8419.685,484.830,203.509,2322.397,6.983,51.875,2930,1847,1.310,1.010,0.650,1,2,0,0,0,11,6,0,19,2
24-04 09:32:49,19.505,4.501,45.011,30.008,0,1320488,1260520,166168,5193400,9466.395,486.123,0,12771.231,0,728.184,5525,8801,1.310,1.010,0.650,2,2,10.003,0,0,11,8,0,19,2
24-04 09:32:50,16.988,2.998,44.218,33.226,0,1313072,1257116,166740,5202232,5935.745,539.613,0,10956.146,0,639.542,4845,7714,1.310,1.010,0.650,0,2,0,0,0,11,8,0,19,2
24-04 09:32:51,9.239,2.997,46.446,40.203,0,1317100,1233764,167332,5219724,5206.952,485.436,0,16021.390,0,943.904,3352,4291,1.310,1.010,0.650,1,1,0,0,0,11,8,0,19,2
24-04 09:32:52,18.565,3.512,44.657,31.109,0.251,1320860,1221008,167904,5227284,9171.141,487.709,0,12166.639,0,692.427,5333,8571,1.310,1.010,0.650,0,2,6.021,0,0,11,8,0,19,2
24-04 09:32:53,15.249,3.750,47.747,30.998,0,1336736,1216780,168388,5214732,12662.271,3332.808,0,11359.346,0,653.962,5061,8413,1.360,1.030,0.650,1,1,11.999,0,0,11,6,0,19,0
24-04 09:32:54,25.017,5.754,40.277,27.268,0,1274084,1278272,168516,5215760,10369.017,486.329,0,12928.749,0,901.610,6128,9810,1.360,1.030,0.650,2,1,47.032,0,0,11,6,0,19,0
24-04 09:32:55,19.477,3.746,45.446,29.215,0,1266920,1278172,168720,5222164,13517.806,2766.686,0,11182.603,0,712.147,5479,8785,1.360,1.030,0.650,2,3,13.983,0,0,11,6,0,19,0
24-04 09:32:56,21.528,3.505,49.064,23.280,0,1279932,1263604,168860,5223464,15358.117,3365.408,0,9400.313,0,668.876,5272,8233,1.360,1.030,0.650,1,1,21.028,0,0,11,7,0,19,0
24-04 09:32:57,21.936,6.481,43.124,26.174,0,1273444,1261928,169444,5229732,8276.847,711.923,0,10644.937,0,613.211,13477,25109,1.360,1.030,0.650,1,1,14.956,0,0,11,6,0,19,0
24-04 09:32:58,26.575,6.017,38.860,24.570,0,1271512,1262652,169748,5230500,3400.622,487.379,0,11143.531,0,766.168,14964,28211,1.570,1.080,0.670,1,2,40.114,0,0,11,6,0,19,0
24-04 09:32:59,36.440,10.732,42.181,10.233,0,1164308,1382324,169924,5219356,5617.757,485.202,0,9073.071,0,526.134,5001,5621,1.570,1.080,0.670,2,0,86.857,0,0,11,4,0,19,0
24-04 09:33:00,40.935,6.739,49.671,1.747,0,1232084,1314540,169928,5219356,8353.655,539.139,0,1090.258,0,26.957,3193,1773,1.570,1.080,0.670,1,0,70.887,0,0,11,4,0,19,0
24-04 09:33:01,22.010,4.502,64.530,8.254,0,1216328,1330216,169996,5219368,8595.966,486.224,0,5270.431,0,268.124,2560,2718,1.570,1.080,0.670,1,0,10.005,0,0,11,4,0,19,0
24-04 09:33:02,23.250,3.750,65.749,7.250,0,1260172,1286368,169996,5219376,9046.884,485.994,0,13427.828,0,128.998,1993,1705,1.570,1.080,0.670,1,0,0,0,0,11,4,0,19,0
24-04 09:33:03,14.255,13.755,71.025,0,0,1219840,1326668,169996,5219408,7071.503,486.172,0,10859.844,0,129.046,4350,3415,1.530,1.080,0.670,1,0,225.080,0,0,11,4,0,19,0
24-04 09:33:04,9.515,21.032,68.856,0,0,1151744,1394592,169996,5219572,9065.899,540.829,0,52.080,0,13.020,6083,4975,1.530,1.080,0.670,1,0,452.694,0,0,11,4,0,19,0
24-04 09:33:05,22.739,13.244,62.221,1.499,0,1152060,1386764,169996,5227500,9502.592,485.775,7444.547,31.985,74.965,2.999,6620,8774,1.530,1.080,0.670,3,0,218.898,0,0,11,4,0,13,0
24-04 09:33:06,45.799,7.758,44.548,1.251,0,1256624,1282068,170008,5227620,5634.029,486.521,20.021,1077.153,4.004,101.108,3419,2046,1.530,1.080,0.670,3,0,80.086,0,0,11,5,0,13,0
24-04 09:33:07,40.498,6.500,49.248,4.000,0,1276148,1261608,170012,5228548,8276.586,485.976,491.975,371.981,4.000,30.998,2630,1438,1.530,1.080,0.670,3,0,0,0,0,11,5,0,13,0
24-04 09:33:08,35.209,9.239,52.189,1.498,0,1297984,1237220,170048,5231000,9781.485,539.365,0,3623.734,0,129.847,4251,4741,1.560,1.090,0.680,3,0,117.861,0,0,11,4,0,14,0
24-04 09:33:09,13.980,5.492,77.140,1.748,0,1348304,1186900,170052,5231000,4467.654,485.311,0,20734.550,0,231.671,2144,2392,1.560,1.090,0.680,1,1,22.967,0,0,11,4,0,14,0
24-04 09:33:10,24.009,3.251,72.028,1.000,0,1384984,1150220,170052,5231000,9739.829,486.191,0,12304.838,0,218.086,2067,1702,1.560,1.090,0.680,3,0,0,0,0,11,4,0,14,0
24-04 09:33:11,19.490,1.999,71.215,5.497,0,1400316,1134596,170088,5231256,8619.798,539.737,0,1699.172,0,188.908,3672,5076,1.560,1.090,0.680,1,1,1.000,0,0,11,10,0,14,0
24-04 09:33:12,21.508,4.752,68.776,4.002,0,1351672,1183128,170120,5231300,9198.541,486.187,44.017,2629.012,3.001,156.060,2673,2401,1.560,1.090,0.680,1,0,42.016,0,0,11,4,0,16,0
24-04 09:33:13,16.999,1.250,74.997,5.500,0,1376820,1157172,170396,5231792,11654.479,2870.872,567.975,815.963,14.999,13.999,1694,1471,1.520,1.090,0.680,1,0,0,0,0,11,11,0,16,0
24-04 09:33:14,18.252,2.750,73.256,5.250,0,1376812,1156816,170440,5232032,9291.817,5467.481,268.024,1600.141,66.006,27.002,2656,2897,1.520,1.090,0.680,0,0,4.000,0,0,11,29,0,15,0
24-04 09:33:15,20.008,5.002,73.278,0,0,1400560,1133052,170440,5232044,10705.056,1547.586,0,468.177,0,3.001,2394,1756,1.520,1.090,0.680,1,0,43.016,0,0,11,28,0,16,0
24-04 09:33:16,17.778,2.254,80.128,0.250,0,1420636,1112960,170440,5232060,14442.102,7350.758,0,164.263,0,5.008,1928,1605,1.520,1.090,0.680,1,0,0,0,0,11,28,0,17,0
24-04 09:33:17,33.687,11.978,53.150,0,0,1434888,1098668,170440,5232076,6172.429,485.091,0,2231.816,0,58.890,3848,2491,1.520,1.090,0.680,2,0,161.697,0,0,11,28,0,17,0
24-04 09:33:18,33.322,4.009,62.885,0,0,1466096,1067444,170440,5232092,24195.935,11913.572,0,0,0,0,3856,3817,1.560,1.110,0.690,2,0,0,0,0,11,30,0,16,0
24-04 09:33:19,47.254,20.002,31.253,0.500,0,1472164,1061116,170456,5232320,17702.652,7699.718,0,428.040,0,40.004,7242,8785,1.560,1.110,0.690,8,0,519.048,0,0,11,28,0,17,0
24-04 09:33:20,84.562,13.260,2.001,0,0,1701896,831356,170456,5232344,15900.616,6879.025,0,6865.015,0,63.046,5146,3024,1.560,1.110,0.690,3,0,59.043,0,0,11,31,0,17,0
24-04 09:33:21,66.855,8.482,21.454,2.495,0,1779980,753052,170456,5232560,38807.895,26877.750,0,19429.891,0,217.529,7514,10003,1.560,1.110,0.690,3,1,0,0,0,11,34,0,17,0
24-04 09:33:22,44.673,11.480,29.449,13.227,0,1615280,917660,170460,5232640,17067.717,12188.089,0,19462.608,0,159.726,6392,8916,1.560,1.110,0.690,3,1,249.572,0,0,11,29,0,22,0
24-04 09:33:23,20.314,7.524,63.700,8.276,0,1538808,994108,170472,5232648,9201.835,1384.338,0,20949.648,0,231.726,3191,2869,1.590,1.120,0.700,1,0,60.189,0,0,11,28,0,23,0
24-04 09:33:24,15.955,2.493,64.569,15.457,0,1534896,998012,170472,5232656,10933.290,6252.438,0,25085.538,0,498.599,2733,2650,1.590,1.120,0.700,0,0,0.997,0,0,11,29,0,23,0
24-04 09:33:25,17.765,7.006,73.813,0.500,0,1511160,1021820,170472,5232668,12049.280,1643.402,0,4047.453,0,34.029,3197,2968,1.590,1.120,0.700,1,0,68.058,0,0,11,28,0,24,0
24-04 09:33:26,22.490,4.248,71.468,0,0,1486236,1046736,170472,5232676,14536.510,4956.787,0,423.811,0,9.996,2663,13038,1.590,1.120,0.700,0,0,35.984,0,0,11,29,0,25,0
24-04 09:33:27,11.533,12.034,71.955,3.761,0,1409392,1123544,170484,5232700,13385.101,2986.501,0,1263.597,0,76.217,4798,4901,1.590,1.120,0.700,1,0,255.728,0,0,11,28,0,26,0
24-04 09:33:28,27.008,30.259,41.762,0,0,1435968,1096916,170484,5232752,6421.898,486.144,0,232.069,0,27.008,6428,5634,1.710,1.150,0.710,5,0,773.229,0,0,11,28,0,26,0
24-04 09:33:29,84.965,9.967,4.485,0,0.249,1667664,865216,170484,5232752,8488.556,5576.315,0,59.800,0,3.987,4727,2085,1.710,1.150,0.710,2,0,9.967,0,0,11,31,0,26,0
24-04 09:33:30,69.730,6.020,23.327,0.251,0,1708292,824236,170484,5233100,44993.235,37648.036,0,208.688,0,11.036,8603,13292,1.710,1.150,0.710,5,0,0,0,0,11,32,0,24,0
24-04 09:33:31,76.980,19.245,2.499,0.750,0,1583456,948840,170520,5233296,19204.041,7721.006,0,4382.868,0,268.931,7270,9001,1.710,1.150,0.710,7,0,309.920,0,0,11,28,0,25,0
24-04 09:33:32,89.775,9.003,1.250,0,0,1779456,752824,170528,5233304,14410.030,8383.345,0,224.063,0,12.003,4910,2761,1.710,1.150,0.710,8,0,0,0,0,11,31,0,25,0
24-04 09:33:33,69.727,8.997,20.243,0.250,0,1790776,741244,170544,5233548,55357.729,45874.859,0,983.675,0,48.984,9989,16375,1.890,1.200,0.730,3,0,49.984,0,0,11,33,0,26,0
24-04 09:33:34,61.583,12.217,24.683,0.499,0,1571452,960492,170560,5233608,21694.205,9988.928,0,442.800,0,36.900,6774,7813,1.890,1.200,0.730,3,0,248.327,0,0,11,28,0,26,0
24-04 09:33:35,35.003,3.750,60.506,0,0,1597984,933816,170560,5233752,21926.062,12105.138,0,172.016,0,9.001,3911,3813,1.890,1.200,0.730,2,0,0,0,0,11,30,0,26,0
24-04 09:33:36,35.338,15.789,47.618,0.251,0,1533276,998464,170564,5233808,15141.604,7244.993,0,296.737,0,27.067,6362,7012,1.890,1.200,0.730,3,0,378.941,0,0,11,28,0,28,0
24-04 09:33:37,55.509,6.501,37.506,0,0,1607576,924148,170568,5233820,16772.607,10658.657,0,172.027,0,6.001,3869,2639,1.890,1.200,0.730,4,0,0,0,0,11,31,0,28,0
24-04 09:33:38,48.759,11.752,37.757,0.500,0,1515252,1016384,170580,5233896,23605.466,18660.530,0,640.121,0,54.010,7580,10518,1.980,1.230,0.740,5,0,248.047,0,0,11,28,0,26,0
24-04 09:33:39,83.118,10.983,6.240,0,0,1630436,901064,170580,5234032,14468.039,5981.507,0,175.721,0,7.987,4777,1944,1.980,1.230,0.740,3,0,9.984,0,0,11,31,1,26,0
24-04 09:33:40,56.534,5.003,36.772,0.500,0,1636128,895296,170588,5234100,43077.611,33561.954,0,144.086,0,14.008,8963,13006,1.980,1.230,0.740,7,0,0,0,0,11,30,0,28,0
24-04 09:33:41,63.119,16.466,19.210,0.499,0,1558956,972272,170592,5234292,14026.784,2186.446,0,530.894,0,35.925,5256,4385,1.980,1.230,0.740,5,0,323.327,0,0,11,28,0,29,0
24-04 09:33:42,46.994,5.249,46.994,0.250,0,1595800,935392,170592,5234328,27589.270,19608.349,0,187.975,0,9.999,5095,5446,1.980,1.230,0.740,3,0,0,0,0,11,31,0,29,0
24-04 09:33:43,57.439,16.053,26.336,0.251,0,1532412,998716,170612,5234372,19345.517,10460.344,0,449.476,0,43.142,7334,8455,2.220,1.290,0.760,3,0,299.985,0,0,11,28,0,31,0
24-04 09:33:44,52.702,6.244,39.964,0.250,0,1610716,920252,170616,5234524,21727.366,13389.900,0,219.801,0,9.991,4126,2971,2.220,1.290,0.760,2,0,0.999,0,0,11,31,0,31,0
24-04 09:33:45,49.547,14.764,35.033,0.250,0,1548668,982088,170632,5234720,20837.612,15477.567,0,1501.413,0,75.071,7774,10151,2.220,1.290,0.760,3,0,287.270,0,0,11,28,0,34,0
24-04 09:33:46,54.443,6.243,38.459,0.250,0,1596752,933972,170632,5234752,22480.282,12191.137,0,179.810,0,13.985,3836,2791,2.220,1.290,0.760,3,0,0,0,0,11,31,0,34,0
24-04 09:33:47,50.554,10.261,37.790,1.001,0,1545520,984856,170652,5235080,24362.827,14478.348,0,244.259,0,25.027,6492,8448,2.220,1.290,0.760,3,0,112.119,0,0,11,28,0,36,0
24-04 09:33:48,55.307,6.228,36.373,0,0,1622544,907824,170652,5235088,9837.715,7307.533,0,3200.845,0,89.687,3520,1470,2.360,1.340,0.780,1,0,0,0,0,11,31,0,36,0
24-04 09:33:49,51.616,9.271,38.837,0.501,0,1511836,1018448,170660,5235164,32542.115,19209.159,0,360.811,0,37.083,7338,9667,2.360,1.340,0.780,4,0,166.374,0,0,11,28,0,38,0
24-04 09:33:50,73.591,23.779,2.253,0,0,1604516,925704,170672,5235216,8257.192,486.601,0,368.455,0,26.032,5862,5017,2.360,1.340,0.780,7,0,545.674,0,0,11,28,0,36,0
24-04 09:33:51,78.752,17.251,3.750,0,0,1775284,754864,170676,5235284,30098.891,20782.615,0,248.007,0,13.000,6420,6078,2.360,1.340,0.780,7,0,489.014,0,0,11,33,0,36,0
24-04 09:33:52,75.162,16.231,7.741,0.499,0,1774072,755768,170700,5235560,48786.678,38808.402,0,1142.657,0,84.900,9053,11761,2.360,1.340,0.780,7,0,399.531,0,0,11,29,0,37,0
24-04 09:33:53,82.593,16.519,1.001,0,0,1669876,859940,170704,5235576,11458.905,7297.218,0,284.320,0,22.025,5732,4459,2.740,1.430,0.820,4,0,254.286,0,0,11,29,0,37,0
24-04 09:33:54,76.714,8.967,13.948,0,0,1739292,790304,170708,5235788,41258.181,31752.619,0,115.569,0,7.970,6685,9354,2.740,1.430,0.820,4,0,0.996,0,0,11,32,0,38,0
24-04 09:33:55,48.923,17.060,32.114,0.251,0,1517208,1012152,170716,5236012,31294.932,23755.206,0,309.096,0,39.139,8937,12621,2.740,1.430,0.820,1,0,525.864,0,0,11,28,0,42,0
24-04 09:33:56,30.006,32.256,37.507,0,0,1507292,1022044,170724,5236028,4137.784,486.092,0,604.115,0,19.004,6621,6411,2.740,1.430,0.820,5,0,934.177,0,0,11,28,0,42,0
24-04 09:33:57,73.734,11.997,14.497,0,0,1622808,906524,170724,5236088,19130.742,10886.577,0,1107.753,0,4.999,4676,3151,2.740,1.430,0.820,2,0,143.968,0,0,11,31,0,42,0
24-04 09:33:58,58.863,9.727,29.681,0.249,0,1563612,965480,170748,5236300,29476.157,22068.458,0,885.931,0,68.839,7857,10951,2.760,1.460,0.830,5,0,133.688,0,0,11,29,0,45,0
24-04 09:33:59,77.656,14.279,8.016,0,0,1609052,920020,170748,5236320,17187.631,7207.522,0,300.606,0,22.044,5215,3544,2.760,1.460,0.830,3,0,134.271,0,0,11,30,0,46,0
24-04 09:34:00,59.765,6.001,33.758,0,0,1636816,892032,170752,5236536,42260.562,32637.157,0,184.046,0,8.002,6542,12037,2.760,1.460,0.830,2,0,0,0,0,11,32,0,46,0
24-04 09:34:01,57.431,7.990,33.460,0.499,0,1602980,925600,170764,5236788,41015.746,33229.097,0,391.530,0,32.960,12134,18612,2.760,1.460,0.830,4,0,58.929,0,0,11,30,0,46,0
24-04 09:34:02,79.117,12.518,8.262,0,0,1589324,939212,170772,5236820,16016.660,6963.286,0,332.491,0,34.050,5555,4722,2.760,1.460,0.830,5,0,61.090,0,0,11,29,0,46,0
24-04 09:34:03,61.208,6.496,31.478,0,0,1637324,891132,170772,5236900,38015.883,30914.762,0,147.898,0,7.995,7052,10572,2.940,1.520,0.850,3,0,0,0,0,11,32,0,46,0
24-04 09:34:04,56.972,8.996,33.484,0,0,1561540,966500,170776,5237300,50010.670,38420.309,0,147.928,0,9.995,12146,19943,2.940,1.520,0.850,7,0,105.948,0,0,11,30,0,48,0
24-04 09:34:05,78.886,13.481,6.990,0,0,1612280,915736,170780,5237320,19612.672,8339.954,0,123.821,0,7.988,5399,3702,2.940,1.520,0.850,5,0,154.776,0,0,11,29,0,50,0
24-04 09:34:06,62.588,6.509,30.293,0.250,0,1654908,872896,170792,5237488,40546.162,29779.984,0,140.198,0,9.013,6785,9863,2.940,1.520,0.850,3,0,2.003,0,0,11,32,0,50,0
24-04 09:34:07,69.575,12.263,17.269,0.250,0,1510840,1016856,170808,5237572,27191.239,19651.131,0,324.349,0,33.036,8203,11569,2.940,1.520,0.850,6,0,114.123,0,0,11,28,0,52,0
24-04 09:34:08,72.237,8.998,18.497,0.250,0,1624144,903512,170816,5237600,17819.912,13044.739,0,215.963,0,16.997,4780,3826,3.180,1.590,0.880,4,0,13.998,0,0,11,31,0,52,0
24-04 09:34:09,66.360,11.975,20.457,0.499,0,1676004,851572,170848,5237644,24743.902,20149.575,0,419.118,0,40.914,7125,9942,3.180,1.590,0.880,4,0,119.748,0,0,11,30,0,54,0
24-04 09:34:10,66.144,9.521,23.802,0,0,1547376,979832,170848,5238008,37891.602,27246.396,0,4.009,0,1.002,5598,9846,3.180,1.590,0.880,3,0,72.157,0,0,11,30,0,56,0
24-04 09:34:11,70.263,13.502,15.503,0,0,1589612,937540,170848,5238060,26445.831,16750.060,0,112.020,0,5.001,6130,7286,3.180,1.590,0.880,4,0,155.028,0,0,11,29,0,57,0
24-04 09:34:12,69.001,9.250,20.750,0,0,1687092,840020,170848,5238096,26962.371,17864.246,0,0,0,0,5997,6182,3.180,1.590,0.880,5,0,34.000,0,0,11,31,0,58,0
24-04 09:34:13,66.261,9.715,23.166,0,0,1665772,861120,170872,5238288,26437.518,19015.324,0,251.093,0,25.906,7187,9324,3.250,1.630,0.900,5,0,77.719,0,0,11,29,0,60,1
24-04 09:34:14,58.958,11.541,28.601,1.254,0,1605976,920856,170892,5238328,19588.988,9761.378,0,541.908,0,51.180,5220,4991,3.250,1.630,0.900,3,1,157.555,0,0,11,33,0,62,0
24-04 09:34:15,51.502,8.000,39.251,0.750,0,1581200,945428,170900,5238520,24476.834,14875.507,0,292.010,0,24.001,5091,5546,3.250,1.630,0.900,4,0,60.002,0,0,11,33,0,61,0
24-04 09:34:16,53.992,8.749,35.995,0,0,1551732,974852,170900,5238560,20588.080,13535.081,0,407.942,0,15.998,5983,6369,3.250,1.630,0.900,4,0,95.986,0,0,11,33,0,62,0
24-04 09:34:17,54.413,9.734,35.194,0.499,0,1500492,1026076,170904,5238576,24344.167,11770.224,0,223.643,0,11.981,4895,5691,3.250,1.630,0.900,3,0,91.853,0,0,11,33,0,63,0
24-04 09:34:18,42.204,6.743,49.946,0,0,1533084,993120,170916,5238920,23453.545,16433.165,0,271.705,0,16.982,5482,6406,3.310,1.670,0.910,3,0,85.907,0,0,11,34,0,64,0
24-04 09:34:19,32.722,7.244,56.701,2.248,0,1511048,1015100,170932,5238956,15741.413,9857.491,0,4747.902,0,194.832,5204,6180,3.310,1.670,0.910,2,0,66.942,0,0,11,32,0,64,0
24-04 09:34:20,38.255,7.501,53.258,0,0,1514904,1011240,170932,5238960,15089.168,5265.757,0,144.021,0,9.001,3391,2271,3.310,1.670,0.910,2,0,68.010,0,0,11,33,0,64,0
24-04 09:34:21,32.763,6.002,59.773,0.500,0,1504688,1021372,170940,5239032,16158.292,12138.727,0,348.136,0,19.007,4312,5563,3.310,1.670,0.910,1,0,34.013,0,0,11,33,0,65,0
24-04 09:34:22,37.734,9.246,52.977,0.250,0,1518104,1007904,170940,5239080,16327.940,6354.253,0,195.915,0,12.994,4119,3344,3.310,1.670,0.910,2,0,103.955,0,0,11,33,0,66,0
24-04 09:34:23,34.748,7.000,56.247,0.250,0,1550336,975504,170956,5239232,17092.215,7659.648,0,359.983,0,31.999,4220,4197,3.280,1.690,0.920,2,0,59.997,0,0,11,33,0,61,0
24-04 09:34:24,35.523,4.753,57.538,1.251,0,1518900,1006912,170964,5239252,15907.378,10395.782,0,276.180,0,23.015,3647,4067,3.280,1.690,0.920,3,0,6.004,0,0,11,33,0,62,0
24-04 09:34:25,35.753,6.501,57.505,0.250,0,1504460,1021320,170964,5239284,20736.669,11970.964,0,148.012,0,9.001,5254,5628,3.280,1.690,0.920,2,0,43.003,0,0,11,33,0,63,0
24-04 09:34:26,40.422,7.440,51.581,0.248,0,1505076,1020668,170968,5239316,13795.052,8427.609,0,527.718,0,70.428,5407,13672,3.280,1.690,0.920,4,0,40.670,0,0,11,33,0,65,0
24-04 09:34:27,35.525,4.283,59.461,0.252,0,1523716,1001984,170984,5239344,16578.470,11890.139,0,306.374,0,21.164,3913,4857,3.280,1.690,0.920,1,0,0,0,0,11,33,0,62,1
24-04 09:34:28,22.799,12.026,62.384,1.754,0,1503280,1022144,171028,5239568,19918.756,9162.668,0,3675.890,0,143.308,5827,6670,3.260,1.720,0.930,1,0,277.596,0,0,11,33,0,63,0
24-04 09:34:29,22.202,3.492,73.340,0.249,0,1462832,1062592,171028,5239568,7528.565,616.654,0,139.695,0,10.976,2000,1559,3.260,1.720,0.930,1,0,4.989,0,0,11,32,0,64,0
24-04 09:34:30,17.246,2.000,80.482,0,0,1464576,1060832,171028,5239584,18462.794,8757.005,0,111.974,0,5.999,2678,2916,3.260,1.720,0.930,2,0,0,0,0,11,33,0,64,0
24-04 09:34:31,12.749,11.999,73.746,0,0,1428052,1097320,171044,5239604,10843.408,2909.841,0,283.984,0,27.998,4610,4364,3.260,1.720,0.930,1,0,283.984,0,0,11,32,0,64,0
24-04 09:34:32,21.250,3.250,75.249,0,0,1451432,1073936,171044,5239608,8542.894,2451.969,0,151.998,0,6.000,1775,1232,3.260,1.720,0.930,0,0,0,0,0,11,33,0,64,0
24-04 09:34:33,17.253,1.250,79.264,0.250,0,1455432,1069904,171052,5239632,19729.427,9233.604,0,76.013,0,6.001,3301,4112,3.160,1.720,0.940,1,0,0,0,0,11,32,0,65,0
24-04 09:34:34,21.508,5.752,72.779,0,0,1481864,1043468,171052,5239636,7476.942,486.191,0,180.071,0,15.006,2414,1845,3.160,1.720,0.940,1,0,47.019,0,0,11,32,0,65,0
24-04 09:34:35,16.030,2.254,79.901,0.250,0,1482888,1042424,171052,5239652,16926.986,8754.543,0,28.053,0,4.008,2907,3384,3.160,1.720,0.940,1,0,0,0,0,11,33,0,60,0
24-04 09:34:36,15.513,8.757,74.060,1.501,0,1441172,1084012,171060,5239768,13201.664,6269.064,0,292.236,0,31.025,5286,5983,3.160,1.720,0.940,1,0,199.161,0,0,11,32,0,60,0
24-04 09:34:37,19.257,20.257,58.770,0.500,0,1458360,1066536,171068,5240044,9568.263,486.166,0,396.135,0,26.009,5754,4726,3.160,1.720,0.940,2,0,427.146,0,0,11,32,0,62,0
24-04 09:34:38,44.447,5.493,48.692,0.499,0,1550872,971724,171112,5241908,10526.378,485.418,471.435,443.468,17.978,7.990,2840,1659,3.150,1.740,0.950,2,0,3.995,0,0,11,36,0,62,0
24-04 09:34:39,26.964,4.993,44.440,22.470,0,1491056,1029632,171280,5243396,6267.571,485.347,0,5864.113,0,421.433,5113,7639,3.150,1.740,0.950,2,0,19.973,0,0,11,36,0,62,0
24-04 09:34:40,26.481,4.497,43.469,23.234,0,1555204,964644,171460,5244028,5013.476,485.659,0,8617.942,0,731.486,5413,8122,3.150,1.740,0.950,1,1,22.984,0,0,11,36,0,59,0
24-04 09:34:41,28.019,5.003,40.777,26.017,0,1529608,989200,171668,5244836,8434.673,486.327,0,7841.274,0,610.411,5500,8556,3.150,1.740,0.950,1,2,19.013,0,0,11,36,0,59,0
24-04 09:34:42,25.708,4.992,36.190,30.699,0,1570804,946976,171864,5245644,4813.047,485.198,0,10199.147,0,751.758,5337,8699,3.150,1.740,0.950,6,1,10.982,0,0,11,36,0,59,0
24-04 09:34:43,27.021,4.253,40.781,25.519,0.250,1573444,943448,171988,5246380,8119.199,580.443,0,8842.752,0,676.517,5278,8157,3.220,1.780,0.970,5,1,25.019,0,0,11,36,0,59,0
24-04 09:34:44,27.756,5.001,39.759,26.256,0,1593208,922732,172148,5247116,7002.608,486.112,0,11070.542,0,787.181,6498,10352,3.220,1.780,0.970,1,1,21.005,0,0,11,36,0,54,0
24-04 09:34:45,26.576,5.265,41.368,24.821,0,1560680,954328,172320,5247828,8915.464,487.392,0,6273.919,0,573.638,5574,8588,3.220,1.780,0.970,1,1,19.054,0,0,11,36,0,54,0
24-04 09:34:46,26.966,5.992,40.699,23.970,0,1548580,966068,172432,5248056,8424.447,485.392,0,13119.566,0,1020.721,7160,12009,3.220,1.780,0.970,1,1,14.981,0,0,11,36,0,54,0
24-04 09:34:47,26.207,5.241,40.933,24.959,0,1587264,926784,172496,5248584,4868.000,485.203,0,7715.321,0,663.909,6555,10374,3.220,1.780,0.970,1,2,8.985,0,0,11,36,0,54,0
24-04 09:34:48,25.268,4.503,46.032,21.765,0,1567964,945864,172572,5248680,3718.597,486.340,0,13057.119,0,887.620,6491,11471,3.280,1.820,0.990,1,3,13.009,0,0,11,38,0,49,0
24-04 09:34:49,26.735,5.247,45.975,20.988,0,1577688,935280,172652,5249436,9624.681,485.732,0,6828.226,0,604.666,5155,8197,3.280,1.820,0.990,1,2,7.996,0,0,11,38,0,49,0
24-04 09:34:50,29.061,4.008,44.594,21.045,0,1566980,946548,172832,5248684,6222.158,487.030,0,8437.844,0,702.486,5211,8537,3.280,1.820,0.990,2,1,4.008,0,0,11,38,0,49,0
24-04 09:34:51,44.547,6.006,46.299,3.253,0,1525944,987544,172844,5248708,9846.418,486.515,0,3559.767,0,203.215,3336,2537,3.280,1.820,0.990,2,0,6.006,0,0,11,32,0,49,0
24-04 09:34:52,33.091,5.474,42.545,17.416,0,1603600,909688,172960,5248792,8572.732,483.672,0,6938.599,0,579.212,5661,8009,3.280,1.820,0.990,3,1,2.986,0,0,11,34,0,47,0
24-04 09:34:53,28.622,6.528,40.673,23.098,0,1583904,928968,173216,5248948,8458.913,488.072,0,10179.217,0,1041.421,7543,12238,3.340,1.850,1,1,1,1.004,0,0,11,34,0,47,0
24-04 09:34:54,27.485,6.247,44.475,19.739,0,1548148,964248,173452,5249184,6412.435,485.730,0,6032.646,0,869.517,6919,11809,3.340,1.850,1,1,2,1.999,0,0,11,34,0,47,0
24-04 09:34:55,31.161,8.476,44.622,13.461,0,1528124,983968,173652,5249272,4999.700,484.614,0,3952.695,0,579.343,6059,8951,3.340,1.850,1,1,0,99.715,0,0,11,32,0,47,0
24-04 09:34:56,17.556,9.530,70.475,2.257,0,1481292,1030624,173672,5249424,8459.015,487.557,0,947.024,0,38.122,3449,2758,3.340,1.850,1,2,0,182.583,0,0,11,32,0,41,0
24-04 09:34:57,7.002,19.006,60.268,11.753,0,1473288,1038564,173712,5249456,8586.554,486.145,0,6621.970,0,415.123,6308,5606,3.340,1.850,1,3,0,464.138,0,0,11,32,0,41,0
24-04 09:34:58,8.754,21.759,64.528,4.252,0,1458920,1052816,173752,5249496,3343.442,486.210,0,4854.093,0,219.094,6452,5753,3.230,1.860,1.010,1,0,468.202,0,0,11,32,0,41,0
24-04 09:34:59,12.209,14.949,71.259,0,0,1472684,1039040,173752,5249500,8345.757,484.361,0,143.514,0,4.983,4413,3256,3.230,1.860,1.010,1,0,254.140,0,0,11,32,0,41,0
24-04 09:35:00,22.251,3.500,73.753,0,0,1532580,979144,173752,5249500,7670.319,486.020,0,0,0,0,1769,1176,3.230,1.860,1.010,2,0,2.000,0,0,11,32,0,37,0
24-04 09:35:01,22.741,3.499,72.721,0,0,1513492,998236,173752,5249496,8819.524,485.809,0,15.994,0,1.000,1937,1307,3.230,1.860,1.010,1,0,3.998,0,0,11,32,0,37,0
24-04 09:35:02,22.250,3.500,73.749,0,0,1564508,947196,173752,5249516,6187.954,485.996,0,20.000,0,1.000,1792,1240,3.230,1.860,1.010,2,0,2.000,0,0,11,32,0,37,0
24-04 09:35:03,22.510,3.001,73.284,0.500,0,1518652,993060,173752,5249508,5777.684,486.226,0,296.138,0,12.006,2011,1632,3.050,1.840,1.010,1,0,1.000,0,0,11,32,0,37,0
24-04 09:35:04,23.235,3.248,72.454,0.750,0.250,1544952,966744,173752,5249520,10240.452,485.689,0,311.801,0,19.987,1915,1288,3.050,1.840,1.010,1,0,2.998,0,0,11,32,0,36,0
24-04 09:35:05,22.505,3.001,73.765,0,0,1521260,990432,173752,5249524,8534.728,486.098,0,44.009,0,4.001,1831,1237,3.050,1.840,1.010,2,0,1.000,0,0,11,32,0,36,0
24-04 09:35:06,22.502,3.250,72.758,0.750,0,1490304,1021396,173752,5249512,5348.563,486.051,0,752.079,0,138.015,1879,1207,3.050,1.840,1.010,1,0,3.000,0,0,11,32,0,36,0
24-04 09:35:07,22.746,3.249,73.737,0,0,1538436,973264,173752,5249512,8881.382,485.911,0,0,0,0,1856,1290,3.050,1.840,1.010,1,0,2.000,0,0,11,32,0,36,0
24-04 09:35:08,22.255,3.751,73.768,0,0,1510260,1001424,173752,5249528,6565.575,486.117,0,116.028,0,3.001,1789,1198,2.890,1.830,1.010,1,0,1.000,0,0,11,32,0,31,0
24-04 09:35:09,22.499,3.000,73.496,0,0,1549120,962592,173752,5249500,8954.476,485.972,0,8.000,0,1.000,1831,1250,2.890,1.830,1.010,2,0,2.000,0,0,11,32,0,31,0
24-04 09:35:10,22.750,2.750,74.002,0,0,1497692,1014080,173752,5249440,6372.137,486.010,0,36.001,0,3.000,1774,1194,2.890,1.830,1.010,1,0,1.000,0,0,11,32,0,31,0
24-04 09:35:11,22.249,3.000,73.497,0,0,1532888,978752,173752,5249572,3475.878,485.983,0,91.997,0,2.000,1777,1288,2.890,1.830,1.010,1,0,2.000,0,0,11,32,0,31,0
24-04 09:35:12,22.500,3.250,73.500,0,0,1480628,1030932,173752,5249648,9319.045,486.002,0,88.000,0,1.000,1833,1284,2.890,1.830,1.010,3,0,1.000,0,0,11,32,0,24,0
24-04 09:35:13,22.749,3.500,72.746,0.250,0,1473308,1038240,173752,5249660,12519.389,431.979,0,2155.895,0,22.999,2131,1716,2.730,1.810,1.010,3,0,1.000,0,0,11,32,0,24,0
24-04 09:35:14,22.505,3.251,73.268,0,0,1462360,1049168,173760,5249672,11899.901,486.119,0,436.106,0,29.007,1927,1312,2.730,1.810,1.010,2,0,4.001,0,0,11,32,0,24,0
24-04 09:35:15,22.490,3.748,73.466,0.250,0,1474336,1037204,173760,5249660,6241.127,485.776,0,67.969,0,4.998,1844,1413,2.730,1.810,1.010,1,0,0,0,0,11,32,0,24,0
24-04 09:35:16,21.989,3.248,73.712,0,0,1491236,1020292,173760,5249672,9675.022,485.750,0,3.998,0,0.999,1831,1314,2.730,1.810,1.010,1,0,0.999,0,0,11,32,0,17,0
24-04 09:35:17,22.314,4.513,72.708,0,0,1484068,1027416,173760,5249696,13611.861,529.512,0,12.034,0,1.003,2235,1446,2.730,1.810,1.010,1,0,25.072,0,0,11,32,0,17,0
24-04 09:35:18,10.233,19.467,68.885,0,0,1483796,1027664,173760,5249720,4486.495,485.188,0,239.599,0,9.983,5635,4418,2.520,1.780,1,1,0,442.260,0,0,11,32,0,17,0
24-04 09:35:19,22.487,2.499,73.207,0,0,1525312,986120,173760,5249748,6773.028,485.715,0,0,0,0,1763,1225,2.520,1.780,1,1,0,0,0,0,11,32,0,17,0
24-04 09:35:20,23.012,3.252,73.038,0.500,0,1486152,1025040,173764,5249980,10771.669,486.256,0,144.076,0,2.001,1930,1237,2.520,1.780,1,1,0,9.005,0,0,11,32,0,13,0
24-04 09:35:21,22.756,2.501,73.769,0,0,1509840,1001352,173764,5249980,8121.076,540.138,0,0,0,0,1710,1065,2.520,1.780,1,2,0,0,0,0,11,32,0,13,0
24-04 09:35:22,9.768,21.791,67.877,0,0,1448536,1062468,173764,5250164,8204.393,486.914,40.075,316.594,2.004,41.077,6246,4948,2.520,1.780,1,2,0,515.968,0,0,11,32,0,13,0
24-04 09:35:23,8.258,22.522,67.567,0.500,0,1441020,1069928,173772,5250196,8660.649,486.486,0,460.460,0,15.015,6552,5494,2.390,1.770,1,1,0,545.545,0,0,11,32,0,13,0
24-04 09:35:24,8.482,21.704,68.354,0,0,1437464,1073444,173776,5250232,8167.510,484.961,0,878.120,0,25.944,6313,5073,2.390,1.770,1,1,0,504.919,0,0,11,32,0,13,0
24-04 09:35:25,8.012,22.534,67.853,0.250,0,1414716,1096156,173776,5250260,7994.079,486.735,0,1217.840,0,17.026,6190,4847,2.390,1.770,1,1,0,509.770,0,0,11,32,0,9,0
24-04 09:35:26,12.747,22.994,63.483,0,0,1405496,1105336,173776,5250288,4002.959,485.874,0,1287.665,0,13.996,6887,12951,2.390,1.770,1,1,0,564.853,0,0,11,32,0,10,0
24-04 09:35:27,8.258,20.019,69.817,0,0,1396860,1113940,173776,5250320,3783.639,486.468,0,212.204,0,8.008,5864,4523,2.390,1.770,1,1,0,426.410,0,0,11,32,0,10,0
24-04 09:35:28,7.993,21.480,69.185,0,0,1388248,1122516,173776,5250352,10852.819,485.545,0,863.190,0,58.945,6019,4582,2.280,1.760,1,3,0,438.589,0,0,11,32,0,10,0
24-04 09:35:29,7.984,22.955,68.116,0,0,1390620,1120096,173776,5250384,5805.568,485.045,0,55.890,0,13.972,6292,5078,2.280,1.760,1,2,0,535.945,0,0,11,32,0,5,0
24-04 09:35:30,11.768,22.035,63.850,1.753,0,1351260,1159384,173804,5250424,8075.678,486.764,0,432.679,0,21.033,6223,5261,2.280,1.760,1,3,0,504.792,0,0,11,32,0,7,0
24-04 09:35:31,47.428,23.464,27.957,0.499,0.250,1484712,1025700,173840,5250588,8545.941,539.176,0,898.627,0,55.915,6293,5651,2.280,1.760,1,3,0,557.149,0,0,11,32,0,11,0
24-04 09:35:32,58.223,8.496,23.739,9.496,0,1653112,854340,173956,5253044,10579.024,485.771,443.791,2678.740,9.995,192.909,4340,2995,2.280,1.760,1,3,1,3.998,0,0,11,34,0,11,0
24-04 09:35:33,22.052,3.508,38.090,33.329,0,1665832,837260,174224,5256508,8730.574,487.148,0,9205.694,0,516.216,5324,8209,2.340,1.780,1.010,1,1,24.057,0,0,11,38,0,11,0
24-04 09:35:34,7.229,3.241,50.354,36.145,0,1664372,836756,174420,5258192,4567.733,484.593,0,13369.171,0,886.425,7958,15250,2.340,1.780,1.010,0,3,15.954,0,0,11,38,0,11,0
24-04 09:35:35,8.501,2.750,48.255,38.254,0,1663164,836504,174572,5259456,8403.916,486.053,0,12021.311,0,813.089,5708,10118,2.340,1.780,1.010,1,1,33.004,0,0,11,38,0,11,0
24-04 09:35:36,7.761,3.255,47.569,37.554,0,1662080,836000,174692,5260884,6001.680,486.704,0,13251.164,0,910.317,5712,10585,2.340,1.780,1.010,0,2,15.022,0,0,11,38,0,11,0
24-04 09:35:37,9.488,2.996,51.184,33.457,0,1660912,835496,174812,5262364,5648.718,485.374,0,9523.723,0,671.135,5725,10228,2.340,1.780,1.010,0,3,11.985,0,0,11,38,0,10,0
24-04 09:35:38,5.001,3.501,53.008,36.256,0,1657868,837448,174916,5263304,8704.336,486.075,0,14018.151,0,899.138,4984,9420,2.470,1.820,1.030,2,1,9.001,0,0,11,38,0,10,0
24-04 09:35:39,8.008,4.004,52.049,32.531,0,1656004,838080,175048,5264372,9275.715,486.457,0,15570.629,0,1024.963,5874,10718,2.470,1.820,1.030,0,4,12.011,0,0,11,38,0,10,0
24-04 09:35:40,17.749,6.500,40.248,32.498,0,1612036,880740,175136,5265540,9739.417,539.968,0,14231.148,0,919.945,6747,11117,2.470,1.820,1.030,1,3,59.996,0,0,11,36,0,10,0
24-04 09:35:41,23.026,4.005,42.548,28.282,0,1653476,838012,175200,5266756,13443.201,5524.247,0,8910.075,0,693.785,6821,11544,2.470,1.820,1.030,2,2,19.022,0,0,11,37,0,8,0
24-04 09:35:42,17.986,5.246,40.219,34.473,0,1656568,833756,175248,5267844,9815.335,4716.317,0,15244.095,0,1076.160,7000,11878,2.470,1.820,1.030,1,1,11.991,0,0,11,36,0,9,0
24-04 09:35:43,26.291,7.011,35.806,30.297,0,1675860,812824,175344,5269316,10687.718,580.909,0,6722.515,0,539.844,6147,8933,2.520,1.840,1.040,1,1,82.128,0,0,11,38,0,9,0
24-04 09:35:44,19.956,3.991,38.666,34.425,0,1685328,802332,175380,5270276,14728.854,6197.474,0,12672.342,0,828.192,6056,10367,2.520,1.840,1.040,0,1,6.985,0,0,11,39,0,9,0
24-04 09:35:45,18.004,4.501,45.759,29.506,0.250,1685196,801576,175408,5271112,15089.007,9509.895,0,13586.708,0,824.164,8198,13600,2.520,1.840,1.040,1,2,9.002,0,0,11,39,0,9,0
24-04 09:35:46,20.005,5.752,40.261,31.758,0,1664792,820452,175464,5272520,14512.810,5293.390,0,9274.435,0,693.182,7475,12063,2.520,1.840,1.040,1,1,42.011,0,0,11,38,0,9,0
24-04 09:35:47,21.534,4.257,42.817,28.795,0,1703624,780600,175504,5273476,14551.923,5634.876,0,11137.544,0,811.278,6558,10911,2.520,1.840,1.040,1,1,6.009,0,0,11,39,0,9,0
24-04 09:35:48,23.511,4.752,35.766,33.265,0,1699412,783488,175560,5274712,16937.781,7567.476,0,11809.425,0,846.389,8674,14267,2.470,1.840,1.040,1,2,15.007,0,0,11,39,0,9,0
24-04 09:35:49,19.483,5.245,43.461,29.474,0,1604992,876988,175620,5275552,15608.141,8623.343,0,13923.637,0,1040.076,7860,12818,2.470,1.840,1.040,1,2,26.976,0,0,11,38,0,10,0
24-04 09:35:50,26.954,6.739,32.694,31.446,0,1660600,820088,175692,5276712,5240.061,539.080,0,11660.108,0,882.494,5661,8840,2.470,1.840,1.040,1,1,46.920,0,0,11,38,0,10,0
24-04 09:35:51,21.046,4.259,42.592,29.815,0,1667532,811772,175760,5277988,58429.770,8818.132,0,10751.326,0,899.953,7386,11796,2.470,1.840,1.040,6,1,3.007,0,0,11,39,0,10,0
24-04 09:35:52,20.189,3.739,44.116,29.161,0,1665400,811640,175864,5280096,17531.688,9552.951,0,15975.421,0,1001.953,9395,17044,2.470,1.840,1.040,0,2,5.982,0,0,11,39,0,10,0
24-04 09:35:53,27.325,7.019,33.592,30.584,0,1667340,808364,175984,5281264,10274.170,2585.088,0,17074.816,0,1117.063,7890,12967,2.680,1.890,1.060,1,2,42.115,0,0,11,38,0,10,0
24-04 09:35:54,28.443,4.491,40.419,24.451,0,1696256,778224,176120,5282292,10756.366,5506.924,0,6490.945,0,545.902,5865,8734,2.680,1.890,1.060,8,0,12.974,0,0,11,39,0,10,0
24-04 09:35:55,25.308,15.034,34.579,22.551,0,1612792,860656,176348,5283472,19182.594,10280.363,372.847,13602.914,6.014,863.963,10689,16947,2.680,1.890,1.060,2,3,321.731,0,0,11,37,0,10,0
24-04 09:35:56,35.023,15.260,32.522,16.261,0,1603780,867724,176468,5284748,12244.138,5931.943,1128.750,7742.146,23.015,575.382,9549,15060,2.680,1.890,1.060,4,1,189.126,0,0,11,36,0,11,0
24-04 09:35:57,27.682,9.477,40.900,20.699,0,1636824,833752,176552,5285520,10477.283,5504.489,666.364,12114.264,11.971,792.056,6605,10184,2.680,1.890,1.060,2,2,115.716,0,0,11,37,0,11,0
24-04 09:35:58,17.994,3.499,47.983,28.240,0,1633660,836080,176664,5286228,9692.581,4296.484,0,13311.304,0,930.672,5743,9187,2.780,1.930,1.080,1,1,2.999,0,0,11,36,0,12,0
24-04 09:35:59,24.313,6.517,45.367,21.556,0,1631880,836208,176740,5287764,8721.552,541.400,0,6885.805,0,570.475,5790,8812,2.780,1.930,1.080,1,1,34.088,0,0,11,36,0,12,0
24-04 09:36:00,18.904,3.731,42.036,33.082,0,1618816,848300,176792,5288664,15520.988,7159.553,0,13523.158,0,887.482,6033,10112,2.780,1.930,1.080,2,1,2.985,0,0,11,36,0,13,0
24-04 09:36:01,23.049,6.764,44.094,23.801,0,1609556,856376,176872,5289740,11121.719,487.039,0,6778.456,0,519.107,5375,7775,2.780,1.930,1.080,1,1,60.128,0,0,11,36,0,13,0
24-04 09:36:02,20.296,3.759,50.866,23.804,0,1609228,855392,176924,5290948,15502.382,10145.155,0,7621.395,0,625.427,6676,10575,2.780,1.930,1.080,0,1,6.014,0,0,11,37,0,13,0
24-04 09:36:03,23.277,7.008,41.298,27.281,0,1639860,823616,177000,5291956,10718.371,1324.529,0,17147.792,0,1104.275,6989,11218,2.720,1.930,1.090,1,1,43.050,0,0,11,36,0,14,0
24-04 09:36:04,19.943,4.238,52.350,22.186,0,1651044,811528,177032,5292764,12397.401,6300.907,0,10027.207,0,503.554,4505,6746,2.720,1.930,1.090,4,1,3.989,0,0,11,37,0,14,0
24-04 09:36:05,14.259,5.253,51.783,25.766,0,1599708,861812,177080,5293744,9743.233,5534.541,0,9986.389,0,673.431,6924,11086,2.720,1.930,1.090,0,1,66.042,0,0,11,36,0,15,0
24-04 09:36:06,3.493,2.246,64.873,25.450,0,1587284,873248,177116,5294676,11898.643,485.048,0,6918.419,0,518.981,4389,7838,2.720,1.930,1.090,0,2,0,0,0,11,36,0,15,0
24-04 09:36:07,4.501,3.001,65.015,24.256,0,1565496,894120,177144,5295536,9468.197,654.152,0,7673.780,0,664.154,4780,8687,2.720,1.930,1.090,0,1,9.002,0,0,11,36,0,15,0
24-04 09:36:08,4.504,3.503,58.546,30.774,0,1549972,908928,177196,5296180,6201.900,834.659,0,15812.493,0,1011.799,5783,11122,2.580,1.910,1.090,0,2,3.002,0,0,11,36,0,15,0
24-04 09:36:09,4.499,2.499,62.486,27.994,0,1549364,908928,177204,5296764,10106.784,653.857,0,7730.305,0,692.848,4795,8782,2.580,1.910,1.090,1,1,14.997,0,0,11,36,0,15,0
24-04 09:36:10,5.252,2.501,62.029,26.762,0,1529636,927688,177232,5297652,8383.890,486.226,0,10809.015,0,751.349,4384,8112,2.580,1.910,1.090,1,1,3.001,0,0,11,36,0,15,0
24-04 09:36:11,4.998,2.249,62.975,26.489,0,1526084,930960,177244,5297908,9202.342,485.807,0,14510.232,0,938.627,4864,9281,2.580,1.910,1.090,1,3,5.998,0,0,11,36,0,15,0
24-04 09:36:12,6.750,3.250,59.248,29.499,0,1518456,937208,177280,5299204,7654.686,485.980,0,13519.445,0,837.966,4503,8093,2.580,1.910,1.090,0,1,6.000,0,0,11,36,0,15,0
24-04 09:36:13,4.001,2.501,63.517,27.257,0.250,1508808,946576,177328,5299428,4053.069,486.128,0,5825.536,0,551.145,4390,7716,2.530,1.910,1.090,0,1,12.003,0,0,11,36,0,15,0
24-04 09:36:14,5.498,2.749,59.979,28.740,0,1506564,948560,177372,5299636,10826.250,485.832,0,10260.446,0,836.710,4779,8251,2.530,1.910,1.090,0,1,9.997,0,0,11,36,0,15,0
24-04 09:36:15,4.501,3.251,64.011,25.504,0,1499292,955408,177392,5300032,8209.360,486.081,0,12986.152,0,910.151,5066,9323,2.530,1.910,1.090,0,1,9.001,0,0,11,36,0,15,0
24-04 09:36:16,5.000,3.000,58.248,30.499,0,1494920,958992,177424,5300740,3594.867,485.982,0,13631.497,0,959.965,5217,9675,2.530,1.910,1.090,1,0,9.000,0,0,11,36,0,15,0
24-04 09:36:17,3.500,3.750,60.752,29.251,0,1494120,958992,177492,5301416,9728.285,540.016,0,11644.341,0,748.022,4516,8127,2.530,1.910,1.090,0,1,9.000,0,0,11,36,0,15,0
24-04 09:36:18,5.251,2.501,66.765,22.755,0,1488156,964344,177568,5301940,8852.967,486.108,0,6445.432,0,607.135,4872,8692,2.410,1.900,1.090,0,1,12.003,0,0,11,36,0,15,0
24-04 09:36:19,5.748,2.249,59.478,28.739,0,1488380,963336,177664,5302608,11499.709,485.819,0,11023.886,0,778.709,4859,8758,2.410,1.900,1.090,0,1,8.997,0,0,11,36,0,15,0
24-04 09:36:20,6.001,3.250,60.757,27.253,0,1486152,965280,177740,5302812,10161.172,486.056,0,14785.706,0,1019.118,5061,9343,2.410,1.900,1.090,0,3,9.001,0,0,11,36,0,15,0
24-04 09:36:21,5.753,2.751,61.777,26.261,0,1484532,967540,177808,5302096,7794.406,486.212,0,10744.695,0,841.368,5464,10215,2.410,1.900,1.090,1,1,0,0,0,11,36,0,15,0
24-04 09:36:22,4.249,3.249,66.478,23.742,0,1484040,967792,177856,5302288,10014.754,527.829,0,7257.648,0,627.797,4474,8032,2.410,1.900,1.090,7,1,2.999,0,0,11,36,0,15,0
24-04 09:36:23,5.996,3.748,55.966,30.481,0,1484884,968140,177940,5301012,10269.719,527.677,0,16597.849,0,1217.256,6452,12037,2.620,1.950,1.110,1,2,0,0,0,11,36,0,15,0
24-04 09:36:24,6.747,2.499,58.476,28.738,0,1484580,968140,177988,5301268,8293.548,485.798,0,12142.945,0,776.677,4752,8623,2.620,1.950,1.110,1,0,3.998,0,0,11,36,0,15,0
24-04 09:36:25,8.005,2.251,63.041,23.765,0.250,1483840,968140,178004,5301992,6059.925,540.350,0,5887.813,0,577.374,5406,9651,2.620,1.950,1.110,1,0,12.008,0,0,11,36,0,15,0
24-04 09:36:26,8.781,4.265,59.460,24.587,0,1509400,942436,178048,5305132,3821.515,487.725,0,12006.461,0,878.105,5583,16044,2.620,1.950,1.110,5,1,42.149,0,0,11,36,0,15,0
24-04 09:36:27,6.743,3.246,63.180,23.974,0,1472116,979360,178084,5302412,9373.677,485.465,0,8942.152,0,721.206,5354,13721,2.620,1.950,1.110,1,1,5.993,0,0,11,36,0,16,0
24-04 09:36:28,2.994,2.495,63.620,27.693,0,1472052,979108,178100,5302708,5849.033,485.008,0,9688.178,0,666.636,4074,7542,2.810,2,1.130,0,2,5.988,0,0,11,36,0,16,0
24-04 09:36:29,6.261,2.505,62.362,26.798,0,1472292,978604,178120,5302940,5850.523,486.876,0,11244.225,0,839.510,4991,9179,2.810,2,1.130,0,2,6.011,0,0,11,36,0,16,0
24-04 09:36:30,4.250,2.500,62.000,28.000,0,1472668,977876,178156,5303240,8975.001,486.000,0,10432.001,0,834.000,4824,8639,2.810,2,1.130,3,3,9.000,0,0,11,36,0,15,0
24-04 09:36:31,5.741,2.996,61.908,26.461,0,1473524,977876,178192,5302356,10342.612,485.278,0,9054.528,0,785.831,5773,10731,2.810,2,1.130,0,3,2.996,0,0,11,36,0,15,0
24-04 09:36:32,4.499,2.749,61.230,28.990,0,1474284,976868,178196,5302596,9572.861,485.841,0,11744.149,0,881.711,4961,9078,2.810,2,1.130,1,2,5.998,0,0,11,36,0,15,0
24-04 09:36:33,5.255,2.753,57.805,31.029,0,1473936,976868,178220,5302920,8542.059,486.459,0,12187.498,0,872.823,4691,8714,2.910,2.030,1.150,1,1,3.003,0,0,11,38,0,15,0
24-04 09:36:34,7.493,3.497,63.439,23.477,0,1474352,976112,178232,5303236,9439.901,539.480,0,12479.971,0,990.046,5796,10591,2.910,2.030,1.150,1,1,6.993,0,0,11,38,0,8,0
24-04 09:36:35,6.005,2.252,63.057,26.023,0,1473960,976112,178256,5303596,7580.814,486.437,0,8531.669,0,693.623,4402,7822,2.910,2.030,1.150,4,0,9.008,0,0,11,38,0,8,0
24-04 09:36:36,6.993,2.248,63.939,23.727,0,1473556,976112,178272,5303976,3931.265,431.590,0,8507.916,0,773.265,5079,9076,2.910,2.030,1.150,0,1,11.989,0,0,11,38,0,8,0
24-04 09:36:37,9.002,2.251,60.016,26.257,0,1473396,975860,178300,5304352,5970.632,540.148,0,13355.652,0,847.232,4576,8212,2.910,2.030,1.150,1,1,3.001,0,0,11,38,0,8,0
24-04 09:36:38,8.249,2.750,64.993,20.998,0.250,1473136,975608,178324,5304828,12596.691,485.949,0,8643.102,0,737.923,5201,9160,2.750,2.020,1.150,1,1,11.999,0,0,11,38,0,8,0
24-04 09:36:39,8.252,3.251,64.264,21.755,0,1473652,974600,178352,5305280,10761.302,528.113,0,10402.225,0,834.178,5496,9683,2.750,2.020,1.150,0,2,12.003,0,0,11,38,0,8,0
24-04 09:36:40,7.502,3.251,62.518,23.507,0,1473828,973844,178372,5305828,11532.348,486.141,0,11791.423,0,916.266,6123,11184,2.750,2.020,1.150,0,1,12.003,0,0,11,38,0,8,0
24-04 09:36:41,4.748,2.499,60.968,27.986,0,1481552,965780,178400,5306128,12084.752,485.749,0,12957.301,0,899.535,5013,9178,2.750,2.020,1.150,0,1,8.995,0,0,11,38,0,8,0
24-04 09:36:42,4.500,2.500,66.499,23.999,0,1481944,964772,178436,5306692,9697.792,485.990,0,9267.802,0,747.984,4877,9093,2.750,2.020,1.150,1,1,6.000,0,0,11,38,0,8,0
24-04 09:36:43,5.249,3.000,58.491,30.245,0,1482456,963764,178492,5307124,9140.625,633.905,0,12510.118,0,910.863,5230,9802,2.610,2,1.150,0,1,14.998,0,0,11,38,0,8,0
24-04 09:36:44,5.750,2.500,56.748,31.999,0,1482044,963764,178520,5307496,5118.822,485.983,0,10795.625,0,759.974,5004,9241,2.610,2,1.150,0,1,7.000,0,0,11,38,0,8,0
24-04 09:36:45,4.500,2.250,65.252,26.001,0,1482036,963260,178540,5307972,9044.333,486.018,0,7288.269,0,629.023,4614,8441,2.610,2,1.150,0,2,0,0,0,11,38,0,8,0
24-04 09:36:46,4.000,2.500,63.999,26.000,0,1481360,963260,178564,5308608,6217.883,485.991,0,11783.779,0,837.984,5061,9340,2.610,2,1.150,0,1,6.000,0,0,11,38,0,7,0
24-04 09:36:47,3.749,3.249,65.482,25.493,0,1481004,963260,178604,5308920,5058.622,485.868,0,9397.440,0,724.803,4352,7881,2.610,2,1.150,2,0,11.997,0,0,11,38,0,7,0
24-04 09:36:48,5.496,2.748,56.954,31.725,0,1480600,963260,178616,5309300,12467.006,485.611,0,15191.822,0,988.208,5129,9366,2.800,2.050,1.170,0,1,11.990,0,0,11,38,0,7,0
24-04 09:36:49,5.259,2.254,66.615,23.040,0,1480540,962756,178636,5309824,5638.757,486.842,0,7404.813,0,703.217,4993,9192,2.800,2.050,1.170,2,1,9.016,0,0,11,38,0,7,0
24-04 09:36:50,4.504,2.502,54.796,34.779,0.250,1480280,962504,178656,5310304,9062.586,486.407,0,10761.008,0,783.656,4845,8913,2.800,2.050,1.170,3,2,6.005,0,0,11,38,0,7,0
24-04 09:36:51,4.741,2.745,62.381,27.198,0,1480068,962252,178696,5310700,8850.154,485.077,0,7725.296,0,672.720,4751,8542,2.800,2.050,1.170,2,1,5.989,0,0,11,38,0,6,0
24-04 09:36:52,4.502,2.751,56.778,30.765,0,1480532,961244,178708,5311200,4099.009,486.238,0,17868.757,0,1201.589,5954,11178,2.800,2.050,1.170,0,2,9.004,0,0,11,38,0,6,0
24-04 09:36:53,4.751,3.251,56.760,33.506,0,1480072,961244,178716,5311640,8574.476,540.093,0,11585.995,0,824.142,4775,8520,2.820,2.070,1.180,3,1,6.001,0,0,11,38,0,6,0
24-04 09:36:54,4.500,2.750,65.252,24.251,0,1480064,960996,178732,5311876,7597.211,486.013,0,6348.176,0,650.018,5102,9073,2.820,2.070,1.180,4,1,13.000,0,0,11,38,0,6,0
24-04 09:36:55,3.999,2.999,61.986,27.744,0,1480120,960492,178740,5312300,3979.093,485.889,0,12513.148,0,865.803,5398,10148,2.820,2.070,1.180,1,2,2.999,0,0,11,38,0,6,0
24-04 09:36:56,5.500,2.500,65.744,23.248,0,1479804,960240,178748,5312848,9067.204,485.957,0,6295.447,0,574.950,4623,8179,2.820,2.070,1.180,2,2,23.998,0,0,11,38,0,6,0
24-04 09:36:57,5.750,3.250,58.004,30.252,0,1480548,958980,178752,5313348,7635.562,486.036,0,13985.029,0,972.072,5603,10222,2.820,2.070,1.180,0,1,21.002,0,0,11,38,0,6,0
24-04 09:36:58,6.003,2.751,58.281,28.765,0,1479964,958980,178764,5313904,9248.920,486.259,0,11634.189,0,846.450,5247,9377,2.750,2.060,1.180,0,2,9.005,0,0,11,38,0,6,0
24-04 09:36:59,6.747,2.749,63.225,24.490,0,1479876,958476,178768,5314476,6769.330,485.808,0,5977.642,0,608.760,5087,8802,2.750,2.060,1.180,1,2,17.993,0,0,11,38,0,4,0
24-04 09:37:00,6.499,3.250,58.745,29.247,0,1479568,958476,178776,5314768,3502.691,485.957,0,12358.911,0,922.919,5689,10483,2.750,2.060,1.180,2,1,14.999,0,0,11,38,0,4,0
24-04 09:37:01,4.254,3.253,56.552,32.280,0,1480336,957216,178792,5315224,8676.037,540.501,0,16299.098,0,990.918,5307,9608,2.750,2.060,1.180,0,1,6.006,0,0,11,38,0,4,0
24-04 09:37:02,3.497,2.498,65.446,25.729,0,1479944,957216,178804,5315600,8333.095,485.598,0,6114.933,0,608.496,4476,7959,2.750,2.060,1.180,2,0,13.988,0,0,11,38,0,4,0
24-04 09:37:03,6.001,3.250,64.006,23.002,0,1480416,955200,178824,5317084,10402.971,486.045,0,10749.003,0,853.080,5873,10487,2.690,2.060,1.190,0,2,12.001,0,0,11,38,0,2,0
24-04 09:37:04,7.503,3.001,62.024,24.759,0,1482036,953184,178836,5317460,13829.266,486.185,0,11320.310,0,888.338,5543,10063,2.690,2.060,1.190,0,1,7.003,0,0,11,38,0,2,0
24-04 09:37:05,4.997,3.248,59.708,29.479,0,1481816,953184,178856,5317652,10377.764,485.661,0,14002.237,0,932.350,4989,9232,2.690,2.060,1.190,2,1,2.998,0,0,11,38,0,2,0
24-04 09:37:06,5.251,2.750,61.261,28.255,0,1481852,952680,178896,5318068,8539.484,486.084,0,10105.756,0,769.134,4597,8491,2.690,2.060,1.190,2,0,9.002,0,0,11,38,0,2,0
24-04 09:37:07,6.756,3.003,60.803,26.773,0,1482336,951672,178912,5318552,5622.867,486.421,0,12686.982,0,868.752,5143,9118,2.690,2.060,1.190,0,1,6.005,0,0,11,38,0,1,0
24-04 09:37:08,4.996,3.247,60.202,28.228,0,1483460,951672,178924,5317412,3872.932,539.573,0,11343.014,0,846.330,5131,9533,2.640,2.060,1.190,0,1,0,0,0,11,38,0,1,0
24-04 09:37:09,5.502,3.251,62.273,26.010,0,1485356,951672,178948,5315488,9182.363,486.178,0,11188.097,0,971.356,6200,11512,2.640,2.060,1.190,1,0,0,0,0,11,38,0,1,0
24-04 09:37:10,5.749,2.500,59.992,28.246,0,1486804,951672,178960,5314020,9306.788,485.937,0,11122.551,0,876.886,5505,10316,2.640,2.060,1.190,0,1,0,0,0,11,38,0,1,0
24-04 09:37:11,5.997,2.998,61.966,26.235,0,1488108,952060,178972,5312328,8168.460,485.730,0,12608.992,0,975.458,6670,12826,2.640,2.060,1.190,2,0,0,0,0,11,38,0,1,0
24-04 09:37:12,5.252,2.001,64.030,26.012,0.250,1487568,952060,178980,5312860,11728.444,486.226,0,9840.567,0,710.330,4270,8055,2.640,2.060,1.190,0,2,6.003,0,0,11,38,0,1,0
24-04 09:37:13,5.750,3.000,60.003,27.501,0,1487452,952060,178984,5312972,8333.366,486.021,0,15156.666,0,1072.047,5674,10226,2.670,2.080,1.200,0,1,12.001,0,0,11,38,0,1,0
24-04 09:37:14,5.509,3.506,60.348,27.044,0,1487068,952060,178996,5313344,8058.024,486.787,0,15717.404,0,1046.692,5815,10619,2.670,2.080,1.200,0,1,7.011,0,0,11,38,0,1,0
24-04 09:37:15,6.752,2.251,65.017,23.006,0,1486992,952060,178996,5313424,4055.039,486.125,0,7846.011,0,792.203,6455,11750,2.670,2.080,1.200,1,1,15.004,0,0,11,38,0,1,0
24-04 09:37:16,14.244,11.995,60.475,11.245,0,1348360,1090764,178996,5313352,5758.644,485.801,0,8704.439,0,522.786,5095,5663,2.670,2.080,1.200,1,0,216.911,0,0,11,32,0,2,0
24-04 09:37:17,9.764,24.285,62.339,2.504,0,1346000,1092932,178996,5313540,9331.327,582.832,0,1361.945,0,80.114,6751,5886,2.670,2.080,1.200,2,0,586.838,0,0,11,32,0,3,0
24-04 09:37:18,57.101,12.218,24.935,5.236,0,1529656,909020,179016,5313776,10222.410,484.739,0,1532.015,0,100.738,4792,3623,2.690,2.090,1.210,3,0,148.613,0,0,11,32,0,8,0
24-04 09:37:19,65.488,7.499,21.746,4.749,0,1710924,724304,179132,5316856,11522.930,485.913,0,3819.314,0,146.974,3940,2033,2.690,2.090,1.210,3,0,0,0,0,11,32,0,8,0
24-04 09:37:20,48.095,5.511,32.064,12.775,0,1806512,625072,179256,5320000,9040.922,486.965,0,8176.208,0,353.701,4396,3852,2.690,2.090,1.210,2,2,6.012,0,0,11,38,0,8,0
24-04 09:37:21,12.382,2.972,53.492,28.232,0,1805200,623812,179272,5322488,9905.869,481.425,0,8705.278,0,665.674,6608,11221,2.690,2.090,1.210,6,0,50.520,0,0,11,38,0,8,0
24-04 09:37:22,10.313,3.521,50.054,32.950,0,1805380,622076,179276,5323996,8428.198,488.970,0,14970.943,0,972.910,6847,12320,2.690,2.090,1.210,5,2,30.183,0,0,11,38,0,8,0
24-04 09:37:23,8.506,3.002,47.782,37.275,0,1805388,620312,179292,5325684,3744.486,486.323,0,16194.752,0,1035.688,6002,10908,2.800,2.120,1.230,0,3,21.014,0,0,11,38,0,8,0
24-04 09:37:24,7.752,3.501,51.262,34.758,0,1804892,619052,179304,5327352,8391.978,486.115,0,13979.294,0,926.218,5989,10792,2.800,2.120,1.230,0,1,19.004,0,0,11,38,0,8,0
24-04 09:37:25,6.014,3.508,56.633,30.822,0,1804460,618548,179328,5328236,6418.070,541.271,0,11759.612,0,815.916,5378,9994,2.800,2.120,1.230,1,3,21.049,0,0,11,38,0,8,0
24-04 09:37:26,9.478,3.492,54.371,29.680,0,1803856,618044,179336,5329280,3950.645,484.852,0,16145.769,0,1071.463,7248,13345,2.800,2.120,1.230,0,3,38.908,0,0,11,38,0,8,0
24-04 09:37:27,10.501,5.251,51.506,30.254,0,1832140,588308,179348,5330668,8970.046,486.057,0,13785.608,0,861.100,5985,18033,2.800,2.120,1.230,0,4,48.006,0,0,11,38,0,8,0
24-04 09:37:28,7.501,2.751,52.010,34.007,0,1828812,590140,179360,5332084,6099.186,486.095,0,11434.223,0,824.160,5439,9751,2.730,2.120,1.230,1,2,36.007,0,0,11,38,0,8,0
24-04 09:37:29,5.997,2.749,56.469,32.482,0.250,1828356,589888,179372,5332760,9812.665,539.707,0,10062.529,0,680.630,4563,8231,2.730,2.120,1.230,0,1,20.989,0,0,11,38,0,8,0
24-04 09:37:30,5.752,3.501,51.770,35.514,0,1822552,594248,179404,5334084,6559.593,486.192,0,14565.757,0,952.376,5216,9546,2.730,2.120,1.230,0,2,12.005,0,0,11,38,0,8,0
24-04 09:37:31,7.499,2.500,54.995,32.497,0,1819248,596512,179420,5335080,4319.641,485.960,0,14874.764,0,936.922,5765,10576,2.730,2.120,1.230,1,1,23.998,0,0,11,38,0,8,0
24-04 09:37:32,7.502,3.751,48.261,37.009,0,1818520,596084,179432,5336188,9101.165,486.116,0,13763.275,0,936.223,6213,11263,2.730,2.120,1.230,2,1,24.006,0,0,11,38,0,8,0
24-04 09:37:33,8.245,3.498,56.468,29.234,0,1816480,596968,179448,5337280,8715.085,485.726,0,10877.865,0,783.558,6128,11208,3,2.190,1.260,0,1,32.981,0,0,11,38,0,8,0
24-04 09:37:34,6.002,3.501,52.018,35.763,0,1814872,597456,179452,5338356,10509.732,486.173,0,12344.384,0,826.293,5805,10364,3,2.190,1.260,2,1,25.009,0,0,11,38,0,8,0
24-04 09:37:35,7.270,3.008,53.896,33.090,0,1811228,599996,179456,5339424,8243.340,487.321,0,14876.315,0,1021.769,6077,11293,3,2.190,1.260,0,1,27.073,0,0,11,38,0,8,0
24-04 09:37:36,6.479,3.240,54.325,32.147,0,1808384,601588,179464,5340644,5703.659,484.442,0,16463.060,0,1237.022,6620,12119,3,2.190,1.260,0,4,20.933,0,0,11,38,0,8,0
24-04 09:37:37,5.499,2.749,55.485,33.241,0,1807644,601336,179468,5341600,8374.799,539.858,0,10769.170,0,766.799,4713,8460,3,2.190,1.260,0,1,11.997,0,0,11,38,0,8,0
24-04 09:37:38,5.509,3.005,56.340,32.051,0,1806476,601904,179468,5342188,9038.487,486.780,0,12836.575,0,873.400,5308,9735,2.840,2.170,1.250,0,2,18.029,0,0,11,38,0,8,0
24-04 09:37:39,8.260,2.503,58.818,27.532,0,1805944,601148,179468,5343424,4880.654,486.564,0,9362.846,0,711.825,5395,9501,2.840,2.170,1.250,0,1,18.021,0,0,11,38,0,8,0
24-04 09:37:40,4.740,2.744,51.643,37.921,0,1805924,600644,179468,5343924,10827.556,484.995,0,11276.625,0,739.467,4615,8385,2.840,2.170,1.250,2,2,5.988,0,0,11,38,0,8,0
24-04 09:37:41,6.254,3.752,51.032,35.523,0,1805600,599888,179484,5344960,9098.790,486.309,0,16842.718,0,1080.688,6578,12359,2.840,2.170,1.250,0,1,15.010,0,0,11,38,0,8,0
24-04 09:37:42,6.003,3.502,54.528,32.767,0.250,1805584,599132,179484,5345716,7772.944,540.274,0,14427.321,0,1005.510,5733,10278,2.840,2.170,1.250,0,2,27.014,0,0,11,38,0,8,0
24-04 09:37:43,14.029,2.756,52.108,30.062,0,1805332,598628,179484,5346448,6214.891,581.206,0,8930.523,0,647.343,4785,8316,2.850,2.180,1.260,1,1,15.031,0,0,11,38,0,8,0
24-04 09:37:44,25.500,7.500,32.000,32.750,0,1719408,683628,179488,5347348,7865.034,486.002,0,12496.053,0,830.004,6202,9634,2.850,2.180,1.260,3,2,89.000,0,0,11,36,0,8,0
24-04 09:37:45,28.930,4.988,32.172,31.922,0,1781932,620152,179496,5348268,7496.790,484.822,0,14181.553,0,895.824,6524,11100,2.850,2.180,1.260,3,0,28.930,0,0,11,36,0,8,0
24-04 09:37:46,20.238,5.996,36.728,35.229,0,1718652,682028,179504,5349624,3504.946,539.684,0,12972.399,0,891.478,7346,12043,2.850,2.180,1.260,0,2,101.940,0,0,11,36,0,8,0
24-04 09:37:47,4.499,1.999,58.484,31.741,0,1709712,690092,179516,5350468,4254.801,485.863,0,6058.292,0,434.877,3788,6697,2.850,2.180,1.260,2,0,17.995,0,0,11,36,0,8,0
24-04 09:37:48,6.460,3.975,58.633,28.820,0,1708828,689840,179520,5351564,10058.072,482.978,0,12326.878,0,863.597,5172,9369,2.780,2.180,1.270,2,2,20.869,0,0,11,36,0,8,0
24-04 09:37:49,6.041,2.266,54.876,34.486,0,1692808,703768,179528,5353596,7384.632,489.355,0,9025.885,0,619.246,4890,8876,2.780,2.180,1.270,1,2,24.166,0,0,11,36,0,8,0
24-04 09:37:50,5.001,3.250,54.758,33.255,0,1685676,709992,179532,5354460,9208.397,486.074,0,16534.508,0,1026.156,5279,9714,2.780,2.180,1.270,1,1,15.002,0,0,11,36,0,8,0
24-04 09:37:51,6.256,2.502,55.304,33.032,0,1679456,714684,179548,5355920,7755.530,486.472,0,10318.018,0,705.685,4896,8755,2.780,2.180,1.270,0,0,12.012,0,0,11,36,0,8,0
24-04 09:37:52,3.737,2.242,53.563,37.369,0,1674216,719240,179556,5356572,10434.499,484.306,0,11623.341,0,685.602,4222,8084,2.780,2.180,1.270,1,2,2.990,0,0,11,36,0,8,0
24-04 09:37:53,7.515,3.006,53.108,32.817,0,1673472,718232,179580,5358216,8664.603,486.989,0,11391.142,0,843.714,5591,10030,2.800,2.190,1.280,0,2,27.055,0,0,11,36,0,8,0
24-04 09:37:54,7.244,2.748,57.699,29.224,0.250,1665644,725164,179584,5359092,6122.595,485.571,0,10554.683,0,765.324,5211,9429,2.800,2.190,1.280,1,3,24.978,0,0,11,36,0,8,0
24-04 09:37:55,8.003,2.751,56.775,28.763,0,1662952,727484,179588,5359416,9420.117,486.213,0,13673.976,0,873.382,5456,9738,2.800,2.190,1.280,5,0,9.004,0,0,11,36,0,8,0
24-04 09:37:56,9.504,3.752,47.271,38.017,0,1664032,725468,179588,5360296,7277.220,486.215,0,14050.218,0,895.396,5175,9098,2.800,2.190,1.280,0,2,0,0,0,11,36,0,8,0
24-04 09:37:57,6.999,3.000,54.993,32.496,0,1660832,726832,179592,5362080,3804.533,485.940,0,12394.479,0,821.899,4948,9456,2.800,2.190,1.280,1,4,0,0,0,11,36,0,8,0
24-04 09:37:58,5.248,3.249,54.231,33.738,0,1660292,725600,179596,5363772,7643.311,485.829,0,12515.597,0,795.720,5769,11049,2.810,2.200,1.290,1,2,0,0,0,11,36,0,8,0
24-04 09:37:59,4.255,2.753,53.565,36.044,0,1656652,728092,179604,5364872,5634.888,540.661,0,14605.854,0,860.051,4855,9638,2.810,2.200,1.290,0,3,0,0,0,11,36,0,8,0
24-04 09:38:00,5.747,3.248,53.725,34.734,0,1655072,727828,179612,5366648,8533.964,485.770,0,12346.161,0,799.622,5493,10204,2.810,2.200,1.290,2,1,0,0,0,11,36,0,8,0
24-04 09:38:01,6.247,2.749,54.478,33.486,0,1654356,726820,179620,5368288,9581.126,485.804,0,12770.836,0,819.669,5007,9368,2.810,2.200,1.290,0,2,0,0,0,11,36,0,8,0
24-04 09:38:02,4.258,2.505,51.101,39.327,0,1653252,726644,179620,5369532,5259.363,486.959,0,12632.891,0,804.585,4360,8075,2.810,2.200,1.290,0,1,0,0,0,11,36,0,8,0
24-04 09:38:03,5.237,2.244,58.603,31.172,0,1651548,726616,179624,5371176,9122.170,484.787,0,6212.452,0,471.819,4261,7565,2.750,2.200,1.290,0,2,0,0,0,11,36,0,8,0
24-04 09:38:04,4.755,3.504,54.055,34.786,0,1650896,725860,179632,5372504,8977.204,486.499,0,17081.513,0,1056.083,5823,11120,2.750,2.200,1.290,4,0,1.001,0,0,11,36,0,8,0
24-04 09:38:05,3.499,2.249,50.485,40.488,0,1650608,725236,179632,5373384,4420.683,485.855,0,11016.719,0,652.806,4079,7690,2.750,2.200,1.290,0,2,2.999,0,0,11,36,0,8,0
24-04 09:38:06,7.000,2.750,56.253,31.001,0,1651232,723472,179632,5374496,11173.523,486.023,0,7480.350,0,627.029,4963,8928,2.750,2.200,1.290,1,1,12.001,0,0,11,36,0,8,0
24-04 09:38:07,5.006,2.753,59.572,30.036,0,1651988,722464,179636,5374732,6257.580,486.589,0,13019.771,0,883.070,4785,9000,2.750,2.200,1.290,0,1,3.004,0,0,11,36,0,8,0
24-04 09:38:08,4.991,3.494,59.646,28.700,0,1651556,722464,179636,5375156,10385.966,485.158,0,15908.377,0,1019.230,5956,11303,2.770,2.210,1.300,0,2,8.984,0,0,11,36,0,8,0
24-04 09:38:09,4.999,2.749,58.489,30.744,0,1651408,722212,179636,5375544,8278.494,539.902,0,13473.549,0,968.824,5616,10080,2.770,2.210,1.300,1,1,14.997,0,0,11,36,0,8,0
24-04 09:38:10,5.504,3.502,57.789,31.021,0,1651640,721708,179636,5375804,5490.696,486.327,0,10603.138,0,810.546,5911,11185,2.770,2.210,1.300,6,1,12.008,0,0,11,36,0,8,0
24-04 09:38:11,5.758,2.754,57.577,30.791,0,1651916,720952,179636,5376268,8308.111,486.651,0,14551.460,0,937.253,5735,10711,2.770,2.210,1.300,0,3,6.008,0,0,11,36,0,8,0
24-04 09:38:12,6.005,1.501,65.554,22.519,0.250,1652212,720196,179636,5376716,7919.518,486.400,0,7486.162,0,618.509,4906,8571,2.770,2.210,1.300,0,2,15.012,0,0,11,36,0,8,0
24-04 09:38:13,5.743,3.496,48.943,39.454,0,1652504,719188,179640,5377404,5767.303,485.436,0,14147.572,0,917.934,7114,13634,2.710,2.210,1.310,0,1,8.990,0,0,11,36,0,8,0
24-04 09:38:14,7.260,2.754,59.581,28.288,0,1652580,718936,179648,5377568,9524.945,486.661,0,14679.950,0,939.276,5424,9811,2.710,2.210,1.310,2,3,10.014,0,0,11,36,0,8,0
24-04 09:38:15,6.744,2.997,57.200,30.474,0,1652492,718432,179652,5378144,7142.795,485.578,0,10446.924,0,730.365,5598,9851,2.710,2.210,1.310,1,1,14.987,0,0,11,36,0,8,0
24-04 09:38:16,5.243,2.247,60.169,28.711,0,1652156,718432,179652,5378468,8966.968,539.276,0,8700.325,0,639.142,4571,8176,2.710,2.210,1.310,0,1,14.980,0,0,11,36,0,8,0
24-04 09:38:17,17.291,7.267,41.849,31.825,0,1506420,863692,179660,5378896,7835.532,529.252,0,13086.953,0,864.044,8573,14283,2.710,2.210,1.310,1,4,106.251,0,0,11,34,0,7,0
24-04 09:38:18,14.248,6.249,64.740,12.498,0,1358444,1011416,179664,5379148,3905.385,485.924,0,4335.318,0,407.936,4519,5985,2.570,2.190,1.300,1,1,145.977,0,0,11,32,0,7,0
24-04 09:38:19,22.205,5.489,54.639,16.966,0,1429140,940700,179668,5379164,13175.335,485.018,0,11955.803,0,655.673,3424,4285,2.570,2.190,1.300,2,1,24.950,0,0,11,32,0,7,0
24-04 09:38:20,22.541,2.755,70.879,2.755,0,1499700,870140,179668,5379164,9382.043,540.983,0,905.645,0,49.089,2143,1768,2.570,2.190,1.300,2,2,2.004,0,0,11,36,0,7,0
24-04 09:38:21,22.455,3.493,72.356,0.998,0,1442656,927172,179668,5379172,9411.257,485.034,0,1041.925,0,66.867,2461,2072,2.570,2.190,1.300,1,0,26.946,0,0,11,32,0,1,0
24-04 09:38:22,22.746,3.499,73.237,0,0,1466192,903596,179668,5379212,5535.000,485.912,0,7.999,0,2.000,1793,1204,2.570,2.190,1.300,1,0,1.000,0,0,11,32,0,1,0
24-04 09:38:23,21.043,5.261,70.895,1.754,0,1440180,929588,179672,5379228,8766.967,486.998,0,737.511,0,49.101,2800,2451,2.440,2.170,1.300,1,2,75.154,0,0,11,32,0,1,0
24-04 09:38:24,13.007,36.769,48.775,0.250,0,1435024,934656,179672,5379300,7281.746,540.278,0,720.371,0,90.046,8643,8589,2.440,2.170,1.300,3,0,1231.634,0,0,11,32,0,1,0
24-04 09:38:25,8.249,21.496,68.238,1.000,0,1430452,939144,179672,5379368,3768.343,485.915,0,359.937,0,22.996,6432,5216,2.440,2.170,1.300,1,0,560.902,0,0,11,32,0,1,0
24-04 09:38:26,9.258,20.267,70.057,0,0,1399488,970056,179672,5379416,3656.979,486.396,0,56.046,0,9.007,5843,4485,2.440,2.170,1.300,2,0,398.325,0,0,11,32,0,1,0
24-04 09:38:27,18.251,20.501,60.504,0,0,1406564,962948,179672,5379864,9846.667,486.033,0,148.010,0,11.001,8164,20334,2.440,2.170,1.300,11,0,422.029,0,0,11,32,0,2,0
24-04 09:38:28,38.391,10.470,50.357,0,0.249,1498360,870956,179676,5379968,9233.838,484.627,0,55.842,0,2.992,3921,2797,2.410,2.170,1.310,3,0,134.619,0,0,11,33,0,2,0
24-04 09:38:29,44.243,6.249,48.992,0,0,1609524,759836,179676,5380032,9093.567,485.923,0,7.999,0,1.000,2739,1299,2.410,2.170,1.310,2,0,0,0,0,11,33,0,1,0
24-04 09:38:30,42.461,4.746,48.456,3.497,0,1654048,713300,179744,5381620,6909.715,485.558,103.905,1682.470,0.999,165.849,3635,3087,2.410,2.170,1.310,3,2,18.983,0,0,11,49,0,1,0
24-04 09:38:31,21.304,15.540,61.908,0,0,1671504,693136,179756,5384264,9189.460,541.382,0,433.106,0,22.056,7392,9411,2.410,2.170,1.310,1,0,295.755,0,0,11,48,0,1,0
24-04 09:38:32,16.218,10.978,71.359,0,0,1670360,694188,179756,5384276,7621.931,485.041,0,191.621,0,12.974,5681,7537,2.410,2.170,1.310,0,0,200.603,0,0,11,48,0,1,0
24-04 09:38:33,0.750,0.750,96.492,1.250,0,1669844,694696,179756,5384284,4093.672,485.961,0,483.961,0,40.997,956,1545,2.220,2.130,1.300,0,0,3.000,0,0,11,48,0,1,0
24-04 09:38:34,0.250,0.750,94.281,3.751,0,1660816,703720,179756,5384288,14416.751,486.160,0,3869.275,0,238.078,1014,1121,2.220,2.130,1.300,1,0,3.001,0,0,11,48,0,1,0
24-04 09:38:35,1.000,0.500,98.215,0.250,0,1660536,704000,179756,5384288,7141.447,485.826,0,39.986,0,3.999,729,987,2.220,2.130,1.300,0,0,1.999,0,0,11,48,0,1,0
24-04 09:38:36,1.251,1.751,95.800,0,0,1650296,714252,179756,5384280,4850.544,486.255,0,0,0,0,1126,1352,2.220,2.130,1.300,0,0,28.015,0,0,11,48,0,1,0
24-04 09:38:37,17.000,12.750,69.001,0,0,1701768,662760,179756,5384380,8956.089,486.005,0,816.008,0,3.000,4853,7475,2.220,2.130,1.300,0,0,255.003,0,0,11,48,0,1,0
24-04 09:38:38,10.270,16.282,72.144,0,0,1721736,642600,179756,5384452,11300.493,486.969,0,521.037,0,74.148,5563,5564,2.040,2.100,1.290,1,0,356.710,0,0,12,48,0,1,0
24-04 09:38:39,18.693,15.453,63.807,0,0,1701908,662216,179756,5384608,9609.920,721.816,0,0,0,0,7355,10140,2.040,2.100,1.290,0,0,286.134,0,0,12,48,0,1,0
24-04 09:38:40,5.004,6.505,85.317,2.252,0,1699504,664648,179756,5384612,9092.151,486.383,0,1805.420,0,167.131,2806,3230,2.040,2.100,1.290,1,0,145.114,0,0,12,64,0,1,0
24-04 09:38:41,18.004,15.503,66.264,0,0,1687556,676544,179756,5384652,5886.271,540.117,0,0,0,0,6616,8345,2.040,2.100,1.290,1,0,262.057,0,0,14,66,0,1,0
24-04 09:38:42,9.011,17.771,71.586,0,0,1690112,673960,179756,5384688,8566.274,540.648,0,52.062,0,8.010,5861,5008,2.040,2.100,1.290,1,0,415.498,0,0,14,66,0,2,0
24-04 09:38:43,11.739,20.230,66.935,0,0,1675408,688628,179760,5385156,5998.158,675.342,0,47.953,0,11.988,6902,7070,1.950,2.080,1.290,1,0,386.623,0,0,14,66,0,2,0
24-04 09:38:44,25.295,17.532,56.101,0,0,1722116,641884,179768,5384736,3619.506,583.048,0,120.216,0,5.009,6725,7675,1.950,2.080,1.290,2,0,401.722,0,0,14,66,0,2,0
24-04 09:38:45,29.462,24.718,45.192,0.250,0,1784784,579016,179792,5384872,8001.671,539.304,0,479.381,0,8.988,6915,5745,1.950,2.080,1.290,2,0,631.185,0,0,14,66,0,2,0
24-04 09:38:46,31.027,23.771,44.539,0,0,1858940,503280,179848,5386280,9068.988,486.428,8.007,48.042,1.001,12.011,7290,8899,1.950,2.080,1.290,3,0,551.486,0,0,14,70,0,4,0
24-04 09:38:47,45.845,17.939,34.633,0,0,1950872,411168,179848,5386892,10449.576,538.176,0,442.500,0,6.976,6264,8300,1.950,2.080,1.290,4,0,292.010,0,0,14,70,0,4,0
24-04 09:38:48,62.932,23.568,13.539,0,0,2087840,273888,179860,5387584,5519.940,541.564,0,501.448,0,10.029,6696,6844,2.200,2.130,1.310,4,0,532.538,0,0,14,70,0,4,0
24-04 09:38:49,67.439,22.230,10.740,0,0,2187128,173232,179936,5388268,5393.131,629.432,0,1067.037,0,31.971,5587,7915,2.200,2.130,1.310,4,0,403.636,0,0,14,70,0,4,0
24-04 09:38:50,67.076,20.023,4.255,8.009,0,2300352,168124,174404,5288064,9206.376,540.609,772.871,2554.879,87.098,80.090,7133,9427,2.200,2.130,1.310,5,0,383.432,0,0,14,74,0,4,0
24-04 09:38:51,64.597,21.783,5.508,7.010,0,2472908,152296,172736,5136064,3761.627,486.728,1093.636,5295.922,60.090,327.490,8170,10345,2.200,2.130,1.310,3,1,419.628,0,0,14,76,0,4,0
24-04 09:38:52,51.713,18.737,15.989,12.491,0,2571924,120796,172476,5070788,8816.676,485.652,3.997,14369.693,0.999,451.676,8901,13904,2.200,2.130,1.310,3,2,311.776,0,0,14,76,0,4,0
24-04 09:38:53,58.781,12.006,16.259,12.507,0,2700428,127224,171912,4939044,7872.142,486.256,560.295,9533.015,40.021,290.153,8127,11349,2.340,2.160,1.320,4,3,139.073,0,0,14,79,0,4,0
24-04 09:38:54,69.076,11.970,14.713,4.489,0,2776036,120624,172004,4871628,8285.110,538.642,63.839,2238.356,4.987,112.716,6795,15739,2.340,2.160,1.320,6,1,164.585,0,0,14,80,0,8,0
24-04 09:38:55,44.622,23.815,28.327,2.507,0,2860620,173644,172012,4737088,7861.500,487.333,16.044,7307.986,4.011,359.984,9216,15165,2.340,2.160,1.320,5,0,564.544,0,0,14,93,0,14,0
24-04 09:38:56,23.704,15.470,58.386,0.998,0,2908796,124640,172024,4738384,5389.512,485.056,3.992,782.477,0.998,35.930,7149,10444,2.340,2.160,1.320,5,1,284.446,0,0,14,97,0,16,0
24-04 09:38:57,46.670,8.985,41.180,2.246,0,3039556,128776,172024,4606088,4241.767,485.173,19.966,4903.638,1.997,100.828,3784,2531,2.340,2.160,1.320,2,1,99.830,0,0,14,98,0,16,0
24-04 09:38:58,18.290,16.536,56.623,7.767,0,3078712,154764,172040,4542296,10476.707,541.173,12.026,4221.149,3.007,241.523,5988,5940,2.400,2.170,1.330,1,1,272.591,0,0,14,101,0,17,0
24-04 09:38:59,7.749,19.997,70.740,0.750,0,3093068,140376,172040,4542328,5163.281,575.920,0,479.933,0,30.996,5662,4490,2.400,2.170,1.330,1,0,364.949,0,0,14,101,0,17,0
24-04 09:39:00,9.986,17.725,67.155,3.245,0.250,3102488,130924,172040,4542360,8852.489,485.314,3.994,7481.426,0.999,456.355,5820,4392,2.400,2.170,1.330,1,0,353.500,0,0,14,101,0,17,0
24-04 09:39:01,19.012,2.752,78.049,0,0,3152608,148000,172040,4476832,8398.270,2872.803,0,84.053,0,5.003,1853,1516,2.400,2.170,1.330,2,0,0,0,0,14,102,0,17,0
24-04 09:39:02,19.125,4.719,74.264,0.745,0,3114128,186456,172040,4476868,28936.584,20623.997,7.948,321.893,1.987,24.837,2965,2834,2.400,2.170,1.330,2,0,62.590,0,0,14,103,0,19,0
24-04 09:39:03,19.349,2.513,76.892,0,0,3150880,149704,172040,4476868,8495.357,2464.578,0,0,0,0,1675,1229,2.280,2.150,1.330,0,0,0,0,0,14,104,0,19,0
24-04 09:39:04,19.262,3.502,74.795,1.751,0,3158828,141416,172052,4477164,10827.578,4997.036,32.019,960.584,1.001,61.037,2835,3313,2.280,2.150,1.330,0,1,3.002,0,0,14,110,0,19,0
24-04 09:39:05,22.966,4.493,64.656,5.742,0,3166404,133168,172052,4477836,12277.073,3633.694,403.411,1793.381,16.975,210.692,5417,7796,2.280,2.150,1.330,1,2,5.991,0,0,14,116,0,19,0
24-04 09:39:06,32.280,10.009,53.549,4.004,0,3266584,162120,171924,4351892,8017.331,1630.491,68.062,1825.669,5.005,133.122,5295,6282,2.280,2.150,1.330,2,0,115.105,0,0,14,119,0,21,0
24-04 09:39:07,26.552,5.260,61.119,6.012,0,3290388,134540,172080,4355396,14133.450,7461.492,3643.076,2985.799,244.475,172.335,3489,3435,2.280,2.150,1.330,3,0,50.097,0,0,14,120,0,21,0
24-04 09:39:08,17.755,4.001,68.519,8.252,0,3296804,127892,172092,4355596,17496.934,6183.744,184.052,2912.821,25.007,131.037,3379,4137,2.100,2.120,1.320,2,0,12.003,0,0,14,124,0,21,0
24-04 09:39:09,33.921,9.727,52.627,2.993,0,3300880,123736,172096,4355672,14300.633,5686.731,31.926,1129.365,1.995,98.770,5293,5965,2.100,2.120,1.320,2,0,96.774,0,0,14,125,0,22,0
24-04 09:39:10,40.843,7.266,47.608,4.009,0,3388988,163012,172296,4231424,20939.483,11539.166,741.682,761.727,28.064,53.120,3494,2753,2.100,2.120,1.320,2,0,12.027,0,0,14,126,0,22,0
24-04 09:39:11,20.966,5.990,71.634,0,0,3365524,186460,172296,4231440,28807.551,22374.923,0,455.266,0,26.957,2815,2166,2.100,2.120,1.320,2,0,56.908,0,0,14,125,0,23,0
24-04 09:39:12,18.999,2.250,77.746,0,0,3405036,146936,172296,4231452,14821.194,11390.381,0,123.993,0,8.000,1942,1418,2.100,2.120,1.320,1,0,2.000,0,0,14,126,0,23,0
24-04 09:39:13,19.750,6.000,73.251,0,0,3376628,238040,172296,4170284,32182.314,22589.221,0,316.003,0,3.000,2604,1897,2.010,2.100,1.320,1,0,51.000,0,0,14,125,0,24,0
24-04 09:39:14,16.742,2.249,77.961,2.499,0,3396412,218244,172296,4170312,18170.025,12052.047,19.990,2438.795,2.999,308.847,2293,1911,2.010,2.100,1.320,1,0,1.000,0,0,14,126,0,24,0
24-04 09:39:15,19.006,7.753,69.774,2.251,0,3395304,219304,172296,4170360,10123.453,6736.298,8.003,972.332,2.001,103.035,3889,4219,2.010,2.100,1.320,2,0,82.028,0,0,14,125,0,25,0
24-04 09:39:16,24.744,3.749,70.234,0.250,0,3438580,175796,172296,4170592,19185.498,11248.360,0,875.794,0,62.985,4233,5183,2.010,2.100,1.320,1,0,6.998,0,0,14,128,0,25,0
24-04 09:39:17,20.003,6.251,71.760,0.750,0,3437624,176732,172296,4170612,29780.312,22422.247,0,452.065,0,30.004,2882,2082,2.010,2.100,1.320,1,0,63.009,0,0,14,127,0,26,0
24-04 09:39:18,16.490,2.498,77.702,2.249,0,3461968,152160,172296,4170840,20841.210,13000.022,219.865,99.939,3.998,3.998,1797,1384,1.850,2.060,1.310,2,1,0.999,0,0,14,128,0,26,0
24-04 09:39:19,23.251,5.000,62.002,8.250,0,3461128,152796,172296,4171044,12699.504,4020.159,48.002,3048.121,3.000,328.013,7229,11331,1.850,2.060,1.310,1,1,1.000,0,0,14,129,0,27,0
24-04 09:39:20,21.065,5.266,69.966,2.006,0,3459804,153964,172300,4171196,6838.112,1785.512,4.012,1733.351,1.003,117.362,3358,3778,1.850,2.060,1.310,1,0,53.164,0,0,14,128,0,28,0
24-04 09:39:21,17.951,1.745,77.039,2.244,0,3460028,153724,172300,4171212,20794.081,8662.289,0,3857.441,0,391.927,2296,1712,1.850,2.060,1.310,3,0,0,0,0,14,129,0,28,0
24-04 09:39:22,21.636,4.228,68.388,4.476,0,3446368,167244,172304,4171348,15096.120,5053.261,59.684,1726.862,5.968,147.221,4650,6363,1.850,2.060,1.310,2,2,0,0,0,14,129,0,28,0
24-04 09:39:23,26.139,7.792,55.797,8.294,0,3381192,232312,172308,4171452,12833.414,5412.855,0,6168.886,0,380.026,6859,9701,1.860,2.060,1.320,1,0,78.418,0,0,14,130,0,29,0
24-04 09:39:24,18.748,3.000,76.992,0.250,0,3444408,169088,172308,4171460,7469.249,2870.711,0,499.950,0,36.996,2000,1814,1.860,2.060,1.320,1,0,1.000,0,0,14,131,0,29,0
24-04 09:39:25,18.557,3.762,72.473,4.263,0,3405140,208308,172308,4171508,17674.477,9383.924,16.049,1163.586,1.003,124.383,3742,4623,1.860,2.060,1.320,1,2,45.139,0,0,14,130,0,30,0
24-04 09:39:26,20.991,6.747,68.971,1.999,0,3429892,183544,172308,4171520,13241.482,6001.499,0,647.730,0,50.979,3039,2452,1.860,2.060,1.320,2,0,103.957,0,0,14,132,0,30,0
24-04 09:39:27,18.706,4.240,75.574,0.748,0,3443888,169524,172312,4171540,19974.539,17078.276,7.981,578.654,0.998,32.923,3268,12371,1.860,2.060,1.320,1,0,35.916,0,0,14,133,0,31,0
24-04 09:39:28,20.469,5.492,67.649,4.993,0,3444096,169272,172316,4171580,6859.715,2114.829,0,1230.156,0,121.817,5347,7553,1.870,2.060,1.320,2,0,0,0,0,14,133,0,31,0
24-04 09:39:29,36.372,12.291,47.910,1.505,0.251,3416160,196828,172316,4171880,19236.302,6660.264,36.121,1661.554,3.010,152.510,11380,18489,1.870,2.060,1.320,3,0,224.751,0,0,14,134,0,32,0
24-04 09:39:30,28.675,6.234,62.835,1.745,0,3457312,155620,172316,4171912,8876.744,3496.839,0,1121.063,0,82.783,4324,5480,1.870,2.060,1.320,1,0,66.825,0,0,14,133,0,31,0
24-04 09:39:31,15.518,6.007,77.090,0.250,0,3441644,171272,172316,4171928,15796.344,7969.255,0,576.670,0,32.037,2933,2512,1.870,2.060,1.320,2,0,91.106,0,0,14,133,0,32,0
24-04 09:39:32,8.256,20.015,68.552,1.501,0,3409396,203464,172316,4171968,7020.293,576.435,0,684.516,0,34.026,5808,4481,1.870,2.060,1.320,1,0,368.278,0,0,14,133,0,32,0
24-04 09:39:33,16.727,16.976,63.911,0.749,0,3371604,241244,172316,4172428,9020.457,485.325,0,758.945,0,36.949,7020,8494,1.800,2.040,1.320,1,0,310.568,0,0,14,133,0,32,0
24-04 09:39:34,28.084,21.063,50.651,0.501,0,3438384,174276,172324,4172164,5942.746,487.456,0,950.839,0,52.156,6090,5323,1.800,2.040,1.320,3,0,416.243,0,0,14,133,0,32,0
24-04 09:39:35,33.909,20.445,43.134,0.997,0.249,3473184,139100,172336,4172948,5659.802,554.511,31.914,546.532,1.995,43.882,7163,7487,1.800,2.040,1.320,2,0,399.926,0,0,14,135,0,32,0
24-04 09:39:36,37.761,19.005,42.012,0.250,0,3532496,143360,172328,4110864,10028.816,486.136,64.018,0,2.001,0,6648,7345,1.800,2.040,1.320,4,0,388.109,0,0,16,139,0,32,0
24-04 09:39:37,55.146,27.823,14.037,2.256,0,3669388,147532,171740,3972084,6295.618,541.429,32.085,5021.254,5.013,241.638,8297,12472,1.800,2.040,1.320,3,0,526.389,0,0,16,145,0,32,0
24-04 09:39:38,54.723,18.491,24.988,1.249,0,3764336,154796,171724,3871156,4465.769,485.757,31.984,1587.207,2.999,34.983,9180,14016,1.820,2.040,1.320,2,0,321.839,0,0,16,161,0,32,0
24-04 09:39:39,36.935,22.211,39.431,1.248,0,3839752,127364,171612,3823864,9397.539,485.150,7.986,1006.237,1.997,47.916,7502,6625,1.820,2.040,1.320,4,0,599.949,0,0,16,163,0,32,0
24-04 09:39:40,20.298,18.294,58.640,1.002,0,3849992,171420,171624,3770820,7007.710,577.377,0,481.147,0,33.079,6170,6848,1.820,2.040,1.320,1,0,370.884,0,0,17,163,0,32,0
24-04 09:39:41,26.474,19.481,52.948,0,0,3901104,174520,171624,3717884,10707.512,485.524,3.996,99.902,0.999,6.993,7055,7595,1.820,2.040,1.320,4,0,422.586,0,0,17,163,0,32,2
24-04 09:39:42,36.535,19.769,37.536,4.755,0,3967060,145832,171628,3681456,6836.488,556.528,8.008,9220.750,2.002,909.863,8058,8053,1.820,2.040,1.320,5,0,377.358,0,0,17,169,0,32,2
24-04 09:39:43,27.494,20.495,48.489,2.499,0,4025532,134360,171628,3635552,3661.165,633.855,0,2591.409,0,147.966,6968,7711,1.830,2.040,1.330,3,2,477.891,0,0,17,169,0,31,2
24-04 09:39:44,37.514,25.760,36.014,1.000,0,4123076,159760,171640,3515512,8479.218,486.185,28.011,1136.431,4.002,70.027,10019,14414,1.830,2.040,1.330,6,0,663.252,0,0,17,177,0,31,2
24-04 09:39:45,16.493,21.990,59.224,0.250,0,4172100,144468,171640,3482424,5602.522,485.785,15.993,1127.501,3.998,129.943,9277,13551,1.830,2.040,1.330,2,0,453.799,0,0,17,183,0,31,2
24-04 09:39:46,21.734,16.238,60.704,0,0,4188248,164000,171640,3447132,4025.971,485.635,3.997,399.699,0.999,16.987,6978,8380,1.830,2.040,1.330,5,0,298.775,0,0,17,189,0,31,0
24-04 09:39:47,41.137,7.729,44.877,5.236,0,4334540,139468,171640,3327724,9036.215,484.671,841.691,494.643,14.959,38.893,3514,2530,1.830,2.040,1.330,3,0,21.940,0,0,17,189,0,29,0
24-04 09:39:48,43.259,8.252,45.509,2.000,0,4446252,134852,171644,3222336,6111.260,486.100,216.045,252.052,11.002,30.006,3617,2893,1.930,2.060,1.340,1,0,18.004,0,0,17,210,0,29,0
24-04 09:39:49,27.574,17.547,52.640,2.005,0,4376900,203276,171644,3223264,11291.105,487.299,930.481,697.861,12.032,48.128,5508,5320,1.930,2.060,1.340,5,0,414.104,0,0,17,211,0,29,0
24-04 09:39:50,31.623,23.406,43.574,0.498,0,4438128,141700,171648,3224068,12181.924,6317.549,23.904,521.897,1.992,40.835,7686,8607,1.930,2.060,1.340,14,0,599.584,0,0,17,212,0,29,0
24-04 09:39:51,51.254,18.843,27.134,1.759,0,4449844,154668,171664,3199940,6577.603,3475.225,924.583,377.873,17.085,14.070,6949,8178,1.930,2.060,1.340,3,0,245.215,0,0,17,216,0,30,0
24-04 09:39:52,67.248,11.500,17.000,4.500,0,4614688,161412,171664,3032168,14491.576,6198.819,935.973,919.973,25.999,21.999,4702,4171,1.930,2.060,1.340,3,2,29.999,0,0,17,223,0,30,0
24-04 09:39:53,48.343,8.223,25.168,16.197,0,4632956,138056,171696,3037188,15425.924,5721.427,3536.520,4469.491,192.376,77.748,5126,4767,2.010,2.070,1.350,5,0,27.909,0,0,17,232,0,31,0
24-04 09:39:54,55.170,11.034,17.053,15.297,0.251,4665228,136992,171760,3007384,8727.961,487.506,3406.523,2150.643,296.917,161.499,6779,8422,2.010,2.070,1.350,3,0,80.248,0,0,17,231,0,35,0
24-04 09:39:55,25.469,22.972,46.444,3.745,0,4686952,155284,171764,2968388,16583.028,10725.083,55.933,5457.427,3.995,54.934,7862,8955,2.010,2.070,1.350,0,2,506.390,0,0,17,234,0,26,0
24-04 09:39:56,42.300,19.523,32.038,4.505,0,4687316,153300,171764,2969976,9379.990,1404.646,20.023,6079.123,2.002,62.073,7499,9184,2.010,2.070,1.350,5,0,308.361,0,0,17,235,0,27,0
24-04 09:39:57,50.443,25.221,22.974,0.749,0,4792044,136948,171768,2883884,14835.151,8591.242,0,423.519,0,28.967,6858,6990,2.010,2.070,1.350,3,0,570.352,0,0,17,236,0,27,0
24-04 09:39:58,57.365,18.456,17.459,6.485,0,4771856,153168,171784,2887812,8597.719,3324.159,1189.195,5914.050,57.864,395.068,8337,14950,2.090,2.090,1.360,4,0,283.332,0,0,17,239,0,30,0
24-04 09:39:59,54.498,26.749,17.749,0.250,0,4875800,142264,171796,2797160,10889.514,6198.723,207.991,695.969,5.000,46.998,7171,9468,2.090,2.090,1.360,18,0,608.973,0,0,17,244,0,26,0
24-04 09:40:00,53.354,18.612,22.086,4.715,0,4890676,152804,171804,2771552,15906.942,5715.580,567.786,1044.250,40.698,69.484,8298,13202,2.090,2.090,1.360,4,1,274.959,0,0,17,251,0,29,0
24-04 09:40:01,67.183,13.336,17.362,1.510,0,5050760,125736,171804,2641356,13087.396,6482.805,764.933,458.960,10.065,28.182,8928,15320,2.090,2.090,1.360,4,0,13.084,0,0,17,252,1,29,0
24-04 09:40:02,47.618,8.772,36.590,6.015,0,5027972,171148,171696,2619256,20054.509,11982.582,1018.514,1126.782,79.196,67.166,5558,7987,2.090,2.090,1.360,5,0,21.052,0,0,17,256,0,36,0
24-04 09:40:03,52.688,7.953,23.859,14.663,0,5120024,146492,171376,2554412,14653.277,5262.853,1081.599,11456.198,22.865,562.670,4970,3702,2.170,2.100,1.360,4,1,9.941,0,0,17,262,0,35,0
24-04 09:40:04,42.337,27.217,25.957,4.284,0,5046340,216384,171640,2557956,19384.266,9093.368,4161.115,6877.735,65.521,661.263,8979,10551,2.170,2.100,1.360,3,0,590.701,0,0,17,261,0,36,0
24-04 09:40:05,51.478,20.889,25.366,0.746,0,5099104,163320,171640,2558596,11981.607,6220.091,803.748,497.369,9.947,29.842,7630,9511,2.170,2.100,1.360,6,1,372.032,0,0,17,262,0,36,0
24-04 09:40:06,67.672,16.542,11.279,4.511,0,5111064,210752,171644,2500600,11286.639,5679.411,1215.083,1307.317,46.117,61.155,5736,4949,2.170,2.100,1.360,4,0,173.440,0,0,18,264,0,37,0
24-04 09:40:07,74.324,12.513,4.254,8.509,0,5253900,131240,171644,2439092,6861.872,2454.458,3591.597,948.950,179.179,53.053,5894,5198,2.170,2.100,1.360,4,0,14.014,0,0,18,269,0,36,0
24-04 09:40:08,68.337,8.480,12.720,9.228,0,5320244,125312,171680,2380384,17924.318,9395.627,1735.866,2230.688,67.838,144.656,6723,7047,2.390,2.150,1.380,9,0,16.960,0,0,18,275,0,38,0
24-04 09:40:09,46.265,15.005,35.762,1.751,0,5345660,124628,171684,2356824,9403.066,1523.497,596.194,3809.242,10.003,58.019,6124,7334,2.390,2.150,1.380,2,0,225.073,0,0,18,276,0,39,0
24-04 09:40:10,32.332,7.519,56.142,3.509,0,5358576,142928,171692,2326792,29609.043,13509.239,874.216,1283.252,14.036,109.277,4845,5485,2.390,2.150,1.380,3,1,9.023,0,0,18,283,0,39,0
24-04 09:40:11,45.172,11.730,32.444,9.234,0,5353448,129816,171692,2345000,16538352.366,163725.692,3034.767,11524.129,31.945,193.666,11169,6572,2.390,2.150,1.380,3,0,105.818,0,0,18,280,0,38,0
24-04 09:40:12,40.200,11.985,46.942,0.999,0,5396784,143576,171692,2290116,17927.912,10329.274,319.606,623.232,5.993,45.943,4736,4279,2.390,2.150,1.380,2,0,167.793,0,0,18,283,0,38,0
24-04 09:40:13,35.648,4.770,57.991,0.502,0,5368452,171848,171692,2290180,20519.373,10630.228,0,578.407,0,55.230,3738,3630,2.360,2.150,1.390,5,0,7.029,0,0,18,291,0,40,0
24-04 09:40:14,25.377,3.732,63.940,4.478,0,5391376,148344,171696,2290756,256127.676,10480613.831,461.758,720.502,24.879,65.681,5327,6039,2.360,2.150,1.390,2,0,2.986,0,0,18,291,0,43,0
24-04 09:40:15,15.990,3.748,74.954,2.998,0,5319380,220168,171696,2290928,7692939.573,5910159.423,3.998,1447.111,0.999,173.893,6566,5718,2.360,2.150,1.390,1,3,36.977,0,0,18,294,0,42,0
24-04 09:40:16,17.288,6.765,66.396,8.018,0,5234480,288680,171704,2307268,9027137.577,79560.362,208.457,4401.647,12.026,120.264,8624,8320,2.360,2.150,1.390,3,0,85.187,0,0,18,292,0,45,0
24-04 09:40:17,12.980,16.475,67.646,1.248,0,5279156,243872,171704,2307368,4370.311,485.257,27.957,1282.038,1.997,24.962,5299,4705,2.360,2.150,1.390,1,0,386.409,0,0,18,292,0,45,0
24-04 09:40:18,20.502,6.251,68.508,3.250,0,5279584,243400,171704,2307428,10119.229,540.066,48.006,492.060,2.000,25.003,2880,2248,2.250,2.130,1.390,1,3,69.008,0,0,18,292,0,45,0
24-04 09:40:19,8.766,18.283,67.372,4.258,0,5294492,228448,171704,2307472,7419.486,486.885,0,829.508,0,59.107,5848,4919,2.250,2.130,1.390,1,0,342.623,0,0,18,292,0,43,0
24-04 09:40:20,6.235,12.968,78.307,1.496,0,5291104,231796,171704,2307512,10254.740,484.806,0,422.958,0,35.912,4406,4038,2.250,2.130,1.390,0,1,258.364,0,0,18,294,0,43,0
24-04 09:40:21,8.794,2.512,87.937,0.251,0,5310740,212156,171704,2307516,9257.011,488.428,0,76.380,0,9.045,1499,1519,2.250,2.130,1.390,1,0,9.045,0,0,18,294,0,43,0
24-04 09:40:22,19.662,2.738,76.159,0.249,0,5349744,173092,171704,2307560,10804.636,6171.375,0,79.643,0,7.964,1958,1610,2.250,2.130,1.390,3,0,0,0,0,18,295,0,43,0
24-04 09:40:23,14.283,10.524,72.917,1.253,0,5338664,183920,171708,2307792,10996.149,3715.498,76.174,0,7.016,0,4307,3602,2.230,2.130,1.390,2,0,150.344,0,0,18,298,0,44,0
24-04 09:40:24,12.506,15.757,70.032,0.500,0,5320092,202276,171708,2307992,7026.205,486.222,4.002,316.144,1.000,23.010,5445,4468,2.230,2.130,1.390,4,0,209.095,0,0,18,298,0,42,0
24-04 09:40:25,11.009,16.764,69.809,1.001,0.250,5318864,203272,171708,2308160,3451.920,486.411,4.003,416.352,1.001,35.030,5539,4590,2.230,2.130,1.390,1,0,243.206,0,0,18,298,0,42,0
24-04 09:40:26,23.409,3.486,69.730,2.739,0,5374672,147376,171708,2308248,9729.260,553.852,79.691,1055.904,4.981,43.830,2370,2268,2.230,2.130,1.390,1,0,2.988,0,0,18,302,0,42,0
24-04 09:40:27,26.767,5.504,64.541,1.751,0,5399848,151276,171708,2280148,4582.920,624.398,572.365,224.143,22.014,14.009,3244,8989,2.230,2.130,1.390,0,1,40.026,0,0,18,306,0,43,0
24-04 09:40:28,22.751,3.000,71.753,1.750,0,5344864,206220,171708,2280188,9984.410,486.020,20.001,620.025,3.000,52.002,2540,2359,2.130,2.110,1.390,1,0,5.000,0,0,18,302,0,41,0
24-04 09:40:29,23.749,3.250,71.748,0.750,0,5372952,178116,171708,2280204,6099.792,485.983,4.000,715.976,1.000,117.996,2297,1896,2.130,2.110,1.390,4,0,1.000,0,0,18,302,0,41,0
24-04 09:40:30,10.747,2.499,85.223,0.250,0,5383716,167344,171708,2280212,17234.510,13595.669,0,503.839,0,24.992,2418,2653,2.130,2.110,1.390,1,0,1.999,0,0,18,305,0,42,0
24-04 09:40:31,20.507,4.001,73.776,0,0,5353328,197584,171708,2280360,15454.536,6345.273,0,13316.770,0,15.005,2431,1962,2.130,2.110,1.390,1,0,16.006,0,0,18,302,0,43,0
24-04 09:40:32,23.974,2.997,71.923,0.749,0,5353264,197584,171708,2280428,6312.279,485.483,63.932,83.911,0.999,3.996,1967,1545,2.130,2.110,1.390,1,0,0,0,0,18,302,0,41,0
24-04 09:40:33,12.003,14.504,70.269,1.000,0.250,5327712,222976,171712,2280584,9127.410,486.128,392.104,432.114,5.001,24.006,4893,3902,2.040,2.090,1.380,1,0,264.070,0,0,18,302,0,41,0
24-04 09:40:34,11.783,16.295,69.191,2.507,0,5322368,228164,171716,2280736,6452.820,487.346,44.122,3056.441,5.014,564.559,5686,4103,2.040,2.090,1.380,1,1,320.886,0,0,18,302,0,41,0
24-04 09:40:35,20.704,2.993,71.591,2.993,0,5344812,205644,171748,2280780,15915.541,1819.945,35.920,4070.930,2.993,308.313,2604,1985,2.040,2.090,1.380,1,0,32.927,0,0,18,303,0,41,0
24-04 09:40:36,18.743,2.749,70.225,7.247,0,5346612,197392,172248,2286604,10262.315,1551.443,127.954,7089.454,6.997,112.959,2093,1965,2.040,2.090,1.380,2,1,1.000,0,0,18,302,0,41,0
24-04 09:40:37,18.003,2.000,78.014,0.750,0,5347272,196680,172256,2286648,11614.133,3427.629,0,560.103,0,25.005,1977,1696,2.040,2.090,1.380,1,0,18.003,0,0,18,303,0,41,0
24-04 09:40:38,22.013,5.253,69.791,1.751,0,5341308,196592,172792,2292032,3899.265,660.384,4.002,772.449,1.001,12.007,10822,19627,1.960,2.070,1.380,1,0,14.008,0,0,18,302,0,41,0
24-04 09:40:39,17.572,3.514,76.813,2.008,0,5355624,181836,172832,2292416,16690.016,3441.023,32.131,907.699,5.020,30.123,4449,6797,1.960,2.070,1.380,3,0,5.020,0,0,18,303,0,41,0
24-04 09:40:40,22.149,6.222,68.687,0.747,0,5336452,200864,172876,2292512,6178.887,483.799,0,788.413,0,55.746,8310,13903,1.960,2.070,1.380,2,0,14.932,0,0,18,305,0,41,0
24-04 09:40:41,12.747,13.496,70.482,2.249,0,5320712,226460,172964,2282596,8524.777,659.828,3.999,13024.604,1.000,49.987,4601,3894,1.960,2.070,1.380,1,0,268.930,0,0,18,304,0,41,0
24-04 09:40:42,23.257,3.001,73.273,0,0,5373752,173236,172964,2282780,6521.057,486.153,0,32.010,0,4.001,1874,1450,1.960,2.070,1.380,2,0,0,0,0,18,304,0,41,0
24-04 09:40:43,16.305,3.763,79.015,0,0.251,5354900,192056,172964,2282812,18900.413,10937.697,16.054,0,1.003,0,2562,2141,1.800,2.040,1.370,1,0,40.135,0,0,18,304,0,44,0
24-04 09:40:44,21.172,5.480,72.234,0,0.249,5395780,151152,172964,2282820,11800.614,484.220,0,0,0,0,2707,2213,1.800,2.040,1.370,2,0,76.718,0,0,18,304,0,44,0
24-04 09:40:45,16.737,4.746,77.191,0,0,5389272,157508,172964,2282972,14634.875,9169.030,0,0,0,0,2730,2411,1.800,2.040,1.370,3,0,69.947,0,0,18,304,0,45,0
24-04 09:40:46,20.515,4.003,73.554,1.251,0,5407696,139036,172964,2283020,10692.855,2453.803,32.024,384.282,2.001,31.023,2340,2310,1.800,2.040,1.370,0,0,3.002,0,0,18,307,0,45,0
24-04 09:40:47,18.260,5.253,75.292,0.750,0,5365820,180768,172964,2283164,18231.087,11552.392,0,212.117,0,12.007,2732,2337,1.800,2.040,1.370,1,0,56.031,0,0,18,306,0,46,0
24-04 09:40:48,19.562,2.759,76.243,0,0,5415236,131336,172964,2283180,10957.857,6218.782,0,4.013,0,1.003,2148,1900,1.740,2.020,1.370,1,0,1.003,0,0,18,307,0,46,0
24-04 09:40:49,21.183,5.233,71.524,0.249,0,5342492,203948,172964,2283312,13403.604,5097.875,0,119.622,0,9.968,3236,4613,1.740,2.020,1.370,1,0,33.893,0,0,18,306,0,49,0
24-04 09:40:50,21.983,2.998,72.193,2.248,0,5375552,170872,172964,2283328,11835.618,6325.986,0,343.728,0,30.975,2589,2639,1.740,2.020,1.370,1,0,1.998,0,0,18,307,0,49,0
24-04 09:40:51,16.007,4.752,76.533,1.501,0,5364724,181676,172964,2283352,14220.216,5672.479,0,672.294,0,57.025,3169,3454,1.740,2.020,1.370,1,0,48.021,0,0,18,306,0,50,0
24-04 09:40:52,18.751,2.750,77.506,0.250,0,5412228,134168,172964,2283356,14916.156,6199.481,0,260.020,0,10.001,2002,1687,1.740,2.020,1.370,1,0,0,0,0,18,307,0,49,0
24-04 09:40:53,20.335,5.272,73.557,0.251,0,5399244,177276,172964,2254180,7925.063,5189.651,0,156.654,0,6.025,2665,2243,1.680,2,1.370,1,0,32.134,0,0,18,306,0,52,0
24-04 09:40:54,19.666,2.738,74.681,1.494,0,5388972,187536,172964,2254192,14375.648,6172.657,0,219.065,0,16.928,2203,2099,1.680,2,1.370,1,1,0.996,0,0,18,307,0,52,0
24-04 09:40:55,12.736,7.991,75.415,2.247,0,5336144,240208,173100,2254212,10760.867,5785.477,131.851,1662.126,2.997,117.867,4322,4761,1.680,2,1.370,1,1,177.800,0,0,18,308,0,53,0
24-04 09:40:56,3.254,1.502,89.860,4.255,0,5337552,237588,173504,2255020,10354.657,3771.610,993.214,1650.017,248.304,103.126,1783,2620,1.680,2,1.370,0,0,3.004,0,0,18,310,0,47,0
24-04 09:40:57,4.748,7.747,86.222,0.250,0,5333216,241872,173504,2255072,22037.732,3594.814,0,363.880,0,21.993,2786,2503,1.680,2,1.370,2,0,124.959,0,0,18,310,0,48,0
24-04 09:40:58,6.243,11.487,78.161,2.497,0,5313864,261108,173504,2255188,9824.817,1483.312,51.941,343.609,3.995,18.978,3990,3285,1.620,1.980,1.370,1,0,207.764,0,0,18,308,0,49,0
24-04 09:40:59,13.768,3.755,71.342,10.013,0,5318656,243972,173508,2267528,13642.602,486.628,5839.534,716.925,443.572,13.017,2481,2648,1.620,1.980,1.370,1,1,6.008,0,0,18,308,0,49,0
24-04 09:41:00,21.588,2.761,72.798,2.510,0,5325876,232372,173508,2271844,12863.603,1831.489,4.016,2309.444,1.004,212.870,2655,2428,1.620,1.980,1.370,0,2,16.066,0,0,18,309,0,43,0
24-04 09:41:01,15.932,2.489,76.422,3.983,0,5325228,228516,173516,2276324,10091.660,3814.617,864.288,2481.343,9.957,218.063,2116,1975,1.620,1.980,1.370,0,1,10.953,0,0,18,308,0,43,0
24-04 09:41:02,6.784,13.568,70.606,6.784,0,5307436,243872,173548,2278692,10441.641,488.463,1001.047,2460.404,21.106,85.431,5266,4851,1.620,1.980,1.370,1,0,293.480,0,0,18,308,0,43,0
24-04 09:41:03,21.902,2.987,73.920,0,0,5370164,181136,173548,2278700,10959.123,2068.773,0,87.609,0,4.978,2021,1659,1.570,1.970,1.360,1,0,0,0,0,18,309,0,43,0
24-04 09:41:04,17.792,5.012,76.680,0,0,5363220,188068,173548,2278720,31452.880,21482.460,0,80.188,0,7.016,2551,2203,1.570,1.970,1.360,1,0,48.113,0,0,18,308,0,45,0
24-04 09:41:05,19.702,2.743,75.068,1.496,0,5421100,130176,173548,2278732,9213.678,6052.337,0,295.285,0,35.913,2122,2002,1.570,1.970,1.360,1,0,0.998,0,0,18,311,0,36,0
24-04 09:41:06,19.751,4.000,73.256,2.250,0,5397876,153224,173548,2278908,16273.226,3759.283,160.012,1216.092,7.001,188.014,2849,2632,1.570,1.970,1.360,1,0,14.001,0,0,18,310,0,38,0
24-04 09:41:07,18.752,3.000,77.258,0,0,5370336,208288,173428,2252412,16135.699,6253.659,0,1636.172,0,134.014,2100,1638,1.570,1.970,1.360,1,0,0,0,0,18,311,0,38,0
24-04 09:41:08,14.751,2.750,69.256,11.251,0,5347324,229500,173428,2254216,7050.623,1323.117,1776.157,1292.114,64.006,151.013,4183,6095,1.530,1.950,1.360,0,1,2.000,0,0,18,313,0,38,0
24-04 09:41:09,22.338,4.016,68.268,4.769,0,5308768,267648,173428,2254624,6883.068,1732.814,337.327,915.601,20.079,87.343,3498,4241,1.530,1.950,1.360,1,1,5.020,0,0,18,312,0,34,0
24-04 09:41:10,18.924,2.739,75.445,1.245,0,5334164,242236,173428,2254640,16171.664,7296.521,0,760.926,0,65.734,2657,2912,1.530,1.950,1.360,0,0,0,0,0,18,313,0,34,0
24-04 09:41:11,18.071,4.769,71.531,3.514,0,5305564,270748,173428,2254728,13002.102,4488.642,80.316,1530.013,3.012,148.584,5054,7017,1.530,1.950,1.360,2,1,45.178,0,0,18,312,0,35,0
24-04 09:41:12,17.987,25.482,55.211,0.749,0,5363732,212396,173428,2254912,8723.824,485.656,367.740,2382.313,2.998,72.948,7309,6873,1.530,1.950,1.360,2,0,752.467,0,0,18,312,0,35,0
24-04 09:41:13,23.776,25.778,49.053,0.751,0,5381768,194324,173432,2254944,9432.219,486.527,768.833,652.707,6.007,53.057,7665,7274,1.560,1.950,1.370,2,1,810.879,0,0,18,312,0,33,0
24-04 09:41:14,8.752,22.505,65.265,2.251,0.250,5344416,231492,173432,2255128,9749.260,540.125,0,2652.615,0,158.037,7445,7267,1.560,1.950,1.370,1,0,682.158,0,0,18,312,0,33,0
24-04 09:41:15,8.969,21.924,67.266,0.747,0,5331380,244496,173432,2255160,6428.593,484.312,0,107.625,0,14.948,6719,5906,1.560,1.950,1.370,2,0,584.961,0,0,18,312,0,33,0
24-04 09:41:16,8.526,22.569,68.208,0,0,5328640,247204,173432,2255192,3887.861,487.487,0,48.147,0,12.037,6856,6043,1.560,1.950,1.370,1,0,623.903,0,0,18,312,0,33,0
24-04 09:41:17,12.187,16.166,69.390,0.497,0,5299172,322120,173432,2211928,5916.282,483.490,270.595,214.884,30.840,6.964,5107,4448,1.560,1.950,1.370,1,0,353.166,0,0,18,312,0,25,0
24-04 09:41:18,21.520,4.755,70.567,2.753,0,5350652,322044,173732,2168664,13726.010,486.461,0,2818.672,0,31.029,2440,2254,1.520,1.940,1.360,3,0,4.004,0,0,18,312,0,25,0
24-04 09:41:19,17.240,2.249,76.707,2.249,0,5357416,313520,173796,2170364,19187.289,5713.810,119.933,771.569,14.992,11.993,2090,1715,1.520,1.940,1.360,1,0,17.990,0,0,18,315,0,25,0
24-04 09:41:20,7.751,1.000,84.264,5.501,0,5364664,305708,173816,2170908,17064.936,3724.641,500.086,788.136,20.003,40.007,1718,1969,1.520,1.940,1.360,0,0,0,0,0,18,315,0,25,0
24-04 09:41:21,3.752,1.501,87.555,6.004,0,5364344,305708,173856,2171184,18075.457,4648.947,212.134,1044.662,19.012,115.073,1525,1930,1.520,1.940,1.360,0,3,0,0,0,18,315,0,25,0
24-04 09:41:22,12.240,1.499,78.186,6.495,0,5370612,298412,173900,2172144,29516.722,12877.408,471.612,3341.252,45.962,323.734,2105,1897,1.520,1.940,1.360,1,1,0,0,0,18,315,0,25,0
24-04 09:41:23,13.007,1.501,81.292,3.502,0,5392624,275228,173932,2173280,16219.360,6931.573,1028.530,756.390,39.020,27.014,1735,1633,1.480,1.920,1.360,1,0,0,0,0,18,315,0,25,0
24-04 09:41:24,12.003,1.500,82.020,3.751,0,5410024,256580,173968,2174488,17641.344,8394.067,960.236,1412.348,40.010,60.015,1882,2129,1.480,1.920,1.360,1,0,1.000,0,0,18,315,0,25,0
24-04 09:41:25,12.745,1.749,77.718,5.998,0,5412828,235412,174016,2192792,22543.830,9904.971,8736.446,1367.444,117.952,55.977,2056,2161,1.480,1.920,1.360,0,1,0,0,0,18,315,0,24,0
24-04 09:41:26,18.251,2.500,73.504,5.500,0,5414012,211892,174040,2214944,7411.399,486.026,5740.309,1508.081,71.004,67.004,2170,1956,1.480,1.920,1.360,2,0,1.000,0,0,18,315,0,24,0
24-04 09:41:27,25.778,4.505,65.572,3.254,0.250,5408536,201412,174080,2230572,5015.491,486.533,0,1846.021,0,42.046,3004,14037,1.480,1.920,1.360,1,0,36.039,0,0,18,315,0,25,0
24-04 09:41:28,20.985,1.749,72.698,3.498,0,5412296,178996,174080,2249012,8734.787,485.655,0,1339.048,0,52.962,2191,1992,1.440,1.900,1.360,1,0,0,0,0,18,315,0,25,0
24-04 09:41:29,18.747,2.750,72.489,5.999,0,5418748,161648,174284,2259496,8433.753,555.918,0,2703.600,0,110.984,2439,2393,1.440,1.900,1.360,2,0,1.000,0,0,18,317,0,24,0
24-04 09:41:30,22.000,2.500,70.999,3.000,0,5416656,138476,174568,2284156,8855.828,539.990,0,2371.954,0,91.998,2759,2858,1.440,1.900,1.360,1,0,0,0,0,18,317,0,24,0
24-04 09:41:31,22.006,2.751,70.270,3.751,0.250,5390492,175060,174824,2273328,8193.277,660.184,36.010,3132.871,2.001,140.039,2729,2875,1.440,1.900,1.360,1,1,2.001,0,0,18,316,0,24,0
24-04 09:41:32,17.063,4.015,71.515,6.273,0.251,5429248,136284,174824,2273344,10339.260,2605.642,0,9647.701,0,181.672,2472,2486,1.440,1.900,1.360,1,1,33.123,0,0,18,317,0,24,0
24-04 09:41:33,22.660,3.237,71.218,2.988,0,5425616,134004,174936,2279064,7944.540,657.397,0,8183.594,0,78.688,2312,1896,1.400,1.890,1.360,1,0,2.988,0,0,18,316,0,22,0
24-04 09:41:34,17.005,3.501,76.273,1.500,0,5428140,154304,175124,2256760,15337.578,3536.055,0,1408.420,0,45.013,3990,5589,1.400,1.890,1.360,2,0,23.007,0,0,18,316,0,22,0
24-04 09:41:35,23.088,5.772,67.757,1.004,0,5431648,150276,175140,2257260,7225.444,487.853,0,1429.429,0,18.069,14638,27887,1.400,1.890,1.360,1,0,13.050,0,0,18,316,0,22,0
24-04 09:41:36,19.921,5.976,72.464,0.498,0,5366712,226580,175148,2246036,9050.298,484.090,0,529.910,0,11.953,4244,5723,1.400,1.890,1.360,2,0,15.937,0,0,18,316,0,22,0
24-04 09:41:37,22.758,5.002,71.024,0,0,5338460,254808,175148,2246060,7374.453,528.176,0,512.170,0,113.038,7348,11478,1.400,1.890,1.360,2,0,54.018,0,0,18,316,0,22,0
24-04 09:41:38,22.248,4.500,71.494,0,0,5369852,223396,175148,2246080,9540.136,1032.906,0,243.978,0,3.000,6911,11005,1.370,1.870,1.350,1,0,35.997,0,0,18,317,0,22,0
24-04 09:41:39,19.251,2.500,76.004,2.000,0,5366708,220808,175148,2251816,12685.657,2277.118,0,1884.098,0,32.002,2130,2075,1.370,1.870,1.350,1,0,2.000,0,0,18,316,0,22,0
24-04 09:41:40,17.002,3.500,75.511,3.000,0,5367084,214772,175148,2257372,12968.834,3427.485,0,1196.169,0,46.007,2412,2452,1.370,1.870,1.350,1,1,18.003,0,0,18,317,0,22,0
24-04 09:41:41,22.484,4.996,69.701,0.999,0,5354876,226924,175148,2257392,11645.784,659.535,31.977,935.340,0.999,32.977,10247,18202,1.370,1.870,1.350,1,0,13.990,0,0,18,316,0,22,0
24-04 09:41:42,23.014,6.254,68.541,1.001,0,5354560,227140,175152,2257484,7987.771,486.290,0,660.394,0,26.016,10847,19153,1.370,1.870,1.350,1,0,19.011,0,0,18,316,0,22,0
24-04 09:41:43,22.493,3.999,71.478,1.000,0,5342908,250328,175152,2246152,9216.211,579.825,0,6570.012,0,239.927,2593,1838,1.340,1.860,1.350,1,0,21.993,0,0,18,316,0,22,0
24-04 09:41:44,20.747,5.749,71.741,0.750,0,5361008,225384,175152,2253000,8048.974,539.931,0,1031.869,0,23.997,3134,2736,1.340,1.860,1.350,1,0,97.988,0,0,18,316,0,22,0
24-04 09:41:45,23.249,2.250,72.497,1.000,0,5373600,208752,175152,2256960,9485.608,978.960,4.000,519.979,1.000,4.000,2271,1845,1.340,1.860,1.350,1,0,15.999,0,0,18,317,0,18,0
24-04 09:41:46,8.998,0.750,86.983,2.000,0,5380212,202036,175152,2257064,22713.597,8196.411,0,1147.778,0,26.995,1411,1520,1.340,1.860,1.350,0,1,2.000,0,0,18,317,0,18,0
24-04 09:41:47,11.500,1.500,83.749,2.250,0,5376896,204944,175152,2257456,48690.463,13480.851,0,2247.975,0,194.998,1729,1752,1.340,1.860,1.350,0,0,0,0,0,18,318,0,18,0
24-04 09:41:48,4.498,1.999,83.970,7.747,0,5377648,203964,175196,2257640,125956.595,8337.994,0,9596.541,0,119.957,1623,1923,1.390,1.860,1.360,1,0,0,0,0,18,318,0,18,0
24-04 09:41:49,16.509,1.001,77.790,3.252,0,5398024,183280,175284,2257844,21832.358,9826.112,0,1572.818,0,67.035,2030,2018,1.390,1.860,1.360,0,0,0,0,0,18,318,0,18,0
24-04 09:41:50,12.251,1.250,83.254,2.500,0,5399892,181084,175384,2258072,22629.064,9944.468,0,1456.068,0,66.003,1880,2090,1.390,1.860,1.360,1,0,0,0,0,18,318,0,14,0
24-04 09:41:51,10.248,1.750,84.233,2.749,0,5416468,164020,175444,2258480,303014.405,11499.624,0,1031.787,0,37.992,1995,2279,1.390,1.860,1.360,1,0,1.000,0,0,18,318,0,14,0
24-04 09:41:52,8.000,2.750,78.995,8.000,0,5419632,160192,175712,2258876,96102.265,14558.131,27.998,2407.856,4.000,116.993,3088,4465,1.390,1.860,1.360,0,1,3.000,0,0,18,318,0,14,0
24-04 09:41:53,14.252,2.000,77.013,6.251,0,5422844,156412,175872,2259280,43085.348,11750.004,104.018,1788.305,6.001,76.013,2397,2608,1.360,1.850,1.350,1,1,2.000,0,0,18,318,0,16,0
24-04 09:41:54,5.997,1.749,87.457,2.749,0,5420928,146668,175936,2270824,1550370.232,37265.714,0,4889.601,0,62.969,2709,2963,1.360,1.850,1.350,1,0,1.999,0,0,18,318,0,12,0
24-04 09:41:55,4.252,2.251,85.543,5.253,0,5421256,138320,175964,2278800,4150689.409,52315.398,0,4534.288,0,38.019,3292,3458,1.360,1.850,1.350,0,0,2.001,0,0,18,318,0,12,0
24-04 09:41:56,5.248,1.749,89.969,0.500,0,5418656,126340,175992,2293304,7567896.828,71842.335,0,407.860,0,12.996,3515,3104,1.360,1.850,1.350,0,0,1.000,0,0,18,318,0,12,0
24-04 09:41:57,4.750,2.750,82.246,7.500,0,5387208,165592,176120,2285980,4785695.585,43629.754,163.992,13111.325,4.000,76.996,2890,2666,1.360,1.850,1.350,0,1,1.000,0,0,18,318,0,12,0
24-04 09:41:58,18.513,2.502,73.300,4.753,0,5389508,153180,177604,2293892,103627.688,1702.161,0,4018.741,0,256.175,2424,2166,1.410,1.850,1.360,1,0,1.001,0,0,18,318,0,10,0
24-04 09:41:59,19.745,3.249,70.232,5.998,0,5398492,128680,179596,2305308,7802.956,485.873,0,6298.350,0,98.974,2381,2177,1.410,1.850,1.360,1,0,0,0,0,18,318,0,10,0
24-04 09:42:00,8.750,3.250,55.248,30.749,0,5395052,125284,179748,2311632,5853.823,485.985,0,29123.119,0,281.991,2683,3233,1.410,1.850,1.360,0,4,1.000,0,0,18,318,0,10,0
24-04 09:42:01,18.749,3.750,52.247,24.499,0,5404508,122648,179996,2304192,8814.524,485.974,0,24902.655,0,191.990,2788,2827,1.410,1.850,1.360,0,3,0,0,0,18,318,0,10,0
24-04 09:42:02,5.752,2.001,65.276,25.260,0,5405252,119708,180072,2306200,7882.144,486.194,0,25574.201,0,266.106,1921,2184,1.410,1.850,1.360,2,1,2.001,0,0,18,318,0,9,0
24-04 09:42:03,15.738,2.748,66.698,13.240,0,5418772,143084,180724,2270016,4412.574,485.623,0,8525.380,0,115.910,2299,2327,1.460,1.850,1.360,1,0,0,0,0,18,318,0,9,0
24-04 09:42:04,17.992,3.498,69.718,7.996,0,5410396,135520,181428,2284388,9651.577,539.753,0,1931.115,0,75.965,2248,2022,1.460,1.850,1.360,2,0,0,0,0,18,318,0,9,0
24-04 09:42:05,20.020,1.752,72.073,5.506,0.250,5411220,121000,181924,2296552,11557.649,486.490,0,1301.312,0,50.050,2249,2035,1.460,1.850,1.360,1,0,1.001,0,0,18,318,0,9,0
24-04 09:42:06,21.244,2.749,72.480,2.749,0,5410288,128560,183248,2288368,6415.216,485.865,0,1651.541,0,18.995,2095,1775,1.460,1.850,1.360,1,0,0,0,0,18,318,0,6,0
24-04 09:42:07,17.256,2.501,72.527,6.753,0,5412924,132032,184024,2282076,8087.039,486.183,0,1664.625,0,60.023,2105,1981,1.460,1.850,1.360,1,0,0,0,0,18,318,0,6,0
24-04 09:42:08,17.748,1.750,74.740,4.249,0,5410492,120312,184724,2294148,10645.602,1757.769,0,1903.750,0,62.992,2301,2232,1.420,1.840,1.360,0,0,0,0,0,18,319,0,6,0
24-04 09:42:09,22.077,4.265,72.252,2.007,0,5330716,235000,184724,2259280,10268.751,1869.509,0,594.068,0,20.070,2514,2153,1.420,1.840,1.360,1,1,19.066,0,0,18,316,0,6,0
24-04 09:42:10,15.951,2.492,75.767,4.486,0,5345388,215688,184764,2263712,14270.151,2761.514,0,1770.559,0,52.838,2229,2283,1.420,1.840,1.360,1,0,16.948,0,0,18,316,0,4,0
24-04 09:42:11,19.489,2.499,74.957,1.499,0,5346156,213460,184784,2265032,7500.701,1756.993,15.991,799.542,0.999,30.982,2398,2392,1.420,1.840,1.360,0,0,17.990,0,0,18,317,0,4,0
24-04 09:42:12,30.838,8.023,57.413,2.256,0,5402348,150688,185040,2270412,10732.526,2269.455,256.730,1420.039,2.006,40.114,11138,19546,1.420,1.840,1.360,3,0,18.051,0,0,18,316,0,4,0
24-04 09:42:13,37.651,10.971,48.872,1.496,0,5425612,127160,185096,2270584,5629.208,484.726,765.987,211.444,5.984,3.990,11014,17775,1.470,1.840,1.360,1,2,13.963,0,0,18,316,0,4,0
24-04 09:42:14,19.497,6.999,70.239,2.000,0,5425908,126656,185132,2270748,4222.360,527.920,0,2635.600,0,33.995,2459,2211,1.470,1.840,1.360,1,1,14.998,0,0,18,316,0,3,0
24-04 09:42:15,22.509,4.002,71.779,1.000,0,5375000,188796,185140,2260492,8924.661,486.199,248.102,1088.447,4.002,38.016,2389,2077,1.470,1.840,1.360,1,0,7.003,0,0,18,316,0,3,0
24-04 09:42:16,20.825,4.015,70.254,4.516,0,5390756,170892,185144,2262636,6965.196,541.961,329.191,2581.338,12.044,74.269,3651,4525,1.470,1.840,1.360,2,1,0,0,0,18,318,0,4,0
24-04 09:42:17,19.677,4.483,60.773,13.201,0.249,5383988,176940,185144,2263368,12830.132,484.194,605.740,4200.329,32.877,297.889,6575,9786,1.470,1.840,1.360,1,2,6.974,0,0,18,319,0,7,0
24-04 09:42:18,11.276,12.028,59.890,15.286,0.251,5298352,262136,185144,2263804,9266.678,487.140,352.825,4534.608,14.033,453.060,5708,6208,1.430,1.830,1.360,2,3,226.530,0,0,18,318,0,7,0
24-04 09:42:19,6.483,13.215,52.610,25.682,0,5313072,246784,185144,2264436,6291.236,484.708,538.565,25077.178,5.984,522.607,4618,3727,1.430,1.830,1.360,0,2,201.463,0,0,18,318,0,7,0
24-04 09:42:20,11.045,4.769,69.784,12.802,0,5292072,245660,185144,2286884,9049.883,487.989,22712.566,381.555,1462.962,30.123,3990,5249,1.430,1.830,1.360,1,1,21.086,0,0,18,318,0,9,0
24-04 09:42:21,7.967,3.236,69.459,17.178,0,5293956,223484,185144,2307188,8320.160,1494.741,20107.801,3696.521,2027.510,134.437,4199,6420,1.430,1.830,1.360,0,0,5.975,0,0,18,319,0,9,0
24-04 09:42:22,1.500,1.250,96.232,0.250,0,5293924,223484,185144,2307220,13462.455,1986.624,0,111.979,0,15.997,1077,1425,1.430,1.830,1.360,0,0,0,0,0,18,319,0,9,0
24-04 09:42:23,3.501,2.250,92.268,1.000,0,5269656,247740,185144,2307232,45037.821,125146.511,72.014,468.092,3.001,1.000,1534,1647,1.400,1.810,1.360,0,0,25.005,0,0,18,318,0,9,0
24-04 09:42:24,1.750,0.750,95.249,1.750,0,5259960,257436,185144,2307232,8702.941,0,0,647.996,0,53.000,1094,1655,1.400,1.810,1.360,0,0,0,0,0,18,318,0,9,0
24-04 09:42:25,9.500,3.250,85.500,0.250,0,5273280,244116,185144,2307232,280988.044,9789.967,0,147.999,0,15.000,2447,2515,1.400,1.810,1.360,0,0,21.000,0,0,18,318,0,9,0
24-04 09:42:26,10.251,3.000,85.255,0,0,5273572,243564,185148,2307488,286843.623,12690.780,124.008,144.009,6.000,2.000,2439,2157,1.400,1.810,1.360,0,0,24.001,0,0,18,318,0,9,0
24-04 09:42:27,13.747,7.498,75.232,2.249,0,5301692,210784,185156,2312584,148831.303,3805.113,63.985,555.870,8.998,23.994,2919,2294,1.400,1.810,1.360,4,0,53.987,0,0,18,318,0,9,0
