Feb 26 17:09:45 ubuntu devstack@keystone.service[61846]: DEBUG keystone.server.flask.request_processing.middleware.auth_context [None req-1ad50519-a0d8-4382-ab06-cf9d7c95a33c None admin] RBAC: auth_context: {'token': <TokenModel (audit_id=9b2yF7-oTPOxPS_E-AmHCg, audit_chain_id=['9b2yF7-oTPOxPS_E-AmHCg']) at 0x7194a5fce480>, 'domain_id': None, 'trust_id': None, 'trustor_id': None, 'trustee_id': None, 'domain_name': None, 'group_ids': [], 'user_id': '69a49d10908c494ab846639a12816370', 'user_domain_id': 'default', 'system_scope': 'all', 'project_id': None, 'project_domain_id': None, 'roles': ['admin', 'manager', 'member', 'reader'], 'is_admin_project': True, 'service_user_id': None, 'service_user_domain_id': None, 'service_project_id': None, 'service_project_domain_id': None, 'service_roles': []} {{(pid=61846) fill_context /opt/stack/keystone/keystone/server/flask/request_processing/middleware/auth_context.py:509}}
Feb 26 17:09:45 ubuntu devstack@keystone.service[61846]: DEBUG keystone.server.flask.request_processing.req_logging [None req-1ad50519-a0d8-4382-ab06-cf9d7c95a33c None admin] REQUEST_METHOD: `GET` {{(pid=61846) log_request_info /opt/stack/keystone/keystone/server/flask/request_processing/req_logging.py:26}}
Feb 26 17:09:45 ubuntu devstack@keystone.service[61846]: DEBUG keystone.server.flask.request_processing.req_logging [None req-1ad50519-a0d8-4382-ab06-cf9d7c95a33c None admin] SCRIPT_NAME: `/identity` {{(pid=61846) log_request_info /opt/stack/keystone/keystone/server/flask/request_processing/req_logging.py:27}}
Feb 26 17:09:45 ubuntu devstack@keystone.service[61846]: DEBUG keystone.server.flask.request_processing.req_logging [None req-1ad50519-a0d8-4382-ab06-cf9d7c95a33c None admin] PATH_INFO: `/v3/domains` {{(pid=61846) log_request_info /opt/stack/keystone/keystone/server/flask/request_processing/req_logging.py:28}}
Feb 26 17:09:45 ubuntu devstack@keystone.service[61846]: DEBUG keystone.common.rbac_enforcer.enforcer [None req-1ad50519-a0d8-4382-ab06-cf9d7c95a33c None admin] RBAC: Adding query filter params (name=Default) {{(pid=61846) _extract_filter_values /opt/stack/keystone/keystone/common/rbac_enforcer/enforcer.py:176}}
Feb 26 17:09:45 ubuntu devstack@keystone.service[61846]: DEBUG keystone.common.rbac_enforcer.enforcer [None req-1ad50519-a0d8-4382-ab06-cf9d7c95a33c None admin] RBAC: Authorizing `identity:list_domains()` {{(pid=61846) enforce_call /opt/stack/keystone/keystone/common/rbac_enforcer/enforcer.py:494}}
Feb 26 17:09:45 ubuntu devstack@keystone.service[61846]: DEBUG keystone.common.rbac_enforcer.enforcer [None req-1ad50519-a0d8-4382-ab06-cf9d7c95a33c None admin] RBAC: Authorization granted {{(pid=61846) enforce_call /opt/stack/keystone/keystone/common/rbac_enforcer/enforcer.py:505}}
Feb 26 17:09:45 ubuntu devstack@keystone.service[61846]: [pid: 61846|app: 0|req: 11/21] 10.120.125.136 () {58 vars in 1190 bytes} [Thu Feb 26 17:09:45 2026] GET /identity/v3/domains?name=Default => generated 310 bytes in 112 msecs (HTTP/1.1 200) 5 headers in 177 bytes (2 switches on core 0)
Feb 26 17:09:45 ubuntu devstack@keystone.service[61847]: [pid: 61847|app: 0|req: 11/22] 10.120.125.136 () {60 vars in 1429 bytes} [Thu Feb 26 17:09:45 2026] PUT /identity/v3/domains/default/users/69a49d10908c494ab846639a12816370/roles/8afa9a7f534f4671a464456a32be65fc => generated 0 bytes in 267 msecs (HTTP/1.1 204) 3 headers in 132 bytes (0 switches on core 0)
Feb 26 17:09:46 ubuntu devstack@keystone.service[61846]: DEBUG keystone.server.flask.request_processing.req_logging [None req-4df81561-da06-49b6-98df-ac89d47da917 None None] REQUEST_METHOD: `GET` {{(pid=61846) log_request_info /opt/stack/keystone/keystone/server/flask/request_processing/req_logging.py:26}}
Feb 26 17:09:46 ubuntu devstack@keystone.service[61846]: DEBUG keystone.server.flask.request_processing.req_logging [None req-4df81561-da06-49b6-98df-ac89d47da917 None None] SCRIPT_NAME: `/identity` {{(pid=61846) log_request_info /opt/stack/keystone/keystone/server/flask/request_processing/req_logging.py:27}}
Feb 26 17:09:46 ubuntu devstack@keystone.service[61846]: DEBUG keystone.server.flask.request_processing.req_logging [None req-4df81561-da06-49b6-98df-ac89d47da917 None None] PATH_INFO: `/` {{(pid=61846) log_request_info /opt/stack/keystone/keystone/server/flask/request_processing/req_logging.py:28}}
Feb 26 17:09:46 ubuntu devstack@keystone.service[61846]: [pid: 61846|app: 0|req: 12/23] 10.120.125.136 () {56 vars in 951 bytes} [Thu Feb 26 17:09:46 2026] GET /identity => generated 271 bytes in 1 msecs (HTTP/1.1 300) 6 headers in 235 bytes (1 switches on core 0)
Feb 26 17:09:46 ubuntu devstack@keystone.service[61847]: DEBUG keystone.server.flask.request_processing.req_logging [None req-d1fefe01-c4fa-4d77-ae0c-d2b0e03e9c87 None None] REQUEST_METHOD: `GET` {{(pid=61847) log_request_info /opt/stack/keystone/keystone/server/flask/request_processing/req_logging.py:26}}
Feb 26 17:09:46 ubuntu devstack@keystone.service[61847]: DEBUG keystone.server.flask.request_processing.req_logging [None req-d1fefe01-c4fa-4d77-ae0c-d2b0e03e9c87 None None] SCRIPT_NAME: `/identity` {{(pid=61847) log_request_info /opt/stack/keystone/keystone/server/flask/request_processing/req_logging.py:27}}
Feb 26 17:09:46 ubuntu devstack@keystone.service[61847]: DEBUG keystone.server.flask.request_processing.req_logging [None req-d1fefe01-c4fa-4d77-ae0c-d2b0e03e9c87 None None] PATH_INFO: `/` {{(pid=61847) log_request_info /opt/stack/keystone/keystone/server/flask/request_processing/req_logging.py:28}}
Feb 26 17:09:46 ubuntu devstack@keystone.service[61847]: [pid: 61847|app: 0|req: 12/24] 10.120.125.136 () {56 vars in 950 bytes} [Thu Feb 26 17:09:46 2026] GET /identity => generated 271 bytes in 3 msecs (HTTP/1.1 300) 6 headers in 235 bytes (1 switches on core 0)
Feb 26 17:09:47 ubuntu devstack@keystone.service[61846]: DEBUG keystone.server.flask.request_processing.req_logging [None req-287bcab5-6bbe-4326-a08d-d092d5d1bfb2 None None] REQUEST_METHOD: `POST` {{(pid=61846) log_request_info /opt/stack/keystone/keystone/server/flask/request_processing/req_logging.py:26}}
Feb 26 17:09:47 ubuntu devstack@keystone.service[61846]: DEBUG keystone.server.flask.request_processing.req_logging [None req-287bcab5-6bbe-4326-a08d-d092d5d1bfb2 None None] SCRIPT_NAME: `/identity` {{(pid=61846) log_request_info /opt/stack/keystone/keystone/server/flask/request_processing/req_logging.py:27}}
Feb 26 17:09:47 ubuntu devstack@keystone.service[61846]: DEBUG keystone.server.flask.request_processing.req_logging [None req-287bcab5-6bbe-4326-a08d-d092d5d1bfb2 None None] PATH_INFO: `/v3/auth/tokens` {{(pid=61846) log_request_info /opt/stack/keystone/keystone/server/flask/request_processing/req_logging.py:28}}
Feb 26 17:09:47 ubuntu devstack@keystone.service[61846]: WARNING keystone.common.password_hashing [None req-287bcab5-6bbe-4326-a08d-d092d5d1bfb2 None None] Truncating password to algorithm specific maximum length 72 characters.
Feb 26 17:09:47 ubuntu devstack@keystone.service[61846]: DEBUG keystone.auth.core [None req-287bcab5-6bbe-4326-a08d-d092d5d1bfb2 None None] MFA Rules not processed for user `69a49d10908c494ab846639a12816370`. Rule list: `[]` (Enabled: `True`). {{(pid=61846) check_auth_methods_against_rules /opt/stack/keystone/keystone/auth/core.py:476}}
Feb 26 17:09:47 ubuntu devstack@keystone.service[61846]: DEBUG keystone.common.fernet_utils [None req-287bcab5-6bbe-4326-a08d-d092d5d1bfb2 None None] Loaded 2 Fernet keys from /etc/keystone/fernet-keys/, but `[fernet_tokens] max_active_keys = 3`; perhaps there have not been enough key rotations to reach `max_active_keys` yet? {{(pid=61846) load_keys /opt/stack/keystone/keystone/common/fernet_utils.py:297}}
Feb 26 17:09:47 ubuntu devstack@keystone.service[61846]: [pid: 61846|app: 0|req: 13/25] 10.120.125.136 () {60 vars in 1048 bytes} [Thu Feb 26 17:09:47 2026] POST /identity/v3/auth/tokens => generated 863 bytes in 59 msecs (HTTP/1.1 201) 6 headers in 363 bytes (1 switches on core 0)
Feb 26 17:09:47 ubuntu devstack@keystone.service[61847]: DEBUG keystone.server.flask.request_processing.req_logging [None req-e0f554bf-3515-4d3f-b0ce-28ddb8df709a None None] REQUEST_METHOD: `POST` {{(pid=61847) log_request_info /opt/stack/keystone/keystone/server/flask/request_processing/req_logging.py:26}}
Feb 26 17:09:47 ubuntu devstack@keystone.service[61847]: DEBUG keystone.server.flask.request_processing.req_logging [None req-e0f554bf-3515-4d3f-b0ce-28ddb8df709a None None] SCRIPT_NAME: `/identity` {{(pid=61847) log_request_info /opt/stack/keystone/keystone/server/flask/request_processing/req_logging.py:27}}
Feb 26 17:09:47 ubuntu devstack@keystone.service[61847]: DEBUG keystone.server.flask.request_processing.req_logging [None req-e0f554bf-3515-4d3f-b0ce-28ddb8df709a None None] PATH_INFO: `/v3/auth/tokens` {{(pid=61847) log_request_info /opt/stack/keystone/keystone/server/flask/request_processing/req_logging.py:28}}
Feb 26 17:09:47 ubuntu devstack@keystone.service[61847]: WARNING keystone.common.password_hashing [None req-e0f554bf-3515-4d3f-b0ce-28ddb8df709a None None] Truncating password to algorithm specific maximum length 72 characters.
Feb 26 17:09:47 ubuntu devstack@keystone.service[61846]: DEBUG keystone.server.flask.request_processing.req_logging [None req-1f1a9da2-2ef8-45e6-b322-d50aebbe1263 None None] REQUEST_METHOD: `GET` {{(pid=61846) log_request_info /opt/stack/keystone/keystone/server/flask/request_processing/req_logging.py:26}}
Feb 26 17:09:47 ubuntu devstack@keystone.service[61846]: DEBUG keystone.server.flask.request_processing.req_logging [None req-1f1a9da2-2ef8-45e6-b322-d50aebbe1263 None None] SCRIPT_NAME: `/identity` {{(pid=61846) log_request_info /opt/stack/keystone/keystone/server/flask/request_processing/req_logging.py:27}}
Feb 26 17:09:47 ubuntu devstack@keystone.service[61846]: DEBUG keystone.server.flask.request_processing.req_logging [None req-1f1a9da2-2ef8-45e6-b322-d50aebbe1263 None None] PATH_INFO: `/` {{(pid=61846) log_request_info /opt/stack/keystone/keystone/server/flask/request_processing/req_logging.py:28}}
Feb 26 17:09:47 ubuntu devstack@keystone.service[61846]: [pid: 61846|app: 0|req: 14/26] 10.120.125.136 () {56 vars in 951 bytes} [Thu Feb 26 17:09:47 2026] GET /identity => generated 271 bytes in 1 msecs (HTTP/1.1 300) 6 headers in 235 bytes (1 switches on core 0)
Feb 26 17:09:47 ubuntu devstack@keystone.service[61847]: DEBUG keystone.auth.core [None req-e0f554bf-3515-4d3f-b0ce-28ddb8df709a None None] MFA Rules not processed for user `69a49d10908c494ab846639a12816370`. Rule list: `[]` (Enabled: `True`). {{(pid=61847) check_auth_methods_against_rules /opt/stack/keystone/keystone/auth/core.py:476}}
Feb 26 17:09:47 ubuntu devstack@keystone.service[61847]: DEBUG keystone.common.fernet_utils [None req-e0f554bf-3515-4d3f-b0ce-28ddb8df709a None None] Loaded 2 Fernet keys from /etc/keystone/fernet-keys/, but `[fernet_tokens] max_active_keys = 3`; perhaps there have not been enough key rotations to reach `max_active_keys` yet? {{(pid=61847) load_keys /opt/stack/keystone/keystone/common/fernet_utils.py:297}}
Feb 26 17:09:47 ubuntu devstack@keystone.service[61847]: [pid: 61847|app: 0|req: 13/27] 10.120.125.136 () {60 vars in 1048 bytes} [Thu Feb 26 17:09:47 2026] POST /identity/v3/auth/tokens => generated 863 bytes in 51 msecs (HTTP/1.1 201) 6 headers in 363 bytes (1 switches on core 0)
Feb 26 17:09:47 ubuntu devstack@keystone.service[61846]: DEBUG keystone.server.flask.request_processing.req_logging [None req-a9b5f988-14fd-4643-90d3-16337ce64485 None None] REQUEST_METHOD: `POST` {{(pid=61846) log_request_info /opt/stack/keystone/keystone/server/flask/request_processing/req_logging.py:26}}
Feb 26 17:09:47 ubuntu devstack@keystone.service[61846]: DEBUG keystone.server.flask.request_processing.req_logging [None req-a9b5f988-14fd-4643-90d3-16337ce64485 None None] SCRIPT_NAME: `/identity` {{(pid=61846) log_request_info /opt/stack/keystone/keystone/server/flask/request_processing/req_logging.py:27}}
Feb 26 17:09:47 ubuntu devstack@keystone.service[61846]: DEBUG keystone.server.flask.request_processing.req_logging [None req-a9b5f988-14fd-4643-90d3-16337ce64485 None None] PATH_INFO: `/v3/auth/tokens` {{(pid=61846) log_request_info /opt/stack/keystone/keystone/server/flask/request_processing/req_logging.py:28}}
Feb 26 17:09:47 ubuntu devstack@keystone.service[61846]: WARNING keystone.common.password_hashing [None req-a9b5f988-14fd-4643-90d3-16337ce64485 None None] Truncating password to algorithm specific maximum length 72 characters.
Feb 26 17:09:47 ubuntu devstack@keystone.service[61846]: DEBUG keystone.auth.core [None req-a9b5f988-14fd-4643-90d3-16337ce64485 None None] MFA Rules not processed for user `69a49d10908c494ab846639a12816370`. Rule list: `[]` (Enabled: `True`). {{(pid=61846) check_auth_methods_against_rules /opt/stack/keystone/keystone/auth/core.py:476}}
Feb 26 17:09:47 ubuntu devstack@keystone.service[61846]: DEBUG keystone.common.fernet_utils [None req-a9b5f988-14fd-4643-90d3-16337ce64485 None None] Loaded 2 Fernet keys from /etc/keystone/fernet-keys/, but `[fernet_tokens] max_active_keys = 3`; perhaps there have not been enough key rotations to reach `max_active_keys` yet? {{(pid=61846) load_keys /opt/stack/keystone/keystone/common/fernet_utils.py:297}}
Feb 26 17:09:47 ubuntu devstack@keystone.service[61846]: [pid: 61846|app: 0|req: 15/28] 10.120.125.136 () {60 vars in 1048 bytes} [Thu Feb 26 17:09:47 2026] POST /identity/v3/auth/tokens => generated 863 bytes in 57 msecs (HTTP/1.1 201) 6 headers in 363 bytes (1 switches on core 0)
Feb 26 17:09:47 ubuntu devstack@keystone.service[61847]: DEBUG keystone.server.flask.request_processing.middleware.auth_context [None req-e0f554bf-3515-4d3f-b0ce-28ddb8df709a None None] Authenticating user token {{(pid=61847) process_request /opt/stack/data/venv/lib/python3.12/site-packages/keystonemiddleware/auth_token/__init__.py:407}}
Feb 26 17:09:47 ubuntu devstack@keystone.service[61847]: DEBUG keystone.server.flask.request_processing.middleware.auth_context [None req-e0f554bf-3515-4d3f-b0ce-28ddb8df709a None None] Validating token access rules against request {{(pid=61847) validate_allowed_request /opt/stack/data/venv/lib/python3.12/site-packages/keystonemiddleware/auth_token/__init__.py:545}}
Feb 26 17:09:47 ubuntu devstack@keystone.service[61847]: DEBUG keystone.server.flask.request_processing.middleware.auth_context [None req-b29b16ad-455c-4daa-b91d-971723d802d9 None admin] RBAC: auth_context: {'token': <TokenModel (audit_id=6QAKPMAbTIShmXjNOklM0g, audit_chain_id=['6QAKPMAbTIShmXjNOklM0g']) at 0x7194a5f05250>, 'domain_id': None, 'trust_id': None, 'trustor_id': None, 'trustee_id': None, 'domain_name': None, 'group_ids': [], 'user_id': '69a49d10908c494ab846639a12816370', 'user_domain_id': 'default', 'system_scope': 'all', 'project_id': None, 'project_domain_id': None, 'roles': ['admin', 'manager', 'member', 'reader'], 'is_admin_project': True, 'service_user_id': None, 'service_user_domain_id': None, 'service_project_id': None, 'service_project_domain_id': None, 'service_roles': []} {{(pid=61847) fill_context /opt/stack/keystone/keystone/server/flask/request_processing/middleware/auth_context.py:509}}
Feb 26 17:09:47 ubuntu devstack@keystone.service[61847]: DEBUG keystone.server.flask.request_processing.req_logging [None req-b29b16ad-455c-4daa-b91d-971723d802d9 None admin] REQUEST_METHOD: `GET` {{(pid=61847) log_request_info /opt/stack/keystone/keystone/server/flask/request_processing/req_logging.py:26}}
Feb 26 17:09:47 ubuntu devstack@keystone.service[61847]: DEBUG keystone.server.flask.request_processing.req_logging [None req-b29b16ad-455c-4daa-b91d-971723d802d9 None admin] SCRIPT_NAME: `/identity` {{(pid=61847) log_request_info /opt/stack/keystone/keystone/server/flask/request_processing/req_logging.py:27}}
Feb 26 17:09:47 ubuntu devstack@keystone.service[61847]: DEBUG keystone.server.flask.request_processing.req_logging [None req-b29b16ad-455c-4daa-b91d-971723d802d9 None admin] PATH_INFO: `/v3/roles/admin` {{(pid=61847) log_request_info /opt/stack/keystone/keystone/server/flask/request_processing/req_logging.py:28}}
Feb 26 17:09:47 ubuntu devstack@keystone.service[61847]: DEBUG keystone.common.rbac_enforcer.enforcer [None req-b29b16ad-455c-4daa-b91d-971723d802d9 None admin] Extracting inferred target data resulted in "NOT FOUND (404)". {{(pid=61847) enforce_call /opt/stack/keystone/keystone/common/rbac_enforcer/enforcer.py:445}}
Feb 26 17:09:47 ubuntu devstack@keystone.service[61847]: DEBUG keystone.server.flask.application [None req-b29b16ad-455c-4daa-b91d-971723d802d9 None admin] Could not find role: admin. {{(pid=61847) _handle_keystone_exception /opt/stack/keystone/keystone/server/flask/application.py:146}}
Feb 26 17:09:47 ubuntu devstack@keystone.service[61847]: [pid: 61847|app: 0|req: 14/29] 10.120.125.136 () {58 vars in 1164 bytes} [Thu Feb 26 17:09:47 2026] GET /identity/v3/roles/admin => generated 83 bytes in 77 msecs (HTTP/1.1 404) 5 headers in 183 bytes (1 switches on core 0)
Feb 26 17:09:47 ubuntu devstack@keystone.service[61846]: DEBUG keystone.server.flask.request_processing.middleware.auth_context [None req-a9b5f988-14fd-4643-90d3-16337ce64485 None None] Authenticating user token {{(pid=61846) process_request /opt/stack/data/venv/lib/python3.12/site-packages/keystonemiddleware/auth_token/__init__.py:407}}
Feb 26 17:09:47 ubuntu devstack@keystone.service[61846]: DEBUG keystone.server.flask.request_processing.middleware.auth_context [None req-a9b5f988-14fd-4643-90d3-16337ce64485 None None] Validating token access rules against request {{(pid=61846) validate_allowed_request /opt/stack/data/venv/lib/python3.12/site-packages/keystonemiddleware/auth_token/__init__.py:545}}
Feb 26 17:09:47 ubuntu devstack@keystone.service[61846]: DEBUG keystone.server.flask.request_processing.middleware.auth_context [None req-a14b5132-5a13-4e7b-b34a-9000e0d911d2 None admin] RBAC: auth_context: {'token': <TokenModel (audit_id=6QAKPMAbTIShmXjNOklM0g, audit_chain_id=['6QAKPMAbTIShmXjNOklM0g']) at 0x7194a5ba7b30>, 'domain_id': None, 'trust_id': None, 'trustor_id': None, 'trustee_id': None, 'domain_name': None, 'group_ids': [], 'user_id': '69a49d10908c494ab846639a12816370', 'user_domain_id': 'default', 'system_scope': 'all', 'project_id': None, 'project_domain_id': None, 'roles': ['admin', 'manager', 'member', 'reader'], 'is_admin_project': True, 'service_user_id': None, 'service_user_domain_id': None, 'service_project_id': None, 'service_project_domain_id': None, 'service_roles': []} {{(pid=61846) fill_context /opt/stack/keystone/keystone/server/flask/request_processing/middleware/auth_context.py:509}}
Feb 26 17:09:47 ubuntu devstack@keystone.service[61846]: DEBUG keystone.server.flask.request_processing.req_logging [None req-a14b5132-5a13-4e7b-b34a-9000e0d911d2 None admin] REQUEST_METHOD: `GET` {{(pid=61846) log_request_info /opt/stack/keystone/keystone/server/flask/request_processing/req_logging.py:26}}
Feb 26 17:09:47 ubuntu devstack@keystone.service[61846]: DEBUG keystone.server.flask.request_processing.req_logging [None req-a14b5132-5a13-4e7b-b34a-9000e0d911d2 None admin] SCRIPT_NAME: `/identity` {{(pid=61846) log_request_info /opt/stack/keystone/keystone/server/flask/request_processing/req_logging.py:27}}
Feb 26 17:09:47 ubuntu devstack@keystone.service[61846]: DEBUG keystone.server.flask.request_processing.req_logging [None req-a14b5132-5a13-4e7b-b34a-9000e0d911d2 None admin] PATH_INFO: `/v3/roles` {{(pid=61846) log_request_info /opt/stack/keystone/keystone/server/flask/request_processing/req_logging.py:28}}
Feb 26 17:09:47 ubuntu devstack@keystone.service[61846]: DEBUG keystone.common.rbac_enforcer.enforcer [None req-a14b5132-5a13-4e7b-b34a-9000e0d911d2 None admin] RBAC: Adding query filter params (name=admin) {{(pid=61846) _extract_filter_values /opt/stack/keystone/keystone/common/rbac_enforcer/enforcer.py:176}}
Feb 26 17:09:47 ubuntu devstack@keystone.service[61846]: DEBUG keystone.common.rbac_enforcer.enforcer [None req-a14b5132-5a13-4e7b-b34a-9000e0d911d2 None admin] RBAC: Authorizing `identity:list_roles()` {{(pid=61846) enforce_call /opt/stack/keystone/keystone/common/rbac_enforcer/enforcer.py:494}}
Feb 26 17:09:47 ubuntu devstack@keystone.service[61846]: DEBUG keystone.common.rbac_enforcer.enforcer [None req-a14b5132-5a13-4e7b-b34a-9000e0d911d2 None admin] RBAC: Authorization granted {{(pid=61846) enforce_call /opt/stack/keystone/keystone/common/rbac_enforcer/enforcer.py:505}}
Feb 26 17:09:47 ubuntu devstack@keystone.service[61846]: [pid: 61846|app: 0|req: 16/30] 10.120.125.136 () {58 vars in 1180 bytes} [Thu Feb 26 17:09:47 2026] GET /identity/v3/roles?name=admin => generated 341 bytes in 70 msecs (HTTP/1.1 200) 5 headers in 177 bytes (2 switches on core 0)
Feb 26 17:09:47 ubuntu devstack@keystone.service[61847]: DEBUG keystone.server.flask.request_processing.middleware.auth_context [None req-b29b16ad-455c-4daa-b91d-971723d802d9 None admin] Authenticating user token {{(pid=61847) process_request /opt/stack/data/venv/lib/python3.12/site-packages/keystonemiddleware/auth_token/__init__.py:407}}
Feb 26 17:09:47 ubuntu devstack@keystone.service[61846]: DEBUG keystone.server.flask.request_processing.middleware.auth_context [None req-a14b5132-5a13-4e7b-b34a-9000e0d911d2 None admin] Authenticating user token {{(pid=61846) process_request /opt/stack/data/venv/lib/python3.12/site-packages/keystonemiddleware/auth_token/__init__.py:407}}
Feb 26 17:09:47 ubuntu devstack@keystone.service[61847]: DEBUG keystone.server.flask.request_processing.middleware.auth_context [None req-b29b16ad-455c-4daa-b91d-971723d802d9 None admin] Validating token access rules against request {{(pid=61847) validate_allowed_request /opt/stack/data/venv/lib/python3.12/site-packages/keystonemiddleware/auth_token/__init__.py:545}}
Feb 26 17:09:47 ubuntu devstack@keystone.service[61846]: DEBUG keystone.server.flask.request_processing.middleware.auth_context [None req-a14b5132-5a13-4e7b-b34a-9000e0d911d2 None admin] Validating token access rules against request {{(pid=61846) validate_allowed_request /opt/stack/data/venv/lib/python3.12/site-packages/keystonemiddleware/auth_token/__init__.py:545}}
Feb 26 17:09:47 ubuntu devstack@keystone.service[61847]: DEBUG keystone.server.flask.request_processing.middleware.auth_context [None req-ddeba78c-7d1c-452d-a448-1cf6efb1f243 None admin] RBAC: auth_context: {'token': <TokenModel (audit_id=6QAKPMAbTIShmXjNOklM0g, audit_chain_id=['6QAKPMAbTIShmXjNOklM0g']) at 0x7194a5ce0d40>, 'domain_id': None, 'trust_id': None, 'trustor_id': None, 'trustee_id': None, 'domain_name': None, 'group_ids': [], 'user_id': '69a49d10908c494ab846639a12816370', 'user_domain_id': 'default', 'system_scope': 'all', 'project_id': None, 'project_domain_id': None, 'roles': ['admin', 'manager', 'member', 'reader'], 'is_admin_project': True, 'service_user_id': None, 'service_user_domain_id': None, 'service_project_id': None, 'service_project_domain_id': None, 'service_roles': []} {{(pid=61847) fill_context /opt/stack/keystone/keystone/server/flask/request_processing/middleware/auth_context.py:509}}
Feb 26 17:09:47 ubuntu devstack@keystone.service[61847]: DEBUG keystone.server.flask.request_processing.req_logging [None req-ddeba78c-7d1c-452d-a448-1cf6efb1f243 None admin] REQUEST_METHOD: `GET` {{(pid=61847) log_request_info /opt/stack/keystone/keystone/server/flask/request_processing/req_logging.py:26}}
Feb 26 17:09:47 ubuntu devstack@keystone.service[61847]: DEBUG keystone.server.flask.request_processing.req_logging [None req-ddeba78c-7d1c-452d-a448-1cf6efb1f243 None admin] SCRIPT_NAME: `/identity` {{(pid=61847) log_request_info /opt/stack/keystone/keystone/server/flask/request_processing/req_logging.py:27}}
Feb 26 17:09:47 ubuntu devstack@keystone.service[61847]: DEBUG keystone.server.flask.request_processing.req_logging [None req-ddeba78c-7d1c-452d-a448-1cf6efb1f243 None admin] PATH_INFO: `/v3/users/69a49d10908c494ab846639a12816370` {{(pid=61847) log_request_info /opt/stack/keystone/keystone/server/flask/request_processing/req_logging.py:28}}
Feb 26 17:09:47 ubuntu devstack@keystone.service[61847]: DEBUG keystone.common.rbac_enforcer.enforcer [None req-ddeba78c-7d1c-452d-a448-1cf6efb1f243 None admin] RBAC: Authorizing `identity:get_user(user_id=69a49d10908c494ab846639a12816370)` {{(pid=61847) enforce_call /opt/stack/keystone/keystone/common/rbac_enforcer/enforcer.py:494}}
Feb 26 17:09:47 ubuntu devstack@keystone.service[61847]: DEBUG keystone.common.rbac_enforcer.enforcer [None req-ddeba78c-7d1c-452d-a448-1cf6efb1f243 None admin] RBAC: Authorization granted {{(pid=61847) enforce_call /opt/stack/keystone/keystone/common/rbac_enforcer/enforcer.py:505}}
Feb 26 17:09:47 ubuntu devstack@keystone.service[61847]: [pid: 61847|app: 0|req: 15/31] 10.120.125.136 () {58 vars in 1245 bytes} [Thu Feb 26 17:09:47 2026] GET /identity/v3/users/69a49d10908c494ab846639a12816370 => generated 248 bytes in 108 msecs (HTTP/1.1 200) 5 headers in 177 bytes (1 switches on core 0)
Feb 26 17:09:47 ubuntu devstack@keystone.service[61846]: DEBUG keystone.server.flask.request_processing.middleware.auth_context [None req-f1767d30-21fc-48ba-bbae-9b6417e0c9c5 None admin] RBAC: auth_context: {'token': <TokenModel (audit_id=50-EQ3SfS4KdpLcErVxw7w, audit_chain_id=['50-EQ3SfS4KdpLcErVxw7w']) at 0x7194a5ba59d0>, 'domain_id': None, 'trust_id': None, 'trustor_id': None, 'trustee_id': None, 'domain_name': None, 'group_ids': [], 'user_id': '69a49d10908c494ab846639a12816370', 'user_domain_id': 'default', 'system_scope': 'all', 'project_id': None, 'project_domain_id': None, 'roles': ['admin', 'manager', 'member', 'reader'], 'is_admin_project': True, 'service_user_id': None, 'service_user_domain_id': None, 'service_project_id': None, 'service_project_domain_id': None, 'service_roles': []} {{(pid=61846) fill_context /opt/stack/keystone/keystone/server/flask/request_processing/middleware/auth_context.py:509}}
Feb 26 17:09:47 ubuntu devstack@keystone.service[61846]: DEBUG keystone.server.flask.request_processing.req_logging [None req-f1767d30-21fc-48ba-bbae-9b6417e0c9c5 None admin] REQUEST_METHOD: `GET` {{(pid=61846) log_request_info /opt/stack/keystone/keystone/server/flask/request_processing/req_logging.py:26}}
Feb 26 17:09:47 ubuntu devstack@keystone.service[61846]: DEBUG keystone.server.flask.request_processing.req_logging [None req-f1767d30-21fc-48ba-bbae-9b6417e0c9c5 None admin] SCRIPT_NAME: `/identity` {{(pid=61846) log_request_info /opt/stack/keystone/keystone/server/flask/request_processing/req_logging.py:27}}
Feb 26 17:09:47 ubuntu devstack@keystone.service[61846]: DEBUG keystone.server.flask.request_processing.req_logging [None req-f1767d30-21fc-48ba-bbae-9b6417e0c9c5 None admin] PATH_INFO: `/v3/domains/Default` {{(pid=61846) log_request_info /opt/stack/keystone/keystone/server/flask/request_processing/req_logging.py:28}}
Feb 26 17:09:47 ubuntu devstack@keystone.service[61846]: DEBUG keystone.common.rbac_enforcer.enforcer [None req-f1767d30-21fc-48ba-bbae-9b6417e0c9c5 None admin] RBAC: Authorizing `identity:get_domain(domain_id=Default)` {{(pid=61846) enforce_call /opt/stack/keystone/keystone/common/rbac_enforcer/enforcer.py:494}}
Feb 26 17:09:47 ubuntu devstack@keystone.service[61846]: DEBUG keystone.common.rbac_enforcer.enforcer [None req-f1767d30-21fc-48ba-bbae-9b6417e0c9c5 None admin] RBAC: Authorization granted {{(pid=61846) enforce_call /opt/stack/keystone/keystone/common/rbac_enforcer/enforcer.py:505}}
Feb 26 17:09:47 ubuntu devstack@keystone.service[61846]: DEBUG keystone.server.flask.application [None req-f1767d30-21fc-48ba-bbae-9b6417e0c9c5 None admin] Could not find domain: Default. {{(pid=61846) _handle_keystone_exception /opt/stack/keystone/keystone/server/flask/application.py:146}}
Feb 26 17:09:47 ubuntu devstack@keystone.service[61846]: [pid: 61846|app: 0|req: 17/32] 10.120.125.136 () {58 vars in 1176 bytes} [Thu Feb 26 17:09:47 2026] GET /identity/v3/domains/Default => generated 87 bytes in 120 msecs (HTTP/1.1 404) 5 headers in 183 bytes (1 switches on core 0)
Feb 26 17:09:47 ubuntu devstack@keystone.service[61847]: DEBUG keystone.server.flask.request_processing.middleware.auth_context [None req-ddeba78c-7d1c-452d-a448-1cf6efb1f243 None admin] Authenticating user token {{(pid=61847) process_request /opt/stack/data/venv/lib/python3.12/site-packages/keystonemiddleware/auth_token/__init__.py:407}}
Feb 26 17:09:47 ubuntu devstack@keystone.service[61846]: DEBUG keystone.server.flask.request_processing.middleware.auth_context [None req-f1767d30-21fc-48ba-bbae-9b6417e0c9c5 None admin] Authenticating user token {{(pid=61846) process_request /opt/stack/data/venv/lib/python3.12/site-packages/keystonemiddleware/auth_token/__init__.py:407}}
Feb 26 17:09:47 ubuntu devstack@keystone.service[61847]: DEBUG keystone.server.flask.request_processing.middleware.auth_context [None req-ddeba78c-7d1c-452d-a448-1cf6efb1f243 None admin] Validating token access rules against request {{(pid=61847) validate_allowed_request /opt/stack/data/venv/lib/python3.12/site-packages/keystonemiddleware/auth_token/__init__.py:545}}
Feb 26 17:09:47 ubuntu devstack@keystone.service[61846]: DEBUG keystone.server.flask.request_processing.middleware.auth_context [None req-f1767d30-21fc-48ba-bbae-9b6417e0c9c5 None admin] Validating token access rules against request {{(pid=61846) validate_allowed_request /opt/stack/data/venv/lib/python3.12/site-packages/keystonemiddleware/auth_token/__init__.py:545}}
Feb 26 17:09:47 ubuntu devstack@keystone.service[61847]: DEBUG keystone.server.flask.request_processing.middleware.auth_context [None req-533061e5-cfbc-405d-95c2-f7be8eae7f63 None admin] RBAC: auth_context: {'token': <TokenModel (audit_id=6QAKPMAbTIShmXjNOklM0g, audit_chain_id=['6QAKPMAbTIShmXjNOklM0g']) at 0x7194a5ce1760>, 'domain_id': None, 'trust_id': None, 'trustor_id': None, 'trustee_id': None, 'domain_name': None, 'group_ids': [], 'user_id': '69a49d10908c494ab846639a12816370', 'user_domain_id': 'default', 'system_scope': 'all', 'project_id': None, 'project_domain_id': None, 'roles': ['admin', 'manager', 'member', 'reader'], 'is_admin_project': True, 'service_user_id': None, 'service_user_domain_id': None, 'service_project_id': None, 'service_project_domain_id': None, 'service_roles': []} {{(pid=61847) fill_context /opt/stack/keystone/keystone/server/flask/request_processing/middleware/auth_context.py:509}}
Feb 26 17:09:47 ubuntu devstack@keystone.service[61847]: DEBUG keystone.server.flask.request_processing.req_logging [None req-533061e5-cfbc-405d-95c2-f7be8eae7f63 None admin] REQUEST_METHOD: `GET` {{(pid=61847) log_request_info /opt/stack/keystone/keystone/server/flask/request_processing/req_logging.py:26}}
Feb 26 17:09:47 ubuntu devstack@keystone.service[61847]: DEBUG keystone.server.flask.request_processing.req_logging [None req-533061e5-cfbc-405d-95c2-f7be8eae7f63 None admin] SCRIPT_NAME: `/identity` {{(pid=61847) log_request_info /opt/stack/keystone/keystone/server/flask/request_processing/req_logging.py:27}}
Feb 26 17:09:47 ubuntu devstack@keystone.service[61847]: DEBUG keystone.server.flask.request_processing.req_logging [None req-533061e5-cfbc-405d-95c2-f7be8eae7f63 None admin] PATH_INFO: `/v3/domains/default` {{(pid=61847) log_request_info /opt/stack/keystone/keystone/server/flask/request_processing/req_logging.py:28}}
Feb 26 17:09:47 ubuntu devstack@keystone.service[61847]: DEBUG keystone.common.rbac_enforcer.enforcer [None req-533061e5-cfbc-405d-95c2-f7be8eae7f63 None admin] RBAC: Authorizing `identity:get_domain(domain_id=default)` {{(pid=61847) enforce_call /opt/stack/keystone/keystone/common/rbac_enforcer/enforcer.py:494}}
Feb 26 17:09:47 ubuntu devstack@keystone.service[61847]: DEBUG keystone.common.rbac_enforcer.enforcer [None req-533061e5-cfbc-405d-95c2-f7be8eae7f63 None admin] RBAC: Authorization granted {{(pid=61847) enforce_call /opt/stack/keystone/keystone/common/rbac_enforcer/enforcer.py:505}}
Feb 26 17:09:47 ubuntu devstack@keystone.service[61847]: [pid: 61847|app: 0|req: 16/33] 10.120.125.136 () {58 vars in 1176 bytes} [Thu Feb 26 17:09:47 2026] GET /identity/v3/domains/default => generated 200 bytes in 65 msecs (HTTP/1.1 200) 5 headers in 177 bytes (1 switches on core 0)
Feb 26 17:09:47 ubuntu devstack@keystone.service[61847]: DEBUG keystone.server.flask.request_processing.middleware.auth_context [None req-533061e5-cfbc-405d-95c2-f7be8eae7f63 None admin] Authenticating user token {{(pid=61847) process_request /opt/stack/data/venv/lib/python3.12/site-packages/keystonemiddleware/auth_token/__init__.py:407}}
Feb 26 17:09:47 ubuntu devstack@keystone.service[61846]: DEBUG keystone.server.flask.request_processing.middleware.auth_context [None req-330f644e-8644-457d-bb2a-455f88600fbb None admin] RBAC: auth_context: {'token': <TokenModel (audit_id=50-EQ3SfS4KdpLcErVxw7w, audit_chain_id=['50-EQ3SfS4KdpLcErVxw7w']) at 0x7194a5bd5ca0>, 'domain_id': None, 'trust_id': None, 'trustor_id': None, 'trustee_id': None, 'domain_name': None, 'group_ids': [], 'user_id': '69a49d10908c494ab846639a12816370', 'user_domain_id': 'default', 'system_scope': 'all', 'project_id': None, 'project_domain_id': None, 'roles': ['admin', 'manager', 'member', 'reader'], 'is_admin_project': True, 'service_user_id': None, 'service_user_domain_id': None, 'service_project_id': None, 'service_project_domain_id': None, 'service_roles': []} {{(pid=61846) fill_context /opt/stack/keystone/keystone/server/flask/request_processing/middleware/auth_context.py:509}}
Feb 26 17:09:47 ubuntu devstack@keystone.service[61846]: DEBUG keystone.server.flask.request_processing.req_logging [None req-330f644e-8644-457d-bb2a-455f88600fbb None admin] REQUEST_METHOD: `GET` {{(pid=61846) log_request_info /opt/stack/keystone/keystone/server/flask/request_processing/req_logging.py:26}}
Feb 26 17:09:47 ubuntu devstack@keystone.service[61846]: DEBUG keystone.server.flask.request_processing.req_logging [None req-330f644e-8644-457d-bb2a-455f88600fbb None admin] SCRIPT_NAME: `/identity` {{(pid=61846) log_request_info /opt/stack/keystone/keystone/server/flask/request_processing/req_logging.py:27}}
Feb 26 17:09:47 ubuntu devstack@keystone.service[61846]: DEBUG keystone.server.flask.request_processing.req_logging [None req-330f644e-8644-457d-bb2a-455f88600fbb None admin] PATH_INFO: `/v3/domains` {{(pid=61846) log_request_info /opt/stack/keystone/keystone/server/flask/request_processing/req_logging.py:28}}
Feb 26 17:09:47 ubuntu devstack@keystone.service[61846]: DEBUG keystone.common.rbac_enforcer.enforcer [None req-330f644e-8644-457d-bb2a-455f88600fbb None admin] RBAC: Adding query filter params (name=Default) {{(pid=61846) _extract_filter_values /opt/stack/keystone/keystone/common/rbac_enforcer/enforcer.py:176}}
Feb 26 17:09:47 ubuntu devstack@keystone.service[61846]: DEBUG keystone.common.rbac_enforcer.enforcer [None req-330f644e-8644-457d-bb2a-455f88600fbb None admin] RBAC: Authorizing `identity:list_domains()` {{(pid=61846) enforce_call /opt/stack/keystone/keystone/common/rbac_enforcer/enforcer.py:494}}
Feb 26 17:09:47 ubuntu devstack@keystone.service[61846]: DEBUG keystone.common.rbac_enforcer.enforcer [None req-330f644e-8644-457d-bb2a-455f88600fbb None admin] RBAC: Authorization granted {{(pid=61846) enforce_call /opt/stack/keystone/keystone/common/rbac_enforcer/enforcer.py:505}}
Feb 26 17:09:47 ubuntu devstack@keystone.service[61846]: [pid: 61846|app: 0|req: 18/34] 10.120.125.136 () {58 vars in 1190 bytes} [Thu Feb 26 17:09:47 2026] GET /identity/v3/domains?name=Default => generated 310 bytes in 80 msecs (HTTP/1.1 200) 5 headers in 177 bytes (1 switches on core 0)
Feb 26 17:09:47 ubuntu devstack@keystone.service[61846]: DEBUG keystone.server.flask.request_processing.req_logging [None req-d1411c26-7a19-4ce9-8aca-0b3f4bd3c5d1 None None] REQUEST_METHOD: `GET` {{(pid=61846) log_request_info /opt/stack/keystone/keystone/server/flask/request_processing/req_logging.py:26}}
Feb 26 17:09:47 ubuntu devstack@keystone.service[61846]: DEBUG keystone.server.flask.request_processing.req_logging [None req-d1411c26-7a19-4ce9-8aca-0b3f4bd3c5d1 None None] SCRIPT_NAME: `/identity` {{(pid=61846) log_request_info /opt/stack/keystone/keystone/server/flask/request_processing/req_logging.py:27}}
Feb 26 17:09:47 ubuntu devstack@keystone.service[61846]: DEBUG keystone.server.flask.request_processing.req_logging [None req-d1411c26-7a19-4ce9-8aca-0b3f4bd3c5d1 None None] PATH_INFO: `/` {{(pid=61846) log_request_info /opt/stack/keystone/keystone/server/flask/request_processing/req_logging.py:28}}
Feb 26 17:09:47 ubuntu devstack@keystone.service[61846]: [pid: 61846|app: 0|req: 19/35] 10.120.125.136 () {56 vars in 951 bytes} [Thu Feb 26 17:09:47 2026] GET /identity => generated 271 bytes in 1 msecs (HTTP/1.1 300) 6 headers in 235 bytes (1 switches on core 0)
Feb 26 17:09:47 ubuntu devstack@keystone.service[61847]: DEBUG keystone.server.flask.request_processing.middleware.auth_context [None req-533061e5-cfbc-405d-95c2-f7be8eae7f63 None admin] Validating token access rules against request {{(pid=61847) validate_allowed_request /opt/stack/data/venv/lib/python3.12/site-packages/keystonemiddleware/auth_token/__init__.py:545}}
Feb 26 17:09:47 ubuntu devstack@keystone.service[61846]: DEBUG keystone.server.flask.request_processing.middleware.auth_context [None req-d1411c26-7a19-4ce9-8aca-0b3f4bd3c5d1 None None] Authenticating user token {{(pid=61846) process_request /opt/stack/data/venv/lib/python3.12/site-packages/keystonemiddleware/auth_token/__init__.py:407}}
Feb 26 17:09:47 ubuntu devstack@keystone.service[61847]: DEBUG keystone.server.flask.request_processing.middleware.auth_context [None req-7ee0de4b-2d32-4ee8-aec2-169a98f030e2 None admin] RBAC: auth_context: {'token': <TokenModel (audit_id=EmCvcIJQSICCaVVC4coe1A, audit_chain_id=['EmCvcIJQSICCaVVC4coe1A']) at 0x7194a5ce2ea0>, 'domain_id': None, 'trust_id': None, 'trustor_id': None, 'trustee_id': None, 'domain_name': None, 'group_ids': [], 'user_id': '69a49d10908c494ab846639a12816370', 'user_domain_id': 'default', 'system_scope': 'all', 'project_id': None, 'project_domain_id': None, 'roles': ['admin', 'manager', 'member', 'reader'], 'is_admin_project': True, 'service_user_id': None, 'service_user_domain_id': None, 'service_project_id': None, 'service_project_domain_id': None, 'service_roles': []} {{(pid=61847) fill_context /opt/stack/keystone/keystone/server/flask/request_processing/middleware/auth_context.py:509}}
Feb 26 17:09:47 ubuntu devstack@keystone.service[61847]: DEBUG keystone.server.flask.request_processing.req_logging [None req-7ee0de4b-2d32-4ee8-aec2-169a98f030e2 None admin] REQUEST_METHOD: `POST` {{(pid=61847) log_request_info /opt/stack/keystone/keystone/server/flask/request_processing/req_logging.py:26}}
Feb 26 17:09:47 ubuntu devstack@keystone.service[61847]: DEBUG keystone.server.flask.request_processing.req_logging [None req-7ee0de4b-2d32-4ee8-aec2-169a98f030e2 None admin] SCRIPT_NAME: `/identity` {{(pid=61847) log_request_info /opt/stack/keystone/keystone/server/flask/request_processing/req_logging.py:27}}
Feb 26 17:09:47 ubuntu devstack@keystone.service[61847]: DEBUG keystone.server.flask.request_processing.req_logging [None req-7ee0de4b-2d32-4ee8-aec2-169a98f030e2 None admin] PATH_INFO: `/v3/roles` {{(pid=61847) log_request_info /opt/stack/keystone/keystone/server/flask/request_processing/req_logging.py:28}}
Feb 26 17:09:47 ubuntu devstack@keystone.service[61847]: DEBUG keystone.common.rbac_enforcer.enforcer [None req-7ee0de4b-2d32-4ee8-aec2-169a98f030e2 None admin] RBAC: Authorizing `identity:create_role()` {{(pid=61847) enforce_call /opt/stack/keystone/keystone/common/rbac_enforcer/enforcer.py:494}}
Feb 26 17:09:47 ubuntu devstack@keystone.service[61847]: DEBUG keystone.common.rbac_enforcer.enforcer [None req-7ee0de4b-2d32-4ee8-aec2-169a98f030e2 None admin] RBAC: Authorization granted {{(pid=61847) enforce_call /opt/stack/keystone/keystone/common/rbac_enforcer/enforcer.py:505}}
Feb 26 17:09:47 ubuntu devstack@keystone.service[61846]: DEBUG keystone.server.flask.request_processing.middleware.auth_context [None req-d1411c26-7a19-4ce9-8aca-0b3f4bd3c5d1 None None] Validating token access rules against request {{(pid=61846) validate_allowed_request /opt/stack/data/venv/lib/python3.12/site-packages/keystonemiddleware/auth_token/__init__.py:545}}
Feb 26 17:09:47 ubuntu devstack@keystone.service[61846]: DEBUG keystone.server.flask.request_processing.middleware.auth_context [None req-6299b6b9-a9a6-414d-9ce0-307ace368b70 None admin] RBAC: auth_context: {'token': <TokenModel (audit_id=6QAKPMAbTIShmXjNOklM0g, audit_chain_id=['6QAKPMAbTIShmXjNOklM0g']) at 0x7194a5ba5850>, 'domain_id': None, 'trust_id': None, 'trustor_id': None, 'trustee_id': None, 'domain_name': None, 'group_ids': [], 'user_id': '69a49d10908c494ab846639a12816370', 'user_domain_id': 'default', 'system_scope': 'all', 'project_id': None, 'project_domain_id': None, 'roles': ['admin', 'manager', 'member', 'reader'], 'is_admin_project': True, 'service_user_id': None, 'service_user_domain_id': None, 'service_project_id': None, 'service_project_domain_id': None, 'service_roles': []} {{(pid=61846) fill_context /opt/stack/keystone/keystone/server/flask/request_processing/middleware/auth_context.py:509}}
Feb 26 17:09:47 ubuntu devstack@keystone.service[61846]: DEBUG keystone.server.flask.request_processing.req_logging [None req-6299b6b9-a9a6-414d-9ce0-307ace368b70 None admin] REQUEST_METHOD: `GET` {{(pid=61846) log_request_info /opt/stack/keystone/keystone/server/flask/request_processing/req_logging.py:26}}
Feb 26 17:09:47 ubuntu devstack@keystone.service[61846]: DEBUG keystone.server.flask.request_processing.req_logging [None req-6299b6b9-a9a6-414d-9ce0-307ace368b70 None admin] SCRIPT_NAME: `/identity` {{(pid=61846) log_request_info /opt/stack/keystone/keystone/server/flask/request_processing/req_logging.py:27}}
Feb 26 17:09:47 ubuntu devstack@keystone.service[61846]: DEBUG keystone.server.flask.request_processing.req_logging [None req-6299b6b9-a9a6-414d-9ce0-307ace368b70 None admin] PATH_INFO: `/v3/role_assignments` {{(pid=61846) log_request_info /opt/stack/keystone/keystone/server/flask/request_processing/req_logging.py:28}}
Feb 26 17:09:47 ubuntu devstack@keystone.service[61846]: DEBUG keystone.common.rbac_enforcer.enforcer [None req-6299b6b9-a9a6-414d-9ce0-307ace368b70 None admin] RBAC: Adding query filter params (role.id=8afa9a7f534f4671a464456a32be65fc, scope.domain.id=default, user.id=69a49d10908c494ab846639a12816370) {{(pid=61846) _extract_filter_values /opt/stack/keystone/keystone/common/rbac_enforcer/enforcer.py:176}}
Feb 26 17:09:47 ubuntu devstack@keystone.service[61846]: DEBUG keystone.common.rbac_enforcer.enforcer [None req-6299b6b9-a9a6-414d-9ce0-307ace368b70 None admin] RBAC: Authorizing `identity:list_role_assignments()` {{(pid=61846) enforce_call /opt/stack/keystone/keystone/common/rbac_enforcer/enforcer.py:494}}
Feb 26 17:09:47 ubuntu devstack@keystone.service[61846]: DEBUG keystone.common.rbac_enforcer.enforcer [None req-6299b6b9-a9a6-414d-9ce0-307ace368b70 None admin] RBAC: Authorization granted {{(pid=61846) enforce_call /opt/stack/keystone/keystone/common/rbac_enforcer/enforcer.py:505}}
Feb 26 17:09:47 ubuntu devstack@keystone.service[61846]: [pid: 61846|app: 0|req: 20/36] 10.120.125.136 () {58 vars in 1403 bytes} [Thu Feb 26 17:09:47 2026] GET /identity/v3/role_assignments?role.id=8afa9a7f534f4671a464456a32be65fc&scope.domain.id=default&user.id=69a49d10908c494ab846639a12816370 => generated 532 bytes in 64 msecs (HTTP/1.1 200) 5 headers in 177 bytes (1 switches on core 0)
Feb 26 17:09:48 ubuntu devstack@keystone.service[61847]: DEBUG keystone.common.sql.core [None req-7ee0de4b-2d32-4ee8-aec2-169a98f030e2 None admin] Conflict role: (pymysql.err.IntegrityError) (1062, "Duplicate entry 'service-<<null>>' for key 'role.ixu_role_name_domain_id'")
Feb 26 17:09:48 ubuntu devstack@keystone.service[61847]: [SQL: INSERT INTO `role` (id, name, description, extra) VALUES (%(id)s, %(name)s, %(description)s, %(extra)s)]
Feb 26 17:09:48 ubuntu devstack@keystone.service[61847]: [parameters: {'id': '2bd0e6e248ca42cf89087eabb6d301d6', 'name': 'service', 'description': None, 'extra': '{}'}]
Feb 26 17:09:48 ubuntu devstack@keystone.service[61847]: (Background on this error at: https://sqlalche.me/e/20/gkpj) {{(pid=61847) wrapper /opt/stack/keystone/keystone/common/sql/core.py:580}}
Feb 26 17:09:48 ubuntu devstack@keystone.service[61846]: DEBUG keystone.server.flask.request_processing.middleware.auth_context [None req-6299b6b9-a9a6-414d-9ce0-307ace368b70 None admin] Authenticating user token {{(pid=61846) process_request /opt/stack/data/venv/lib/python3.12/site-packages/keystonemiddleware/auth_token/__init__.py:407}}
Feb 26 17:09:48 ubuntu devstack@keystone.service[61847]: ERROR keystone.server.flask.application [None req-7ee0de4b-2d32-4ee8-aec2-169a98f030e2 None admin] Conflict occurred attempting to store role - Duplicate entry found with name service.: keystone.exception.Conflict: Conflict occurred attempting to store role - Duplicate entry found with name service.
Feb 26 17:09:48 ubuntu devstack@keystone.service[61847]: ERROR keystone.server.flask.application Traceback (most recent call last):
Feb 26 17:09:48 ubuntu devstack@keystone.service[61847]: ERROR keystone.server.flask.application   File "/opt/stack/data/venv/lib/python3.12/site-packages/sqlalchemy/engine/base.py", line 1967, in _exec_single_context
Feb 26 17:09:48 ubuntu devstack@keystone.service[61847]: ERROR keystone.server.flask.application     self.dialect.do_execute(
Feb 26 17:09:48 ubuntu devstack@keystone.service[61847]: ERROR keystone.server.flask.application   File "/opt/stack/data/venv/lib/python3.12/site-packages/sqlalchemy/engine/default.py", line 952, in do_execute
Feb 26 17:09:48 ubuntu devstack@keystone.service[61847]: ERROR keystone.server.flask.application     cursor.execute(statement, parameters)
Feb 26 17:09:48 ubuntu devstack@keystone.service[61847]: ERROR keystone.server.flask.application   File "/opt/stack/data/venv/lib/python3.12/site-packages/pymysql/cursors.py", line 153, in execute
Feb 26 17:09:48 ubuntu devstack@keystone.service[61847]: ERROR keystone.server.flask.application     result = self._query(query)
Feb 26 17:09:48 ubuntu devstack@keystone.service[61847]: ERROR keystone.server.flask.application              ^^^^^^^^^^^^^^^^^^
Feb 26 17:09:48 ubuntu devstack@keystone.service[61847]: ERROR keystone.server.flask.application   File "/opt/stack/data/venv/lib/python3.12/site-packages/pymysql/cursors.py", line 322, in _query
Feb 26 17:09:48 ubuntu devstack@keystone.service[61847]: ERROR keystone.server.flask.application     conn.query(q)
Feb 26 17:09:48 ubuntu devstack@keystone.service[61847]: ERROR keystone.server.flask.application   File "/opt/stack/data/venv/lib/python3.12/site-packages/pymysql/connections.py", line 575, in query
Feb 26 17:09:48 ubuntu devstack@keystone.service[61847]: ERROR keystone.server.flask.application     self._affected_rows = self._read_query_result(unbuffered=unbuffered)
Feb 26 17:09:48 ubuntu devstack@keystone.service[61847]: ERROR keystone.server.flask.application                           ^^^^^^^^^^^^^^^^^^^^^^^^^^^^^^^^^^^^^^^^^^^^^^
Feb 26 17:09:48 ubuntu devstack@keystone.service[61847]: ERROR keystone.server.flask.application   File "/opt/stack/data/venv/lib/python3.12/site-packages/pymysql/connections.py", line 826, in _read_query_result
Feb 26 17:09:48 ubuntu devstack@keystone.service[61847]: ERROR keystone.server.flask.application     result.read()
Feb 26 17:09:48 ubuntu devstack@keystone.service[61847]: ERROR keystone.server.flask.application   File "/opt/stack/data/venv/lib/python3.12/site-packages/pymysql/connections.py", line 1203, in read
Feb 26 17:09:48 ubuntu devstack@keystone.service[61847]: ERROR keystone.server.flask.application     first_packet = self.connection._read_packet()
Feb 26 17:09:48 ubuntu devstack@keystone.service[61847]: ERROR keystone.server.flask.application                    ^^^^^^^^^^^^^^^^^^^^^^^^^^^^^^
Feb 26 17:09:48 ubuntu devstack@keystone.service[61847]: ERROR keystone.server.flask.application   File "/opt/stack/data/venv/lib/python3.12/site-packages/pymysql/connections.py", line 782, in _read_packet
Feb 26 17:09:48 ubuntu devstack@keystone.service[61847]: ERROR keystone.server.flask.application     packet.raise_for_error()
Feb 26 17:09:48 ubuntu devstack@keystone.service[61847]: ERROR keystone.server.flask.application   File "/opt/stack/data/venv/lib/python3.12/site-packages/pymysql/protocol.py", line 219, in raise_for_error
Feb 26 17:09:48 ubuntu devstack@keystone.service[61847]: ERROR keystone.server.flask.application     err.raise_mysql_exception(self._data)
Feb 26 17:09:48 ubuntu devstack@keystone.service[61847]: ERROR keystone.server.flask.application   File "/opt/stack/data/venv/lib/python3.12/site-packages/pymysql/err.py", line 150, in raise_mysql_exception
Feb 26 17:09:48 ubuntu devstack@keystone.service[61847]: ERROR keystone.server.flask.application     raise errorclass(errno, errval)
Feb 26 17:09:48 ubuntu devstack@keystone.service[61847]: ERROR keystone.server.flask.application pymysql.err.IntegrityError: (1062, "Duplicate entry 'service-<<null>>' for key 'role.ixu_role_name_domain_id'")
Feb 26 17:09:48 ubuntu devstack@keystone.service[61847]: ERROR keystone.server.flask.application 
Feb 26 17:09:48 ubuntu devstack@keystone.service[61847]: ERROR keystone.server.flask.application The above exception was the direct cause of the following exception:
Feb 26 17:09:48 ubuntu devstack@keystone.service[61847]: ERROR keystone.server.flask.application 
Feb 26 17:09:48 ubuntu devstack@keystone.service[61847]: ERROR keystone.server.flask.application Traceback (most recent call last):
Feb 26 17:09:48 ubuntu devstack@keystone.service[61847]: ERROR keystone.server.flask.application   File "/opt/stack/keystone/keystone/common/sql/core.py", line 575, in wrapper
