"pcp-dstat 6.2.0 CSV Output"
"Author:","PCP team <pcp@groups.io> and Dag Wieers <dag@wieers.com>",,,,"URL:","https://pcp.io/ and http://dag.wieers.com/home-made/dstat/"
"Host:","ubuntu",,,,"User:","ubuntu"
"Cmdline:","dstat -tcmndrylpg --tcp --output /tmp/devstack_logs/dstat-csv.log",,,,"Date:","22 Apr 2026 15:57:24 UTC"
"system","total usage",,,,,"memory usage",,,,"net/total",,"dsk/total",,"io/total",,"system",,"load avg",,,"procs",,,"paging",,"tcp sockets",,,,
"time","total usage:usr","total usage:sys","total usage:idl","total usage:wai","total usage:stl","used","free","buf","cach","net/total:recv","net/total:send","dsk/total:read","dsk/total:writ","read","writ","int","csw","1m","5m","15m","run","blk","new","in","out","lis","act","syn","tim","clo"
22-04 15:57:24,,959176,1709968,161472,4994188,,,,,,,1.770,1.210,0.710,3,0,,,,10,5,1,17,0
22-04 15:57:25,17.999,20.249,57.246,3.500,0,965628,1702840,161624,4994544,43290.099,11311.242,0,2447.836,0,96.993,6866,6413,1.770,1.210,0.710,2,0,568.962,0,0,10,6,1,17,0
22-04 15:57:26,22.249,18.499,52.498,6.000,0,980968,1686876,161752,4994960,24716.879,11589.474,0,2751.875,0,64.997,6699,6902,1.710,1.210,0.720,2,0,397.982,0,0,10,6,1,17,0
22-04 15:57:27,28.223,13.487,53.948,3.247,0,1130660,1536360,161916,5120264,44147.232,11046.299,0,1986.076,0,121.882,7438,9102,1.710,1.210,0.720,2,0,236.771,0,0,11,7,1,17,1
22-04 15:57:28,29.258,10.253,56.515,3.501,0,1159124,1507204,162040,5120712,23716.351,10636.848,0,1344.360,0,45.012,3983,2757,1.710,1.210,0.720,2,0,162.043,0,0,11,7,1,17,1
22-04 15:57:29,29.682,6.735,52.380,9.977,0,1200940,1443416,162340,5141056,171723.323,7237.408,1732.029,3292.452,118.728,80.815,3322,2696,1.710,1.210,0.720,2,0,54.874,0,0,11,6,1,19,2
22-04 15:57:30,41.602,4.010,48.620,5.012,0.251,1259864,1369016,163332,5153112,9067.326,541.333,244.602,2774.832,7.017,49.121,2831,1782,1.710,1.210,0.720,2,0,0,0,0,11,6,1,19,2
22-04 15:57:31,22.435,3.490,42.626,29.913,0,1262528,1350240,163828,5166908,10389.677,538.429,15.953,9731.597,0.997,380.888,3708,4841,2.130,1.300,0.750,0,4,1.994,0,0,11,8,1,19,2
22-04 15:57:32,15.504,3.001,39.761,39.511,0,1266264,1340480,164120,5172164,3653.040,540.154,0,17392.951,0,994.283,4430,6047,2.130,1.300,0.750,0,2,9.003,0,0,11,8,1,19,2
22-04 15:57:33,15.739,3.747,49.214,28.979,0,1278472,1307048,164844,5191044,8797.577,539.606,0,9077.373,0,480.649,4741,7443,2.130,1.300,0.750,4,0,0,0,0,11,8,1,19,2
22-04 15:57:34,14.265,3.504,43.544,37.538,0,1273484,1304148,165560,5197000,9710.901,540.551,0,10766.978,0,550.561,4608,7505,2.130,1.300,0.750,0,2,0,0,0,11,8,1,19,2
22-04 15:57:35,19.006,4.251,42.514,32.260,0,1277304,1275768,166388,5218924,9357.998,540.173,0,12423.980,0,690.221,5648,8983,2.130,1.300,0.750,3,1,15.005,0,0,11,8,1,19,2
22-04 15:57:36,16.491,3.498,39.479,38.229,0,1276464,1269284,166780,5224952,8564.400,485.739,0,13924.521,0,718.614,5441,9168,2.280,1.350,0.770,0,2,2.998,0,0,11,8,1,19,2
22-04 15:57:37,17.001,3.500,47.502,29.751,0,1276444,1261108,167408,5231292,8780.346,1812.071,0,11456.452,0,742.029,5193,8158,2.280,1.350,0.770,0,1,13.001,0,0,11,9,1,19,2
22-04 15:57:38,19.544,4.510,47.607,25.557,0,1219392,1334604,167540,5215084,10764.190,1999.493,0,7973.920,0,595.338,5724,9240,2.280,1.350,0.770,1,2,31.070,0,0,11,6,1,19,0
22-04 15:57:39,18.959,4.989,43.407,30.435,0,1258492,1289268,167796,5220476,14815.243,2817.960,0,10405.695,0,640.627,5255,8205,2.280,1.350,0.770,2,1,19.957,0,0,11,6,1,19,0
22-04 15:57:40,22.498,4.500,43.496,27.247,0,1256540,1288484,167996,5222808,8166.220,1885.820,0,10179.027,0,651.938,5580,8596,2.280,1.350,0.770,0,1,17.998,0,0,11,7,1,19,0
22-04 15:57:41,22.816,5.767,39.615,28.583,0,1251872,1285652,168644,5228416,11967.847,2323.766,0,13058.021,0,837.438,14862,27727,2.340,1.380,0.780,1,1,22.064,0,0,11,6,1,19,0
22-04 15:57:42,29.737,7.747,40.233,19.492,0,1135160,1401248,168828,5229200,6509.232,581.753,0,8996.174,0,469.800,12130,21464,2.340,1.380,0.780,1,3,98.958,0,0,11,4,1,19,0
22-04 15:57:43,33.715,8.242,31.967,25.973,0,1201872,1334152,168900,5229444,9712.016,539.445,0,16163.383,0,254.738,4469,4916,2.340,1.380,0.780,2,1,14.985,0,0,11,4,1,19,0
22-04 15:57:44,39.952,6.492,43.198,10.238,0,1215356,1333552,168928,5218040,6841.737,485.414,0,4234.886,0,212.743,3202,2423,2.340,1.380,0.780,2,0,25.969,0,0,11,4,1,19,0
22-04 15:57:45,32.246,5.999,48.744,11.999,0,1183544,1365304,168980,5218048,5386.389,581.934,0,7227.180,0,421.952,3424,3418,2.340,1.380,0.780,1,0,59.993,0,0,11,4,1,17,0
22-04 15:57:46,23.732,1.999,73.446,0,0,1206716,1342120,168988,5218052,10786.000,539.600,0,91.932,0,9.993,1776,1322,2.230,1.370,0.780,1,0,0,0,0,11,4,1,17,0
22-04 15:57:47,11.759,17.263,70.302,0,0,1096204,1452580,168988,5218088,7526.548,540.398,0,8.006,0,2.001,5195,3973,2.230,1.370,0.780,1,0,332.245,0,0,11,4,1,17,0
22-04 15:57:48,10.745,20.991,66.472,0,0,1070856,1477736,168988,5218612,8389.432,539.770,0,63.973,0,13.994,7010,6827,2.230,1.370,0.780,1,0,455.806,0,0,11,4,1,17,0
22-04 15:57:49,30.256,13.003,54.761,1.500,0,1120628,1420464,168988,5226092,9600.959,540.110,7449.520,20696.222,75.015,144.029,6015,6438,2.230,1.370,0.780,2,0,195.040,0,0,11,5,1,13,0
22-04 15:57:50,46.252,4.250,49.002,0,0,1188148,1352924,168996,5226180,9327.387,540.022,20.001,4.000,4.000,1.000,2641,1200,2.230,1.370,0.780,2,0,0,0,0,11,5,1,13,0
22-04 15:57:51,39.961,7.493,47.953,3.996,0,1229228,1310588,169000,5227424,6877.233,539.469,491.516,1898.132,3.996,98.903,2675,1731,2.210,1.380,0.790,0,2,0,0,0,11,5,1,13,0
22-04 15:57:52,24.015,6.754,61.789,6.254,0,1263268,1274316,169000,5229676,3553.236,486.306,0,2169.365,0,139.088,3765,4858,2.210,1.380,0.790,0,0,118.074,0,0,11,4,1,13,0
22-04 15:57:53,11.008,3.503,82.310,3.252,0,1304832,1232736,169000,5229676,4768.450,540.391,0,5556.020,0,127.092,1596,1569,2.210,1.380,0.790,1,0,23.017,0,0,11,4,1,13,0
22-04 15:57:54,22.745,2.999,73.735,0,0,1360020,1177548,169000,5229676,11640.559,539.887,0,3.999,0,1.000,1829,1286,2.210,1.380,0.790,1,0,0,0,0,11,4,1,13,0
22-04 15:57:55,18.990,2.249,64.965,12.243,0,1380484,1156884,169004,5229888,10726.195,539.708,0,15495.614,0,250.864,2537,2595,2.210,1.380,0.790,2,0,0.999,0,0,11,10,1,13,0
22-04 15:57:56,12.752,2.250,65.763,17.753,0,1385928,1151340,169064,5229928,8314.613,540.105,0,6965.351,0,285.055,3672,5581,2.120,1.380,0.790,1,0,0,0,0,11,4,1,15,0
22-04 15:57:57,17.502,4.500,73.008,4.250,0,1355768,1180824,169340,5230280,6529.688,540.057,612.064,332.035,18.002,18.002,2080,1709,2.120,1.380,0.790,1,0,43.005,0,0,11,4,1,15,0
22-04 15:57:58,17.504,1.500,73.018,7.502,0,1372396,1163968,169344,5230472,12966.219,2925.726,0,1356.337,0,63.016,1808,1661,2.120,1.380,0.790,1,0,1.000,0,0,11,11,1,13,0
22-04 15:57:59,13.995,2.999,63.978,17.244,0,1391004,1144908,169444,5230708,10541.435,4011.643,267.909,7017.626,65.978,340.885,2754,3562,2.120,1.380,0.790,0,0,1.999,0,0,11,29,1,13,0
22-04 15:58:00,19.791,4.509,74.155,0.752,0,1407628,1128268,169448,5230720,9783.487,3193.688,0,196.411,0,13.027,2408,2060,2.120,1.380,0.790,1,0,43.090,0,0,11,28,1,14,0
22-04 15:58:01,15.984,1.998,80.172,0.250,0,1421332,1114544,169452,5230736,10992.334,7253.962,0,3116.976,0,40.960,2067,1927,2.190,1.400,0.800,1,0,0,0,0,11,29,1,14,0
22-04 15:58:02,33.549,11.266,54.829,0,0,1464216,1071644,169452,5230752,9744.109,672.974,0,23245.659,0,317.460,4276,3583,2.190,1.400,0.800,2,0,156.226,0,0,11,28,1,15,0
22-04 15:58:03,32.186,4.242,53.644,8.483,0,1502700,1033148,169452,5230760,14380.521,9500.186,0,25653.197,0,561.887,3663,2698,2.190,1.400,0.800,4,0,0,0,0,11,30,1,15,0
22-04 15:58:04,28.575,9.525,48.126,11.781,0,1365184,1170548,169468,5230960,26787.112,10102.442,0,4912.859,0,91.239,6656,8973,2.190,1.400,0.800,3,0,191.501,0,0,11,28,1,16,0
22-04 15:58:05,80.000,19.250,1.750,0,0,1632032,903644,169480,5231004,18203.975,613.999,0,268.000,0,21.000,5481,4053,2.190,1.400,0.800,6,0,386.999,0,0,11,28,1,16,0
22-04 15:58:06,84.713,9.746,4.748,0,0,1792432,743216,169496,5231012,47897.356,27261.250,0,1635.295,0,137.941,7440,7356,2.490,1.480,0.830,3,0,1.999,0,0,11,34,1,16,0
22-04 15:58:07,61.259,11.752,26.754,0.500,0,1598952,936408,169528,5231268,39414.561,19436.742,0,760.107,0,74.010,7842,11685,2.490,1.480,0.830,1,0,251.035,0,0,11,28,1,22,0
22-04 15:58:08,24.919,8.223,65.289,0.498,0,1575424,959924,169528,5231280,5868.026,558.195,0,191.381,0,11.961,3873,13413,2.490,1.480,0.830,1,0,95.691,0,0,11,28,1,23,0
22-04 15:58:09,14.253,3.501,80.518,1.250,0,1561908,973420,169528,5231296,18129.077,6675.501,0,19976.492,0,127.029,2855,3319,2.490,1.480,0.830,0,1,0,0,0,11,29,1,23,0
22-04 15:58:10,17.751,6.500,60.252,14.250,0.250,1512628,1022684,169544,5231296,15461.439,1462.042,0,18020.512,0,145.004,3018,2693,2.490,1.480,0.830,1,0,68.002,0,0,11,28,1,23,0
22-04 15:58:11,18.245,2.249,78.979,0,0,1525216,1010088,169544,5231304,13450.501,5287.625,0,0,0,0,1959,1794,2.370,1.470,0.830,1,0,0,0,0,11,29,1,23,0
22-04 15:58:12,11.013,11.764,71.584,4.505,0,1486364,1048908,169568,5231312,11558.628,2969.501,0,1053.242,0,66.078,4886,4962,2.370,1.470,0.830,1,0,292.345,0,0,11,28,1,24,0
22-04 15:58:13,42.348,27.564,29.067,0.251,0,1495044,1040184,169572,5231352,8956.704,541.251,0,196.454,0,20.046,6396,5613,2.370,1.470,0.830,5,0,747.728,0,0,11,28,1,24,0
22-04 15:58:14,84.504,10.500,6.000,0,0,1725172,810004,169576,5231396,21125.999,14466.684,0,396.019,0,7.000,5478,3646,2.370,1.470,0.830,3,0,0,0,0,11,32,2,22,0
22-04 15:58:15,70.746,8.499,18.999,0.250,0,1704944,829832,169600,5231772,46179.141,35484.803,0,443.973,0,57.996,8842,14995,2.370,1.470,0.830,6,0,35.998,0,0,11,29,1,23,0
22-04 15:58:16,81.501,18.000,0.500,0.250,0,1617248,917400,169620,5231912,6860.115,2917.049,0,628.011,0,31.001,5473,4354,2.660,1.550,0.860,5,0,274.005,0,0,11,29,1,23,0
22-04 15:58:17,86.235,8.998,4.749,0,0,1786948,747652,169620,5231960,31713.416,22891.969,0,207.963,0,10.998,5591,5527,2.660,1.550,0.860,4,0,1.000,0,0,11,34,1,23,0
22-04 15:58:18,70.222,9.496,19.242,0.250,0,1763936,770404,169620,5232216,49418.567,39295.548,0,423.833,0,35.986,9472,16642,2.660,1.550,0.860,3,0,158.938,0,0,11,28,1,25,0
22-04 15:58:19,42.003,10.001,47.004,0,0,1597500,936816,169628,5232232,9036.745,606.050,0,2428.200,0,97.008,3792,2538,2.660,1.550,0.860,2,0,139.011,0,0,11,28,1,25,0
22-04 15:58:20,29.476,3.497,65.946,0.749,0,1602840,931324,169628,5232384,25155.262,13863.571,0,271.776,0,7.993,4105,4779,2.660,1.550,0.860,3,0,0,0,0,11,30,1,25,0
22-04 15:58:21,46.443,17.478,33.708,0.999,0,1522424,1011692,169636,5232424,11449.852,5688.971,0,1050.702,0,62.922,5694,5680,2.690,1.570,0.870,3,0,377.534,0,0,11,28,1,27,0
22-04 15:58:22,53.575,6.259,39.305,0,0,1594672,939420,169636,5232448,24995.998,12979.172,0,0,0,0,4001,3024,2.690,1.570,0.870,4,0,0,0,0,11,31,1,24,0
22-04 15:58:23,55.062,14.516,30.785,0,0,1512648,1021372,169648,5232508,23333.330,16553.679,0,396.447,0,37.042,8051,10498,2.690,1.570,0.870,4,0,258.291,0,0,11,28,1,25,0
22-04 15:58:24,71.543,7.977,19.942,0,0,1641964,891892,169648,5232672,16150.234,14393.322,0,183.469,0,8.974,5026,3175,2.690,1.570,0.870,4,0,0,0,0,11,32,1,25,0
22-04 15:58:25,61.929,11.283,25.824,0.251,0,1627536,906216,169668,5232756,38775.824,26946.710,0,529.527,0,39.113,9114,13336,2.690,1.570,0.870,5,0,218.630,0,0,11,28,1,28,0
22-04 15:58:26,64.661,11.984,22.719,0.250,0,1609356,924232,169668,5232920,9876.422,3114.718,0,579.204,0,19.973,3968,2137,2.720,1.590,0.880,1,0,105.854,0,0,11,30,1,28,0
22-04 15:58:27,40.912,3.991,53.136,0.748,0,1606412,927112,169668,5232984,36241.911,26344.237,0,279.398,0,20.955,7537,10249,2.720,1.590,0.880,3,0,0.998,0,0,11,29,1,29,1
22-04 15:58:28,59.156,16.544,24.063,0.251,0,1542064,991432,169668,5233012,9806.802,1073.825,0,389.024,0,30.079,4838,3959,2.720,1.590,0.880,4,0,299.789,0,0,11,28,1,30,0
22-04 15:58:29,45.905,4.990,48.400,0,0,1583704,949636,169668,5233168,28680.577,17779.163,0,187.611,0,9.979,4127,4633,2.720,1.590,0.880,3,0,0,0,0,11,31,1,30,0
22-04 15:58:30,47.891,14.543,34.853,2.006,0,1487824,1045304,169692,5233356,19633.775,11189.928,0,1175.459,0,84.248,6622,7872,2.720,1.590,0.880,4,0,287.847,0,0,11,28,1,31,0
22-04 15:58:31,53.352,5.485,40.388,0,0,1592464,940632,169692,5233388,19880.740,12170.172,0,255.290,0,2.992,3861,2746,2.660,1.600,0.890,2,0,0,0,0,11,31,1,31,0
22-04 15:58:32,52.119,9.522,37.586,0.501,0,1506108,1026664,169696,5233708,19923.375,14387.768,0,276.630,0,29.066,6349,8607,2.660,1.600,0.890,4,0,112.256,0,0,11,28,1,33,0
22-04 15:58:33,55.197,6.244,37.714,0.250,0,1588284,944468,169700,5233724,17494.136,8758.557,0,223.784,0,16.984,3676,2128,2.660,1.600,0.890,2,0,0,0,0,11,31,1,33,0
22-04 15:58:34,49.302,9.009,41.043,0,0,1517488,1015188,169708,5233792,27483.881,18189.114,0,412.433,0,40.042,7548,9814,2.660,1.600,0.890,5,0,190.200,0,0,11,28,1,35,0
22-04 15:58:35,74.535,23.761,1.251,0,0,1612060,920576,169708,5233832,9362.374,540.252,0,2565.198,0,118.055,5752,4953,2.660,1.600,0.890,7,0,537.251,0,0,11,28,1,35,0
22-04 15:58:36,83.495,15.499,1.000,0,0,1783392,749152,169712,5233888,28569.384,19297.908,0,1887.893,0,55.997,6419,5887,3.090,1.710,0.930,7,0,405.977,0,0,11,32,1,35,0
22-04 15:58:37,74.410,18.727,5.743,0.250,0,1704488,827696,169732,5234268,52880.339,42596.719,0,1134.634,0,84.898,9322,12659,3.090,1.710,0.930,4,0,518.376,0,0,11,30,1,36,0
22-04 15:58:38,82.852,16.520,0.501,0.250,0,1660916,871160,169748,5234352,12827.811,5122.314,0,312.385,0,27.033,5514,3898,3.090,1.710,0.930,4,0,203.251,0,0,11,29,1,36,0
22-04 15:58:39,76.745,7.499,16.249,0,0,1715372,816596,169752,5234452,41108.245,34094.715,0,119.992,0,7.999,6859,9682,3.090,1.710,0.930,5,0,0,0,0,11,32,1,37,0
22-04 15:58:40,45.233,17.743,35.487,0,0,1547916,983820,169756,5234676,26523.161,21475.033,0,171.936,0,12.995,7910,11848,3.090,1.710,0.930,1,0,510.811,0,0,11,28,1,41,0
22-04 15:58:41,31.262,31.512,35.763,0,0,1538304,993412,169756,5234696,9677.564,540.199,0,244.090,0,22.008,6684,6380,3.240,1.760,0.950,6,0,969.357,0,0,11,28,1,41,0
22-04 15:58:42,73.560,12.468,14.213,0,0,1639996,891664,169756,5234752,16648.063,10299.437,0,3.990,0,0.997,4831,3192,3.240,1.760,0.950,3,0,121.686,0,0,11,31,1,41,0
22-04 15:58:43,56.989,10.248,30.994,0.500,0,1613528,917884,169788,5234964,31378.971,22592.659,0,391.925,0,39.992,7627,10462,3.240,1.760,0.950,4,0,133.974,0,0,11,29,1,44,0
22-04 15:58:44,76.993,12.499,9.999,0.250,0,1622728,908656,169796,5234984,17653.502,7320.379,0,299.975,0,19.998,5314,3729,3.240,1.760,0.950,3,0,133.989,0,0,11,30,1,45,0
22-04 15:58:45,58.391,6.766,34.082,0,0,1652632,878664,169800,5235060,39592.741,29903.311,0,1283.103,0,10.024,7968,11473,3.240,1.760,0.950,2,0,0,0,0,11,32,1,45,0
22-04 15:58:46,51.442,5.993,41.204,0.499,0,1633768,897268,169804,5235308,47242.134,33702.285,0,587.343,0,35.960,12185,19291,3.300,1.800,0.970,4,0,29.966,0,0,11,30,1,45,0
22-04 15:58:47,79.860,13.268,6.008,0.250,0,1536244,994616,169804,5235472,14330.792,6002.290,0,268.371,0,28.039,6137,5845,3.300,1.800,0.970,4,0,97.134,0,0,11,28,1,45,0
22-04 15:58:48,65.892,6.714,26.854,0,0,1621268,909560,169808,5235500,32660.716,23689.413,0,155.158,0,9.946,5792,6278,3.300,1.800,0.970,3,0,0,0,0,11,32,1,45,0
22-04 15:58:49,50.173,5.268,43.400,0,0,1624076,906312,169808,5235900,55008.013,42949.359,0,184.638,0,12.042,12536,21072,3.300,1.800,0.970,3,0,2.007,0,0,11,31,1,45,1
22-04 15:58:50,73.661,16.536,9.521,0,0,1527176,1003176,169808,5235940,16677.418,11438.979,0,128.280,0,8.018,6876,7137,3.300,1.800,0.970,4,0,260.569,0,0,11,28,1,49,0
22-04 15:58:51,67.456,7.245,25.234,0.250,0,1620384,909916,169812,5235980,29467.897,19761.189,0,3177.940,0,134.913,5521,4859,3.200,1.800,0.970,3,0,0,0,0,11,32,1,49,0
22-04 15:58:52,58.992,9.249,29.496,1.500,0,1610596,919424,169840,5236224,40212.267,30712.622,0,1515.784,0,89.987,10429,16092,3.200,1.800,0.970,2,0,67.990,0,0,11,30,1,51,0
22-04 15:58:53,76.908,10.737,11.986,0.250,0,1588752,941224,169852,5236252,21057.744,9486.622,0,471.435,0,48.941,5505,5306,3.200,1.800,0.970,4,0,59.928,0,0,11,30,1,51,0
22-04 15:58:54,64.021,11.254,22.757,1.250,0,1619316,910496,169856,5236412,22169.198,15685.093,0,476.155,0,61.020,5788,6130,3.200,1.800,0.970,5,0,120.039,0,0,11,30,1,53,0
22-04 15:58:55,61.244,6.473,31.120,0,0,1635344,894364,169856,5236512,31624.679,24796.250,0,159.333,0,9.958,8202,11349,3.200,1.800,0.970,2,0,0,0,0,11,32,1,53,0
22-04 15:58:56,68.396,11.315,19.865,0,0,1615788,913720,169856,5236712,38287.540,26340.412,0,144.838,0,9.052,7738,11030,3.180,1.820,0.980,4,0,141.821,0,0,11,28,1,57,0
22-04 15:58:57,76.001,11.500,12.500,0,0,1648104,881388,169856,5236728,17688.254,9351.134,0,256.004,0,12.000,4853,3122,3.180,1.820,0.980,4,0,87.001,0,0,11,30,1,57,0
22-04 15:58:58,63.720,8.996,26.737,0.250,0,1579540,949772,169856,5236908,30357.501,24518.290,0,223.893,0,19.990,6427,9441,3.180,1.820,0.980,4,0,68.967,0,0,11,32,1,59,0
22-04 15:58:59,57.969,11.444,29.855,0.249,0,1623284,905956,169868,5236964,23131.689,12294.308,0,370.203,0,35.826,5196,5232,3.180,1.820,0.980,5,0,137.333,0,0,11,32,1,59,0
22-04 15:59:00,51.021,10.053,37.700,0.251,0,1586548,942636,169880,5237000,18956.816,10691.861,0,466.481,0,42.225,5533,5386,3.180,1.820,0.980,3,0,121.647,0,0,11,33,1,61,0
22-04 15:59:01,51.250,9.000,39.000,0.250,0,1580952,948164,169884,5237064,21729.179,11869.098,0,216.002,0,17.000,4847,4840,3.090,1.830,0.990,3,0,96.001,0,0,11,34,1,62,0
22-04 15:59:02,53.206,7.744,38.219,0.500,0,1596924,932132,169884,5237116,24037.347,17978.301,0,215.824,0,8.993,5876,7638,3.090,1.830,0.990,2,0,42.965,0,0,11,33,1,64,0
22-04 15:59:03,55.470,7.496,36.730,0,0,1518548,1010184,169888,5237436,16768.079,9677.851,0,211.887,0,13.993,4296,4120,3.090,1.830,0.990,3,0,47.974,0,0,11,33,1,63,0
22-04 15:59:04,31.252,6.000,57.753,3.750,0,1530996,997568,169888,5237596,33212.813,18881.031,0,3140.171,0,143.008,6156,8180,3.090,1.830,0.990,2,0,83.005,0,0,11,33,0,63,1
22-04 15:59:05,36.782,10.259,51.795,0.250,0,1462516,1066036,169888,5237608,10080.718,3032.623,0,260.225,0,25.022,4200,3484,3.090,1.830,0.990,2,0,135.117,0,0,11,32,0,65,0
22-04 15:59:06,34.246,4.000,60.493,0.750,0,1503024,1025504,169892,5237628,23228.318,13171.479,0,159.982,0,10.999,3417,3205,3,1.830,1,3,0,0,0,0,11,34,0,65,0
22-04 15:59:07,34.410,9.974,54.109,0.249,0,1452480,1075960,169912,5237692,11891.050,5453.805,0,1005.383,0,93.756,4618,5531,3,1.830,1,2,0,138.639,0,0,11,32,0,61,0
22-04 15:59:08,40.218,5.995,52.958,0,0,1528128,1000292,169920,5237704,17249.259,8199.468,0,171.863,0,12.990,3836,17741,3,1.830,1,2,0,35.971,0,0,11,34,0,62,0
22-04 15:59:09,37.289,6.507,55.558,0.501,0,1519880,1008360,169936,5237868,20544.502,9835.294,0,384.402,0,42.044,4421,5816,3,1.830,1,2,0,60.063,0,0,11,32,0,64,0
22-04 15:59:10,38.292,5.756,53.559,2.002,0,1565400,962836,169936,5237868,10851.966,7238.982,0,1441.590,0,181.200,3052,2611,3,1.830,1,2,0,5.006,0,0,11,33,0,64,0
22-04 15:59:11,30.947,6.489,62.643,0,0,1535244,992944,169936,5237916,20388.086,15023.273,0,123.788,0,6.988,5024,6153,2.840,1.820,1,2,0,42.926,0,0,11,33,0,62,0
22-04 15:59:12,39.387,5.519,54.189,0,0,1560812,967348,169940,5237940,17744.750,6294.906,0,389.355,0,28.098,3658,3061,2.840,1.820,1,2,0,5.017,0,0,11,33,0,63,0
22-04 15:59:13,32.604,3.484,62.720,0.249,0,1504756,1023236,169944,5238104,25011.321,15474.902,0,266.809,0,21.902,5456,6674,2.840,1.820,1,1,0,0,0,0,11,33,0,64,0
22-04 15:59:14,20.823,11.791,65.981,0.251,0,1500908,1026992,169948,5238188,12526.853,2966.385,0,289.012,0,21.074,4381,4603,2.840,1.820,1,2,0,282.991,0,0,11,32,0,65,0
22-04 15:59:15,18.207,2.743,79.062,0,0,1519976,1007912,169952,5238196,14999.259,6046.592,0,143.658,0,7.981,1962,1614,2.840,1.820,1,0,0,0,0,0,11,33,0,65,0
22-04 15:59:16,14.036,5.514,77.947,1.253,0,1463936,1063912,169964,5238220,15702.781,5796.685,0,2021.120,0,54.137,3877,4858,2.850,1.840,1.010,1,0,112.284,0,0,11,32,0,64,0
22-04 15:59:17,18.953,7.980,71.821,0.998,0,1459532,1068304,169968,5238224,8422.989,538.656,0,223.443,0,12.968,2985,2396,2.850,1.840,1.010,1,0,173.567,0,0,11,32,0,64,0
22-04 15:59:18,16.747,1.750,80.237,0,0,1465440,1062364,169976,5238244,11696.108,8794.578,0,135.978,0,6.999,2451,2765,2.850,1.840,1.010,0,0,0,0,0,11,33,0,64,0
22-04 15:59:19,18.762,5.253,74.297,0,0,1449872,1077920,169976,5238256,13652.555,2997.879,0,80.050,0,7.004,2952,2751,2.850,1.840,1.010,1,0,46.029,0,0,11,32,0,65,0
22-04 15:59:20,18.743,2.749,78.470,0.250,0,1473072,1054708,169984,5238260,12102.373,5581.866,0,147.943,0,12.995,1969,1808,2.850,1.840,1.010,2,0,0,0,0,11,33,0,60,0
22-04 15:59:21,16.503,1.750,80.014,0.500,0,1460248,1067360,169992,5238424,13404.263,9539.611,0,100.017,0,12.002,4510,6132,2.620,1.800,1,1,0,0,0,0,11,32,0,60,0
22-04 15:59:22,12.514,21.775,64.574,0.751,0,1418896,1108500,170004,5238620,8178.391,540.621,0,476.547,0,29.033,6546,5798,2.620,1.800,1,3,0,596.685,0,0,11,34,0,61,0
22-04 15:59:23,43.213,6.744,48.708,0,0,1551512,975440,170056,5239008,5567.232,539.538,35.969,271.767,0.999,16.985,3170,2072,2.620,1.800,1,2,0,29.974,0,0,11,32,0,62,0
22-04 15:59:24,30.995,5.249,44.492,18.497,0,1580936,942252,170356,5241900,8056.596,539.906,435.924,6190.921,16.997,409.929,5018,6938,2.620,1.800,1,1,1,22.996,0,0,11,36,0,59,0
22-04 15:59:25,27.020,5.254,38.528,27.020,0,1536952,985260,170500,5242664,8847.473,540.395,0,10619.769,0,772.565,6127,9625,2.620,1.800,1,3,1,22.016,0,0,11,36,0,59,0
22-04 15:59:26,25.703,4.991,42.423,25.204,0,1552604,968892,170676,5243176,4738.395,539.021,0,12213.821,0,861.436,6085,9564,2.890,1.870,1.030,3,1,17.967,0,0,11,36,0,59,0
22-04 15:59:27,25.270,5.254,45.536,22.518,0,1548456,971984,170760,5244092,10037.831,540.422,0,5288.126,0,457.357,4693,7155,2.890,1.870,1.030,1,1,11.009,0,0,11,36,0,59,0
22-04 15:59:28,26.327,5.265,42.625,25.324,0,1536044,983452,170852,5244928,6293.394,487.425,0,6803.886,0,573.677,5193,7853,2.890,1.870,1.030,1,1,23.067,0,0,11,36,0,54,0
22-04 15:59:29,25.683,5.984,43.138,22.940,0,1549924,968976,170944,5245412,4935.162,538.599,0,10512.653,0,787.950,5954,9351,2.890,1.870,1.030,1,1,19.948,0,0,11,36,0,54,0
22-04 15:59:30,28.475,4.246,46.459,19.733,0,1530176,987928,171008,5246112,10860.397,539.523,0,6558.201,0,588.480,5412,8286,2.890,1.870,1.030,3,2,18.983,0,0,11,36,0,54,0
22-04 15:59:31,27.102,5.521,40.653,26.098,0,1595156,922424,171068,5246556,6402.133,542.043,0,12318.434,0,838.159,5032,8586,2.900,1.890,1.040,1,1,11.042,0,0,11,36,0,54,0
22-04 15:59:32,27.432,4.489,44.889,21.198,0,1545652,971184,171244,5247108,9130.480,538.671,0,9412.784,0,807.010,5599,9473,2.900,1.890,1.040,3,0,15.961,0,0,11,36,0,51,0
22-04 15:59:33,25.716,5.992,43.194,24.218,0,1578824,937616,171400,5247320,7460.244,539.295,0,11429.055,0,869.863,5586,9678,2.900,1.890,1.040,2,1,13.982,0,0,11,36,0,51,0
22-04 15:59:34,29.507,4.751,41.260,22.505,0,1537220,978188,171596,5248132,3983.942,540.128,0,9742.302,0,766.181,5504,9029,2.900,1.890,1.040,2,1,8.002,0,0,11,38,0,51,0
22-04 15:59:35,33.370,6.774,32.869,25.592,0,1492544,1023404,171804,5247372,10183.761,541.956,0,13384.314,0,991.579,6530,10541,2.900,1.890,1.040,3,1,10.036,0,0,11,32,0,51,0
22-04 15:59:36,45.114,5.234,46.858,1.745,0,1555088,960824,171828,5247384,7259.058,484.535,0,2157.478,0,112.659,2842,1862,2.830,1.900,1.040,3,0,0.997,0,0,11,32,0,47,0
22-04 15:59:37,29.546,5.258,45.321,18.028,0,1557740,957788,172024,5247536,6226.798,540.851,0,4987.849,0,654.029,6613,10063,2.830,1.900,1.040,1,1,3.005,0,0,11,34,0,47,0
22-04 15:59:38,29.024,4.754,44.287,20.767,0,1590408,924620,172360,5247740,8936.504,540.454,0,8571.198,0,1038.872,7503,11302,2.830,1.900,1.040,5,0,2.002,0,0,11,34,0,47,0
22-04 15:59:39,28.439,5.488,47.399,17.213,0,1621060,893440,172644,5247960,8825.170,538.850,0,6482.169,0,975.918,8679,13864,2.830,1.900,1.040,2,1,0.998,0,0,11,34,0,47,0
22-04 15:59:40,28.983,7.745,56.466,5.497,0,1518104,996228,172740,5248016,10041.002,539.678,0,4225.476,0,364.782,4688,5453,2.830,1.900,1.040,1,0,98.941,0,0,11,32,0,42,0
22-04 15:59:41,22.488,3.248,71.713,1.999,0,1517752,996568,172752,5248016,5898.965,659.661,0,1047.461,0,86.955,1913,1386,2.680,1.880,1.040,1,0,2.998,0,0,11,32,0,42,0
22-04 15:59:42,8.776,20.560,59.173,10.782,0,1498016,1015988,172868,5248172,3193.347,541.585,0,9094.620,0,410.201,6991,7092,2.680,1.880,1.040,2,0,550.612,0,0,11,32,0,42,0
22-04 15:59:43,8.505,21.264,69.545,0,0,1475524,1038400,172876,5248236,10859.972,606.389,0,764.491,0,24.015,6304,5262,2.680,1.880,1.040,1,0,523.336,0,0,11,32,0,42,0
22-04 15:59:44,12.217,14.710,70.808,0.748,0,1462080,1051832,172876,5248244,5568.872,658.212,0,95.740,0,3.989,4597,3599,2.680,1.880,1.040,1,0,295.198,0,0,11,32,0,37,0
22-04 15:59:45,22.486,3.248,73.455,0,0,1502392,1011520,172876,5248244,8917.566,539.671,0,0,0,0,1846,1308,2.680,1.880,1.040,1,0,1.999,0,0,11,32,0,37,0
22-04 15:59:46,22.754,3.251,73.263,0,0,1459524,1054372,172876,5248260,8024.422,624.111,0,104.018,0,2.000,1778,1262,2.550,1.870,1.040,1,0,1.000,0,0,11,32,0,37,0
22-04 15:59:47,23.503,3.500,71.010,1.500,0,1519536,994344,172876,5248240,10018.396,540.075,0,484.067,0,85.012,2059,1279,2.550,1.870,1.040,1,0,9.001,0,0,11,32,0,37,0
22-04 15:59:48,22.755,3.001,71.766,1.000,0,1532996,980872,172876,5248252,9147.011,582.128,0,532.117,0,18.004,2105,1762,2.550,1.870,1.040,1,0,1.000,0,0,11,32,0,37,0
22-04 15:59:49,22.995,3.249,66.736,5.999,0,1555868,957980,172888,5248260,5543.799,539.883,0,5114.892,0,240.948,2247,2136,2.550,1.870,1.040,2,0,2.000,0,0,11,32,0,37,0
22-04 15:59:50,22.309,3.509,74.196,0,0,1547652,966204,172888,5248252,5461.438,541.431,0,40.106,0,4.011,1813,1277,2.550,1.870,1.040,1,0,1.003,0,0,11,32,0,37,0
22-04 15:59:51,22.500,3.500,73.750,0,0,1542936,970900,172888,5248272,9529.955,485.998,0,20.000,0,1.000,1864,1145,2.420,1.850,1.040,1,0,3.000,0,0,11,32,0,37,0
22-04 15:59:52,21.985,3.498,73.450,0,0,1531776,982068,172888,5248264,5994.948,539.635,0,0,0,0,1835,1346,2.420,1.850,1.040,1,0,1.999,0,0,11,32,0,31,0
22-04 15:59:53,23.015,2.752,74.048,0,0,1483572,1030260,172888,5248276,8189.288,540.349,0,116.075,0,3.002,1821,1222,2.420,1.850,1.040,1,0,1.001,0,0,11,32,0,31,0
22-04 15:59:54,22.445,2.993,73.319,0,0,1542084,971776,172888,5248248,6264.573,538.673,0,3.990,0,0.998,1832,1286,2.420,1.850,1.040,1,0,1.995,0,0,11,32,0,31,0
22-04 15:59:55,22.994,2.999,73.231,0,0,1502208,1011616,172888,5248284,8600.743,539.858,0,91.976,0,2.999,1808,1206,2.420,1.850,1.040,3,0,1.000,0,0,11,32,0,31,0
22-04 15:59:56,22.506,3.251,74.018,0,0,1524268,989644,172888,5248196,8356.070,540.134,0,8.002,0,1.000,1855,1297,2.310,1.840,1.040,1,0,2.000,0,0,11,32,0,25,0
22-04 15:59:57,22.752,2.750,73.757,0,0,1490492,1023332,172888,5248284,3792.376,540.054,0,88.009,0,1.000,1775,1268,2.310,1.840,1.040,1,0,2.000,0,0,11,32,0,25,0
22-04 15:59:58,22.748,3.500,72.243,0.750,0,1495872,1017948,172892,5248280,6822.375,485.956,0,2179.800,0,26.998,2084,1769,2.310,1.840,1.040,2,0,1.000,0,0,11,32,0,25,0
22-04 15:59:59,22.245,3.499,73.485,0.250,0,1518064,995764,172896,5248264,10935.780,539.890,0,467.905,0,26.995,1895,1250,2.310,1.840,1.040,1,0,2.000,0,0,11,32,0,25,0
22-04 16:00:00,22.506,3.751,73.520,0,0,1483436,1030396,172896,5248260,7514.090,540.150,0,48.013,0,5.001,1851,1417,2.310,1.840,1.040,1,0,1.000,0,0,11,32,0,25,0
22-04 16:00:01,22.748,3.250,73.494,0,0,1484084,1029736,172896,5248272,10615.160,539.957,0,23.998,0,1.000,1893,1309,2.200,1.820,1.040,1,0,1.000,0,0,11,32,0,19,0
22-04 16:00:02,22.502,3.000,73.758,0,0,1514828,998992,172896,5248272,9124.989,540.059,0,180.020,0,38.004,1845,1172,2.200,1.820,1.040,1,0,2.000,0,0,11,32,0,19,0
22-04 16:00:03,10.749,19.248,69.244,0,0,1467704,1046064,172896,5248324,8713.188,539.950,0,239.978,0,9.999,5601,4483,2.200,1.820,1.040,2,0,459.957,0,0,11,32,0,19,0
22-04 16:00:04,22.500,3.000,73.750,0,0,1475240,1038504,172896,5248348,5741.006,540.001,0,0,0,0,1781,1287,2.200,1.820,1.040,1,0,0,0,0,11,32,0,19,0
22-04 16:00:05,23.258,3.501,72.775,0.250,0,1483944,1029520,172896,5248592,5473.891,486.168,0,140.048,0,2.001,1947,1412,2.200,1.820,1.040,1,0,11.004,0,0,11,32,0,14,0
22-04 16:00:06,22.777,3.254,73.837,0,0,1514008,999452,172896,5248596,13912.413,540.638,0,4.005,0,1.001,1893,1202,2.110,1.810,1.040,2,0,17.020,0,0,11,32,0,14,0
22-04 16:00:07,9.015,22.037,67.612,0,0,1501040,1012264,172896,5248748,10904.114,540.899,40.067,196.326,2.003,7.012,6452,5320,2.110,1.810,1.040,1,0,547.910,0,0,11,32,0,14,0
22-04 16:00:08,11.751,22.751,63.504,0.250,0,1477184,1036060,172904,5252084,5732.366,540.034,0,1168.075,0,141.009,7501,16372,2.110,1.810,1.040,3,0,679.043,0,0,11,32,0,14,0
22-04 16:00:09,8.245,23.237,67.461,0.250,0,1449720,1063492,172908,5248828,10012.228,539.689,0,1471.152,0,29.983,6759,9016,2.110,1.810,1.040,3,0,600.654,0,0,11,32,0,10,0
22-04 16:00:10,9.000,21.500,68.500,0,0,1433268,1079924,172908,5248860,7674.017,540.001,0,1588.004,0,21.000,6513,5407,2.110,1.810,1.040,2,0,586.001,0,0,11,32,0,10,0
22-04 16:00:11,7.746,20.989,69.715,0,0,1411576,1101588,172908,5248888,9121.405,633.681,0,543.726,0,7.996,6132,4765,2.020,1.800,1.040,1,0,479.758,0,0,11,32,0,10,0
22-04 16:00:12,8.246,20.989,69.714,0,0,1410660,1102472,172908,5248920,9084.328,539.722,0,319.836,0,9.995,6127,4792,2.020,1.800,1.040,1,0,475.755,0,0,11,32,0,10,0
22-04 16:00:13,8.511,22.278,67.836,0,0,1403184,1109900,172908,5248960,6500.206,486.614,0,460.581,0,74.094,6573,5448,2.020,1.800,1.040,1,0,596.753,0,0,11,32,0,7,0
22-04 16:00:14,10.743,21.736,65.958,1.249,0,1362260,1150764,172928,5248992,12466.100,539.658,0,355.775,0,16.989,6463,5441,2.020,1.800,1.040,1,1,562.643,0,0,11,34,0,8,0
22-04 16:00:15,48.548,22.272,27.027,1.501,0,1516520,996432,172976,5249016,6813.780,540.538,0,856.853,0,55.055,6102,5511,2.020,1.800,1.040,3,0,558.556,0,0,11,32,0,13,0
22-04 16:00:16,59.834,7.729,25.928,5.734,0,1660104,848288,173184,5252804,4750.799,538.504,442.770,4351.908,9.972,204.432,4531,3922,2.180,1.830,1.060,4,0,12.964,0,0,11,34,0,13,0
22-04 16:00:17,18.242,3.998,40.983,34.735,0,1662800,841524,173436,5256052,9064.192,539.773,0,10023.789,0,626.737,5912,9556,2.180,1.830,1.060,0,3,27.988,0,0,11,38,0,11,0
22-04 16:00:18,6.499,3.249,59.491,28.246,0,1661576,841272,173584,5257344,9105.586,539.916,0,12762.019,0,865.866,5560,10593,2.180,1.830,1.060,0,1,17.997,0,0,11,38,0,11,0
22-04 16:00:19,8.758,3.754,56.805,27.777,0,1661148,840040,173788,5258752,10813.446,540.522,0,16728.160,0,1142.103,5989,11005,2.180,1.830,1.060,0,1,30.029,0,0,11,38,0,11,0
22-04 16:00:20,9.505,3.502,51.528,32.268,0,1660616,838780,173888,5260376,8198.470,540.295,0,18518.096,0,1192.650,6230,11551,2.180,1.830,1.060,0,2,12.007,0,0,11,38,0,11,0
22-04 16:00:21,8.488,3.246,52.927,32.455,0,1660932,836764,174000,5261892,7187.061,485.329,0,8296.527,0,652.098,5203,9223,2.240,1.850,1.070,1,1,14.979,0,0,11,38,0,10,0
22-04 16:00:22,8.996,3.499,53.228,31.237,0,1660956,835504,174068,5263012,8353.490,539.773,0,17292.734,0,1156.514,6222,11665,2.240,1.850,1.070,0,2,8.996,0,0,11,38,0,10,0
22-04 16:00:23,21.269,6.256,38.284,31.528,0,1647040,848112,174104,5264248,10530.447,540.485,0,16010.363,0,1046.939,6428,10657,2.240,1.850,1.070,1,1,63.057,0,0,11,36,0,10,0
22-04 16:00:24,21.740,4.498,40.482,29.987,0,1681540,812340,174180,5265420,13595.898,5569.500,0,14361.554,0,928.583,6537,11031,2.240,1.850,1.070,1,3,14.993,0,0,11,37,0,10,0
22-04 16:00:25,20.057,6.017,42.622,30.337,0,1665880,826508,174236,5266796,13631.011,4787.702,0,13490.609,0,946.709,8001,13498,2.240,1.850,1.070,0,4,60.172,0,0,11,36,0,9,0
22-04 16:00:26,25.481,6.745,31.477,33.475,0,1699116,791556,174312,5268384,9765.710,539.597,0,10468.186,0,796.405,6689,10212,2.380,1.890,1.080,1,2,39.970,0,0,11,36,0,9,0
22-04 16:00:27,20.706,4.490,40.164,31.932,0,1694556,794852,174404,5269520,16529.603,9314.055,0,16113.494,0,1044.763,8283,14576,2.380,1.890,1.080,3,2,9.979,0,0,11,39,0,9,0
22-04 16:00:28,18.539,4.009,47.100,28.811,0,1686436,801676,174512,5270628,15201.383,9118.424,0,15168.312,0,915.951,8712,14764,2.380,1.890,1.080,1,1,9.019,0,0,11,39,0,9,0
22-04 16:00:29,22.501,6.750,38.002,30.252,0,1702040,784372,174616,5272168,8932.457,2728.140,0,11420.585,0,865.044,6834,10826,2.380,1.890,1.080,2,1,45.002,0,0,11,38,0,9,0
22-04 16:00:30,25.451,3.992,37.178,30.940,0,1722292,762832,174680,5273356,15888.372,6187.073,0,14316.402,0,1205.676,6421,10342,2.380,1.890,1.080,0,1,8.983,0,0,11,39,0,9,0
22-04 16:00:31,19.777,4.006,41.057,32.795,0,1711824,772204,174732,5274344,18081.983,11111.352,0,11539.944,0,849.173,7948,13188,2.670,1.960,1.110,1,2,3.004,0,0,11,39,0,9,0
22-04 16:00:32,22.023,7.508,41.293,28.029,0,1638532,843864,174812,5275828,13715.389,4650.879,0,8737.166,0,747.785,7376,11324,2.670,1.960,1.110,1,3,74.078,0,0,11,38,0,10,0
22-04 16:00:33,23.674,4.236,37.131,32.396,0,1684672,796968,174864,5276524,9482.573,2881.753,0,13496.693,0,878.182,5662,9117,2.670,1.960,1.110,3,3,0,0,0,11,39,0,10,0
22-04 16:00:34,25.084,4.766,43.646,24.081,0,1681196,798856,175080,5277848,21746.708,10323.516,0,16479.096,0,1042.485,9030,15417,2.670,1.960,1.110,1,1,18.060,0,0,11,39,0,10,0
22-04 16:00:35,24.716,5.243,43.940,24.217,0,1595872,881556,175336,5280128,21348.694,7996.024,0,11887.681,0,798.903,8767,13726,2.670,1.960,1.110,1,4,35.951,0,0,11,38,0,10,0
22-04 16:00:36,34.713,13.735,25.473,25.223,0,1592732,883676,175408,5281048,6967.568,2129.728,371.604,11667.554,5.994,776.172,7607,9832,2.860,2.010,1.130,3,1,255.727,0,0,11,37,0,10,0
22-04 16:00:37,31.551,14.273,33.304,18.530,0,1597708,877396,175596,5282084,15621.492,8338.608,617.007,14796.145,10.016,946.545,11618,20558,2.860,2.010,1.130,1,2,173.283,0,0,11,37,0,10,0
22-04 16:00:38,24.704,9.981,39.176,23.456,0,1601400,871904,175620,5283800,24555.829,11266.816,1169.800,13260.068,22.957,876.352,10054,16062,2.860,2.010,1.130,2,2,149.718,0,0,11,36,0,11,0
22-04 16:00:39,23.307,7.769,40.850,26.565,0,1561256,911032,175708,5284708,6736.571,541.332,0,10485.794,0,745.835,5848,8552,2.860,2.010,1.130,1,2,62.153,0,0,11,36,0,11,0
22-04 16:00:40,19.737,3.498,45.219,29.480,0,1573868,897504,175744,5285568,17123.433,8609.184,0,9713.438,0,714.517,5838,9045,2.860,2.010,1.130,1,1,0,0,0,11,37,0,11,0
22-04 16:00:41,23.719,6.491,43.193,25.466,0,1595168,875096,175780,5286608,7866.624,1241.363,0,7705.836,0,551.273,5399,8654,3.030,2.060,1.150,1,2,33.955,0,0,11,36,0,12,0
22-04 16:00:42,18.505,3.501,48.762,26.257,0,1604912,864200,175856,5287664,15122.753,7185.783,0,12431.085,0,825.205,6053,10134,3.030,2.060,1.150,3,1,3.001,0,0,11,36,0,12,1
22-04 16:00:43,23.475,6.493,42.205,25.473,0,1637932,830168,175892,5288592,9921.306,605.348,0,7707.692,0,548.409,5887,8748,3.030,2.060,1.150,1,2,59.935,0,0,11,36,0,13,0
22-04 16:00:44,21.500,4.000,48.501,24.500,0,1642872,823932,175936,5289780,11231.153,7497.102,0,10256.140,0,752.010,6145,10228,3.030,2.060,1.150,0,1,6.000,0,0,11,37,0,13,0
22-04 16:00:45,20.255,5.501,46.260,25.256,0,1594720,871100,175964,5290692,12946.889,4134.923,0,10330.305,0,701.156,6571,10451,3.030,2.060,1.150,1,1,46.010,0,0,11,36,0,14,0
22-04 16:00:46,21.539,4.258,46.835,26.047,0,1618940,845872,175984,5291656,14112.608,5685.316,0,8194.870,0,648.176,4975,7777,3.190,2.110,1.170,1,2,0,0,0,11,37,0,14,0
22-04 16:00:47,18.712,3.992,48.402,25.449,0,1606564,856900,176028,5292864,10809.171,6204.470,0,14079.567,0,888.206,7061,11887,3.190,2.110,1.170,1,1,6.986,0,0,11,36,0,15,0
22-04 16:00:48,5.761,5.761,60.865,25.047,0,1573832,888716,176048,5293740,8613.235,541.020,0,8295.637,0,587.107,5268,8727,3.190,2.110,1.170,0,2,66.125,0,0,11,36,0,15,0
22-04 16:00:49,4.249,2.750,59.741,30.495,0,1551824,909676,176080,5294728,7241.880,539.917,0,11186.271,0,657.898,4696,8462,3.190,2.110,1.170,0,2,11.998,0,0,11,36,0,15,0
22-04 16:00:50,4.748,2.749,63.218,26.237,0,1539168,921968,176128,5295036,9035.392,539.725,0,14392.660,0,1000.490,5247,9915,3.190,2.110,1.170,3,1,11.994,0,0,11,36,0,15,0
22-04 16:00:51,3.996,2.747,63.189,27.973,0.250,1526720,933252,176176,5296124,8664.624,539.478,0,7320.923,0,596.423,4445,8070,3.250,2.140,1.190,0,2,2.997,0,0,11,36,0,15,0
22-04 16:00:52,5.740,2.745,60.649,27.704,0,1520616,939100,176236,5296316,4800.971,485.189,0,15773.621,0,1008.314,5258,9569,3.250,2.140,1.190,0,1,8.985,0,0,11,36,0,15,0
22-04 16:00:53,6.512,2.505,66.119,22.040,0,1511704,946472,176280,5297768,8585.427,540.972,0,8379.057,0,632.136,4821,8447,3.250,2.140,1.190,0,2,9.016,0,0,11,36,0,15,0
22-04 16:00:54,5.247,3.748,59.965,28.483,0,1504144,953788,176308,5297980,9364.495,539.683,0,12624.579,0,918.460,5457,9686,3.250,2.140,1.190,0,1,11.993,0,0,11,36,0,15,0
22-04 16:00:55,5.508,2.504,65.347,23.785,0,1496332,961360,176348,5298172,3605.326,540.799,0,7931.717,0,692.022,4806,8562,3.250,2.140,1.190,0,3,12.018,0,0,11,36,0,15,0
22-04 16:00:56,4.999,3.499,56.240,33.244,0,1490912,966032,176420,5298816,8857.454,539.906,0,15669.265,0,979.829,5383,9896,3.230,2.150,1.200,1,1,5.999,0,0,11,36,0,15,0
22-04 16:00:57,4.748,2.499,66.971,22.240,0,1486464,969412,176532,5299732,7760.598,539.763,0,5377.643,0,539.763,4727,8416,3.230,2.150,1.200,1,2,6.997,0,0,11,36,0,15,0
22-04 16:00:58,4.748,2.749,58.472,30.985,0,1482544,972856,176620,5300104,10915.771,539.741,0,11662.414,0,799.617,5028,9332,3.230,2.150,1.200,0,2,8.996,0,0,11,36,0,15,0
22-04 16:00:59,6.251,2.500,62.759,25.254,0,1480976,973748,176668,5300716,8896.336,540.081,0,7237.087,0,649.097,4917,8846,3.230,2.150,1.200,0,3,12.002,0,0,11,36,0,15,0
22-04 16:01:00,4.755,3.253,57.310,31.533,0,1478192,976120,176720,5301064,4681.933,486.513,0,16709.606,0,1083.141,5108,9709,3.230,2.150,1.200,2,0,6.006,0,0,11,36,0,15,0
22-04 16:01:01,6.252,2.751,62.017,26.257,0,1475768,979076,176760,5300480,9727.742,540.152,0,13047.678,0,1048.296,5449,9719,3.140,2.150,1.200,0,1,6.002,0,0,11,36,0,15,0
22-04 16:01:02,4.493,2.247,66.150,23.964,0,1474948,979588,176820,5300720,7270.063,539.189,0,7169.215,0,639.039,4409,8148,3.140,2.150,1.200,0,2,2.995,0,0,11,36,0,15,0
22-04 16:01:03,5.499,2.749,58.989,28.494,0,1476180,979588,176852,5299452,9122.227,539.895,0,12733.525,0,952.815,5817,10801,3.140,2.150,1.200,1,1,0,0,0,11,36,0,15,0
22-04 16:01:04,6.238,3.493,56.389,30.939,0,1475984,979588,176880,5299620,9164.898,538.936,0,17760.920,0,1076.873,5462,9801,3.140,2.150,1.200,2,1,2.994,0,0,11,36,0,15,0
22-04 16:01:05,10.006,2.502,64.289,21.013,0.250,1475796,979084,176900,5300292,12115.368,540.329,0,6792.130,0,638.388,4945,8570,3.140,2.150,1.200,1,0,9.005,0,0,11,36,0,15,0
22-04 16:01:06,4.506,3.504,60.074,28.786,0,1475428,979084,176912,5300648,11998.805,540.667,0,13464.613,0,983.213,5430,9790,3.120,2.160,1.210,1,0,9.011,0,0,11,36,0,15,0
22-04 16:01:07,6.002,2.751,66.518,22.756,0.250,1475028,979084,176936,5301024,5339.447,486.132,0,6761.832,0,659.179,4608,8566,3.120,2.160,1.210,0,1,10.003,0,0,11,36,0,15,0
22-04 16:01:08,3.998,2.748,62.961,26.733,0.250,1475444,978580,176940,5301108,4038.477,539.663,0,12048.472,0,835.478,4754,8611,3.120,2.160,1.210,1,1,5.996,0,0,11,36,0,15,0
22-04 16:01:09,10.476,5.238,56.620,24.444,0,1471080,982328,176972,5301676,9410.471,538.767,0,15444.666,0,1103.475,6845,18273,3.120,2.160,1.210,1,0,44.897,0,0,11,36,0,16,0
22-04 16:01:10,6.017,2.256,64.183,25.322,0,1471824,982328,176992,5300904,10855.945,541.544,0,7328.891,0,706.013,4793,8846,3.120,2.160,1.210,0,1,3.009,0,0,11,36,0,15,0
22-04 16:01:11,5.752,3.501,58.020,29.010,0,1471776,982328,177028,5300916,8379.874,634.218,0,15361.269,0,1083.372,5908,10948,3.350,2.230,1.240,2,1,6.002,0,0,11,36,0,15,0
22-04 16:01:12,5.508,3.255,61.090,26.539,0,1471528,982328,177060,5301132,9076.384,540.797,0,12858.962,0,961.418,5493,9978,3.350,2.230,1.240,1,0,3.004,0,0,11,36,0,15,0
22-04 16:01:13,5.241,3.494,59.394,30.196,0,1471076,982328,177068,5301576,8315.195,539.040,0,11779.028,0,795.583,5168,9756,3.350,2.230,1.240,0,2,5.989,0,0,11,36,0,15,0
22-04 16:01:14,5.996,2.998,59.711,28.981,0,1470892,982076,177088,5301984,6357.879,485.685,0,10816.989,0,796.484,4898,8703,3.350,2.230,1.240,0,1,5.996,0,0,11,36,0,15,0
22-04 16:01:15,5.003,3.252,62.784,25.764,0,1470932,981824,177124,5302148,5056.730,540.292,0,10345.584,0,775.419,4740,8679,3.350,2.230,1.240,1,0,6.003,0,0,11,36,0,15,0
22-04 16:01:16,8.261,2.503,61.583,24.783,0,1470480,981824,177140,5302580,6608.902,540.728,0,9456.738,0,768.035,5805,10485,3.250,2.220,1.240,1,0,12.016,0,0,11,36,0,15,0
22-04 16:01:17,12.502,4.251,57.510,24.504,0,1469864,981572,177172,5303396,9818.714,540.094,0,12118.115,0,954.167,6161,10481,3.250,2.220,1.240,1,3,13.002,0,0,11,38,0,15,0
22-04 16:01:18,8.491,1.998,60.688,24.975,0,1469376,981572,177188,5303856,9549.260,539.450,0,10397.395,0,767.217,5019,8905,3.250,2.220,1.240,2,1,8.991,0,0,11,38,0,8,0
22-04 16:01:19,7.995,2.998,60.960,25.733,0,1469380,981068,177244,5304288,8674.316,539.646,0,9461.799,0,777.490,5546,10162,3.250,2.220,1.240,3,1,11.992,0,0,11,38,0,8,0
22-04 16:01:20,6.250,3.250,62.998,25.249,0,1468900,981068,177288,5304704,7510.731,539.981,0,10583.621,0,854.969,5321,9981,3.250,2.220,1.240,0,2,12.000,0,0,11,38,0,8,0
22-04 16:01:21,5.251,2.750,63.260,24.254,0,1468740,980816,177316,5305084,9864.633,486.080,0,11757.947,0,919.152,5876,10834,3.390,2.270,1.260,1,2,9.001,0,0,11,38,0,8,0
22-04 16:01:22,5.250,3.000,59.249,29.999,0,1468608,980312,177348,5305676,9742.796,539.989,0,13743.713,0,963.980,5477,10224,3.390,2.270,1.260,1,1,12.000,0,0,11,38,0,8,0
22-04 16:01:23,6.499,2.750,62.493,25.497,0,1468120,980312,177372,5306120,5648.355,539.938,0,11242.717,0,829.905,5093,9219,3.390,2.270,1.260,0,1,3.000,0,0,11,38,0,8,0
22-04 16:01:24,3.750,2.000,62.757,28.503,0,1468052,980060,177384,5306420,9939.137,540.062,0,7248.829,0,558.064,3950,7213,3.390,2.270,1.260,1,1,6.001,0,0,11,38,0,8,0
22-04 16:01:25,5.501,3.000,65.009,24.504,0,1468412,979052,177400,5307036,6403.921,540.078,0,8333.199,0,646.093,4532,8153,3.390,2.270,1.260,0,1,3.000,0,0,11,38,0,8,0
22-04 16:01:26,4.507,2.253,65.601,24.788,0,1468204,978800,177412,5307472,4294.606,540.832,0,9442.525,0,683.051,4319,8080,3.270,2.270,1.270,0,2,6.009,0,0,11,38,0,8,0
22-04 16:01:27,5.498,3.249,61.977,26.240,0,1467976,978800,177416,5307692,9758.455,539.804,0,15290.446,0,1010.633,5554,9786,3.270,2.270,1.270,0,2,9.996,0,0,11,38,0,7,0
22-04 16:01:28,4.496,2.747,62.690,27.224,0,1467416,978548,177424,5308476,10485.882,485.531,0,9382.946,0,672.351,4918,8932,3.270,2.270,1.270,0,1,14.986,0,0,11,38,0,7,0
22-04 16:01:29,3.752,2.752,65.543,24.766,0,1467544,978296,177432,5308584,9350.125,540.354,0,9029.915,0,729.478,4822,8686,3.270,2.270,1.270,1,3,6.004,0,0,11,38,0,7,0
22-04 16:01:30,5.746,2.248,60.707,27.980,0,1466788,978296,177448,5309308,6289.516,539.615,0,8981.597,0,713.491,4710,8741,3.270,2.270,1.270,1,1,8.994,0,0,11,38,0,7,0
22-04 16:01:31,4.755,3.003,62.822,27.782,0,1466688,978044,177460,5309636,3443.971,540.623,0,7516.666,0,636.734,4480,8291,3.330,2.290,1.280,0,1,6.007,0,0,11,38,0,7,0
22-04 16:01:32,4.001,2.501,60.269,30.009,0,1466320,978044,177480,5309984,8851.723,540.166,0,14512.464,0,954.294,5606,10582,3.330,2.290,1.280,1,2,6.002,0,0,11,38,0,7,0
22-04 16:01:33,4.743,3.245,63.899,25.460,0,1466372,977540,177492,5310400,6444.856,539.151,0,7995.416,0,686.919,5029,8999,3.330,2.290,1.280,0,1,8.986,0,0,11,38,0,7,0
22-04 16:01:34,5.492,2.746,60.657,28.456,0,1466268,977540,177516,5310476,5523.531,539.173,0,12269.189,0,927.578,5085,9265,3.330,2.290,1.280,1,1,8.986,0,0,11,38,0,7,0
22-04 16:01:35,5.502,3.001,61.273,27.510,0,1465824,977036,177520,5311384,9580.656,540.206,0,8563.268,0,765.292,5775,10339,3.330,2.290,1.280,1,1,15.006,0,0,11,38,0,6,0
22-04 16:01:36,5.260,3.006,60.119,27.805,0,1465932,976532,177544,5311744,7305.514,486.967,0,13999.813,0,927.843,5265,9550,3.150,2.270,1.280,2,0,21.042,0,0,11,38,0,6,0
22-04 16:01:37,8.242,2.747,64.691,20.731,0,1465516,976028,177556,5312640,10904.027,539.507,0,9399.403,0,845.227,5906,10570,3.150,2.270,1.280,0,1,21.980,0,0,11,38,0,6,0
22-04 16:01:38,7.749,3.750,60.744,25.497,0,1465192,975776,177568,5313188,13873.572,581.940,0,14366.521,0,1041.893,6287,11514,3.150,2.270,1.280,0,1,17.998,0,0,11,38,0,6,0
22-04 16:01:39,7.751,3.000,59.509,26.754,0,1465148,975272,177592,5313700,8392.276,540.082,0,14370.184,0,1008.153,5817,10483,3.150,2.270,1.280,4,0,15.002,0,0,11,38,0,5,0
22-04 16:01:40,3.500,3.000,62.493,27.997,0,1464600,975272,177600,5314212,12125.600,539.938,0,10802.753,0,826.905,4886,8850,3.150,2.270,1.280,0,1,11.999,0,0,11,38,0,5,0
22-04 16:01:41,6.496,2.499,58.965,29.233,0,1464692,975020,177624,5314344,6958.902,539.682,0,11493.232,0,894.473,5701,10629,2.970,2.250,1.280,1,0,5.996,0,0,11,38,0,5,0
22-04 16:01:42,4.253,3.503,59.793,29.771,0,1463240,975020,177652,5315724,9261.617,540.386,0,13285.492,0,878.628,5047,9236,2.970,2.250,1.280,0,2,12.009,0,0,11,38,0,5,0
22-04 16:01:43,5.495,2.748,64.943,24.728,0,1464212,973760,177668,5315988,10431.776,539.523,0,8860.165,0,672.405,4681,8476,2.970,2.250,1.280,2,1,2.997,0,0,11,38,0,3,0
22-04 16:01:44,7.757,3.003,62.306,24.772,0,1464736,972752,177684,5316448,8259.385,486.435,0,14516.981,0,1028.920,5649,10410,2.970,2.250,1.280,0,1,6.005,0,0,11,38,0,3,0
22-04 16:01:45,6.252,2.251,67.520,21.006,0,1464664,972500,177696,5316756,6148.849,540.162,0,5257.581,0,516.155,4256,7628,2.970,2.250,1.280,1,1,9.003,0,0,11,38,0,3,0
22-04 16:01:46,5.000,2.500,59.245,29.747,0,1465476,971240,177708,5317176,4648.592,539.953,0,12670.888,0,812.929,5127,9680,3.220,2.310,1.310,0,2,3.000,0,0,11,38,0,3,0
22-04 16:01:47,6.750,3.500,65.001,21.750,0,1467604,970736,177712,5315500,4313.048,540.006,0,11888.132,0,970.011,6282,11685,3.220,2.310,1.310,0,1,10.000,0,0,11,38,0,2,0
22-04 16:01:48,5.998,3.249,62.479,26.491,0,1468600,970736,177740,5314476,9462.818,539.818,0,11344.185,0,866.709,5226,9658,3.220,2.310,1.310,0,1,0,0,0,11,38,0,2,0
22-04 16:01:49,5.501,3.251,60.263,27.756,0,1470108,970736,177752,5312952,12431.632,540.114,0,10558.235,0,858.182,6339,12475,3.220,2.310,1.310,1,1,0,0,0,11,38,0,2,0
22-04 16:01:50,5.000,2.500,60.503,28.501,0,1471588,970736,177756,5311460,9407.472,540.027,0,12632.634,0,893.045,5750,10487,3.220,2.310,1.310,0,1,0,0,0,11,38,0,2,0
22-04 16:01:51,4.251,3.000,66.008,24.753,0,1471608,970736,177756,5311460,5850.741,486.062,0,7476.947,0,655.083,4308,8034,3.200,2.330,1.310,0,2,6.001,0,0,11,38,0,1,0
22-04 16:01:52,5.500,2.500,60.003,29.502,0,1471468,970736,177760,5311596,10788.605,540.030,0,16668.935,0,1042.058,5285,9605,3.200,2.330,1.310,0,1,3.000,0,0,11,38,0,1,0
22-04 16:01:53,5.998,2.749,65.475,22.991,0,1471188,970736,177768,5311872,9482.362,539.793,0,8220.846,0,644.753,4607,8060,3.200,2.330,1.310,0,2,11.995,0,0,11,38,0,1,0
22-04 16:01:54,5.000,2.750,64.248,26.499,0,1471036,970736,177768,5312024,3769.877,539.982,0,7579.752,0,622.980,4754,8698,3.200,2.330,1.310,1,1,9.000,0,0,11,38,0,1,0
22-04 16:01:55,5.500,2.250,64.254,24.502,0,1470976,970736,177772,5312080,3633.225,540.033,0,7292.451,0,669.041,4798,8935,3.200,2.330,1.310,1,1,9.001,0,0,11,38,0,1,0
22-04 16:01:56,15.299,11.286,56.431,16.302,0,1351500,1090296,177780,5311988,8858.407,541.737,0,12383.712,0,716.297,5730,6883,3.020,2.300,1.310,3,0,208.669,0,0,11,32,0,2,0
22-04 16:01:57,9.502,22.754,64.012,2.250,0,1338932,1102676,177780,5312176,5847.082,540.100,0,1144.212,0,84.016,6746,5818,3.020,2.300,1.310,2,0,624.115,0,0,11,34,0,3,0
22-04 16:01:58,61.628,11.477,22.955,2.994,0,1528400,912828,177804,5312532,10334.552,538.934,0,2734.589,0,160.682,5098,3806,3.020,2.300,1.310,3,0,114.773,0,0,11,32,0,8,0
22-04 16:01:59,67.376,6.011,24.796,1.753,0,1696016,741376,177936,5315892,9791.315,486.911,0,3831.166,0,120.225,4117,2039,3.020,2.300,1.310,3,0,0,0,0,11,32,0,8,0
22-04 16:02:00,43.118,4.985,31.404,19.191,0,1786652,647356,178044,5318788,9692.349,538.353,0,6005.627,0,223.317,3877,3233,3.020,2.300,1.310,0,5,5.982,0,0,11,38,0,8,0
22-04 16:02:01,9.750,2.500,57.000,28.750,0,1785936,646348,178052,5320468,7591.012,540.001,0,7704.012,0,583.001,6120,10739,3.100,2.330,1.330,1,1,39.000,0,0,11,38,0,8,0
22-04 16:02:02,12.014,3.504,49.307,33.038,0,1785232,645340,178052,5322136,4037.692,540.628,0,12602.644,0,847.985,5645,9802,3.100,2.330,1.330,0,2,33.038,0,0,11,38,0,8,0
22-04 16:02:03,8.239,3.745,55.176,29.710,0,1784472,644584,178060,5323604,9554.176,539.276,0,14232.896,0,926.756,5940,11113,3.100,2.330,1.330,0,1,17.976,0,0,11,38,0,8,0
22-04 16:02:04,6.000,3.000,48.998,39.249,0,1784856,643072,178068,5324688,8015.711,539.981,0,11747.576,0,731.974,4848,8584,3.100,2.330,1.330,0,3,14.999,0,0,11,38,0,8,0
22-04 16:02:05,7.998,3.749,49.737,35.741,0,1784640,641812,178088,5326092,4153.922,539.860,0,17735.399,0,1074.721,6228,11558,3.100,2.330,1.330,4,0,23.994,0,0,11,38,0,8,0
22-04 16:02:06,10.018,3.256,52.093,32.558,0,1785144,639796,178112,5327524,10868.505,486.874,0,10438.733,0,775.392,5566,9768,3.170,2.360,1.340,2,2,42.076,0,0,11,38,0,8,0
22-04 16:02:07,7.738,2.995,51.920,33.698,0,1785176,638288,178128,5328952,6862.402,539.167,0,15923.409,0,1060.362,6523,12054,3.170,2.360,1.340,1,1,21.966,0,0,11,38,0,8,0
22-04 16:02:08,6.753,3.501,52.520,34.763,0,1785036,637280,178144,5330052,9338.560,540.206,0,13701.224,0,875.334,5156,9233,3.170,2.360,1.340,2,2,24.009,0,0,11,38,0,8,0
22-04 16:02:09,11.745,5.498,49.978,30.237,0,1813464,607556,178168,5331252,8988.074,581.746,0,15581.194,0,1004.561,6997,19622,3.170,2.360,1.340,0,2,68.970,0,0,11,38,0,9,0
22-04 16:02:10,7.000,3.500,49.752,36.752,0.250,1810060,609728,178180,5332440,4258.195,540.025,0,12092.553,0,806.037,5357,9498,3.170,2.360,1.340,8,1,12.001,0,0,11,38,0,9,0
22-04 16:02:11,7.749,2.750,51.991,35.244,0,1807072,611288,178200,5333784,12266.835,633.888,0,10318.179,0,726.872,5186,9199,3.240,2.390,1.360,0,1,23.996,0,0,11,38,0,9,0
22-04 16:02:12,6.245,2.748,54.709,33.475,0,1804844,612764,178204,5334528,9980.440,539.591,0,12142.802,0,844.360,4854,8682,3.240,2.390,1.360,5,1,23.982,0,0,11,38,0,8,0
22-04 16:02:13,8.515,3.005,53.845,31.806,0,1802300,614204,178212,5335596,5838.334,486.862,0,14497.662,0,945.674,6347,11610,3.240,2.390,1.360,0,1,33.059,0,0,11,38,0,8,0
22-04 16:02:14,7.245,3.248,53.962,33.476,0,1800304,615144,178220,5336616,11379.960,539.619,0,12842.926,0,803.432,5159,9077,3.240,2.390,1.360,0,3,20.985,0,0,11,38,0,8,0
22-04 16:02:15,7.761,2.754,53.577,31.795,0.250,1798136,616192,178240,5337692,10211.598,540.773,0,13419.183,0,908.298,5577,9902,3.240,2.390,1.360,1,1,30.043,0,0,11,38,0,8,0
22-04 16:02:16,6.490,2.995,57.161,31.451,0,1796272,616852,178248,5338824,10495.727,539.164,0,9980.526,0,698.916,4850,8523,3.300,2.410,1.370,2,2,20.967,0,0,11,38,0,8,0
22-04 16:02:17,5.748,3.499,52.229,35.486,0,1795252,616984,178256,5339684,6053.528,539.780,0,13426.518,0,880.640,5236,9606,3.300,2.410,1.370,2,1,12.995,0,0,11,38,0,8,0
22-04 16:02:18,6.253,3.252,54.777,33.266,0,1793708,617784,178256,5340376,3601.754,540.263,0,14511.066,0,940.458,5166,9505,3.300,2.410,1.370,0,1,9.004,0,0,11,38,0,8,0
22-04 16:02:19,6.263,3.758,51.104,35.823,0,1792680,617856,178260,5341296,9515.287,541.097,0,15543.505,0,1017.061,5574,10204,3.300,2.410,1.370,1,2,18.037,0,0,11,38,0,8,0
22-04 16:02:20,6.487,3.243,48.403,40.419,0,1792212,617352,178264,5342232,9622.706,538.919,0,10602.741,0,753.489,5253,9531,3.300,2.410,1.370,8,0,14.970,0,0,11,38,0,8,0
22-04 16:02:21,6.763,3.256,55.109,31.563,0,1791992,616848,178280,5342908,10182.200,486.966,0,14264.299,0,976.938,5883,10453,3.280,2.420,1.380,5,1,21.042,0,0,11,38,0,8,0
22-04 16:02:22,7.247,3.749,51.231,34.737,0,1791948,615840,178280,5343912,8035.087,539.804,0,14994.564,0,1032.626,6148,11268,3.280,2.420,1.380,0,2,17.993,0,0,11,38,0,8,0
22-04 16:02:23,15.478,3.495,47.932,29.957,0,1791864,615336,178288,5344472,9395.656,539.234,0,17307.419,0,1100.437,6673,11481,3.280,2.420,1.380,2,1,20.970,0,0,11,38,0,8,0
22-04 16:02:24,25.999,8.250,25.249,38.998,0,1711636,694236,178300,5345752,11478.492,539.976,0,12775.435,0,860.962,6300,9715,3.280,2.420,1.380,1,1,93.996,0,0,11,36,0,8,0
22-04 16:02:25,29.479,4.747,34.726,28.480,0,1782664,621912,178320,5346996,4299.996,539.623,0,7954.444,0,630.560,5727,8925,3.280,2.420,1.380,4,1,34.976,0,0,11,36,0,8,0
22-04 16:02:26,18.522,6.007,40.297,33.038,0,1725744,677600,178348,5348132,3948.585,540.628,0,16499.160,0,1094.271,7302,12015,3.330,2.450,1.390,0,1,96.112,0,0,11,36,0,8,0
22-04 16:02:27,6.498,2.749,57.230,30.989,0,1708356,692444,178360,5350604,10595.388,539.816,0,9108.895,0,600.795,4727,8400,3.330,2.450,1.390,0,2,21.993,0,0,11,36,0,8,0
22-04 16:02:28,7.005,3.503,55.292,31.524,0,1699648,700184,178384,5351504,8382.383,486.370,0,16096.257,0,1021.778,6143,11167,3.330,2.450,1.390,1,2,30.023,0,0,11,36,0,8,0
22-04 16:02:29,7.494,3.747,54.204,31.973,0,1691460,706684,178400,5353132,8686.684,539.546,0,15866.638,0,1082.089,6348,11707,3.330,2.450,1.390,1,3,20.982,0,0,11,36,0,8,0
22-04 16:02:30,5.249,2.250,58.493,30.497,0,1685024,711880,178400,5354328,10062.861,539.939,0,10258.839,0,742.916,4751,8522,3.330,2.450,1.390,1,1,5.999,0,0,11,36,0,8,0
22-04 16:02:31,5.998,3.749,51.233,35.488,0,1678628,716860,178412,5355692,9026.972,539.819,0,16590.435,0,1070.641,6241,11788,3.390,2.470,1.410,0,2,11.996,0,0,11,36,0,8,0
22-04 16:02:32,6.753,3.251,51.271,35.514,0,1673456,721000,178420,5356676,7046.849,540.218,0,16246.568,0,948.383,5808,10608,3.390,2.470,1.410,0,3,21.008,0,0,11,36,0,8,0
22-04 16:02:33,6.993,2.747,57.194,30.970,0.250,1669388,724076,178424,5357632,5655.433,539.469,0,11640.542,0,778.234,5080,9147,3.390,2.470,1.410,1,1,23.976,0,0,11,36,0,8,0
22-04 16:02:34,14.768,3.254,57.320,22.027,0,1669856,723172,178424,5358052,3718.571,540.665,0,13132.142,0,922.133,6356,10218,3.390,2.470,1.410,3,1,9.011,0,0,11,36,0,8,0
22-04 16:02:35,6.996,3.998,46.976,38.980,0,1669736,721452,178428,5359848,10100.831,539.724,0,18838.360,0,1135.419,6470,12201,3.390,2.470,1.410,0,3,0,0,0,11,36,0,8,0
22-04 16:02:36,5.246,2.998,53.461,35.724,0,1667948,721876,178432,5361176,8869.475,611.550,0,14601.259,0,846.377,5479,10297,3.440,2.500,1.420,1,2,0,0,0,11,36,0,8,0
22-04 16:02:37,5.005,2.503,58.811,30.532,0,1665344,722876,178432,5362700,10687.142,834.870,0,7503.823,0,543.567,4312,7875,3.440,2.500,1.420,0,1,1.001,0,0,11,36,0,8,0
22-04 16:02:38,4.999,3.749,48.491,39.993,0,1663228,723536,178436,5364084,4858.098,749.861,0,16312.972,0,1001.814,5308,9844,3.440,2.500,1.420,1,0,0,0,0,11,36,0,8,0
22-04 16:02:39,5.751,2.750,55.008,33.755,0,1661952,722816,178440,5365972,8615.175,540.074,0,7693.050,0,574.078,4610,8055,3.440,2.500,1.420,0,1,0,0,0,11,36,0,8,0
22-04 16:02:40,5.499,3.500,49.745,38.746,0,1659800,723624,178440,5367236,6223.349,539.943,0,14358.497,0,882.908,5006,9513,3.440,2.500,1.420,0,5,0,0,0,11,36,0,8,0
22-04 16:02:41,5.001,2.500,55.257,33.504,0,1658772,723492,178448,5368352,3707.465,540.068,0,13445.688,0,857.108,5220,9846,3.480,2.530,1.440,0,3,0,0,0,11,36,0,8,0
22-04 16:02:42,5.749,2.999,55.989,33.743,0,1656948,723504,178452,5370096,8863.258,581.886,0,12345.574,0,826.838,4925,9105,3.480,2.530,1.440,0,2,0,0,0,11,36,0,8,0
22-04 16:02:43,6.006,2.753,56.559,31.533,0,1656608,722244,178456,5371652,6352.665,486.510,0,11620.192,0,785.824,4944,9264,3.480,2.530,1.440,3,1,0,0,0,11,36,0,8,0
22-04 16:02:44,6.493,3.746,49.945,36.709,0,1656544,720984,178464,5372928,4952.504,539.401,0,16425.770,0,1023.864,5788,10824,3.480,2.530,1.440,0,2,11.987,0,0,11,36,0,8,0
22-04 16:02:45,6.752,3.501,55.012,31.507,0,1657028,719976,178468,5373420,10123.276,540.121,0,14783.323,0,1061.239,6479,11772,3.480,2.530,1.440,0,1,6.001,0,0,11,36,0,8,0
22-04 16:02:46,3.250,3.000,58.994,32.747,0,1657040,719724,178468,5373652,6483.311,539.943,0,9395.002,0,672.928,4089,7470,3.440,2.530,1.450,2,2,5.999,0,0,11,36,0,8,0
22-04 16:02:47,4.500,3.250,57.750,31.000,0,1657668,718716,178476,5373976,8803.050,540.003,0,10528.060,0,764.004,5012,8647,3.440,2.530,1.450,0,2,16.000,0,0,11,36,0,8,0
22-04 16:02:48,4.748,3.748,61.723,27.238,0,1657684,718464,178476,5374200,6892.971,539.763,0,10891.213,0,854.624,5325,9842,3.440,2.530,1.450,2,1,14.993,0,0,11,36,0,8,0
22-04 16:02:49,8.012,3.756,53.833,31.549,0.250,1659340,716448,178480,5374548,4018.187,540.833,0,12899.864,0,946.457,6008,10514,3.440,2.530,1.450,1,1,18.028,0,0,11,36,0,8,0
22-04 16:02:50,6.744,3.497,60.198,26.977,0,1660992,713928,178484,5375392,10772.755,539.537,0,12033.673,0,855.266,5238,9434,3.440,2.530,1.450,1,1,8.992,0,0,11,36,0,8,0
22-04 16:02:51,8.496,3.249,53.976,31.986,0,1660820,713676,178484,5375800,8845.039,485.782,0,15245.173,0,976.563,5698,10244,3.410,2.540,1.450,2,1,8.996,0,0,11,36,0,8,0
22-04 16:02:52,6.513,3.006,58.618,29.810,0,1661472,712416,178484,5376396,4456.957,583.172,0,13210.550,0,929.869,7030,13405,3.410,2.540,1.450,4,1,15.030,0,0,11,36,0,8,0
22-04 16:02:53,6.993,2.248,58.938,28.970,0,1660824,712416,178484,5377024,8776.792,539.434,0,10217.281,0,770.192,5349,9810,3.410,2.540,1.450,5,1,18.980,0,0,11,36,0,8,0
22-04 16:02:54,7.005,3.252,61.043,26.519,0,1660484,712164,178488,5377584,8713.160,540.382,0,11920.428,0,872.617,5638,10135,3.410,2.540,1.450,1,1,21.015,0,0,11,36,0,8,0
22-04 16:02:55,25.289,11.267,48.324,14.021,0,1354976,1017516,178488,5377736,11667.786,540.824,0,8372.763,0,549.838,5718,6253,3.410,2.540,1.450,1,0,255.389,0,0,11,32,0,8,0
22-04 16:02:56,22.741,2.749,71.223,2.499,0,1423700,948776,178488,5377752,9019.542,539.793,0,1511.421,0,95.963,2052,1763,3.300,2.530,1.460,1,0,1.000,0,0,11,32,0,8,0
22-04 16:02:57,22.699,3.492,68.845,3.991,0,1487960,884516,178488,5377752,3315.537,580.693,0,3001.244,0,194.562,2395,2405,3.300,2.530,1.460,1,0,2.993,0,0,11,38,0,7,0
22-04 16:02:58,21.743,4.249,73.478,0.250,0,1394232,978260,178488,5377760,9690.094,485.854,0,191.942,0,12.996,2394,1744,3.300,2.530,1.460,2,0,26.992,0,0,11,32,0,7,0
22-04 16:02:59,22.764,3.002,73.295,0,0,1464036,908456,178488,5377760,9587.848,540.330,0,40.024,0,4.002,1885,1370,3.300,2.530,1.460,1,0,1.001,0,0,11,32,0,7,0
22-04 16:03:00,20.792,5.261,63.881,8.768,0,1362488,1009984,178492,5377776,10673.817,541.106,0,7511.353,0,391.801,3238,3715,3.300,2.530,1.460,2,0,47.096,0,0,11,32,0,7,0
22-04 16:03:01,12.245,36.236,46.233,4.998,0,1375680,996732,178492,5377836,9110.596,539.798,0,3370.741,0,171.936,8643,8875,3.110,2.510,1.450,2,0,1179.559,0,0,11,32,0,1,0
22-04 16:03:02,8.249,20.748,66.494,3.250,0,1387812,984528,178492,5377908,8536.180,539.948,0,875.916,0,51.995,6186,4961,3.110,2.510,1.450,3,0,539.948,0,0,11,32,0,1,0
22-04 16:03:03,8.485,19.466,70.377,0,0,1378316,993960,178492,5377952,9447.501,539.059,0,431.247,0,62.890,5984,4707,3.110,2.510,1.450,1,0,400.301,0,0,11,32,0,1,0
22-04 16:03:04,10.016,22.036,66.608,0,0,1381684,990532,178492,5378416,4960.065,540.880,0,40.065,0,10.016,6687,6353,3.110,2.510,1.450,2,0,424.691,0,0,11,32,0,1,0
22-04 16:03:05,32.685,12.475,54.142,0,0,1443500,928692,178500,5378444,4758.483,538.922,0,15.968,0,1.996,5355,6132,3.110,2.510,1.450,2,0,192.615,0,0,11,33,0,1,0
22-04 16:03:06,43.003,7.250,43.503,5.500,0,1545352,826716,178504,5378568,11959.744,486.030,0,1656.103,0,209.013,2991,1508,3.020,2.500,1.460,2,0,2.000,0,0,11,33,0,1,0
22-04 16:03:07,43.993,3.499,48.242,3.249,0,1611628,760216,178520,5378776,11019.181,539.911,103.983,359.941,1.000,22.996,3649,2950,3.020,2.500,1.460,2,0,19.997,0,0,11,49,0,1,0
22-04 16:03:08,32.322,10.273,54.872,2.004,0,1655256,712084,178576,5382800,13949.099,541.207,4.009,1767.942,1.002,164.366,5149,8113,3.020,2.500,1.460,1,0,155.346,0,0,11,48,0,1,0
22-04 16:03:09,20.462,17.467,61.136,0,0,1680872,686340,178580,5382828,9232.774,538.994,0,187.650,0,12.976,7348,22867,3.020,2.500,1.460,1,0,347.352,0,0,11,48,0,1,0
22-04 16:03:10,2.748,1.749,94.446,0.250,0,1680588,686656,178580,5382820,9252.729,539.693,0,167.904,0,14.991,1515,2067,3.020,2.500,1.460,0,0,29.983,0,0,11,48,0,1,0
22-04 16:03:11,0.750,1.000,98.018,0.250,0,1680588,686656,178580,5382820,10129.838,634.115,0,312.057,0,22.004,795,1024,2.780,2.460,1.450,0,0,3.001,0,0,11,48,0,1,0
22-04 16:03:12,0.250,0.250,97.998,0,0,1678548,688696,178580,5382820,5305.869,539.987,0,4.000,0,1.000,719,989,2.780,2.460,1.450,0,0,3.000,0,0,11,48,0,1,0
22-04 16:03:13,1.249,0.500,98.408,0.250,0,1674868,692376,178580,5382820,3682.550,539.495,0,587.450,0,72.932,706,955,2.780,2.460,1.450,0,0,0.999,0,0,11,48,0,1,0
22-04 16:03:14,10.266,9.515,78.373,0,0,1662696,704444,178580,5383380,11976.829,486.765,0,0,0,0,4707,5445,2.780,2.460,1.450,1,0,202.318,0,0,11,48,0,1,0
22-04 16:03:15,14.532,13.781,71.409,0,0,1705296,661800,178580,5382956,9607.369,541.204,0,4.009,0,1.002,5050,5922,2.780,2.460,1.450,1,0,262.584,0,0,11,48,0,1,0
22-04 16:03:16,15.754,17.255,65.268,0,0,1688012,679012,178580,5383188,10502.831,778.210,0,0,0,0,6644,6974,2.640,2.430,1.450,1,0,356.096,0,0,12,48,0,1,0
22-04 16:03:17,15.449,11.462,69.270,2.741,0,1687172,679712,178580,5383144,7223.969,538.210,0,574.090,0,44.851,5337,6556,2.640,2.430,1.450,0,0,251.164,0,0,12,64,0,1,0
22-04 16:03:18,8.000,11.750,78.502,0,0,1679956,686864,178580,5383608,10114.211,540.011,0,20.000,0,5.000,4326,4513,2.640,2.430,1.450,1,0,204.004,0,0,14,64,0,1,0
22-04 16:03:19,15.051,14.298,69.986,0,0,1684736,682080,178580,5383204,7233.358,541.825,0,20.068,0,4.014,5600,5981,2.640,2.430,1.450,1,0,272.919,0,0,14,66,0,1,0
22-04 16:03:20,9.495,19.239,69.712,0,0,1665032,701740,178584,5383236,4185.712,581.682,0,15.991,0,3.998,5825,4647,2.640,2.430,1.450,2,0,397.783,0,0,14,66,0,1,0
22-04 16:03:21,17.256,15.005,65.773,0,0,1666892,699868,178584,5383252,13053.604,582.205,0,32.011,0,8.003,6538,8617,2.590,2.420,1.450,2,0,262.092,0,0,14,66,0,1,0
22-04 16:03:22,28.660,24.174,45.855,0.249,0,1770632,596052,178592,5383320,10350.384,484.473,0,602.103,0,12.959,7048,6137,2.590,2.420,1.450,2,0,623.037,0,0,14,66,0,1,0
22-04 16:03:23,29.581,24.317,44.623,1.755,0,1811004,554020,178672,5384796,6419.642,541.488,8.022,3722.229,1.003,278.766,7593,9077,2.590,2.420,1.450,2,0,625.720,0,0,14,70,0,3,0
22-04 16:03:24,34.915,21.448,42.646,0.499,0,1894072,470640,178684,5385416,9970.701,538.687,119.708,1616.062,2.993,13.966,6479,6359,2.590,2.420,1.450,3,1,377.081,0,0,14,70,0,3,0
22-04 16:03:25,64.417,19.801,13.284,2.256,0,2006412,352680,178796,5390916,6863.775,541.402,5077.148,761.973,86.223,20.052,6465,6776,2.590,2.420,1.450,4,0,409.059,0,0,14,70,0,3,0
22-04 16:03:26,59.254,21.162,18.673,0.498,0,2118884,239424,178816,5391876,10792.270,846.492,0,294.778,0,21.909,6810,9156,2.620,2.430,1.460,3,0,387.394,0,0,14,70,1,3,0
22-04 16:03:27,69.571,24.613,4.521,0.753,0,2253432,165908,173524,5336380,6696.871,616.844,172.797,2302.615,10.046,99.458,5304,5759,2.620,2.430,1.460,3,2,524.417,0,0,14,70,1,3,0
22-04 16:03:28,69.249,18.250,5.000,7.000,0,2408032,165056,172136,5187744,5259.927,613.992,1971.973,7675.894,140.998,213.997,7502,8136,2.620,2.430,1.460,2,5,263.996,0,0,14,74,1,3,0
22-04 16:03:29,47.238,23.744,13.496,13.996,0,2503576,199436,171128,5061576,11039.105,613.839,5882.457,8617.740,263.931,672.824,9897,13576,2.620,2.430,1.460,3,2,544.857,0,0,14,76,1,3,0
22-04 16:03:30,54.514,17.254,12.253,15.004,0,2580588,183648,170588,5002472,7260.827,560.141,704.177,12371.113,31.008,271.068,8223,13057,2.620,2.430,1.460,2,2,276.069,0,0,14,77,1,3,0
22-04 16:03:31,56.079,7.477,16.201,19.939,0,2728496,174972,170092,4866988,13221.613,612.130,3.988,9307.569,0.997,316.035,6732,8476,2.890,2.490,1.480,2,2,1.994,0,0,14,79,1,3,0
22-04 16:03:32,68.321,14.765,14.015,3.003,0,2819192,150600,170204,4802012,9680.118,540.565,488.511,2030.122,49.051,100.105,7814,17943,2.890,2.490,1.480,5,4,226.236,0,0,14,82,1,8,0
22-04 16:03:33,42.545,23.275,32.034,1.251,0,2872952,164724,170212,4735744,9527.185,614.657,16.017,1741.862,4.004,95.102,10693,16286,2.890,2.490,1.480,2,0,582.623,0,0,14,97,1,15,0
22-04 16:03:34,22.004,13.002,57.009,6.501,0,2897032,139224,170216,4737616,9430.570,540.090,852.142,3296.549,26.004,331.055,6633,7815,2.890,2.490,1.480,3,0,231.038,0,0,14,97,1,15,0
22-04 16:03:35,45.880,9.226,40.145,3.990,0,3024112,145140,170216,4606996,4712.673,538.591,474.758,3714.285,20.945,180.528,3850,2875,2.890,2.490,1.480,2,0,76.799,0,0,14,98,1,15,0
22-04 16:03:36,17.770,14.516,62.070,4.255,0,3046384,189200,170236,4542060,5727.457,630.711,0,1505.698,0,92.104,5512,5286,2.740,2.470,1.480,1,0,257.290,0,0,14,101,1,15,0
22-04 16:03:37,8.257,18.765,71.307,0,0,3060052,175500,170236,4542092,10051.999,560.446,0,12.010,0,3.002,5730,4330,2.740,2.470,1.480,3,0,364.290,0,0,14,101,1,15,0
22-04 16:03:38,7.987,19.718,70.138,0.499,0,3068072,167256,170236,4542300,7012.784,539.138,323.483,143.770,16.973,12.979,5762,4556,2.740,2.470,1.480,1,0,370.408,0,0,14,101,1,15,0
22-04 16:03:39,20.227,3.746,74.666,0.749,0,3125108,177056,170236,4477156,12506.966,2503.191,459.484,443.502,13.984,73.917,1971,1344,2.740,2.470,1.480,1,0,0,0,0,14,102,1,15,0
22-04 16:03:40,18.522,2.753,76.591,0.751,0,3069384,232756,170240,4477176,28564.840,21203.118,12.014,288.342,3.004,16.019,2875,2982,2.740,2.470,1.480,2,0,17.020,0,0,14,103,1,16,0
22-04 16:03:41,21.042,5.261,73.397,0,0,3144416,157708,170240,4477192,9249.567,541.086,0,268.539,0,16.032,2191,1618,2.600,2.440,1.480,1,0,46.093,0,0,14,103,1,16,0
22-04 16:03:42,16.158,2.237,79.546,0.994,0,3150564,151532,170248,4477216,13799.321,6974.235,7.955,469.324,1.989,49.717,2662,3068,2.600,2.440,1.480,2,1,1.989,0,0,14,110,1,16,0
22-04 16:03:43,21.557,5.264,65.422,6.517,0,3152288,148888,170252,4478132,5041.238,541.422,465.222,1860.887,29.076,202.532,5174,7677,2.600,2.440,1.480,1,0,3.008,0,0,14,113,1,16,0
22-04 16:03:44,28.812,10.021,53.615,5.512,0,3177000,189320,170124,4414612,6274.436,1728.702,12.026,4156.901,3.006,118.253,5526,6408,2.600,2.440,1.480,1,0,115.247,0,0,14,116,1,18,0
22-04 16:03:45,20.706,2.994,72.096,3.742,0,3245544,120776,170124,4414612,10327.957,2520.620,0,2562.531,0,156.666,2134,2051,2.600,2.440,1.480,1,0,0.998,0,0,14,119,1,18,0
22-04 16:03:46,19.502,2.500,74.757,2.000,0,3247124,119012,170204,4414716,12377.127,6615.603,108.010,592.054,7.001,41.004,2438,2387,2.470,2.420,1.470,1,0,2.000,0,0,14,123,1,18,0
22-04 16:03:47,26.318,6.517,61.910,5.013,0,3221156,208944,170208,4352296,11081.596,2167.593,8.021,2061.319,2.005,179.463,4931,6615,2.470,2.420,1.470,2,0,15.039,0,0,14,122,1,19,0
22-04 16:03:48,41.638,10.970,45.876,1.745,0,3360396,133948,170208,4289848,9323.845,538.547,0,757.955,0,50.863,3898,2971,2.470,2.420,1.470,3,0,92.750,0,0,14,122,1,19,0
22-04 16:03:49,25.022,5.505,61.554,6.506,0,3352172,205096,170208,4228472,36435.027,23230.420,180.158,4780.202,1.001,115.101,3089,2162,2.470,2.420,1.470,1,0,55.048,0,0,14,122,1,20,0
22-04 16:03:50,20.235,3.248,75.693,0,0,3421980,135456,170208,4228356,11846.060,2504.110,0,411.689,0,23.982,1802,1384,2.470,2.420,1.470,1,0,0,0,0,14,123,1,20,0
22-04 16:03:51,17.753,5.001,76.262,0,0,3401712,155576,170208,4228504,30842.920,21181.379,0,144.023,0,9.001,2550,1996,2.350,2.400,1.470,1,0,51.008,0,0,14,122,1,21,0
22-04 16:03:52,18.772,2.503,77.842,0.250,0,3431256,126016,170208,4228520,41128.615,6199.328,8.009,140.166,2.002,14.017,2174,1621,2.350,2.400,1.470,1,0,0,0,0,14,123,1,21,0
22-04 16:03:53,17.526,5.759,72.359,2.754,0,3388972,168240,170208,4228564,8608.002,2457.712,8.012,1005.519,2.003,108.163,4061,4678,2.350,2.400,1.470,1,0,83.126,0,0,14,124,1,22,0
22-04 16:03:54,29.426,5.486,52.119,12.469,0,3430912,126056,170208,4228792,5983.973,863.831,0,6970.495,0,497.750,6856,11306,2.350,2.400,1.470,0,0,29.925,0,0,14,132,2,24,0
22-04 16:03:55,15.258,4.753,78.793,0,0,3380856,176088,170208,4228816,32553.966,22848.610,0,436.241,0,24.013,2621,2138,2.350,2.400,1.470,1,0,55.030,0,0,14,132,1,25,0
22-04 16:03:56,19.978,2.997,76.167,0.250,0,3404116,152828,170208,4228816,8383.894,2503.281,0,419.544,0,24.973,1867,1481,2.160,2.360,1.460,0,0,0,0,0,14,133,1,25,0
22-04 16:03:57,18.804,3.761,71.957,4.012,0,3405060,151772,170208,4228928,16391.183,5241.087,0,1400.030,0,200.577,5066,7693,2.160,2.360,1.460,1,0,2.006,0,0,14,136,1,25,0
22-04 16:03:58,21.763,6.004,65.038,6.004,0,3382828,173948,170208,4228984,8961.286,1781.051,0,2333.376,0,197.116,5045,6857,2.160,2.360,1.460,1,0,53.031,0,0,14,135,1,27,0
22-04 16:03:59,18.990,2.749,75.960,1.499,0,3434904,121868,170208,4228988,7243.203,2922.468,0,1391.271,0,70.963,2017,1924,2.160,2.360,1.460,1,0,0,0,0,14,136,1,27,0
22-04 16:04:00,17.753,3.501,76.763,1.000,0,3427520,129096,170208,4229144,21210.455,8255.345,32.005,1004.164,2.000,81.013,3397,4356,2.160,2.360,1.460,7,0,0,0,0,14,136,1,27,0
22-04 16:04:01,30.719,5.245,58.192,4.246,0,3347824,208680,170208,4229256,11033.964,1424.575,0,1674.325,0,183.816,7055,10478,2.150,2.350,1.470,3,0,3.996,0,0,14,135,1,28,0
22-04 16:04:02,23.254,6.251,63.760,6.001,0,3424288,132172,170208,4229284,4859.798,540.089,0,4624.759,0,280.046,3622,4421,2.150,2.350,1.470,1,0,74.012,0,0,14,135,1,28,0
22-04 16:04:03,13.980,1.997,80.635,1.498,0,3424160,132268,170208,4229316,18325.878,8948.245,0,1070.474,0,111.841,3015,4002,2.150,2.350,1.470,1,0,0.999,0,0,14,136,1,28,0
22-04 16:04:04,18.236,8.993,70.446,1.749,0,3388476,167936,170208,4229332,9740.593,1739.677,0,1346.976,0,141.892,3562,3248,2.150,2.350,1.470,1,0,146.888,0,0,14,137,1,29,0
22-04 16:04:05,17.752,2.750,78.509,0.750,0,3408176,148224,170208,4229344,19992.288,7957.911,0,1568.179,0,41.005,2131,1899,2.150,2.350,1.470,1,0,0,0,0,14,138,1,29,0
22-04 16:04:06,18.298,3.760,72.191,4.763,0,3407652,148704,170212,4229384,13526.821,4623.243,0,1239.282,0,130.345,5441,8472,1.980,2.310,1.460,2,0,0,0,0,14,138,1,29,0
22-04 16:04:07,32.515,8.004,54.775,2.751,0,3410060,146004,170212,4229660,7399.374,2062.941,32.015,1248.569,2.001,116.053,12097,20908,1.980,2.310,1.460,5,0,6.003,0,0,14,141,1,29,1
22-04 16:04:08,36.162,12.220,47.634,2.993,0,3393444,162544,170212,4229736,11216.629,1125.254,0,1576.154,0,139.659,7893,11354,1.980,2.310,1.460,1,0,285.304,0,0,14,141,1,30,0
22-04 16:04:09,22.976,4.495,69.428,1.748,0,3434184,184124,170212,4168852,14070.397,7208.519,23.975,1230.723,1.998,43.954,2944,12241,1.980,2.310,1.460,1,0,35.963,0,0,14,143,1,31,0
22-04 16:04:10,13.052,16.064,69.778,0.753,0,3373648,244628,170212,4168884,10166.500,1404.595,0,722.880,0,42.168,5420,4564,1.980,2.310,1.460,1,0,341.360,0,0,14,141,1,31,0
22-04 16:04:11,13.449,17.932,66.747,0.996,0,3347824,270416,170216,4168916,7330.206,631.605,0,589.764,0,39.849,6333,6362,1.900,2.290,1.450,1,0,361.629,0,0,14,141,1,31,0
22-04 16:04:12,26.355,20.582,52.710,0,0,3400768,217308,170220,4169080,10040.916,542.155,0,16.064,0,4.016,6961,7223,1.900,2.290,1.450,2,0,435.732,0,0,14,141,1,31,0
22-04 16:04:13,33.392,20.434,42.363,2.492,0,3458920,158660,170232,4169920,6990.314,608.027,43.858,1511.096,5.981,84.725,7208,7925,1.900,2.290,1.450,3,0,452.531,0,0,14,144,1,31,2
22-04 16:04:14,39.564,19.031,39.314,0.501,0,3549756,129056,170232,4110168,6906.201,540.877,148.240,236.383,8.013,14.023,7191,7922,1.900,2.290,1.450,3,0,463.752,0,0,16,147,1,31,2
22-04 16:04:15,56.962,25.983,10.493,5.996,0,3699816,172868,169992,3919160,7618.890,539.638,63.957,5180.525,9.993,509.658,8084,13347,1.900,2.290,1.450,10,0,518.652,0,0,16,153,1,31,2
22-04 16:04:16,52.054,17.018,30.281,0,0,3776936,145744,169992,3869612,9854.170,540.558,32.033,420.434,3.003,29.030,8053,14102,1.910,2.280,1.460,3,0,310.320,0,0,16,169,1,31,2
22-04 16:04:17,36.790,22.775,37.791,1.502,0,3847108,176432,169884,3770768,6020.609,486.534,8.009,888.976,2.002,35.038,7663,7043,1.910,2.280,1.460,2,0,629.691,0,0,16,171,1,31,0
22-04 16:04:18,20.987,17.239,60.711,0.250,0,3881148,142424,169888,3771192,8769.389,629.597,7.995,599.616,1.999,36.976,7580,9847,1.910,2.280,1.460,1,0,368.764,0,0,17,171,1,31,0
22-04 16:04:19,28.004,20.253,50.008,0.250,0,3932008,145784,169888,3717792,6587.015,540.083,4.001,296.046,1.000,17.003,6325,5585,1.910,2.280,1.460,2,0,474.073,0,0,17,171,1,31,0
22-04 16:04:20,36.632,16.696,44.607,0.748,0.249,3993316,123040,169896,3680140,10082.577,538.269,15.949,2149.089,3.987,36.881,7364,9378,1.910,2.280,1.460,2,0,325.952,0,0,17,177,1,31,0
22-04 16:04:21,32.624,24.904,37.854,4.234,0,4061884,138140,169896,3598284,6192.088,537.923,15.938,8475.272,0.996,643.515,8953,9774,2.160,2.330,1.480,9,0,638.534,0,0,17,177,1,31,0
22-04 16:04:22,34.214,26.667,34.717,3.522,0,4181388,162644,169904,3457560,3955.755,543.401,24.151,1066.675,6.038,55.346,11608,19545,2.160,2.330,1.480,1,0,692.333,0,0,17,189,1,31,0
22-04 16:04:23,14.009,17.261,66.541,0.750,0,4192452,151548,169904,3457936,4370.674,610.373,0,368.225,0,23.014,6298,7331,2.160,2.330,1.480,1,0,330.202,0,0,17,189,1,31,0
22-04 16:04:24,33.265,12.256,51.774,2.001,0,4284352,149680,169904,3368312,9157.193,540.247,344.158,508.233,7.003,27.012,5337,5689,2.160,2.330,1.480,2,0,189.087,0,0,17,195,1,31,0
22-04 16:04:25,42.845,6.477,46.083,2.491,0,4399924,120008,170020,3284968,9938.996,484.246,745.300,115.581,21.921,14.946,3133,1836,2.160,2.330,1.480,2,0,0.996,0,0,17,195,1,31,0
22-04 16:04:26,34.333,9.022,54.882,1.754,0,4370268,258816,170012,3177876,8886.393,541.303,164.396,661.593,5.012,54.130,4136,4060,2.300,2.360,1.490,3,0,147.355,0,0,17,214,0,31,0
22-04 16:04:27,32.745,24.496,39.494,2.250,0,4429520,198464,170020,3178936,9288.516,539.914,919.853,787.874,9.998,58.991,7452,7458,2.300,2.360,1.490,2,0,590.906,0,0,17,219,0,29,0
22-04 16:04:28,36.998,20.499,37.998,3.000,0,4475612,150484,170028,3180764,19110.935,9314.481,919.949,515.971,15.999,32.998,7804,10470,2.300,2.360,1.490,2,0,400.978,0,0,17,223,0,30,0
22-04 16:04:29,69.973,15.494,13.745,0.750,0,4561864,122164,170040,3124120,9129.456,539.790,143.944,983.618,6.997,16.993,4896,4507,2.300,2.360,1.490,3,0,159.938,0,0,17,224,0,30,0
22-04 16:04:30,47.105,10.468,24.176,16.699,0,4647512,150236,170068,3013956,14934.039,10432.891,2073.618,1415.643,85.736,47.853,5112,4921,2.300,2.360,1.490,0,2,24.923,0,0,17,239,0,30,0
22-04 16:04:31,54.979,8.787,20.837,15.565,0,4645692,183548,170132,2983080,11453.744,1654.898,5523.022,1695.066,410.712,147.615,6008,6840,2.360,2.370,1.500,1,1,33.138,0,0,17,244,0,31,0
22-04 16:04:32,38.281,21.768,37.781,0.751,0,4696636,172368,170136,2944608,17433.160,6204.039,68.055,912.741,6.005,40.033,8210,9731,2.360,2.370,1.500,4,0,514.418,0,0,17,242,0,35,0
22-04 16:04:33,31.626,17.432,43.081,6.475,0,4643524,224472,170140,2945720,10212.868,5783.274,39.843,12873.413,3.984,223.123,7945,10983,2.360,2.370,1.500,4,0,292.849,0,0,17,241,0,36,0
22-04 16:04:34,55.361,25.301,19.289,0.251,0,4751208,155732,170144,2907944,13679.541,2511.056,4.008,709.428,1.002,37.075,7196,7554,2.360,2.370,1.500,2,0,585.178,0,0,17,244,0,36,0
22-04 16:04:35,51.965,18.987,19.487,8.244,0,4814088,140820,170504,2860420,16610.792,9462.615,1490.994,5444.326,70.952,239.838,8765,12557,2.360,2.370,1.500,6,0,303.795,0,0,17,245,0,28,0
22-04 16:04:36,60.901,24.812,12.782,1.754,0,4871276,137380,170508,2807832,10869.015,541.346,184.458,713.774,5.012,44.110,7674,10122,2.490,2.390,1.510,6,0,547.360,0,0,17,247,0,28,0
22-04 16:04:37,48.003,17.751,28.752,4.750,0,4918448,149216,170524,2749468,20180.293,10393.666,572.037,6148.394,34.002,309.020,9448,16331,2.490,2.390,1.510,4,0,266.017,0,0,17,260,0,29,0
22-04 16:04:38,69.714,15.492,10.495,3.998,0,4999932,131752,170528,2686768,7348.251,1581.193,603.692,751.617,13.993,41.979,8985,12711,2.490,2.390,1.510,3,0,129.934,0,0,17,259,0,30,0
22-04 16:04:39,49.676,7.489,38.693,3.245,0,5074220,153676,170084,2593604,24110.261,15315.298,1154.289,1102.366,71.893,59.911,5114,5005,2.490,2.390,1.510,7,0,5.991,0,0,17,263,0,34,1
22-04 16:04:40,56.599,10.268,28.300,3.757,0,5107168,155384,170088,2559908,12252.470,5632.870,1182.071,977.713,29.051,91.160,5910,7241,2.490,2.390,1.510,4,0,25.044,0,0,17,269,0,36,0
22-04 16:04:41,38.623,25.167,28.655,6.728,0,5074584,184044,170344,2563492,13453.605,8501.945,4038.673,1657.530,60.799,56.813,8602,10071,2.530,2.410,1.520,5,0,581.082,0,0,17,271,0,36,0
22-04 16:04:42,52.330,19.530,18.278,9.014,0,5073084,185316,170344,2564032,16830.735,3479.320,841.286,16429.121,11.017,1189.819,7531,8500,2.530,2.410,1.520,4,0,323.495,0,0,17,269,0,37,0
22-04 16:04:43,59.726,17.243,19.992,2.499,0,5159708,124632,170348,2538432,18889.508,10385.881,899.643,1107.561,18.992,44.982,5627,5136,2.530,2.410,1.520,3,0,221.912,0,0,18,273,0,36,0
22-04 16:04:44,76.177,11.739,4.745,6.244,0,5229484,152332,170348,2443960,13353.267,1646.430,3748.426,1314.746,179.829,71.931,6445,5916,2.530,2.410,1.520,4,0,17.983,0,0,18,276,0,37,0
22-04 16:04:45,79.440,10.776,6.766,3.258,0,5317796,149244,170384,2360924,17291.324,8358.977,1459.488,2321.548,65.156,181.434,7167,9446,2.530,2.410,1.520,4,0,25.060,0,0,18,278,0,41,0
22-04 16:04:46,39.363,13.951,42.851,2.491,0,5347144,119928,170388,2361044,11373.418,4659.783,833.101,932.754,10.962,65.771,5744,6301,2.490,2.400,1.520,3,0,218.240,0,0,18,284,0,42,0
22-04 16:04:47,38.237,8.497,49.483,2.999,0,5365348,133392,170396,2330648,23867.785,8733.994,823.716,687.763,10.996,58.980,4085,3487,2.490,2.400,1.520,5,0,15.994,0,0,18,289,0,40,0
22-04 16:04:48,37.465,11.489,47.456,1.748,0,5295788,185976,170396,2347592,16543020.384,145037.846,1586.533,779.279,14.986,66.938,10648,7035,2.490,2.400,1.520,3,0,102.905,0,0,18,288,0,41,0
22-04 16:04:49,44.543,12.762,41.040,1.501,0,5380080,150236,170396,2301084,17283.816,6259.090,1725.679,9228.979,20.019,67.065,4630,3902,2.490,2.400,1.520,4,0,173.168,0,0,18,291,0,41,0
22-04 16:04:50,29.779,4.755,63.811,0.751,0,5372628,157596,170396,2301180,24553.519,14863.237,0,756.725,0,73.070,3569,4075,2.490,2.400,1.520,5,1,7.007,0,0,18,300,0,43,0
22-04 16:04:51,27.897,4.483,59.530,4.982,0,5421828,137892,170396,2272396,224577.763,8922187.725,478.232,757.201,25.904,70.738,5315,6241,2.370,2.370,1.520,1,0,1.993,0,0,18,299,0,42,0
22-04 16:04:52,21.313,3.510,71.711,1.254,0,5408456,151236,170396,2272564,8042047.713,7525017.846,4.012,581.715,1.003,53.157,6299,5640,2.370,2.370,1.520,1,0,37.109,0,0,18,302,0,43,0
22-04 16:04:53,18.560,9.531,64.960,6.019,0,5313160,230280,170408,2288740,8737664.279,88239.667,112.364,6071.656,6.019,253.822,8471,9717,2.370,2.370,1.520,2,0,143.464,0,0,18,300,0,47,0
22-04 16:04:54,15.690,11.954,69.234,1.494,0,5360744,182588,170408,2288832,4377.152,537.930,59.770,15077.965,2.988,31.877,4494,4169,2.370,2.370,1.520,1,0,321.762,0,0,18,300,0,47,0
22-04 16:04:55,18.305,9.779,71.464,0.251,0,5369884,173432,170408,2288848,9329.959,541.623,0,453.359,0,31.093,3741,3039,2.370,2.370,1.520,2,0,144.433,0,0,18,300,0,43,0
22-04 16:04:56,8.005,19.513,70.045,0.500,0,5369564,173716,170408,2288884,7604.916,528.342,0,3346.163,0,34.022,6002,4822,2.260,2.350,1.520,1,0,380.246,0,0,18,300,0,43,0
22-04 16:04:57,3.490,6.730,86.993,0.997,0,5370420,172824,170408,2288920,9220.720,538.407,3.988,287.150,0.997,29.912,3007,3123,2.260,2.350,1.520,0,0,145.569,0,0,18,300,0,43,0
22-04 16:04:58,15.992,3.248,79.712,0.250,0,5422224,121016,170408,2288924,8799.836,539.745,0,259.877,0,20.990,2001,1908,2.260,2.350,1.520,2,0,8.996,0,0,18,300,0,43,0
22-04 16:04:59,17.763,3.252,78.058,1.001,0,5368804,204320,170408,2260072,18860.962,9348.921,64.047,112.083,4.003,15.011,2615,2564,2.260,2.350,1.520,1,0,6.004,0,0,18,308,0,43,1
22-04 16:05:00,12.530,14.786,71.173,0.752,0,5272712,300176,170412,2260292,7974.386,673.638,12.029,64.156,3.007,4.010,4948,3860,2.260,2.350,1.520,1,0,215.524,0,0,18,308,0,42,0
22-04 16:05:01,12.253,16.504,70.018,0,0,5278084,294588,170412,2260476,5129.336,540.141,4.001,380.099,1.000,6.002,5365,4206,2.160,2.330,1.520,2,0,233.061,0,0,18,308,0,42,0
22-04 16:05:02,17.944,10.218,69.531,1.246,0,5320304,252148,170412,2260680,4829.812,538.307,3.987,486.470,0.997,39.875,4048,3715,2.160,2.330,1.520,1,0,153.517,0,0,18,308,0,42,0
22-04 16:05:03,23.303,3.508,66.402,5.513,0,5382892,189264,170412,2260976,10196.306,541.237,280.641,5235.968,10.023,596.363,3074,2859,2.160,2.330,1.520,1,0,4.009,0,0,18,312,0,42,0
22-04 16:05:04,22.705,2.745,72.108,1.497,0,5322584,249260,170412,2261288,6550.062,485.042,299.409,479.054,11.976,43.913,2614,2494,2.160,2.330,1.520,2,0,8.982,0,0,18,312,0,40,0
22-04 16:05:05,22.750,3.000,72.749,1.000,0,5386168,185652,170412,2261312,9105.933,539.996,24.000,259.998,4.000,14.000,2027,1643,2.160,2.330,1.520,1,0,0,0,0,18,312,0,40,0
22-04 16:05:06,17.004,4.001,75.520,2.501,0,5420436,151328,170412,2261368,12568.262,6792.763,32.008,1356.352,2.001,143.037,2289,1989,2.150,2.320,1.520,0,0,3.001,0,0,18,315,0,40,0
22-04 16:05:07,16.246,1.999,81.229,0,0,5347028,224592,170412,2261512,26033.223,13190.566,0,115.970,0,11.997,2674,2704,2.150,2.320,1.520,1,0,5.998,0,0,18,312,0,42,0
22-04 16:05:08,22.839,4.016,67.513,4.769,0,5378204,193408,170416,2261516,7004.337,542.116,0,3080.021,0,517.018,2692,1995,2.150,2.320,1.520,1,0,11.043,0,0,18,312,0,41,0
22-04 16:05:09,21.245,10.498,66.234,1.750,0,5365824,205468,170424,2265160,5885.602,539.872,559.867,323.923,13.997,23.994,3962,11207,2.150,2.320,1.520,3,0,180.957,0,0,18,313,0,41,0
22-04 16:05:10,9.484,18.968,69.383,0.499,0,5373452,197676,170424,2261992,9237.484,539.094,39.933,127.785,3.993,4.992,6144,8344,2.150,2.320,1.520,1,0,436.267,0,0,18,312,0,42,0
22-04 16:05:11,21.198,3.990,74.069,0,0,5368928,202044,170568,2262004,6847.254,1693.857,115.717,23.941,4.988,1.995,2249,1829,2.050,2.300,1.520,0,0,33.917,0,0,18,313,0,42,0
22-04 16:05:12,20.500,2.250,75.751,0.750,0,5376228,188288,171200,2267732,10979.129,1814.021,124.001,844.010,4.000,15.000,1888,1607,2.050,2.300,1.520,1,0,2.000,0,0,18,312,0,40,0
22-04 16:05:13,19.250,2.500,76.001,2.250,0,5368580,194792,171204,2268860,16661.110,3481.023,84.001,848.006,6.000,43.000,2279,2209,2.050,2.300,1.520,1,0,17.000,0,0,18,313,0,40,0
22-04 16:05:14,21.497,5.249,69.739,1.750,0,5366372,191692,171740,2273480,7090.871,713.886,271.957,887.859,8.999,15.997,10665,19378,2.050,2.300,1.520,2,0,13.998,0,0,18,312,0,40,0
22-04 16:05:15,18.497,3.749,74.237,1.500,0,5337904,219620,171804,2273956,19399.612,3480.392,127.978,467.918,9.998,6.999,9973,18446,2.050,2.300,1.520,1,0,5.999,0,0,18,313,0,40,0
22-04 16:05:16,21.592,4.519,73.061,0.251,0,5332796,223212,171920,2275352,12988.245,542.307,0,486.067,0,9.038,2419,1820,1.970,2.280,1.510,1,0,15.064,0,0,18,313,0,40,0
22-04 16:05:17,14.941,12.949,68.233,2.490,0,5303236,263996,171936,2264140,3880.793,711.213,3.984,1386.567,0.996,67.735,4866,4972,1.970,2.280,1.510,1,0,268.946,0,0,18,314,0,40,0
22-04 16:05:18,21.985,2.498,74.698,0.250,0,5350136,216912,171936,2264324,11490.974,2504.251,0,251.824,0,22.984,2135,1883,1.970,2.280,1.510,0,0,0.999,0,0,18,315,0,40,0
22-04 16:05:19,15.331,7.037,76.404,0.503,0,5307932,259092,171936,2264348,18969.361,8833.736,20.106,184.979,2.011,9.048,3142,2754,1.970,2.280,1.510,1,0,116.617,0,0,18,314,0,43,0
22-04 16:05:20,21.897,2.986,74.151,0,0,5383892,183112,171936,2264368,7977.462,2233.490,0,0,0,0,2042,1618,1.970,2.280,1.510,1,0,0,0,0,18,315,0,43,0
22-04 16:05:21,17.311,5.770,75.517,0.753,0,5371296,195696,171936,2264380,15698.402,7665.051,0,16068.709,0,24.085,2762,2385,1.890,2.260,1.510,1,0,70.248,0,0,18,314,0,44,0
22-04 16:05:22,19.741,2.999,76.964,0,0,5375448,191532,171936,2264392,15307.797,6316.028,0,107.949,0,2.999,2192,1903,1.890,2.260,1.510,1,0,0,0,0,18,315,0,44,0
22-04 16:05:23,18.768,5.505,73.819,0.500,0,5351488,215412,171936,2264472,16663.595,7860.356,64.060,308.289,4.004,23.022,3067,2757,1.890,2.260,1.510,1,0,58.054,0,0,18,314,0,45,0
22-04 16:05:24,19.175,2.490,77.199,0,0,5395028,171856,171936,2264488,11448.383,6228.725,0,159.379,0,10.957,1894,1597,1.890,2.260,1.510,1,0,0,0,0,18,315,0,45,0
22-04 16:05:25,20.797,4.510,74.169,0.251,0,5401588,165284,171936,2264500,10533.009,5059.533,12.027,0,1.002,0,2613,2219,1.890,2.260,1.510,2,0,32.073,0,0,18,314,0,49,0
22-04 16:05:26,20.709,3.743,74.601,0.250,0,5424812,141900,171936,2264644,15971.154,6240.556,0,123.753,0,13.972,3443,4274,1.820,2.240,1.510,1,0,2.994,0,0,18,317,0,49,0
22-04 16:05:27,16.294,5.264,76.206,1.253,0,5327532,239044,171936,2264780,12232.077,5817.732,144.390,597.616,9.024,62.168,3616,3992,1.820,2.240,1.510,4,0,49.133,0,0,18,316,1,50,0
22-04 16:05:28,20.184,2.990,74.505,0.997,0,5362128,204268,171936,2264960,14389.689,6232.508,0,370.781,0,29.902,2579,2588,1.820,2.240,1.510,1,0,1.993,0,0,18,317,0,50,0
22-04 16:05:29,19.756,5.002,71.272,3.001,0,5345620,220764,171936,2264972,13137.967,5049.525,0,2212.668,0,362.109,2770,2193,1.820,2.240,1.510,1,0,32.010,0,0,18,316,0,53,0
22-04 16:05:30,19.585,2.762,77.838,0.251,0,5346896,219480,171936,2264980,19665.270,6280.232,0,305.324,0,10.044,2158,1821,1.820,2.240,1.510,1,0,0,0,0,18,317,0,53,0
22-04 16:05:31,12.246,6.748,78.975,0.250,0.250,5318472,247884,171936,2265000,14334.430,5724.175,0,627.800,0,38.988,3645,3701,1.750,2.220,1.500,1,0,145.953,0,0,18,316,0,54,0
22-04 16:05:32,3.734,2.738,90.364,1.992,0,5318472,247384,172256,2265180,10430.495,3804.766,406.267,390.335,71.694,25.890,1992,2456,1.750,2.220,1.500,0,0,34.851,0,0,18,318,0,48,0
22-04 16:05:33,5.750,6.500,85.001,1.500,0,5309332,256452,172268,2265240,17521.200,3542.040,0,668.008,0,54.001,3257,3657,1.750,2.220,1.500,0,0,127.001,0,0,18,320,0,49,0
22-04 16:05:34,7.750,10.500,78.253,1.250,0,5319424,246124,172268,2265476,11769.407,1539.053,156.005,220.008,10.000,14.000,3937,3297,1.750,2.220,1.500,0,1,208.007,0,0,18,318,0,50,0
22-04 16:05:35,15.755,3.501,72.024,8.253,0,5328808,226052,172632,2275796,9351.096,486.161,2888.957,440.146,208.069,13.004,2152,2025,1.750,2.220,1.500,1,0,6.002,0,0,18,318,0,50,0
22-04 16:05:36,17.554,2.508,76.235,3.260,0,5339672,211520,172788,2279224,14387.407,2624.099,68.211,2419.468,4.012,120.372,2151,1986,1.690,2.200,1.500,0,1,16.050,0,0,18,319,0,45,0
22-04 16:05:37,15.688,2.739,74.953,4.233,0,5324732,221856,172828,2283772,14924.876,2883.577,800.828,1737.118,6.972,63.747,2488,2649,1.690,2.200,1.500,1,1,11.953,0,0,18,318,0,45,0
22-04 16:05:38,10.047,13.814,70.326,5.023,0,5296144,248028,172860,2286140,9099.215,542.517,1000.642,2684.454,21.098,99.461,5475,5077,1.690,2.200,1.500,1,0,294.366,0,0,18,318,0,45,0
22-04 16:05:39,20.420,2.490,76.698,0,0,5360308,183816,172860,2286188,12768.662,2774.064,0,103.592,0,6.973,1974,1560,1.690,2.200,1.500,0,0,0,0,0,18,319,0,45,0
22-04 16:05:40,19.028,5.007,74.110,0,0,5354744,189372,172860,2286196,28398.306,20930.180,0,4.006,0,1.001,2717,2253,1.690,2.200,1.500,1,0,47.070,0,0,18,318,0,47,0
22-04 16:05:41,19.301,2.757,77.203,0.752,0,5396160,147936,172860,2286216,10131.621,6269.473,0,228.601,0,27.071,2118,1925,1.640,2.180,1.500,2,0,0,0,0,18,319,0,39,0
22-04 16:05:42,19.930,3.737,74.739,0.498,0,5399004,145052,172860,2286256,12034.943,3668.181,31.889,271.053,1.993,2.990,2531,2143,1.640,2.180,1.500,1,0,13.951,0,0,18,318,0,41,0
22-04 16:05:43,18.789,3.758,75.907,0.752,0,5360276,211148,172860,2259668,13876.768,6211.878,16.033,312.648,1.002,23.048,2311,2179,1.640,2.180,1.500,1,0,1.002,0,0,18,321,0,41,0
22-04 16:05:44,16.271,3.505,68.338,10.263,0,5346980,222832,172860,2261280,9203.838,1420.827,1553.999,3432.415,52.067,278.358,4738,7393,1.640,2.180,1.500,2,0,2.003,0,0,18,323,0,41,0
22-04 16:05:45,23.502,3.000,68.757,4.000,0,5364128,205652,172860,2261312,7052.673,1822.174,16.002,2328.222,1.000,359.034,3253,3482,1.640,2.180,1.500,1,0,5.000,0,0,18,322,0,40,0
22-04 16:05:46,15.186,1.494,81.157,0,0,5367428,202212,172860,2261452,17191.268,9956.875,0,342.551,0,16.928,2119,2025,1.510,2.140,1.490,0,0,0,0,0,18,323,0,40,0
22-04 16:05:47,19.082,11.801,66.033,3.264,0,5337172,232344,172864,2261572,8284.567,1914.218,80.345,2892.418,3.013,144.621,6397,8329,1.510,2.140,1.490,1,0,235.009,0,0,18,322,0,41,0
22-04 16:05:48,7.988,23.214,66.648,0.499,0,5343700,225752,172864,2261636,3482.649,539.172,0,994.472,0,68.894,7868,8199,1.510,2.140,1.490,1,0,788.788,0,0,18,322,0,41,0
22-04 16:05:49,8.514,22.538,67.863,0.501,0,5346668,222756,172868,2261660,9272.475,540.903,0,544.909,0,44.074,7591,7275,1.510,2.140,1.490,1,0,794.326,0,0,18,322,0,35,0
22-04 16:05:50,7.984,22.955,67.616,0,0,5325360,244000,172868,2261724,9920.376,538.934,0,530.950,0,43.913,7182,6785,1.510,2.140,1.490,2,0,717.580,0,0,18,322,0,35,0
22-04 16:05:51,7.760,23.029,65.833,2.753,0,5323524,245808,172868,2261752,4905.198,486.615,0,2611.300,0,174.220,7274,6904,1.470,2.120,1.490,1,0,656.830,0,0,18,322,0,35,0
22-04 16:05:52,7.726,21.932,67.540,0.748,0,5324032,245240,172868,2261812,9416.767,538.329,0,446.614,0,25.920,7110,6536,1.470,2.120,1.490,1,0,611.103,0,0,18,322,0,35,0
22-04 16:05:53,17.513,6.505,72.554,2.752,0,5341800,326240,173212,2173088,4281.162,540.399,32.024,1332.985,5.004,8.006,2358,2142,1.470,2.120,1.490,1,0,43.032,0,0,18,322,0,29,0
22-04 16:05:54,21.721,2.497,73.402,0.999,0,5343912,320284,173364,2176780,15600.261,1809.594,11.984,2013.324,1.997,3.995,2187,1800,1.470,2.120,1.490,1,0,15.979,0,0,18,323,0,29,0
22-04 16:05:55,11.498,1.250,81.985,4.499,0,5343248,320060,173364,2177664,24114.735,10095.215,775.863,1203.787,53.990,35.994,1726,1714,1.470,2.120,1.490,1,0,0,0,0,18,323,0,29,0
22-04 16:05:56,11.742,0.999,81.944,3.997,0,5345500,316784,173364,2178680,24216.559,13609.760,543.631,1622.898,61.958,54.963,1792,1887,1.350,2.080,1.480,0,1,0,0,0,18,323,0,29,0
22-04 16:05:57,15.005,1.500,78.526,3.501,0,5364604,296120,173448,2180148,23368.731,10757.559,1256.416,1732.573,67.022,85.028,2337,2586,1.350,2.080,1.480,1,0,1.000,0,0,18,323,0,26,0
22-04 16:05:58,14.511,1.251,77.561,5.504,0,5384824,274448,173544,2181500,25142.774,9222.253,1068.841,1457.146,54.043,69.054,1955,1944,1.350,2.080,1.480,1,0,0,0,0,18,323,0,26,0
22-04 16:05:59,12.247,2.249,76.729,8.248,0,5388200,240680,173608,2211820,13289.431,5931.407,14384.137,811.782,173.953,28.992,1788,1755,1.350,2.080,1.480,1,0,0,0,0,18,323,0,26,0
22-04 16:06:00,22.252,2.250,72.007,2.500,0,5405212,210452,174228,2224284,9863.953,540.052,0,1484.143,0,64.006,2411,2219,1.350,2.080,1.480,2,0,1.000,0,0,18,323,0,26,0
22-04 16:06:01,21.748,1.750,70.995,4.500,0,5397428,202176,174408,2239836,4207.676,539.958,0,2375.817,0,235.982,2272,1917,1.320,2.070,1.470,2,0,0,0,0,18,323,0,25,0
22-04 16:06:02,19.006,2.751,72.024,5.502,0,5413308,165648,174848,2259856,10670.494,540.177,0,3277.073,0,127.042,2550,2709,1.320,2.070,1.470,0,1,1.000,0,0,18,323,0,25,0
22-04 16:06:03,19.744,1.999,71.230,6.498,0,5412528,151800,175272,2273748,7443.866,539.845,0,2155.382,0,94.973,2517,2751,1.320,2.070,1.470,1,1,1.000,0,0,18,323,0,25,0
22-04 16:06:04,18.746,2.250,71.486,5.249,0,5409140,134928,175928,2293128,3321.368,539.897,0,2195.582,0,74.986,2288,2201,1.320,2.070,1.470,0,1,0,0,0,18,323,0,25,0
22-04 16:06:05,22.765,3.502,73.048,1.001,0,5353984,202936,176168,2279908,12733.391,714.471,4.003,824.543,1.001,30.020,2485,1966,1.320,2.070,1.470,1,0,19.013,0,0,18,322,0,25,0
22-04 16:06:06,18.255,3.001,77.023,1.250,0,5388280,164128,176232,2284356,13866.066,2824.828,0,1408.413,0,13.004,2028,1734,1.290,2.050,1.470,1,0,17.005,0,0,18,322,0,25,0
22-04 16:06:07,19.524,4.255,69.836,5.006,0,5377252,173808,176252,2285684,16452.303,1760.172,32.040,16444.293,1.001,271.335,3078,3218,1.290,2.050,1.470,0,4,19.023,0,0,18,323,0,25,0
22-04 16:06:08,17.221,4.742,60.150,15.474,0,5356548,188976,176648,2290824,13390.758,2379.048,47.920,6337.473,1.997,239.602,10863,19751,1.290,2.050,1.470,1,0,5.990,0,0,18,322,0,25,0
22-04 16:06:09,29.291,8.762,57.581,3.755,0,5417252,127764,176692,2291276,9417.325,540.765,256.363,1570.222,2.003,11.016,11786,19925,1.290,2.050,1.470,2,0,23.033,0,0,18,322,0,23,0
22-04 16:06:10,42.840,12.276,44.343,0.251,0,5362592,223296,176732,2251272,7436.636,583.226,769.618,701.475,6.013,20.042,4775,20766,1.290,2.050,1.470,1,0,55.116,0,0,18,322,0,24,0
22-04 16:06:11,22.477,5.494,69.428,0,0,5328048,257996,176732,2251216,4252.605,633.345,0,3.996,0,0.999,11140,20142,1.270,2.030,1.470,1,0,55.942,0,0,18,322,0,24,0
22-04 16:06:12,18.214,3.244,76.847,0.499,0,5346948,239096,176732,2251228,9616.808,2644.722,0,838.327,0,8.982,2267,1964,1.270,2.030,1.470,2,0,32.934,0,0,18,323,0,24,0
22-04 16:06:13,22.318,3.009,72.471,1.505,0,5350996,229392,176732,2256884,10589.233,716.180,0,962.931,0,18.055,2116,1711,1.270,2.030,1.470,1,0,3.009,0,0,18,322,0,23,0
22-04 16:06:14,15.689,1.992,78.443,2.739,0,5358132,217108,176732,2262000,16378.984,3586.981,0,1239.157,0,18.926,1866,1646,1.270,2.030,1.470,1,1,17.930,0,0,18,322,0,23,0
22-04 16:06:15,24.002,6.751,67.007,0.250,0.250,5354988,219740,176732,2262496,9552.961,540.054,0,184.019,0,3.000,19172,36486,1.270,2.030,1.470,2,0,17.002,0,0,18,322,0,23,0
22-04 16:06:16,19.577,6.024,72.787,0.502,0,5324304,261592,176772,2251304,9943.189,542.137,0,634.501,0,14.055,2711,2591,1.330,2.030,1.470,1,0,16.063,0,0,18,322,0,23,0
22-04 16:06:17,23.000,4.750,70.000,1.500,0,5315696,270244,176772,2251276,8845.032,582.002,16.000,2272.008,1.000,260.001,3331,3412,1.330,2.030,1.470,1,0,36.000,0,0,18,322,0,23,0
22-04 16:06:18,20.672,5.479,65.751,6.974,0,5333000,245232,176772,2258984,8754.789,537.959,0,3817.519,0,154.414,3435,3721,1.330,2.030,1.470,1,0,84.679,0,0,18,322,0,23,0
22-04 16:06:19,19.239,2.249,77.206,0.750,0,5353836,221292,176772,2262088,11749.344,2545.558,3.998,3.998,0.999,0.999,1975,1679,1.330,2.030,1.470,0,1,15.991,0,0,18,323,0,23,0
22-04 16:06:20,14.999,1.500,80.243,2.250,0,5360268,214600,176776,2262344,24223.818,12869.841,0,3227.709,0,99.991,2043,2221,1.330,2.030,1.470,1,0,0,0,0,18,323,0,23,0
22-04 16:06:21,7.751,1.500,85.760,3.250,0,5356268,218180,176776,2262748,158245.729,13696.534,0,1664.186,0,62.007,1790,1842,1.380,2.030,1.470,0,1,0,0,0,18,324,0,19,0
22-04 16:06:22,15.493,1.499,79.217,2.999,0,5382656,191532,176840,2262944,31371.835,9979.812,0,1183.503,0,47.980,1878,1738,1.380,2.030,1.470,0,1,0,0,0,18,324,0,19,0
22-04 16:06:23,15.508,1.751,80.043,2.501,0,5385528,188192,176964,2263268,25758.929,12308.656,0,1452.786,0,44.024,1906,1744,1.380,2.030,1.470,0,0,2.001,0,0,18,324,0,19,0
22-04 16:06:24,10.002,0.750,86.770,1.250,0,5399124,174212,177024,2263588,299360.740,11019.530,0,836.192,0,22.005,1788,1710,1.380,2.030,1.470,0,0,0,0,0,18,324,0,19,0
22-04 16:06:25,6.250,2.000,84.006,5.750,0,5395160,177580,177320,2263876,105922.022,16803.273,28.002,2464.187,4.000,108.008,2039,2308,1.380,2.030,1.470,0,0,0,0,0,18,324,0,19,0
22-04 16:06:26,12.748,1.250,81.490,3.750,0,5399396,172760,177476,2264280,42975.834,11768.585,103.988,1507.819,5.999,54.993,1828,1769,1.270,2,1.470,0,1,0,0,0,18,324,0,14,0
22-04 16:06:27,6.502,2.501,83.272,5.501,0,5406608,153260,177524,2276472,2014083.864,37249.040,32.009,2796.754,1.000,92.025,3670,3908,1.270,2,1.470,1,0,3.001,0,0,18,324,0,14,0
22-04 16:06:28,3.499,2.749,78.969,11.745,0,5391116,161148,177576,2284004,3690884.693,35913.917,0,12395.139,0,89.965,3218,2791,1.270,2,1.470,0,1,1.000,0,0,18,324,0,14,0
22-04 16:06:29,8.501,4.250,81.008,3.750,0,5396352,153168,177596,2287456,10332560.169,79973.416,0,3832.355,0,50.005,6090,5629,1.270,2,1.470,0,1,4.000,0,0,18,324,0,14,0
22-04 16:06:30,13.255,2.751,75.530,7.503,0,5405084,142444,177720,2289312,2077032.787,20637.314,164.066,13313.364,4.002,75.030,3137,3009,1.270,2,1.470,1,0,4.002,0,0,18,324,0,12,0
22-04 16:06:31,18.751,2.750,70.005,7.501,0,5413300,121004,180532,2298296,10142.761,540.041,0,4756.357,0,110.008,2688,2789,1.250,1.980,1.460,1,0,2.000,0,0,18,324,0,12,0
22-04 16:06:32,19.749,2.750,66.745,9.999,0,5417072,129300,181292,2284864,11696.137,539.960,0,2783.795,0,261.981,2581,2416,1.250,1.980,1.460,1,0,1.000,0,0,18,324,0,12,0
22-04 16:06:33,23.000,2.000,71.248,2.750,0,5412848,120100,181640,2296940,9404.796,539.988,0,1435.969,0,49.999,2655,2601,1.250,1.980,1.460,1,0,1.000,0,0,18,324,0,12,0
22-04 16:06:34,8.249,2.500,61.744,25.747,0,5408056,140460,181932,2281736,6507.330,539.944,0,11438.822,0,132.986,1954,2201,1.250,1.980,1.460,1,1,0,0,0,18,324,0,10,0
22-04 16:06:35,4.751,2.500,63.010,29.255,0,5403180,143924,182032,2282896,5812.945,540.088,0,16850.740,0,146.024,1644,1960,1.250,1.980,1.460,0,1,0,0,0,18,324,0,10,0
22-04 16:06:36,8.997,2.249,72.473,14.744,0,5405612,135792,182336,2287692,9690.364,485.818,0,18876.916,0,120.955,1821,1900,1.390,2,1.470,0,1,0,0,0,18,324,0,10,0
22-04 16:06:37,8.504,3.502,58.528,27.513,0,5403552,144108,182592,2280804,9171.454,540.262,0,23871.592,0,208.101,2516,3262,1.390,2,1.470,1,1,1.000,0,0,18,324,0,10,0
22-04 16:06:38,7.498,3.249,44.986,43.486,0,5406896,124000,182800,2297100,6229.027,539.829,3.999,31038.167,1.000,487.845,2344,2449,1.390,2,1.470,1,1,0,0,0,18,324,0,9,0
22-04 16:06:39,21.002,2.500,72.006,3.500,0,5411508,135036,183432,2280984,10518.905,540.046,0,1736.149,0,76.007,2447,2231,1.390,2,1.470,1,0,0,0,0,18,324,0,9,0
22-04 16:06:40,20.248,3.000,68.493,7.249,0,5411604,142356,184752,2272248,7050.253,539.943,0,1891.800,0,32.997,2137,1910,1.390,2,1.470,1,0,0,0,0,18,324,0,9,0
22-04 16:06:41,20.001,2.250,72.755,4.250,0,5407952,120020,185536,2295972,9001.642,540.039,0,2228.159,0,67.005,2348,2152,1.440,2,1.470,3,0,0,0,0,18,324,0,9,0
22-04 16:06:42,18.001,3.250,72.253,5.500,0,5410296,126104,186300,2286760,12070.566,1033.048,0,2056.096,0,67.003,2313,2133,1.440,2,1.470,1,0,0,0,0,18,325,0,5,0
22-04 16:06:43,19.031,3.005,76.626,0.501,0,5353340,217932,186320,2251888,9843.160,2592.256,4.007,805.322,1.002,147.242,2203,1736,1.440,2,1.470,1,0,19.031,0,0,18,322,0,5,0
22-04 16:06:44,17.474,1.747,77.383,2.995,0,5361956,204352,186644,2256352,13619.398,2819.735,0,1565.632,0,9.985,1952,1684,1.440,2,1.470,1,0,15.976,0,0,18,322,0,5,0
22-04 16:06:45,20.495,3.499,75.482,0,0,5371004,193812,186736,2257640,11222.283,1811.561,0,3.999,0,1.000,2335,2013,1.440,2,1.470,0,0,18.995,0,0,18,323,0,5,0
22-04 16:06:46,12.741,2.248,80.444,3.498,0,5363772,194724,187252,2262564,14271.995,2381.331,0,1267.112,0,18.987,1807,1665,1.400,1.980,1.470,1,0,3.997,0,0,18,322,0,4,0
22-04 16:06:47,22.273,7.508,63.065,5.255,0,5363212,194472,187284,2263212,6166.361,582.601,0,3183.284,0,48.050,11653,20822,1.400,1.980,1.470,1,0,19.020,0,0,18,322,0,4,0
22-04 16:06:48,22.497,7.249,68.241,0.750,0,5363692,193744,187332,2263380,8813.884,539.932,0,551.930,0,42.995,11061,20039,1.400,1.980,1.470,1,0,19.997,0,0,18,322,0,4,0
22-04 16:06:49,20.990,5.997,70.215,2.249,0,5329164,240604,187340,2252048,9437.304,539.731,0,11418.318,0,120.940,2673,2409,1.400,1.980,1.470,1,0,4.998,0,0,18,322,0,4,0
22-04 16:06:50,16.511,3.502,70.547,7.505,0,5353812,211456,187356,2256524,5358.542,540.357,2225.471,2165.431,317.210,47.031,2435,2686,1.400,1.980,1.470,1,0,1.001,0,0,18,322,0,3,0
22-04 16:06:51,19.057,3.511,65.698,10.782,0,5358476,205956,187360,2257356,3737.263,487.469,513.548,2050.179,22.067,120.363,5105,7457,1.370,1.960,1.470,0,1,1.003,0,0,18,325,0,8,0
22-04 16:06:52,15.452,3.240,59.814,18.941,0,5355200,208464,187364,2258116,9497.415,538.323,590.162,5371.268,33.894,408.727,5932,9696,1.370,1.960,1.470,0,1,0.997,0,0,18,325,0,9,0
22-04 16:06:53,11.754,16.505,64.520,5.752,0,5305036,258348,187364,2258396,9385.846,540.164,164.050,1280.388,3.001,95.029,6376,6397,1.370,1.960,1.470,1,0,377.114,0,0,18,324,0,9,0
22-04 16:06:54,9.742,6.744,69.693,12.490,0,5295816,262816,187364,2263148,8239.272,539.559,4824.061,2306.117,622.492,318.740,3477,3523,1.370,1.960,1.470,3,0,71.941,0,0,18,324,0,11,0
22-04 16:06:55,4.749,2.500,70.736,19.246,0,5285016,236468,187364,2300272,6228.784,539.895,37024.774,2819.450,2782.457,114.978,4843,7878,1.370,1.960,1.470,0,1,0,0,0,18,324,0,11,0
22-04 16:06:56,6.001,2.250,87.758,2.750,0,5286680,233320,187364,2301756,10013.941,1555.146,1488.140,1084.102,94.009,14.001,1557,1798,1.260,1.930,1.460,0,0,6.001,0,0,18,325,0,11,0
22-04 16:06:57,2.501,1.501,95.801,1.001,0,5283472,236292,187364,2301992,51313.470,3949.114,224.120,104.056,3.002,13.007,1343,1828,1.260,1.930,1.460,1,0,1.001,0,0,18,325,0,11,0
22-04 16:06:58,5.001,2.000,90.263,1.000,0,5282392,236756,187364,2302608,289013.799,3930.555,328.046,716.101,13.002,35.005,1795,2149,1.260,1.930,1.460,1,1,15.002,0,0,18,324,0,11,1
22-04 16:06:59,3.247,0.999,93.908,1.499,0,5277052,241736,187424,2302896,8535.647,124216.444,27.973,851.167,1.998,37.963,1227,1503,1.260,1.930,1.460,0,0,0,0,0,18,324,0,11,0
22-04 16:07:00,5.255,2.252,91.085,0,0,5275600,243184,187432,2302892,284425.034,7202.686,0,0,0,0,1923,1992,1.260,1.930,1.460,1,0,7.007,0,0,18,324,0,11,0
22-04 16:07:01,10.498,4.249,83.481,0.500,0,5277796,240928,187460,2302924,294166.262,13586.964,123.972,0,5.999,0,2928,2397,1.240,1.910,1.460,1,0,31.993,0,0,18,324,0,11,0
22-04 16:07:02,15.562,6.024,77.810,0.251,0,5268828,245596,187460,2307172,153476.929,5600.292,16.064,506.014,1.004,45.180,3113,2803,1.240,1.910,1.460,3,0,33.132,0,0,18,324,0,11,0
