"pcp-dstat 6.2.0 CSV Output"
"Author:","PCP team <pcp@groups.io> and Dag Wieers <dag@wieers.com>",,,,"URL:","https://pcp.io/ and http://dag.wieers.com/home-made/dstat/"
"Host:","ubuntu",,,,"User:","ubuntu"
"Cmdline:","dstat -tcmndrylpg --tcp --output /tmp/devstack_logs/dstat-csv.log",,,,"Date:","22 Apr 2026 23:04:59 UTC"
"system","total usage",,,,,"memory usage",,,,"net/total",,"dsk/total",,"io/total",,"system",,"load avg",,,"procs",,,"paging",,"tcp sockets",,,,
"time","total usage:usr","total usage:sys","total usage:idl","total usage:wai","total usage:stl","used","free","buf","cach","net/total:recv","net/total:send","dsk/total:read","dsk/total:writ","read","writ","int","csw","1m","5m","15m","run","blk","new","in","out","lis","act","syn","tim","clo"
22-04 23:04:59,,963424,1704072,162188,4995032,,,,,,,1.460,1.150,0.690,1,0,,,,10,4,0,17,0
22-04 23:05:00,8.994,20.237,68.456,1.249,0,977440,1689904,162188,4995180,7739.035,605.611,0,1243.202,0,57.963,6080,4866,1.460,1.150,0.690,2,0,395.746,0,0,10,4,0,17,0
22-04 23:05:01,11.481,20.217,66.641,0,0,951284,1715928,162192,4995588,14099.854,2024.676,0,207.659,0,17.970,6954,7044,1.460,1.150,0.690,1,0,430.294,0,0,10,4,0,17,0
22-04 23:05:02,27.501,14.250,53.001,4.250,0,951364,1715400,162288,4995872,24678.515,6581.137,0,2704.056,0,182.004,7305,8317,1.460,1.150,0.690,1,1,270.006,0,0,10,5,0,17,0
22-04 23:05:03,21.958,11.728,63.129,2.495,0,1096432,1569696,162376,5120796,18175.195,5180.080,0,742.578,0,25.950,4277,3999,1.460,1.150,0.690,1,0,129.752,0,0,11,8,0,17,0
22-04 23:05:04,13.259,11.758,70.046,3.752,0,1103044,1563056,162380,5120808,6467.263,618.408,0,4182.757,0,56.037,3957,3177,1.430,1.150,0.690,2,0,181.119,0,0,11,7,0,19,1
22-04 23:05:05,22.314,4.262,69.951,2.758,0,1170544,1492736,162464,5123088,22365.191,2142.148,1797.158,1516.352,120.345,20.058,2267,1800,1.430,1.150,0.690,3,0,10.029,0,0,11,7,0,19,1
22-04 23:05:06,32.174,2.993,58.860,5.487,0,1197920,1463280,162720,5124444,27795.029,12234.961,187.555,2641.730,5.986,54.870,2481,1765,1.430,1.150,0.690,2,0,0,0,0,11,7,0,19,1
22-04 23:05:07,17.772,3.755,50.313,26.283,0,1228052,1431556,163104,5125512,21557.079,8682.907,16.020,7781.775,1.001,535.673,4938,7861,1.430,1.150,0.690,0,2,10.013,0,0,11,8,0,19,2
22-04 23:05:08,9.732,1.996,57.391,28.446,0,1234452,1422736,163352,5127540,40139.864,8157.527,0,6176.285,0,368.301,3693,5912,1.430,1.150,0.690,2,1,0,0,0,11,8,0,19,2
22-04 23:05:09,16.265,3.253,52.550,25.524,0,1256736,1398544,163692,5129000,22309.050,9228.708,0,8311.843,0,584.552,5003,8175,1.470,1.160,0.700,1,1,0,0,0,11,8,0,19,2
22-04 23:05:10,14.502,4.000,45.505,33.754,0,1250308,1386992,164064,5145944,178563.625,6846.791,0,12041.391,0,769.089,5392,8866,1.470,1.160,0.700,1,1,15.002,0,0,11,8,0,19,2
22-04 23:05:11,13.733,2.996,39.203,41.450,0,1252884,1378228,164516,5150896,4775.259,539.352,0,12113.436,0,795.044,5158,8678,1.470,1.160,0.700,0,3,3.995,0,0,11,8,0,19,2
22-04 23:05:12,14.511,4.253,42.532,36.778,0,1261736,1359452,165356,5158424,3561.708,486.370,0,14294.867,0,811.617,4958,8439,1.470,1.160,0.700,1,1,12.009,0,0,11,8,0,19,2
22-04 23:05:13,17.991,3.248,42.478,33.233,0,1268864,1342092,165916,5167276,10323.660,539.721,0,10754.437,0,809.581,6069,9584,1.470,1.160,0.700,1,1,11.994,0,0,11,8,0,19,2
22-04 23:05:14,20.523,4.505,37.792,35.790,0,1267756,1331632,166248,5177220,8946.000,540.604,0,11096.404,0,740.828,5257,8102,1.600,1.190,0.710,1,2,9.010,0,0,11,8,0,19,2
22-04 23:05:15,6.995,2.248,40.223,49.217,0,1270224,1327348,166328,5178652,12098.819,539.635,0,14526.177,0,687.535,2841,4011,1.600,1.190,0.710,1,1,0.999,0,0,11,8,0,19,2
22-04 23:05:16,13.032,5.263,38.596,42.355,0.251,1301196,1283556,166564,5190668,7705.084,541.341,0,17768.008,0,727.803,4174,16152,1.600,1.190,0.710,1,2,36.089,0,0,11,8,0,19,2
22-04 23:05:17,17.198,3.988,45.364,31.655,0,1309112,1265500,167172,5199024,9577.221,538.382,0,11333.942,0,712.858,5410,8802,1.600,1.190,0.710,5,0,11.964,0,0,11,8,0,19,2
22-04 23:05:18,14.002,3.500,42.256,38.505,0,1305212,1262824,167748,5203912,6265.871,540.075,0,12341.716,0,621.086,4513,7596,1.600,1.190,0.710,2,3,6.001,0,0,11,8,0,19,2
22-04 23:05:19,28.548,6.260,46.077,17.529,0,1221556,1321632,168564,5225940,5436.071,486.812,0,6987.660,0,418.699,4830,6148,1.710,1.220,0.720,1,1,84.140,0,0,11,6,0,19,2
22-04 23:05:20,38.801,5.007,47.062,8.261,0,1286756,1245108,169060,5235184,11221.772,540.712,0,3817.025,0,146.192,3022,2116,1.710,1.220,0.720,2,0,0,0,0,11,6,0,19,2
22-04 23:05:21,40.145,3.990,53.360,1.995,0,1155616,1392252,169172,5219164,12327.640,3324.274,0,957.487,0,47.874,2783,1493,1.710,1.220,0.720,2,0,11.969,0,0,11,4,0,17,0
22-04 23:05:22,39.346,6.766,33.832,19.297,0,1261984,1282492,169252,5222408,9366.803,2722.628,0,13520.916,0,301.735,3457,2768,1.710,1.220,0.720,1,4,33.081,0,0,11,5,0,17,0
22-04 23:05:23,33.501,9.000,35.501,20.751,0,1242196,1298940,169428,5224924,9366.305,714.023,0,8960.292,0,235.008,4100,3446,1.710,1.220,0.720,2,0,158.005,0,0,11,4,0,17,0
22-04 23:05:24,23.264,20.262,51.782,4.253,0,1225852,1308376,169896,5230132,14410.863,3591.209,0,1232.758,0,38.023,6124,5205,1.730,1.240,0.730,3,0,484.298,0,0,11,4,0,17,0
22-04 23:05:25,37.245,16.998,41.245,3.000,0,1213240,1317120,169988,5233768,9197.813,539.930,2903.625,95.988,24.997,3.999,14434,22926,1.730,1.240,0.730,2,0,243.969,0,0,11,4,0,13,0
22-04 23:05:26,59.388,14.661,22.364,2.982,0,1284404,1241280,170032,5238736,13695.419,578.470,4516.437,174.932,49.697,3.976,9550,13406,1.730,1.240,0.730,2,1,141.139,0,0,11,5,0,13,0
22-04 23:05:27,66.101,8.043,24.631,1.257,0,1283324,1254176,170040,5228456,3601.113,488.593,514.732,2123.269,8.043,12.064,3724,1771,1.730,1.240,0.730,3,0,26.139,0,0,11,5,0,13,0
22-04 23:05:28,43.944,10.487,41.946,2.746,0,1309448,1225584,170044,5230896,10735.238,539.309,0,13570.603,0,136.825,4400,5318,1.730,1.240,0.730,1,0,125.839,0,0,11,4,0,14,0
22-04 23:05:29,11.996,5.748,70.728,10.497,0,1323296,1211720,170048,5230904,9547.030,539.832,0,17994.402,0,224.930,2482,2491,1.670,1.230,0.730,1,0,63.980,0,0,11,4,0,14,0
22-04 23:05:30,23.249,2.750,73.748,0,0,1373436,1161580,170048,5230904,3959.904,539.987,0,2099.949,0,19.000,1726,1211,1.670,1.230,0.730,1,0,0,0,0,11,4,0,14,0
22-04 23:05:31,20.477,1.998,71.420,4.495,0,1391528,1143240,170072,5231128,8401.552,539.393,0,839.056,0,89.899,2768,3178,1.670,1.230,0.730,0,1,0.999,0,0,11,10,0,14,0
22-04 23:05:32,19.012,5.253,67.793,6.254,0,1366512,1168164,170112,5231180,7074.460,540.341,0,3246.047,0,248.156,3611,4437,1.670,1.230,0.730,1,0,42.026,0,0,11,4,0,16,0
22-04 23:05:33,18.249,1.500,77.995,1.500,0,1402912,1130872,170380,5231712,12984.193,2784.827,611.962,851.947,17.999,3.000,1647,1176,1.670,1.230,0.730,0,1,0,0,0,11,5,0,14,0
22-04 23:05:34,19.722,2.497,74.146,2.497,0,1410868,1122512,170436,5231952,9451.759,3019.770,267.625,1094.467,65.908,36.948,2691,2894,1.620,1.230,0.730,2,0,2.996,0,0,11,29,0,14,0
22-04 23:05:35,19.024,4.756,75.346,0,0,1385852,1147504,170436,5231972,7415.489,4189.361,0,732.938,0,58.074,2484,1932,1.620,1.230,0.730,1,0,44.056,0,0,11,28,0,15,0
22-04 23:05:36,16.998,2.000,79.990,0,0,1408924,1124424,170436,5231980,14074.186,6454.168,0,0,0,0,1850,1458,1.620,1.230,0.730,0,0,0,0,0,11,29,0,15,0
22-04 23:05:37,30.350,10.785,58.442,0,0,1459832,1073496,170436,5232000,8953.441,1681.529,0,12.040,0,3.010,3660,2559,1.620,1.230,0.730,2,0,156.515,0,0,11,28,0,16,0
22-04 23:05:38,34.745,3.749,60.741,0,0,1505652,1027664,170436,5232012,17815.489,9559.653,0,0,0,0,3262,2605,1.620,1.230,0.730,1,0,0,0,0,11,30,0,16,0
22-04 23:05:39,31.217,13.735,51.945,1.998,0,1377912,1155192,170440,5232220,19723.083,10057.334,0,855.093,0,36.961,6752,9154,1.650,1.240,0.740,4,0,320.660,0,0,11,28,0,17,0
22-04 23:05:40,82.348,17.521,0.250,0,0,1634924,898128,170448,5232264,9385.121,540.641,0,1585.879,0,26.031,5264,3531,1.650,1.240,0.740,6,0,257.305,0,0,11,28,0,17,0
22-04 23:05:41,82.252,8.750,8.250,0.250,0,1771764,761060,170452,5232476,35119.799,29592.673,0,220.005,0,19.000,6329,7049,1.650,1.240,0.740,4,0,0,0,0,11,34,0,17,0
22-04 23:05:42,60.052,12.957,25.167,1.495,0,1552148,980552,170492,5232544,21616.854,16911.341,0,3779.561,0,223.265,7691,12018,1.650,1.240,0.740,1,0,308.983,0,0,11,28,0,23,0
22-04 23:05:43,18.003,2.500,78.261,0.250,0,1557104,975568,170508,5232556,7991.159,4330.628,0,396.057,0,19.003,1781,1665,1.650,1.240,0.740,2,0,0,0,0,11,29,0,23,0
22-04 23:05:44,16.253,5.501,77.016,0.500,0,1506656,1025988,170520,5232572,12177.574,3636.769,0,408.086,0,27.006,3067,3155,1.600,1.240,0.740,1,0,68.014,0,0,11,28,0,24,0
22-04 23:05:45,19.241,3.248,76.214,0.250,0,1526364,1006268,170528,5232576,11184.768,2504.828,0,6908.768,0,106.950,2007,1652,1.600,1.240,0.740,0,0,1.000,0,0,11,29,0,24,0
22-04 23:05:46,11.746,2.499,69.229,14.746,0,1511000,1021612,170528,5232596,13991.754,4680.580,0,19490.086,0,155.953,3033,3800,1.600,1.240,0.740,0,1,0,0,0,11,29,0,24,0
22-04 23:05:47,11.022,17.534,49.096,21.041,0,1462384,1070212,170532,5232608,9811.139,1493.914,0,25730.193,0,617.204,6235,5018,1.600,1.240,0.740,1,1,510.997,0,0,11,28,0,25,0
22-04 23:05:48,47.081,23.290,21.036,7.763,0,1505236,1027444,170536,5232652,10692.477,540.935,0,7232.498,0,99.171,5426,4528,1.600,1.240,0.740,6,0,528.914,0,0,11,28,0,25,0
22-04 23:05:49,83.640,9.487,7.240,0,0,1693344,839292,170556,5232676,23918.455,17735.609,0,1569.929,0,81.892,5674,4561,1.870,1.300,0.760,2,0,0,0,0,11,33,0,23,0
22-04 23:05:50,71.559,9.758,16.764,1.001,0,1675200,856940,170584,5233144,38244.306,32092.270,0,3799.110,0,104.085,8927,14857,1.870,1.300,0.760,4,0,103.084,0,0,11,29,0,24,0
22-04 23:05:51,83.036,16.757,0.500,0,0,1652476,879604,170596,5233192,6585.891,3080.352,0,408.179,0,25.011,5436,4240,1.870,1.300,0.760,6,0,207.091,0,0,11,29,0,24,0
22-04 23:05:52,82.784,8.977,6.982,0,0,1766504,765528,170600,5233236,39401.989,27556.956,0,187.510,0,10.971,7291,8082,1.870,1.300,0.760,5,0,0,0,0,11,33,1,24,0
22-04 23:05:53,65.745,12.999,20.498,0.250,0,1536600,995188,170608,5233468,41540.691,30938.536,0,5907.529,0,113.991,10091,15072,1.870,1.300,0.760,3,0,247.980,0,0,11,29,0,25,0
22-04 23:05:54,44.070,7.261,43.319,4.257,0,1505452,1026168,170608,5233636,23250.785,9870.616,0,30628.457,0,209.331,3971,3788,2.040,1.340,0.780,1,0,50.079,0,0,11,30,0,26,0
22-04 23:05:55,31.772,12.509,54.538,0.500,0.250,1480996,1050584,170608,5233676,19043.296,12900.007,0,468.327,0,30.021,5639,7673,2.040,1.340,0.780,7,0,317.221,0,0,11,29,0,27,0
22-04 23:05:56,64.565,10.221,24.679,0,0,1600736,930804,170612,5233712,13998.882,4236.858,0,227.348,0,11.966,3929,1910,2.040,1.340,0.780,2,0,61.823,0,0,11,31,0,28,0
22-04 23:05:57,43.572,4.257,51.335,0.250,0,1600164,931308,170612,5233780,34540.051,24814.988,0,376.622,0,31.051,7101,10233,2.040,1.340,0.780,3,0,0,0,0,11,29,1,26,0
22-04 23:05:58,77.127,17.779,4.507,0,0,1582720,948712,170628,5233804,7060.642,952.571,0,336.555,0,25.041,5514,3653,2.040,1.340,0.780,4,0,258.426,0,0,11,28,0,26,0
22-04 23:05:59,56.827,5.483,36.888,0,0,1624332,906916,170632,5233984,36478.133,27476.491,0,275.164,0,7.976,6702,8006,1.960,1.340,0.780,2,0,0,0,0,11,32,0,26,0
22-04 23:06:00,62.028,17.008,21.010,0.250,0,1511416,1019580,170644,5234192,26080.943,13870.352,0,604.277,0,47.022,7648,9652,1.960,1.340,0.780,3,0,324.148,0,0,11,28,0,29,0
22-04 23:06:01,53.562,5.256,40.296,0.501,0,1583632,947348,170644,5234208,17059.653,12770.712,0,981.130,0,15.017,3921,2688,1.960,1.340,0.780,2,0,0,0,0,11,31,0,29,0
22-04 23:06:02,46.311,13.768,37.800,1.001,0,1462572,1068336,170648,5234276,27639.426,17383.910,0,536.707,0,43.057,7833,10682,1.960,1.340,0.780,3,0,299.395,0,0,11,28,0,31,0
22-04 23:06:03,55.074,6.479,37.630,0,0,1578888,952000,170652,5234292,14837.523,7363.439,0,219.298,0,9.968,3423,1650,1.960,1.340,0.780,2,0,0,0,0,11,31,0,31,0
22-04 23:06:04,49.913,8.277,40.131,0.502,0,1576956,953608,170652,5234616,33070.848,21590.409,0,284.929,0,26.085,7258,9856,2.040,1.370,0.800,4,0,156.510,0,0,11,28,0,34,0
22-04 23:06:05,65.513,12.206,21.921,0,0,1586432,944104,170652,5234644,9474.693,538.052,0,3096.787,0,103.625,4035,2112,2.040,1.370,0.800,3,0,131.524,0,0,11,28,0,34,0
22-04 23:06:06,39.839,4.761,53.870,0.251,0,1587524,942712,170656,5234956,27753.666,24786.072,0,292.650,0,24.053,6207,8235,2.040,1.370,0.800,3,0,0,0,0,11,30,0,33,0
22-04 23:06:07,62.305,11.760,25.523,0.250,0,1539144,991064,170664,5234976,10845.627,1961.741,0,376.334,0,33.029,4646,3494,2.040,1.370,0.800,3,0,112.100,0,0,11,28,0,34,0
22-04 23:06:08,49.502,5.000,44.752,0.250,0,1587116,943068,170664,5235000,21294.942,15973.706,0,200.009,0,10.000,4821,4394,2.040,1.370,0.800,2,0,0,0,0,11,31,0,34,0
22-04 23:06:09,53.660,20.715,24.708,0.250,0,1544228,985872,170668,5235080,16464.292,10682.023,0,531.106,0,50.914,7659,9273,2.120,1.390,0.810,6,0,456.232,0,0,11,28,0,36,0
22-04 23:06:10,82.932,17.288,0.501,0,0.251,1688160,841892,170672,5235124,12470.387,4481.843,0,497.092,0,18.040,5721,4859,2.120,1.390,0.810,5,0,445.979,0,0,11,30,0,36,0
22-04 23:06:11,75.873,16.972,5.241,0,0,1787064,742732,170680,5235368,46294.571,36430.070,0,902.491,0,58.901,7888,10089,2.120,1.390,0.810,6,0,505.155,0,0,11,33,0,36,0
22-04 23:06:12,77.623,18.529,4.257,0,0,1632944,896584,170700,5235616,35352.080,24262.489,0,661.049,0,60.095,7328,8836,2.120,1.390,0.810,5,0,411.653,0,0,11,28,0,37,0
22-04 23:06:13,84.503,11.250,4.000,0,0,1699512,829984,170700,5235648,20975.829,14155.559,0,120.005,0,8.000,5648,4518,2.120,1.390,0.810,5,0,35.001,0,0,11,31,0,37,0
22-04 23:06:14,64.748,9.500,25.249,0,0,1650112,879140,170700,5235880,41496.514,36572.690,0,119.996,0,10.000,9103,14260,2.270,1.440,0.830,3,0,121.996,0,0,11,30,0,40,0
22-04 23:06:15,24.229,24.729,49.457,0.250,0,1526180,1003016,170700,5235932,20547.165,7432.548,0,187.837,0,14.987,7774,8228,2.270,1.440,0.830,2,0,766.335,0,0,11,28,0,42,0
22-04 23:06:16,63.542,28.519,7.505,0,0,1582284,946864,170700,5238400,8103.343,824.544,0,168.111,0,15.010,6394,8842,2.270,1.440,0.830,5,0,754.497,0,0,11,28,1,42,0
22-04 23:06:17,62.748,7.250,29.999,0,0,1653052,876052,170704,5236024,30148.953,22455.220,0,139.995,0,14.000,5911,9765,2.270,1.440,0.830,2,0,2.000,0,0,11,32,0,43,0
22-04 23:06:18,63.518,14.504,20.506,0.250,0,1504108,1024804,170708,5236212,21604.151,11265.207,0,632.180,0,62.018,7324,8667,2.270,1.440,0.830,4,0,260.074,0,0,11,28,0,46,0
22-04 23:06:19,70.641,8.487,19.969,0,0,1613572,915324,170708,5236228,19603.864,10936.188,0,187.711,0,7.988,4378,2616,2.410,1.480,0.840,3,0,8.986,0,0,11,31,0,46,0
22-04 23:06:20,49.003,5.750,44.002,0.500,0,1616144,912552,170708,5236460,40180.060,33072.696,0,1292.066,0,58.003,8381,13671,2.410,1.480,0.840,5,0,0,0,0,11,32,0,46,0
22-04 23:06:21,55.581,8.512,33.048,2.504,0,1606936,921508,170720,5236700,36213.843,28839.082,0,4414.442,0,153.224,11043,17164,2.410,1.480,0.840,5,0,60.088,0,0,11,29,0,46,0
22-04 23:06:22,75.492,10.999,12.249,0.250,0,1606768,921648,170728,5236724,12958.575,8507.065,0,227.975,0,20.998,4948,3542,2.410,1.480,0.840,3,0,59.993,0,0,11,30,0,46,0
22-04 23:06:23,59.178,6.492,33.959,0.250,0,1653564,874788,170728,5236788,35299.140,25160.451,0,147.821,0,9.988,6955,9940,2.410,1.480,0.840,3,0,0,0,0,11,32,0,46,0
22-04 23:06:24,49.276,6.754,42.522,0.250,0,1578228,949732,170728,5237144,48766.624,38234.090,0,156.082,0,8.004,12432,19371,2.370,1.490,0.850,4,0,81.043,0,0,11,30,0,48,0
22-04 23:06:25,75.812,16.013,8.007,0,0,1563976,963936,170736,5237184,18656.177,9133.430,0,136.111,0,9.007,6143,5472,2.370,1.490,0.850,4,0,182.148,0,0,11,28,1,50,0
22-04 23:06:26,58.421,6.991,33.704,0,0,1615808,912052,170740,5237232,30909.117,23512.140,0,127.827,0,5.992,5690,6462,2.370,1.490,0.850,3,0,0,0,0,11,32,0,50,0
22-04 23:06:27,56.321,8.511,35.044,0,0,1570948,956700,170740,5237444,38094.808,27386.369,0,204.256,0,19.024,9222,14678,2.370,1.490,0.850,6,0,68.085,0,0,11,30,0,52,0
22-04 23:06:28,76.599,11.228,11.976,0.250,0,1585392,942188,170756,5237492,13089.154,8688.843,0,327.354,0,35.929,5199,4201,2.370,1.490,0.850,3,0,59.882,0,0,11,30,0,54,0
22-04 23:06:29,63.561,10.260,24.524,1.752,0,1588312,939048,170808,5237660,23430.535,16738.098,0,2330.241,0,176.169,5653,6181,2.430,1.510,0.860,6,0,120.116,0,0,11,30,0,56,0
22-04 23:06:30,63.209,7.495,28.981,0,0,1693308,833964,170808,5237744,29471.755,24448.035,0,183.880,0,9.993,6475,10136,2.430,1.510,0.860,2,0,0,0,0,11,32,0,55,0
22-04 23:06:31,63.109,11.520,24.292,0,0,1620880,906184,170812,5237948,34522.453,23640.713,0,156.269,0,13.022,7274,11202,2.430,1.510,0.860,5,0,141.243,0,0,11,29,0,58,0
22-04 23:06:32,72.927,10.489,16.234,0,0,1582764,944256,170812,5237992,19719.236,10838.137,0,0,0,0,4709,3358,2.430,1.510,0.860,4,0,85.914,0,0,11,30,0,59,0
22-04 23:06:33,63.271,9.753,27.009,0,0,1593656,933180,170812,5238172,31817.692,19965.709,0,0,0,0,6498,7919,2.430,1.510,0.860,6,0,68.023,0,0,11,30,0,61,0
22-04 23:06:34,65.727,10.954,22.407,0.747,0,1582956,943800,170824,5238232,20185.056,16470.504,0,462.078,0,48.797,5989,7740,2.550,1.560,0.880,3,0,138.424,0,0,11,32,0,61,0
22-04 23:06:35,48.904,9.781,40.126,0.251,0,1545980,980740,170828,5238264,21434.355,11562.333,0,481.513,0,43.136,5011,5118,2.550,1.560,0.880,4,0,122.385,0,0,11,33,0,63,0
22-04 23:06:36,53.944,9.740,34.964,1.498,0,1541232,985416,170832,5238332,20722.600,10078.592,0,3252.641,0,134.861,4969,4696,2.550,1.560,0.880,2,0,95.901,0,0,11,34,0,64,0
22-04 23:06:37,50.782,7.255,41.276,0,0,1532800,993796,170836,5238372,22549.141,17626.053,0,192.120,0,8.005,5262,6557,2.550,1.560,0.880,5,0,41.026,0,0,11,34,0,65,0
22-04 23:06:38,54.841,9.516,35.058,0.501,0,1562400,963784,170836,5238780,22731.915,9585.989,0,256.428,0,20.033,4739,4738,2.550,1.560,0.880,2,0,45.075,0,0,11,32,1,65,0
22-04 23:06:39,33.651,6.232,57.830,0,0,1522772,1003380,170836,5238812,28669.839,16441.735,0,211.379,0,10.968,4742,5319,2.590,1.580,0.890,1,0,85.748,0,0,11,34,0,65,0
22-04 23:06:40,32.090,9.527,57.411,1.254,0,1450488,1075624,170844,5238840,13738.607,7604.369,0,561.578,0,40.113,5587,6280,2.590,1.580,0.890,2,0,135.380,0,0,11,32,0,67,0
22-04 23:06:41,35.872,3.986,58.291,0,0,1529848,996248,170852,5238848,18495.755,7642.627,0,191.315,0,10.961,2871,1907,2.590,1.580,0.890,2,0,0,0,0,11,34,0,67,0
22-04 23:06:42,34.373,6.523,58.459,0,0,1494932,1030960,170856,5239048,19488.509,10901.883,0,505.804,0,30.107,5524,6685,2.590,1.580,0.890,3,0,58.208,0,0,11,32,0,62,0
22-04 23:06:43,37.904,6.982,53.614,0,0,1538004,987872,170860,5239060,16189.988,5305.560,0,159.596,0,9.975,3208,2301,2.590,1.580,0.890,2,0,79.798,0,0,11,33,0,62,0
22-04 23:06:44,31.589,6.017,61.925,0.752,0,1528064,997772,170864,5239096,21635.284,11562.753,0,300.852,0,30.085,4171,5000,2.380,1.550,0.880,1,0,60.170,0,0,11,33,0,63,0
22-04 23:06:45,36.724,5.246,56.210,0.999,0,1544016,981792,170884,5239104,11431.912,6754.222,0,243.828,0,19.986,2774,2647,2.380,1.550,0.880,2,0,5.996,0,0,11,33,0,64,0
22-04 23:06:46,32.979,5.746,59.962,0,0,1473600,1052172,170884,5239136,26085.267,13061.621,0,191.877,0,11.992,4715,5694,2.380,1.550,0.880,1,0,42.972,0,0,11,33,0,65,0
22-04 23:06:47,37.215,5.745,52.701,3.996,0,1507596,1018004,170896,5239296,18767.423,6778.651,0,307.712,0,27.974,4113,4106,2.380,1.550,0.880,2,0,4.995,0,0,11,33,0,65,0
22-04 23:06:48,32.057,3.506,63.111,0.501,0,1543408,982164,170900,5239320,24345.994,14381.397,0,148.262,0,8.014,3696,4414,2.380,1.550,0.880,1,0,0,0,0,11,34,0,65,0
22-04 23:06:49,24.432,11.219,63.075,0.249,0,1439256,1086204,170908,5239420,18259.355,7579.976,0,402.883,0,33.906,5859,6758,2.350,1.560,0.890,1,0,281.220,0,0,11,32,0,67,0
22-04 23:06:50,20.990,2.999,74.964,0,0,1438728,1086724,170912,5239424,11242.550,2130.967,0,139.932,0,8.996,1830,1312,2.350,1.560,0.890,1,0,0,0,0,11,33,0,67,0
22-04 23:06:51,13.243,1.999,83.454,0,0,1434356,1091080,170916,5239440,14577.880,8725.140,0,423.764,0,51.971,2618,3301,2.350,1.560,0.890,0,0,0,0,0,11,33,0,65,0
22-04 23:06:52,15.056,12.546,70.009,1.506,0,1396768,1128644,170924,5239456,5674.998,1526.649,0,3798.053,0,171.635,4666,4065,2.350,1.560,0.890,1,0,285.055,0,0,11,32,0,66,0
22-04 23:06:53,17.974,2.746,78.388,0,0,1425224,1100172,170932,5239460,6617.521,2886.865,0,179.743,0,8.987,1690,1304,2.350,1.560,0.890,1,0,0,0,0,11,33,0,66,0
22-04 23:06:54,17.768,2.753,78.579,0.250,0,1406224,1119016,170936,5239612,18486.678,8855.948,0,260.263,0,16.016,3209,3851,2.240,1.550,0.890,1,0,10.010,0,0,11,32,0,67,0
22-04 23:06:55,21.201,4.739,73.083,0,0,1466292,1058940,170936,5239616,9091.201,538.767,0,195.553,0,14.966,2211,1721,2.240,1.550,0.890,1,0,36.916,0,0,11,32,0,62,0
22-04 23:06:56,15.035,1.503,81.689,0,0,1458572,1066640,170936,5239636,19389.826,10065.269,0,32.074,0,4.009,3424,4266,2.240,1.550,0.890,1,0,0,0,0,11,33,0,62,0
22-04 23:06:57,13.762,11.510,74.067,0.751,0,1409788,1115240,170952,5239796,13637.330,5204.706,0,296.268,0,33.030,5234,5602,2.240,1.550,0.890,1,0,255.231,0,0,11,32,0,62,0
22-04 23:06:58,26.928,16.705,55.102,0,0,1402228,1122652,170964,5239932,8910.109,538.556,35.904,378.984,0.997,25.930,5264,4296,2.240,1.550,0.890,2,0,370.008,0,0,11,32,0,64,0
22-04 23:06:59,38.968,4.746,46.961,8.243,0,1523076,999128,170988,5242180,12131.011,539.556,435.641,2689.785,16.986,77.936,3252,2541,2.220,1.560,0.900,3,0,4.996,0,0,11,36,0,61,0
22-04 23:07:00,27.213,5.492,40.694,24.466,0,1525944,994584,171144,5243536,5475.456,539.257,0,11576.050,0,869.802,6361,10327,2.220,1.560,0.900,3,0,24.966,0,0,11,36,0,61,0
22-04 23:07:01,27.296,6.261,42.072,23.540,0,1582360,937172,171284,5244360,10644.093,486.828,0,9496.141,0,772.313,6282,10136,2.220,1.560,0.900,1,2,32.054,0,0,11,36,0,61,0
22-04 23:07:02,25.791,4.507,40.314,27.293,0,1542520,976136,171412,5245084,8927.116,540.855,0,10204.136,0,800.265,5595,8395,2.220,1.560,0.900,2,1,7.011,0,0,11,36,0,61,0
22-04 23:07:03,27.734,5.497,42.476,22.987,0,1573376,944284,171516,5245952,6564.291,539.695,0,7299.875,0,680.615,5990,9411,2.220,1.560,0.900,1,1,25.985,0,0,11,36,0,56,0
22-04 23:07:04,27.555,5.762,39.329,25.802,0,1533624,982848,171636,5246988,8951.919,541.083,0,11495.010,0,927.857,6519,10803,2.200,1.570,0.900,1,1,25.050,0,0,11,36,0,56,0
22-04 23:07:05,28.443,4.491,41.417,23.702,0,1560176,955576,171724,5247592,6738.456,538.917,0,9381.145,0,778.435,5857,9701,2.200,1.570,0.900,1,1,23.952,0,0,11,36,0,56,0
22-04 23:07:06,26.300,6.262,41.078,24.797,0,1566708,948556,171844,5247928,10079.028,541.021,0,13249.012,0,961.816,5921,9703,2.200,1.570,0.900,1,1,7.013,0,0,11,36,0,56,0
22-04 23:07:07,27.514,4.502,40.521,25.513,0,1554212,960264,171996,5248552,6885.491,540.274,0,8372.244,0,712.361,5586,8898,2.200,1.570,0.900,2,1,15.008,0,0,11,36,0,51,0
22-04 23:07:08,25.223,4.995,46.200,21.726,0,1601296,912880,172140,5248700,3743.941,539.415,0,7783.561,0,634.312,5380,8548,2.200,1.570,0.900,2,0,11.987,0,0,11,36,0,51,0
22-04 23:07:09,26.934,5.486,40.400,24.689,0,1572152,940852,172408,5249544,12290.714,484.805,0,10697.640,0,861.876,6234,10055,2.350,1.610,0.920,1,2,8.978,0,0,11,36,0,51,0
22-04 23:07:10,29.091,5.768,36.364,27.837,0,1594960,918724,172600,5248668,6764.194,541.697,0,11287.367,0,831.606,6595,10451,2.350,1.610,0.920,3,1,2.006,0,0,11,36,0,51,0
22-04 23:07:11,44.404,6.486,45.152,2.744,0,1481964,1031588,172632,5248764,4815.597,538.836,0,4426.438,0,249.461,3390,2646,2.350,1.610,0.920,2,0,5.987,0,0,11,32,0,49,0
22-04 23:07:12,32.982,5.247,45.225,14.742,0,1522728,990548,172792,5248868,10678.039,539.699,0,3326.143,0,466.739,5560,7939,2.350,1.610,0.920,3,1,1.999,0,0,11,34,0,49,0
22-04 23:07:13,28.734,6.496,38.479,24.487,0,1534980,977848,173016,5249088,10840.076,539.705,0,7419.945,0,933.490,8082,12805,2.350,1.610,0.920,2,0,1.999,0,0,11,34,0,49,0
22-04 23:07:14,29.506,6.501,42.259,20.004,0,1520168,991976,173460,5249288,9721.961,540.109,0,7597.532,0,1121.226,9386,15207,2.400,1.630,0.930,3,0,7.001,0,0,11,34,0,49,0
22-04 23:07:15,29.518,7.505,54.283,8.255,0,1451648,1060332,173536,5249344,9564.852,540.331,0,3782.314,0,310.190,4283,4794,2.400,1.630,0.930,1,0,100.061,0,0,11,32,0,43,0
22-04 23:07:16,21.740,3.748,70.968,2.249,0,1458696,1053276,173540,5249344,5244.617,539.755,0,819.628,0,42.980,2013,1692,2.400,1.630,0.930,2,0,1.999,0,0,11,32,0,43,0
22-04 23:07:17,22.324,13.545,55.182,9.782,0,1433716,1078092,173560,5249492,10516.760,487.612,0,7693.428,0,390.290,5827,16331,2.400,1.630,0.930,2,0,268.889,0,0,11,32,0,44,0
22-04 23:07:18,8.734,20.463,68.874,0.499,0,1439252,1072496,173560,5249540,12913.463,539.018,0,1109.977,0,59.891,6291,4839,2.400,1.630,0.930,1,0,486.114,0,0,11,32,0,44,0
22-04 23:07:19,8.012,21.531,69.351,0,0,1437776,1073924,173560,5249584,3701.393,540.788,0,272.397,0,3.004,6264,5139,2.290,1.620,0.930,1,0,518.756,0,0,11,32,0,39,0
22-04 23:07:20,18.250,7.750,73.000,0,0,1478220,1033480,173560,5249576,8878.014,540.001,0,0,0,0,2910,2307,2.290,1.620,0.930,1,0,132.000,0,0,11,32,0,39,0
22-04 23:07:21,23.207,2.745,70.869,2.495,0,1506316,1005384,173560,5249576,11314.107,539.005,0,2112.100,0,194.641,1948,1230,2.290,1.620,0.930,2,0,1.996,0,0,11,32,0,39,0
22-04 23:07:22,22.480,2.997,73.933,0,0,1508156,1003548,173560,5249572,9181.727,539.514,0,167.849,0,10.990,1716,1279,2.290,1.620,0.930,1,0,0.999,0,0,11,32,0,39,0
22-04 23:07:23,22.311,3.760,72.449,0.752,0,1480564,1031116,173564,5249604,6992.165,541.484,0,681.869,0,88.242,2137,1656,2.290,1.620,0.930,1,0,3.008,0,0,11,32,0,39,0
22-04 23:07:24,22.190,3.490,73.300,0,0,1519244,992444,173564,5249596,3863.476,538.533,0,382.957,0,24.932,1821,1380,2.180,1.610,0.930,1,0,1.995,0,0,11,32,0,39,0
22-04 23:07:25,23.002,3.000,73.756,0.250,0,1495796,1015880,173564,5249608,8895.675,486.037,0,40.003,0,5.000,1875,1331,2.180,1.610,0.930,1,0,2.000,0,0,11,32,0,39,0
22-04 23:07:26,22.006,3.501,73.521,0,0,1539664,972032,173564,5249588,9575.703,540.152,0,16.005,0,2.001,1926,1344,2.180,1.610,0.930,1,0,2.001,0,0,11,32,0,39,0
22-04 23:07:27,22.494,3.249,73.229,0,0,1497312,1014376,173564,5249596,9070.442,581.836,0,19.994,0,1.000,1825,1256,2.180,1.610,0.930,1,0,1.000,0,0,11,32,0,33,0
22-04 23:07:28,22.249,3.500,73.997,0,0,1513684,998004,173564,5249596,11671.568,539.980,0,12.000,0,1.000,1856,1235,2.180,1.610,0.930,1,0,2.000,0,0,11,32,0,33,0
22-04 23:07:29,22.811,2.757,72.444,1.253,0,1512808,998896,173564,5249580,9641.802,541.449,0,204.547,0,44.118,1858,1249,2.090,1.600,0.930,1,0,1.003,0,0,11,32,0,33,0
22-04 23:07:30,22.504,2.750,73.763,0,0,1432312,1079364,173564,5249608,6941.194,540.093,0,88.015,0,3.001,1785,1154,2.090,1.600,0.930,1,0,3.001,0,0,11,32,0,33,0
22-04 23:07:31,22.433,3.240,73.529,0,0,1460876,1050888,173564,5249520,4173.446,538.381,0,0,0,0,1847,1324,2.090,1.600,0.930,1,0,1.994,0,0,11,32,0,33,0
22-04 23:07:32,23.506,3.001,73.018,0,0,1448144,1063488,173564,5249648,4704.135,540.130,0,2156.521,0,23.006,1829,1196,2.090,1.600,0.930,1,0,1.000,0,0,11,32,0,26,0
22-04 23:07:33,22.494,3.749,72.232,1.000,0,1447768,1063848,173572,5249652,9482.626,485.878,0,259.935,0,13.996,2087,1871,2.090,1.600,0.930,1,0,1.000,0,0,11,32,0,26,0
22-04 23:07:34,22.250,3.250,71.250,2.000,0,1471328,1040304,173576,5249632,10157.987,539.999,0,595.999,0,54.000,1982,1505,2.080,1.610,0.940,1,0,2.000,0,0,11,32,0,26,0
22-04 23:07:35,22.570,3.260,73.979,0,0,1495168,1016460,173580,5249632,9084.167,541.680,0,52.162,0,6.019,1901,1311,2.080,1.610,0.940,1,0,2.006,0,0,11,32,0,26,0
22-04 23:07:36,22.182,3.240,73.525,0,0,1441924,1069680,173580,5249656,7167.115,538.356,0,23.927,0,0.997,1807,1203,2.080,1.610,0.940,1,0,0.997,0,0,11,32,0,19,0
22-04 23:07:37,22.250,3.750,70.499,2.500,0,1454248,1057348,173600,5249644,8816.890,539.993,0,2771.966,0,132.998,2107,1881,2.080,1.610,0.940,1,0,2.000,0,0,11,32,0,19,0
22-04 23:07:38,17.036,11.274,71.653,0,0,1428112,1083436,173600,5249692,6997.951,541.156,0,184.394,0,11.024,3791,2820,2.080,1.610,0.940,2,0,246.527,0,0,11,32,0,19,0
22-04 23:07:39,16.261,10.507,71.800,0,0,1483752,1027784,173600,5249704,5166.592,540.376,0,96.067,0,4.003,3556,2876,1.910,1.580,0.930,1,0,214.149,0,0,11,32,0,19,0
22-04 23:07:40,23.936,1.745,73.554,0,0,1494896,1016444,173600,5249900,3873.671,484.708,0,127.660,0,27.926,1728,1127,1.910,1.580,0.930,1,0,0,0,0,11,32,0,14,0
22-04 23:07:41,21.258,4.252,73.778,0,0,1503396,1007880,173600,5249960,10162.806,540.202,0,4.001,0,1.000,1915,1256,1.910,1.580,0.930,1,0,9.003,0,0,11,32,0,14,0
22-04 23:07:42,16.034,13.278,70.147,0,0,1402348,1108792,173600,5250096,8514.855,541.135,40.084,116.244,2.004,3.006,4147,3230,1.910,1.580,0.930,2,0,310.651,0,0,11,32,0,14,0
22-04 23:07:43,7.994,21.982,67.695,1.249,0,1412456,1098628,173612,5250140,10335.599,539.561,0,559.545,0,21.982,6633,5670,1.910,1.580,0.930,1,0,545.557,0,0,11,32,0,14,0
22-04 23:07:44,8.258,23.023,68.069,0.250,0,1398188,1112836,173624,5250180,5650.736,540.549,0,840.853,0,24.024,6767,5868,1.840,1.570,0.940,1,0,615.625,0,0,11,32,0,10,0
22-04 23:07:45,7.749,22.997,68.240,0,0,1395552,1115432,173628,5250208,9226.669,539.922,0,1587.771,0,45.993,6573,5446,1.840,1.570,0.940,1,0,582.916,0,0,11,32,0,10,0
22-04 23:07:46,8.484,21.210,68.622,0,0,1391836,1119096,173628,5250240,6763.383,538.995,0,1285.602,0,13.974,6477,5415,1.840,1.570,0.940,1,0,586.905,0,0,11,32,0,10,0
22-04 23:07:47,8.766,20.788,69.878,0,0,1390268,1120632,173628,5250272,3450.330,635.165,0,292.537,0,12.022,6694,5770,1.840,1.570,0.940,2,0,617.132,0,0,11,32,0,10,0
22-04 23:07:48,8.494,22.234,68.701,0,0,1384900,1125936,173628,5250328,8553.848,485.651,0,263.810,0,15.989,6658,5653,1.840,1.570,0.940,1,0,629.547,0,0,11,32,0,7,0
22-04 23:07:49,10.764,21.026,67.084,0.250,0,1348692,1162100,173636,5250360,11027.859,540.679,0,248.312,0,10.013,6483,5389,1.770,1.560,0.940,4,0,561.706,0,0,11,32,0,8,0
22-04 23:07:50,46.997,22.999,28.498,0,0,1471156,1039516,173644,5250440,6899.617,539.970,0,991.945,0,63.996,6455,6101,1.770,1.560,0.940,3,0,619.966,0,0,11,32,0,13,0
22-04 23:07:51,59.336,7.729,19.197,13.712,0,1643356,863236,173696,5253936,8970.247,538.514,442.778,4136.585,9.972,276.238,4642,3882,1.770,1.560,0.940,0,3,9.972,0,0,11,34,0,13,0
22-04 23:07:52,20.736,4.497,38.474,34.227,0,1643568,858980,173856,5257296,8194.549,539.641,0,13259.180,0,778.482,6087,9929,1.770,1.560,0.940,0,1,27.981,0,0,11,38,0,12,0
22-04 23:07:53,7.504,3.752,54.028,32.016,0,1643392,857216,173992,5259036,9172.679,540.276,0,12002.122,0,872.445,5831,10502,1.770,1.560,0.940,0,2,27.014,0,0,11,38,0,12,0
22-04 23:07:54,8.501,3.000,52.757,32.754,0,1643492,855704,174148,5260260,10100.295,540.069,0,12997.667,0,916.118,5727,10376,2.110,1.630,0.960,0,3,24.003,0,0,11,38,0,12,0
22-04 23:07:55,7.267,4.009,52.872,33.578,0,1642644,854696,174356,5261824,3396.867,541.254,0,17496.522,0,1148.660,6315,12155,2.110,1.630,0.960,0,3,13.030,0,0,11,38,0,12,0
22-04 23:07:56,9.249,3.000,49.994,35.496,0,1642012,853940,174424,5263076,9633.926,485.946,0,14546.378,0,950.894,5592,10027,2.110,1.630,0.960,2,2,11.999,0,0,11,38,0,11,0
22-04 23:07:57,6.731,3.241,51.855,35.401,0,1641684,853184,174488,5264080,8511.192,538.494,0,14467.531,0,1152.775,5234,9599,2.110,1.630,0.960,1,1,11.967,0,0,11,38,0,11,0
22-04 23:07:58,14.794,5.516,47.892,29.337,0,1593672,899668,174624,5265424,4144.327,541.611,0,14013.684,0,961.861,6339,10698,2.110,1.630,0.960,1,1,63.188,0,0,11,36,0,11,0
22-04 23:07:59,27.460,5.242,38.194,26.462,0,1642100,849404,174672,5267148,11736.934,2502.361,0,10125.277,0,864.743,6604,10415,2.260,1.670,0.980,2,1,26.961,0,0,11,37,0,11,0
22-04 23:08:00,18.494,4.998,43.235,30.989,0,1640868,848900,174724,5268772,16652.177,6768.633,0,17845.760,0,1160.594,7892,13963,2.260,1.670,0.980,5,0,11.996,0,0,11,37,0,9,0
22-04 23:08:01,21.239,8.496,39.979,28.735,0,1584080,904128,174804,5270192,11537.936,1740.085,0,19821.582,0,1326.303,7605,12694,2.260,1.670,0.980,1,1,78.959,0,0,11,36,0,10,0
22-04 23:08:02,21.522,3.754,41.542,30.531,0,1622332,864072,174876,5271840,11069.116,5577.601,0,12516.570,0,897.902,6383,10714,2.260,1.670,0.980,1,1,12.012,0,0,11,39,0,10,0
22-04 23:08:03,19.510,4.752,45.773,27.514,0,1622784,862308,174972,5273024,11106.470,7555.722,0,14563.173,0,955.471,7511,13279,2.260,1.670,0.980,2,1,12.006,0,0,11,39,0,10,0
22-04 23:08:04,21.726,4.994,39.955,30.216,0,1562084,921336,175100,5274528,18958.753,7920.124,0,17660.209,0,1124.740,8658,14559,2.400,1.710,1,10,0,16.981,0,0,11,38,0,10,0
22-04 23:08:05,30.045,6.510,34.552,27.041,0,1621744,859660,175168,5276424,10403.625,648.975,0,8689.050,0,698.048,7063,11450,2.400,1.710,1,2,2,32.048,0,0,11,38,0,10,0
22-04 23:08:06,18.265,4.504,43.286,31.777,0,1627008,853428,175276,5277248,16382.756,8174.864,0,16329.712,0,1155.971,7385,12692,2.400,1.710,1,1,2,3.003,0,0,11,39,0,10,0
22-04 23:08:07,20.501,4.000,48.253,25.002,0,1627808,851468,175360,5278252,19830.198,9127.551,0,15176.917,0,1048.063,8118,13299,2.400,1.710,1,1,1,9.001,0,0,11,39,0,10,0
22-04 23:08:08,20.700,7.233,38.158,31.923,0,1596348,881868,175436,5279204,13652.026,4568.965,0,11077.245,0,694.323,6762,10119,2.400,1.710,1,1,2,79.807,0,0,11,38,0,11,0
22-04 23:08:09,32.305,5.009,35.060,25.794,0,1645240,831468,175532,5280604,10759.352,2895.940,0,10273.524,0,860.468,6864,10582,2.450,1.730,1.010,5,0,7.012,0,0,11,39,0,11,0
22-04 23:08:10,28.266,15.509,29.766,24.764,0,1559864,915740,175660,5281912,13834.598,10162.581,372.204,12983.130,6.003,842.463,10274,16623,2.450,1.730,1.010,2,3,323.177,0,0,11,37,0,11,0
22-04 23:08:11,32.181,13.970,33.428,19.458,0,1482332,990436,175776,5284088,13866.134,7989.791,1105.619,9899.677,17.961,645.609,10133,16814,2.450,1.730,1.010,2,1,151.673,0,0,11,36,0,11,0
22-04 23:08:12,26.554,10.271,39.330,22.295,0,1552656,918988,175844,5285112,11127.696,486.993,669.365,13740.024,12.025,892.821,7733,12596,2.450,1.730,1.010,1,1,128.262,0,0,11,36,0,11,0
22-04 23:08:13,18.754,3.751,46.010,28.256,0,1557052,913080,175968,5286468,18124.874,8788.878,0,15351.281,0,1013.217,7844,13521,2.450,1.730,1.010,1,1,6.001,0,0,11,37,0,11,0
22-04 23:08:14,17.709,4.240,51.380,23.695,0,1553160,915312,176056,5287936,18977.751,9481.892,0,10307.966,0,763.220,8496,14330,2.500,1.750,1.020,0,2,5.986,0,0,11,37,0,11,0
22-04 23:08:15,21.507,7.252,46.265,22.757,0,1553872,913532,176116,5288916,13366.359,3509.144,0,14836.839,0,976.318,7569,11959,2.500,1.750,1.020,3,1,59.019,0,0,11,36,0,12,0
22-04 23:08:16,20.280,4.006,50.074,23.284,0,1574652,891500,176156,5290084,16133.817,5646.335,0,9349.802,0,722.066,5992,9668,2.500,1.750,1.020,5,1,3.004,0,0,11,37,0,12,0
22-04 23:08:17,25.226,7.743,33.968,32.220,0,1533652,931704,176188,5290816,10714.947,4347.921,0,14470.424,0,1057.008,8014,21983,2.500,1.750,1.020,1,1,72.932,0,0,11,36,0,14,0
22-04 23:08:18,22.712,4.742,42.429,27.704,0,1589148,875096,176236,5291848,6187.651,2501.816,0,5522.763,0,483.192,4822,7242,2.500,1.750,1.020,0,1,2.995,0,0,11,37,0,14,0
22-04 23:08:19,19.313,6.521,49.160,23.326,0,1545644,916596,176248,5293760,15136.352,5301.285,0,10466.125,0,808.637,7263,11667,2.540,1.780,1.030,1,2,60.196,0,0,11,36,0,15,0
22-04 23:08:20,24.654,5.230,38.102,28.888,0,1606288,855112,176264,5294564,9676.475,1168.469,0,15934.208,0,999.125,6607,10620,2.540,1.780,1.030,0,1,0,0,0,11,37,0,15,0
22-04 23:08:21,17.781,4.257,48.084,27.047,0,1597492,861660,176312,5296680,17411.298,9703.886,0,14260.816,0,923.607,8225,13922,2.540,1.780,1.030,1,1,9.016,0,0,11,37,0,14,0
22-04 23:08:22,24.731,6.495,45.715,20.984,0,1636032,822160,176344,5297584,9575.688,1310.000,0,6706.879,0,653.501,6410,9978,2.540,1.780,1.030,2,1,57.956,0,0,11,36,0,15,0
22-04 23:08:23,18.254,4.251,47.510,26.756,0,1639512,818248,176372,5297972,16111.553,6308.391,0,16703.684,0,950.210,6824,11949,2.540,1.780,1.030,1,1,3.001,0,0,11,37,0,15,0
22-04 23:08:24,15.669,5.472,54.467,22.881,0,1543368,912464,176432,5299792,14418.071,5556.125,0,10163.183,0,600.877,6502,10306,2.650,1.810,1.050,2,1,71.628,0,0,11,36,0,16,0
22-04 23:08:25,5.779,2.764,57.785,29.144,0,1533432,921840,176516,5300256,7025.703,542.681,0,15444.286,0,1080.336,5655,10344,2.650,1.810,1.050,1,3,10.050,0,0,11,36,0,16,0
22-04 23:08:26,5.999,3.500,57.492,30.746,0,1523980,931100,176564,5300388,4298.418,539.927,0,11266.475,0,887.880,5302,9477,2.650,1.810,1.050,1,0,11.998,0,0,11,36,0,16,0
22-04 23:08:27,6.510,3.255,60.846,26.041,0,1511000,943756,176624,5300644,9152.453,540.854,0,14418.769,0,1094.729,5897,10619,2.650,1.810,1.050,3,0,12.019,0,0,11,36,0,16,0
22-04 23:08:28,5.491,2.496,62.645,26.955,0,1503800,950068,176692,5301448,9467.112,485.186,0,8146.328,0,670.874,5022,9395,2.650,1.810,1.050,1,1,5.990,0,0,11,36,0,16,0
22-04 23:08:29,4.498,2.749,60.472,28.487,0,1497812,955060,176748,5302364,4959.704,539.750,0,11454.697,0,905.581,5094,9615,2.600,1.820,1.050,1,2,8.996,0,0,11,36,0,16,0
22-04 23:08:30,4.252,3.002,56.780,32.267,0,1492460,959920,176824,5302752,9603.057,540.285,0,14995.897,0,958.505,5848,11017,2.600,1.820,1.050,1,2,9.005,0,0,11,36,0,16,0
22-04 23:08:31,5.500,3.250,62.745,25.748,0,1485580,966184,176908,5303268,12482.913,539.953,0,7091.382,0,660.942,5057,8693,2.600,1.820,1.050,1,2,11.999,0,0,11,36,0,16,0
22-04 23:08:32,5.759,3.255,59.848,29.048,0,1483260,968052,176996,5303612,12519.499,540.886,0,12468.415,0,877.437,4738,8370,2.600,1.820,1.050,3,2,6.010,0,0,11,36,0,16,0
22-04 23:08:33,5.243,2.497,59.923,29.462,0.250,1479492,972080,177040,5303280,9174.150,539.303,0,7374.474,0,704.091,4446,7831,2.600,1.820,1.050,0,1,5.992,0,0,11,36,0,16,0
22-04 23:08:34,4.500,3.500,56.749,32.750,0,1476876,974780,177064,5303168,4619.949,539.994,0,15215.831,0,948.989,5806,10867,2.710,1.850,1.070,2,1,0,0,0,11,36,0,16,0
22-04 23:08:35,6.000,3.000,67.496,20.999,0,1475032,977244,177088,5302524,10307.350,539.966,0,4847.694,0,598.962,5240,9127,2.710,1.850,1.070,0,2,4.000,0,0,11,36,0,16,0
22-04 23:08:36,6.497,3.748,59.719,27.736,0,1473816,978624,177148,5302296,10795.392,485.748,0,12321.599,0,890.537,5434,9880,2.710,1.850,1.070,1,3,2.998,0,0,11,36,0,16,0
22-04 23:08:37,8.004,3.502,59.282,26.765,0,1473412,978624,177184,5302664,12661.919,540.295,0,15860.667,0,1082.592,5996,10792,2.710,1.850,1.070,0,1,6.003,0,0,11,36,0,16,0
22-04 23:08:38,5.000,2.750,60.997,28.749,0,1472940,978876,177188,5302880,9382.584,539.976,0,13107.419,0,766.966,4039,7015,2.710,1.850,1.070,1,2,0,0,0,11,36,0,16,0
22-04 23:08:39,7.249,2.250,65.239,22.496,0,1472476,978876,177216,5303316,12286.939,539.909,0,5751.035,0,597.900,4963,8609,2.660,1.860,1.070,0,1,11.998,0,0,11,36,0,16,0
22-04 23:08:40,5.497,2.499,60.969,27.236,0.250,1472136,978876,177236,5303636,8471.664,539.724,0,11725.999,0,918.530,5319,9587,2.660,1.860,1.070,2,1,8.995,0,0,11,36,0,16,0
22-04 23:08:41,4.002,2.501,63.280,28.263,0,1472020,978876,177248,5303732,4680.219,540.256,0,9208.366,0,706.335,4165,7710,2.660,1.860,1.070,0,1,3.001,0,0,11,36,0,16,0
22-04 23:08:42,6.747,3.249,60.227,27.739,0,1471632,978624,177256,5304356,3261.729,539.790,0,8600.648,0,727.716,5095,8928,2.660,1.860,1.070,1,1,11.995,0,0,11,36,0,16,0
22-04 23:08:43,5.753,3.251,59.777,27.512,0,1471776,978624,177276,5304184,9413.255,486.220,0,15230.884,0,1014.459,5804,10785,2.660,1.860,1.070,0,1,3.001,0,0,11,36,0,16,0
22-04 23:08:44,5.750,2.500,61.999,26.750,0,1472352,978624,177296,5303592,6285.883,539.990,0,9027.832,0,775.986,6196,11929,2.680,1.870,1.080,2,1,6.000,0,0,11,36,0,16,0
22-04 23:08:45,4.254,3.003,61.061,28.779,0,1472636,978120,177316,5303788,10720.681,540.539,0,12340.295,0,882.880,5418,9905,2.680,1.870,1.080,1,2,4.004,0,0,11,36,0,16,0
22-04 23:08:46,6.494,2.248,64.942,23.479,0,1472176,978120,177384,5304176,6018.581,539.514,0,7389.347,0,684.384,4694,8382,2.680,1.870,1.080,1,3,2.997,0,0,11,36,0,16,0
22-04 23:08:47,6.000,2.500,60.254,29.002,0,1472008,978120,177400,5304328,10549.775,634.047,0,12300.904,0,885.065,4977,9013,2.680,1.870,1.080,1,1,6.000,0,0,11,36,0,16,0
22-04 23:08:48,3.999,2.749,56.485,33.491,0,1471704,977896,177400,5304820,8688.641,539.853,0,12176.694,0,793.784,4705,8832,2.680,1.870,1.080,0,1,5.998,0,0,11,36,0,16,0
22-04 23:08:49,6.745,2.748,66.198,21.733,0,1471384,977896,177428,5305092,4148.726,539.574,0,6830.610,0,686.458,4712,8497,2.630,1.880,1.090,0,1,11.991,0,0,11,36,0,16,0
22-04 23:08:50,9.016,2.755,59.102,26.295,0,1470904,977896,177452,5305540,5892.149,486.839,0,12032.727,0,854.472,4700,8617,2.630,1.880,1.090,0,2,6.010,0,0,11,36,0,16,0
22-04 23:08:51,9.491,2.498,62.937,22.478,0,1470244,977896,177484,5306148,9596.415,539.461,0,4939.067,0,564.436,5015,8552,2.630,1.880,1.090,0,2,11.988,0,0,11,36,0,16,0
22-04 23:08:52,7.748,3.249,55.984,29.492,0,1470116,977644,177512,5306492,6032.321,539.850,0,15743.618,0,1045.709,6184,11335,2.630,1.880,1.090,0,1,8.997,0,0,11,38,0,16,0
22-04 23:08:53,8.754,3.001,65.277,20.258,0,1469828,977140,177532,5307240,8383.472,540.224,0,5902.444,0,641.266,5259,9052,2.630,1.880,1.090,0,2,15.006,0,0,11,38,0,16,0
22-04 23:08:54,5.001,4.001,57.766,30.509,0,1469568,977140,177564,5307460,6114.744,540.154,0,17412.966,0,1144.326,5844,10554,2.580,1.880,1.090,1,1,9.003,0,0,11,38,0,8,0
22-04 23:08:55,4.490,2.494,67.349,22.699,0,1470208,976132,177612,5307776,9751.080,538.789,0,5439.772,0,536.793,4197,7540,2.580,1.880,1.090,1,0,6.984,0,0,11,38,0,8,0
22-04 23:08:56,4.508,2.505,60.112,29.555,0,1469680,976132,177636,5308264,12044.467,541.009,0,10555.690,0,776.448,4860,8627,2.580,1.880,1.090,1,1,15.028,0,0,11,38,0,8,0
22-04 23:08:57,6.501,3.501,58.763,28.006,0,1469264,976132,177652,5308652,8675.903,486.107,0,14751.235,0,1059.232,5651,10716,2.580,1.880,1.090,2,0,0,0,0,11,38,0,8,0
22-04 23:08:58,3.995,3.246,60.682,29.217,0,1468716,976132,177668,5309168,14696.425,539.392,0,11099.482,0,803.094,5004,9015,2.580,1.880,1.090,1,0,5.993,0,0,11,38,0,8,0
22-04 23:08:59,6.259,2.504,64.093,23.534,0,1467792,976132,177684,5310052,9960.507,540.788,0,7410.793,0,719.047,5632,10118,2.530,1.880,1.100,2,0,9.013,0,0,11,38,0,8,0
22-04 23:09:00,5.250,3.000,60.497,28.249,0,1467540,976132,177700,5310276,4329.807,539.976,0,16095.283,0,1089.951,5698,10488,2.530,1.880,1.100,1,1,9.000,0,0,11,38,0,8,0
22-04 23:09:01,4.749,2.250,66.241,23.497,0,1466748,976132,177704,5311028,8346.833,539.925,0,6447.099,0,611.914,4663,8401,2.530,1.880,1.100,3,0,14.998,0,0,11,38,0,8,0
22-04 23:09:02,4.997,2.748,58.714,31.231,0,1466508,976132,177708,5311256,6684.848,539.665,0,14702.869,0,958.405,5056,9269,2.530,1.880,1.100,1,2,5.996,0,0,11,38,0,7,0
22-04 23:09:03,5.002,2.251,57.525,32.764,0,1465876,976132,177724,5311856,10864.718,540.235,0,8603.736,0,627.272,4355,7490,2.530,1.880,1.100,0,1,6.003,0,0,11,38,0,7,0
22-04 23:09:04,5.995,3.247,64.200,23.981,0,1465420,976132,177728,5312292,6734.727,539.578,0,9024.934,0,748.414,5142,9056,2.570,1.900,1.110,1,0,5.995,0,0,11,38,0,7,0
22-04 23:09:05,4.004,3.504,61.817,28.030,0.250,1465008,976132,177740,5312688,5230.657,486.526,0,13034.096,0,898.972,5321,9616,2.570,1.900,1.110,0,1,10.011,0,0,11,38,0,7,0
22-04 23:09:06,5.247,2.749,62.218,27.486,0,1464584,976132,177752,5313088,9754.944,539.720,0,14496.486,0,973.495,4917,9028,2.570,1.900,1.110,0,2,5.997,0,0,11,38,0,7,0
22-04 23:09:07,5.749,3.250,66.241,22.497,0,1464600,975880,177764,5313304,11862.453,539.930,0,7415.033,0,750.902,5449,9508,2.570,1.900,1.110,1,1,11.998,0,0,11,38,0,7,0
22-04 23:09:08,4.500,3.250,62.255,27.002,0,1463984,975880,177772,5313892,5384.409,540.041,0,12788.970,0,940.071,5286,9626,2.570,1.900,1.110,0,1,6.000,0,0,11,38,0,7,0
22-04 23:09:09,6.002,2.501,63.266,26.257,0,1463432,975880,177804,5314404,10482.644,540.136,0,9694.445,0,817.206,5333,9502,2.520,1.900,1.110,0,2,33.008,0,0,11,38,0,7,0
22-04 23:09:10,5.250,2.750,62.252,26.501,0,1463056,975628,177824,5314992,11408.431,540.020,0,10436.395,0,817.031,4913,8909,2.520,1.900,1.110,0,1,12.000,0,0,11,38,0,6,0
22-04 23:09:11,6.253,3.002,59.783,27.765,0,1462468,975628,177852,5315524,10011.463,750.409,0,13571.406,0,952.520,6214,11514,2.520,1.900,1.110,2,1,12.007,0,0,11,38,0,6,0
22-04 23:09:12,7.246,2.249,65.961,21.237,0,1462716,974872,177868,5316000,9012.640,611.636,0,7207.714,0,664.605,5122,8972,2.520,1.900,1.110,1,1,17.989,0,0,11,38,0,6,0
22-04 23:09:13,5.750,2.750,62.500,26.750,0.250,1462268,974872,177872,5316400,6553.008,834.001,0,11672.015,0,809.001,4697,8609,2.520,1.900,1.110,0,1,9.000,0,0,11,38,0,6,0
22-04 23:09:14,4.001,2.751,59.768,30.759,0,1461880,974872,177900,5316752,11738.592,540.165,0,12067.693,0,790.242,4608,8202,2.560,1.920,1.120,2,2,12.004,0,0,11,38,0,6,0
22-04 23:09:15,5.255,3.504,63.564,25.025,0,1461504,974872,177912,5317072,7516.540,540.542,0,7807.832,0,677.680,5264,8981,2.560,1.920,1.120,0,2,16.016,0,0,11,38,0,6,0
22-04 23:09:16,3.495,2.995,64.150,26.459,0,1461332,974620,177924,5317476,10746.267,539.160,0,11717.754,0,849.677,4966,8834,2.560,1.920,1.120,1,0,8.986,0,0,11,38,0,6,0
22-04 23:09:17,11.252,5.001,60.763,20.254,0,1469180,966344,177948,5317868,8839.962,540.120,0,6605.466,0,624.139,5676,16119,2.560,1.920,1.120,0,1,42.009,0,0,11,38,0,7,0
22-04 23:09:18,4.755,2.503,63.816,26.277,0,1468948,966344,177976,5318064,9418.737,582.602,0,11147.525,0,797.825,4698,8586,2.560,1.920,1.120,0,1,3.003,0,0,11,38,0,4,0
22-04 23:09:19,4.246,2.747,60.441,29.471,0,1468536,966344,177988,5318456,8758.414,539.471,0,10593.615,0,747.267,4500,8025,2.600,1.940,1.130,1,1,5.994,0,0,11,38,0,4,0
22-04 23:09:20,8.013,2.755,65.108,21.285,0,1468196,966104,177996,5319000,3442.724,486.809,0,8910.816,0,758.261,5114,9033,2.600,1.940,1.130,1,2,6.010,0,0,11,38,0,4,0
22-04 23:09:21,5.247,3.748,59.464,28.733,0,1469288,966104,178008,5317888,3834.670,539.672,0,16018.269,0,1153.299,6387,12386,2.600,1.940,1.130,0,2,2.998,0,0,11,38,0,4,0
22-04 23:09:22,4.995,2.747,58.944,29.722,0,1470320,966104,178036,5316828,9170.349,539.491,0,12100.584,0,830.217,5090,9285,2.600,1.940,1.130,2,0,0,0,0,11,38,0,2,0
22-04 23:09:23,6.250,3.250,65.497,22.249,0,1472496,966104,178040,5314664,9090.520,539.972,0,5747.697,0,728.962,6212,11323,2.600,1.940,1.130,0,3,0,0,0,11,38,0,2,0
22-04 23:09:24,5.495,2.997,59.946,28.724,0,1473540,966104,178044,5313624,8031.809,539.517,0,13883.569,0,920.176,5617,10306,2.550,1.940,1.140,5,0,0,0,0,11,38,0,2,0
22-04 23:09:25,5.755,3.002,63.300,25.020,0,1473916,966236,178052,5313116,6398.039,540.426,0,8935.037,0,715.564,5104,9252,2.550,1.940,1.140,0,1,4.003,0,0,11,38,0,2,0
22-04 23:09:26,4.500,3.000,63.997,25.999,0,1472588,967420,178056,5313256,10070.581,539.978,0,10759.553,0,766.968,4496,8076,2.550,1.940,1.140,0,1,3.000,0,0,11,38,0,1,0
22-04 23:09:27,7.499,2.500,59.495,26.998,0,1469664,969928,178056,5313672,8639.202,485.955,0,13626.741,0,980.909,6215,11368,2.550,1.940,1.140,1,1,14.999,0,0,11,38,0,1,0
22-04 23:09:28,4.750,2.500,65.004,24.252,0,1469584,969928,178056,5313748,5083.323,582.037,0,9856.625,0,806.051,4961,8879,2.550,1.940,1.140,0,2,9.001,0,0,11,38,0,1,0
22-04 23:09:29,5.750,3.250,65.751,23.000,0,1469584,969928,178056,5313748,7348.069,540.005,0,9984.094,0,792.007,4705,8819,2.420,1.930,1.140,2,1,9.000,0,0,11,38,0,1,0
22-04 23:09:30,15.285,13.280,58.133,11.526,0,1341584,1097844,178060,5313844,9243.125,541.237,0,10379.722,0,608.390,5920,6592,2.420,1.930,1.140,1,0,323.740,0,0,11,32,0,2,0
22-04 23:09:31,18.759,23.261,56.026,0.750,0,1361800,1077472,178060,5313996,7619.519,582.269,0,1652.763,0,117.054,6883,6199,2.420,1.930,1.140,3,0,620.287,0,0,11,32,0,8,0
22-04 23:09:32,67.263,8.502,24.505,0,0,1577064,861256,178064,5314936,9814.831,540.101,0,896.167,0,49.009,4046,1992,2.420,1.930,1.140,3,0,3.001,0,0,11,32,0,8,0
22-04 23:09:33,58.995,5.749,25.998,7.999,0,1699420,736040,178108,5317480,7978.288,539.952,0,4799.572,0,140.987,3725,1867,2.420,1.930,1.140,3,0,0,0,0,11,32,0,8,0
22-04 23:09:34,41.891,4.738,35.657,16.457,0,1790088,641820,178144,5320596,8705.281,538.594,0,7261.050,0,299.219,3995,3445,2.470,1.940,1.150,0,2,5.984,0,0,11,38,0,8,0
22-04 23:09:35,9.749,2.750,49.995,34.746,0,1788216,641820,178164,5322404,6518.308,485.948,0,8599.086,0,638.932,5890,10221,2.470,1.940,1.150,1,1,39.996,0,0,11,38,0,8,0
22-04 23:09:36,10.513,2.503,55.567,28.034,0,1786844,641568,178168,5323984,5992.178,540.648,0,12366.814,0,825.989,5657,10045,2.470,1.940,1.150,0,2,36.043,0,0,11,38,0,8,0
22-04 23:09:37,9.245,4.497,49.721,34.480,0,1786200,640308,178176,5325828,9440.526,539.687,0,17138.063,0,1163.326,6747,12179,2.470,1.940,1.150,1,1,26.984,0,0,11,38,0,8,0
22-04 23:09:38,7.237,2.496,51.160,36.436,0,1785264,639552,178180,5327476,9229.825,539.055,0,7055.635,0,512.103,4876,8394,2.470,1.940,1.150,1,1,14.974,0,0,11,38,0,8,0
22-04 23:09:39,6.510,3.756,53.333,33.552,0,1785624,638040,178208,5328568,4809.495,540.843,0,14754.994,0,980.528,6398,11998,2.750,2.010,1.170,2,2,24.037,0,0,11,38,0,8,0
22-04 23:09:40,8.509,2.252,54.556,31.282,0,1785660,637284,178220,5329260,9834.006,540.550,0,12200.414,0,818.833,5161,9245,2.750,2.010,1.170,0,1,27.027,0,0,11,38,0,8,0
22-04 23:09:41,8.488,2.996,54.921,30.955,0,1784732,636780,178228,5330612,3870.408,539.221,0,12601.793,0,831.798,5959,10837,2.750,2.010,1.170,0,2,23.965,0,0,11,38,0,8,0
22-04 23:09:42,6.756,2.752,49.292,38.783,0,1784616,636024,178240,5331448,9546.075,486.411,0,13467.392,0,939.795,5091,9364,2.750,2.010,1.170,2,3,21.018,0,0,11,38,0,8,0
22-04 23:09:43,6.736,2.495,47.902,39.669,0,1784808,634512,178252,5332720,7289.077,538.897,0,13939.462,0,874.210,5195,9370,2.750,2.010,1.170,5,0,17.963,0,0,11,38,0,8,0
22-04 23:09:44,6.771,3.260,54.920,31.347,0,1784640,633504,178260,5333836,4387.611,541.680,0,13566.083,0,869.698,5433,10011,2.770,2.030,1.180,0,2,27.084,0,0,11,38,0,8,0
22-04 23:09:45,6.987,3.244,49.906,37.180,0,1784268,632496,178272,5335168,9857.514,538.989,0,12931.749,0,860.387,5704,10394,2.770,2.030,1.180,0,1,12.976,0,0,11,38,0,8,0
22-04 23:09:46,7.500,3.000,52.000,34.500,0,1784808,630732,178284,5336332,9096.029,540.002,0,12584.040,0,851.003,5919,10752,2.770,2.030,1.180,0,3,27.000,0,0,11,38,0,8,0
22-04 23:09:47,8.757,4.003,57.298,27.273,0,1784744,629472,178292,5337584,11758.793,634.528,0,11365.465,0,843.703,5993,10429,2.770,2.030,1.180,1,0,42.035,0,0,11,38,0,8,0
22-04 23:09:48,6.743,3.496,51.443,34.961,0,1784752,628212,178304,5338796,9494.473,539.402,0,13113.461,0,942.955,6015,11048,2.770,2.030,1.180,0,1,23.973,0,0,11,38,0,8,0
22-04 23:09:49,7.751,3.751,52.260,33.006,0,1784548,627204,178324,5339912,11128.100,540.102,0,14954.822,0,1039.196,5867,10415,3.110,2.110,1.220,0,1,36.007,0,0,11,38,0,8,0
22-04 23:09:50,6.250,3.250,56.750,31.000,0,1784284,626700,178328,5340656,8697.043,486.002,0,15832.078,0,1247.006,5732,10276,3.110,2.110,1.220,0,2,18.000,0,0,11,38,0,8,0
22-04 23:09:51,6.000,3.000,52.496,35.748,0,1784260,625692,178332,5341660,5398.637,539.964,0,14211.043,0,956.936,5295,9838,3.110,2.110,1.220,0,3,8.999,0,0,11,38,0,8,0
22-04 23:09:52,7.997,2.999,53.983,31.990,0,1784912,623676,178340,5342976,4163.695,539.831,0,9481.029,0,785.754,5623,9827,3.110,2.110,1.220,1,2,23.992,0,0,11,38,0,8,0
22-04 23:09:53,5.501,3.750,54.757,33.254,0,1784660,623172,178340,5343692,9302.208,540.070,0,14249.851,0,929.121,5232,9616,3.110,2.110,1.220,0,3,12.002,0,0,11,38,0,8,0
22-04 23:09:54,7.261,3.505,54.330,32.298,0,1785904,620904,178360,5344672,8823.032,540.799,0,17966.537,0,1153.704,6971,13016,3.020,2.110,1.220,0,1,24.036,0,0,11,38,0,8,0
22-04 23:09:55,7.492,3.246,45.699,39.956,0,1785976,619644,178372,5345812,7935.218,539.403,0,12865.762,0,927.973,5682,10300,3.020,2.110,1.220,5,1,15.982,0,0,11,38,0,8,0
22-04 23:09:56,16.805,5.769,44.896,30.850,0,1638704,766108,178376,5346600,10493.085,541.760,0,14057.664,0,983.194,6990,11646,3.020,2.110,1.220,1,2,69.225,0,0,11,36,0,8,0
22-04 23:09:57,27.164,5.732,33.893,30.404,0,1710792,692776,178388,5347780,8230.078,484.474,0,11647.315,0,847.331,5825,9396,3.020,2.110,1.220,1,1,42.865,0,0,11,36,0,8,0
22-04 23:09:58,28.981,5.496,37.975,26.982,0,1772788,630032,178400,5348500,7557.049,539.646,0,9653.675,0,719.529,5820,9386,3.020,2.110,1.220,1,1,22.985,0,0,11,38,0,8,0
22-04 23:09:59,16.791,6.015,45.110,29.822,0,1701712,699988,178416,5349576,4780.614,541.315,0,16195.345,0,1054.562,6680,10629,3.180,2.160,1.240,1,3,99.241,0,0,11,36,0,8,0
22-04 23:10:00,7.983,2.495,57.126,29.187,0,1692264,708052,178424,5350896,5182.733,538.829,0,9012.407,0,757.353,5368,9314,3.180,2.160,1.240,1,2,26.941,0,0,11,36,0,8,0
22-04 23:10:01,8.000,3.000,55.747,30.248,0.250,1683308,715792,178428,5352044,8934.460,539.967,0,14887.100,0,1030.938,5708,10292,3.180,2.160,1.240,1,2,25.998,0,0,11,36,0,8,0
22-04 23:10:02,6.505,3.253,55.543,32.025,0,1675184,722396,178444,5353504,8718.702,540.415,0,9759.503,0,809.622,5739,9883,3.180,2.160,1.240,0,2,26.020,0,0,11,36,0,8,0
22-04 23:10:03,4.984,2.990,56.563,32.393,0,1668900,727916,178456,5354236,10132.557,538.224,0,11438.247,0,760.490,4987,9276,3.180,2.160,1.240,4,1,14.951,0,0,11,36,0,8,0
22-04 23:10:04,5.513,3.508,54.126,35.081,0,1662860,732828,178456,5355336,6333.693,541.256,0,15215.296,0,949.202,6107,11472,3.170,2.170,1.250,1,2,9.021,0,0,11,36,0,8,0
22-04 23:10:05,8.253,3.001,50.521,36.015,0,1656316,736672,178472,5357948,9335.908,486.204,0,13573.682,0,890.373,6233,11220,3.170,2.170,1.250,0,2,22.009,0,0,11,36,0,8,0
22-04 23:10:06,7.000,3.250,56.497,30.248,0,1652380,739336,178480,5359172,6536.654,539.971,0,11399.397,0,751.960,5261,9272,3.170,2.170,1.250,0,1,20.999,0,0,11,36,0,8,0
22-04 23:10:07,8.008,4.004,54.305,31.281,0,1648892,742224,178484,5359756,4194.218,540.544,0,15887.977,0,1080.086,5718,10512,3.170,2.170,1.250,0,3,12.012,0,0,11,36,0,8,0
22-04 23:10:08,5.993,3.746,50.941,36.707,0,1645352,744412,178488,5361008,9850.562,539.374,0,16924.348,0,1108.713,5897,10701,3.170,2.170,1.250,3,1,8.990,0,0,11,36,0,8,0
22-04 23:10:09,8.763,3.004,54.081,31.797,0,1644232,744408,178492,5362064,9743.504,540.805,0,9694.431,0,720.072,5127,8738,3.230,2.200,1.270,2,1,0,0,0,11,36,0,8,0
22-04 23:10:10,6.740,3.495,49.430,37.447,0,1642088,744380,178508,5364128,5565.105,539.235,0,17243.538,0,1089.454,5818,10986,3.230,2.200,1.270,3,2,0,0,0,11,36,0,8,0
22-04 23:10:11,6.749,3.500,51.494,34.746,0,1640464,743440,178516,5366600,9634.866,539.936,0,13734.383,0,975.885,6100,11182,3.230,2.200,1.270,1,2,0,0,0,11,36,0,8,0
22-04 23:10:12,5.252,3.001,54.024,34.515,0,1638800,743944,178520,5367724,6207.785,486.218,0,16095.220,0,1002.450,5639,10658,3.230,2.200,1.270,1,2,0,0,0,11,36,0,8,0
22-04 23:10:13,5.999,3.000,52.244,36.246,0,1637828,743480,178524,5369120,12864.584,539.941,0,14686.383,0,900.901,5353,10016,3.230,2.200,1.270,1,1,0,0,0,11,36,0,8,0
22-04 23:10:14,6.250,2.750,57.003,31.252,0,1636548,742872,178532,5370940,10330.583,540.031,0,11824.668,0,779.044,4937,9032,3.220,2.220,1.280,1,3,0,0,0,11,36,0,8,0
22-04 23:10:15,6.004,4.003,54.537,32.272,0,1635696,741804,178540,5372736,4097.767,540.365,0,13757.290,0,890.601,5759,10837,3.220,2.220,1.280,0,2,7.005,0,0,11,36,0,8,0
22-04 23:10:16,4.747,3.248,54.961,33.726,0,1635460,740796,178544,5373948,11710.609,539.613,0,14789.403,0,966.308,5495,10177,3.220,2.220,1.280,0,2,5.996,0,0,11,36,0,8,0
22-04 23:10:17,12.007,5.753,49.277,31.017,0,1647668,727692,178544,5374780,9774.433,582.324,0,14608.120,0,964.536,6967,19576,3.220,2.220,1.280,3,1,39.022,0,0,11,36,0,9,0
22-04 23:10:18,4.748,3.249,57.228,31.987,0.250,1646832,727692,178556,5375588,7912.893,539.788,0,10483.884,0,808.683,5067,9193,3.220,2.220,1.280,1,1,14.994,0,0,11,36,0,9,0
22-04 23:10:19,5.999,3.000,59.245,28.997,0,1645900,728496,178556,5375708,11880.911,539.951,0,11610.936,0,885.919,5230,9399,3.120,2.210,1.280,2,3,5.999,0,0,11,36,0,9,0
22-04 23:10:20,3.750,3.250,57.002,32.501,0,1644252,729748,178564,5376080,11262.472,486.020,0,12972.544,0,917.038,4991,9534,3.120,2.210,1.280,0,1,12.001,0,0,11,36,0,8,0
22-04 23:10:21,7.008,2.503,60.820,28.032,0,1642728,730664,178568,5376676,7481.671,540.627,0,7997.268,0,688.798,4832,8720,3.120,2.210,1.280,0,1,9.010,0,0,11,36,0,8,0
22-04 23:10:22,6.236,2.993,53.628,34.920,0,1641360,731868,178568,5376836,4482.788,538.773,0,13373.534,0,897.954,4968,9091,3.120,2.210,1.280,4,1,8.980,0,0,11,36,0,8,0
22-04 23:10:23,6.759,3.004,49.062,37.798,0,1640360,732380,178568,5377312,3250.102,540.682,0,15807.953,0,1055.332,6468,11954,3.120,2.210,1.280,0,1,15.019,0,0,11,36,0,8,0
22-04 23:10:24,9.253,2.751,56.267,29.509,0,1640528,731400,178580,5378056,9726.930,540.163,0,8886.676,0,784.236,5691,10058,3.350,2.270,1.310,1,2,15.005,0,0,11,36,0,8,0
22-04 23:10:25,6.229,2.990,56.057,30.645,0,1640816,730644,178580,5378512,7618.805,538.150,0,16555.081,0,1138.087,5875,11176,3.350,2.270,1.310,3,0,15.945,0,0,11,36,0,8,0
22-04 23:10:26,10.537,3.512,52.183,31.360,0,1640368,730644,178580,5378948,9836.467,541.899,0,16806.892,0,1069.748,5906,10214,3.350,2.270,1.310,1,1,15.053,0,0,11,36,0,8,0
22-04 23:10:27,12.244,4.498,55.472,25.987,0,1491212,879284,178580,5379452,7926.974,485.753,0,10386.725,0,787.600,5490,9258,3.350,2.270,1.310,0,1,51.974,0,0,11,34,0,8,0
22-04 23:10:28,8.749,1.750,66.745,20.499,0,1490972,879284,178584,5379676,9048.370,539.962,0,7691.464,0,581.959,3960,6744,3.350,2.270,1.310,1,0,8.999,0,0,11,34,0,8,0
22-04 23:10:29,17.285,10.521,68.137,3.257,0.251,1391176,979052,178584,5379704,6947.942,541.086,0,3026.072,0,167.336,3753,3263,3.400,2.300,1.320,1,0,212.426,0,0,11,32,0,8,0
22-04 23:10:30,23.195,2.993,71.082,2.245,0,1452912,917312,178584,5379708,3701.237,538.725,0,1648.098,0,93.778,2014,1766,3.400,2.300,1.320,1,0,0.998,0,0,11,32,0,8,0
22-04 23:10:31,23.552,3.007,68.150,4.760,0,1353336,1016884,178584,5379712,3697.115,541.188,0,3732.192,0,224.493,2580,2636,3.400,2.300,1.320,2,0,7.015,0,0,11,32,0,8,0
22-04 23:10:32,21.469,3.994,72.144,0.999,0,1427888,942296,178584,5379748,10868.073,539.210,0,303.555,0,35.947,2221,1610,3.400,2.300,1.320,2,0,22.966,0,0,11,32,0,1,0
22-04 23:10:33,23.498,2.500,73.243,0.250,0,1488620,881564,178584,5379748,7576.303,539.950,0,131.988,0,17.998,1968,1662,3.400,2.300,1.320,2,0,2.000,0,0,11,34,0,1,0
22-04 23:10:34,16.551,22.067,58.178,2.508,0,1447464,922688,178584,5379776,8969.407,541.655,0,489.496,0,40.123,5852,5560,3.210,2.280,1.320,3,0,693.118,0,0,11,32,0,1,0
22-04 23:10:35,9.996,27.989,59.226,2.249,0,1449992,920104,178584,5379832,10241.821,485.802,0,559.772,0,80.967,7403,6704,3.210,2.280,1.320,1,0,865.647,0,0,11,32,0,1,0
22-04 23:10:36,8.230,20.700,69.581,0,0,1443276,926740,178584,5379912,9208.591,538.689,0,139.660,0,7.981,6160,4799,3.210,2.280,1.320,1,0,472.849,0,0,11,32,0,1,0
22-04 23:10:37,8.515,21.788,69.119,0,0,1412992,956988,178584,5379944,10083.360,540.931,0,40.069,0,10.017,6025,4665,3.210,2.280,1.320,2,0,421.726,0,0,11,32,0,1,0
22-04 23:10:38,21.770,15.014,61.306,1.001,0,1401884,967024,178592,5381336,5754.231,540.491,1052.957,116.106,17.015,5.005,6482,7872,3.210,2.280,1.320,4,0,239.217,0,0,11,32,0,1,0
22-04 23:10:39,51.097,9.222,33.150,5.484,0,1512120,852100,178652,5385924,9909.253,757.725,4119.633,626.120,71.785,35.892,4092,2830,3.190,2.290,1.330,2,0,110.668,0,0,11,33,1,1,0
22-04 23:10:40,45.750,5.250,48.000,0.250,0,1609908,754100,178668,5386112,6840.990,613.999,104.000,343.999,1.000,18.000,3651,2919,3.190,2.290,1.330,2,0,17.000,0,0,11,49,1,1,0
22-04 23:10:41,41.537,8.257,46.291,3.503,0,1664280,695204,178728,5390128,3800.371,614.545,0,3162.805,0,391.347,6104,8075,3.190,2.290,1.330,1,0,82.073,0,0,11,48,1,1,0
22-04 23:10:42,14.017,18.522,65.078,2.002,0,1673536,685856,178732,5390592,8870.626,614.736,0,328.393,0,11.013,7365,9641,3.190,2.290,1.330,9,0,377.452,0,0,11,48,1,1,0
22-04 23:10:43,6.735,3.492,88.552,0,0,1682428,676948,178732,5390164,9876.877,558.748,0,155.651,0,10.975,1769,1935,3.190,2.290,1.330,0,0,42.904,0,0,11,48,1,1,0
22-04 23:10:44,0.500,1.000,97.230,0.500,0,1681956,677420,178732,5390164,9510.021,655.864,0,519.892,0,25.995,912,1262,2.940,2.260,1.320,0,0,2.999,0,0,11,48,1,1,0
22-04 23:10:45,0.750,0.500,98.253,0.250,0,1679360,680016,178732,5390164,6593.176,582.016,0,36.001,0,4.000,789,1048,2.940,2.260,1.320,0,0,4.000,0,0,11,48,1,1,0
22-04 23:10:46,0.750,0.500,98.238,0,0,1677732,681644,178732,5390164,4599.424,613.923,0,0,0,0,639,939,2.940,2.260,1.320,0,0,1.000,0,0,11,48,1,1,0
22-04 23:10:47,6.020,7.023,85.785,0,0,1666972,692404,178732,5390500,9284.817,636.111,0,4.013,0,1.003,3722,4468,2.940,2.260,1.320,2,0,151.503,0,0,11,48,1,1,0
22-04 23:10:48,18.488,15.990,63.959,0,0,1688912,670324,178732,5390296,9604.906,539.658,0,7.995,0,1.999,6035,6762,2.940,2.260,1.320,1,0,311.802,0,0,12,48,1,1,0
22-04 23:10:49,17.451,15.457,65.067,0,0,1691332,667812,178732,5390340,4818.470,775.821,0,0,0,0,6974,9292,2.780,2.230,1.320,1,0,287.194,0,0,12,48,1,1,0
22-04 23:10:50,7.752,8.753,81.025,1.000,0,1683608,675400,178732,5390472,8756.657,560.170,0,568.172,0,44.013,3550,4068,2.780,2.230,1.320,0,0,195.059,0,0,12,64,1,1,0
22-04 23:10:51,15.253,15.503,68.264,0,0,1666136,692720,178732,5390868,8685.808,540.112,0,0,0,0,6947,9231,2.780,2.230,1.320,1,0,271.056,0,0,14,66,1,1,0
22-04 23:10:52,10.519,16.279,72.378,0,0,1669788,689060,178732,5390552,9514.793,540.955,0,20.035,0,5.009,5284,4603,2.780,2.230,1.320,1,0,354.626,0,0,14,66,1,2,0
22-04 23:10:53,10.262,20.023,68.579,0.501,0,1650860,707948,178736,5390584,6494.459,540.621,0,208.239,0,24.028,5909,4807,2.780,2.230,1.320,1,1,393.452,0,0,14,66,1,2,0
22-04 23:10:54,23.243,16.745,53.734,4.499,0,1695520,663220,178736,5390616,3158.070,539.841,0,6314.140,0,320.905,7342,10008,2.800,2.250,1.330,2,0,309.909,0,0,14,66,1,2,0
22-04 23:10:55,30.016,25.013,44.524,0.250,0,1795048,563656,178768,5390640,8881.786,540.291,0,516.278,0,13.007,7129,6225,2.800,2.250,1.330,4,0,701.378,0,0,14,66,1,2,0
22-04 23:10:56,30.673,23.940,43.141,1.995,0,1849168,507852,178824,5392144,9318.532,538.643,7.980,4121.620,0.997,261.342,7897,9103,2.800,2.250,1.330,3,0,571.561,0,0,14,70,1,4,0
22-04 23:10:57,48.043,18.919,31.116,0,0,1946476,410300,178824,5392684,9944.247,760.729,31.863,1178.931,2.987,5.974,6427,9201,2.800,2.250,1.330,5,0,315.643,0,0,14,70,2,4,0
22-04 23:10:58,65.444,24.667,10.320,0,0,2094072,262380,178836,5393408,9024.195,638.329,0,495.359,0,10.068,6324,7285,2.800,2.250,1.330,7,0,604.097,0,0,14,70,2,4,0
22-04 23:10:59,67.984,19.673,11.455,0,0,2201328,154112,178888,5393852,12554.900,627.546,0,418.364,0,37.852,5162,6625,2.810,2.260,1.340,4,0,365.570,0,0,14,70,2,4,0
22-04 23:11:00,68.268,22.338,5.773,4.267,0,2309648,148400,175060,5297576,11980.971,616.417,509.999,3140.311,65.256,95.374,7372,9399,2.810,2.260,1.340,4,1,428.681,0,0,14,74,2,4,0
22-04 23:11:01,62.228,21.242,5.748,9.497,0,2481620,136344,172564,5143812,5364.077,613.780,1111.601,4382.429,83.970,259.907,7759,8783,2.810,2.260,1.340,3,5,389.860,0,0,14,76,2,4,0
22-04 23:11:02,52.011,19.004,11.502,17.254,0,2569036,191240,171908,5005728,2960.619,614.128,4.001,17651.693,1.000,825.173,9142,13271,2.810,2.260,1.340,4,2,322.067,0,0,14,76,2,4,0
22-04 23:11:03,56.912,14.166,13.917,14.663,0,2679296,141952,171652,4946088,12181.551,610.370,377.753,12481.765,19.882,525.872,8598,10633,2.810,2.260,1.340,3,2,165.019,0,0,14,79,2,4,0
22-04 23:11:04,58.921,10.531,22.064,8.023,0,2780544,183536,171452,4806604,9229.801,541.573,60.175,3951.474,5.015,208.606,6534,8507,2.990,2.310,1.360,5,0,79.230,0,0,14,82,2,7,0
22-04 23:11:05,55.610,24.048,18.286,0.751,0,2887640,141632,171460,4743032,10055.956,615.221,24.048,2007.985,5.010,109.217,11415,16833,2.990,2.310,1.360,3,0,575.141,0,0,14,95,2,13,0
22-04 23:11:06,28.905,16.944,50.833,2.492,0,2902072,192212,171468,4679188,10260.290,484.408,0,1383.455,0,62.794,8823,13440,2.990,2.310,1.360,2,0,338.887,0,0,14,97,2,16,0
22-04 23:11:07,44.302,10.512,36.793,7.759,0,3035568,125752,171476,4613912,8934.520,540.637,24.028,10648.538,3.004,536.632,4394,2804,2.990,2.310,1.360,2,0,126.149,0,0,14,98,2,16,0
22-04 23:11:08,23.501,10.250,49.252,15.501,0,3087424,139292,171492,4549876,8085.377,540.025,4.000,7420.346,1.000,230.011,4831,4954,2.990,2.310,1.360,1,0,139.006,0,0,14,101,2,16,0
22-04 23:11:09,8.772,19.299,70.678,0.501,0,3099756,126852,171564,4549912,5363.492,705.775,68.171,814.048,4.010,48.121,5707,4499,2.830,2.280,1.350,2,0,361.910,0,0,14,101,2,16,0
22-04 23:11:10,7.475,19.186,70.762,0,0,3103240,123340,171564,4549940,4551.706,538.192,0,79.732,0,6.977,5764,4446,2.830,2.280,1.350,2,0,369.758,0,0,14,101,2,16,0
22-04 23:11:11,17.543,9.523,72.428,0,0,3142040,151964,171564,4484160,10372.509,541.331,0,176.434,0,12.030,2991,2213,2.830,2.280,1.350,1,0,120.296,0,0,14,101,2,16,0
22-04 23:11:12,16.965,2.245,79.336,0,0,3160156,133832,171564,4484176,13611.879,6900.744,7.984,115.761,1.996,9.979,2344,2426,2.830,2.280,1.350,1,0,0,0,0,14,104,2,16,0
22-04 23:11:13,19.309,6.520,73.724,0.502,0,3185052,173800,171436,4420816,26756.356,16820.144,0,1476.489,0,20.061,2683,2024,2.830,2.280,1.350,3,0,63.192,0,0,14,103,2,17,0
22-04 23:11:14,18.697,1.994,76.036,1.745,0,3211824,147252,171440,4420732,15639.082,6679.243,11.966,626.241,2.992,29.916,2267,2327,2.680,2.260,1.350,0,0,1.994,0,0,14,108,2,17,0
22-04 23:11:15,21.743,5.248,69.477,2.999,0,3211968,146512,171452,4421288,10621.416,875.705,255.914,1479.501,11.996,175.941,4612,6453,2.680,2.260,1.350,1,0,10.996,0,0,14,115,2,17,0
22-04 23:11:16,33.371,6.775,52.440,6.022,0,3206708,280140,171456,4296276,10535.230,1689.130,80.291,1453.274,8.029,142.517,5854,7993,2.680,2.260,1.350,3,0,54.197,0,0,14,120,2,19,0
22-04 23:11:17,24.968,6.991,66.166,0.749,0,3290012,196784,171456,4299708,4083.798,655.165,23.969,1054.657,1.997,66.915,3400,11694,2.680,2.260,1.350,5,0,97.875,0,0,15,121,2,19,0
22-04 23:11:18,17.419,2.986,73.659,4.728,0,3285616,201080,171456,4296428,12763.826,6902.997,35.834,720.659,2.986,50.765,2474,3778,2.680,2.260,1.350,1,0,1.991,0,0,14,125,2,20,0
22-04 23:11:19,23.051,4.259,68.653,2.506,0,3309252,177400,171464,4296464,10860.206,3816.507,0,2228.968,0,188.420,4653,6523,2.550,2.240,1.350,3,0,4.009,0,0,14,124,2,21,0
22-04 23:11:20,42.010,9.752,46.261,1.250,0,3365608,121032,171464,4296476,6258.446,540.125,0,760.176,0,53.012,3835,2747,2.550,2.240,1.350,3,0,97.022,0,0,14,124,2,21,0
22-04 23:11:21,28.323,4.010,65.919,1.253,0,3321152,228772,171464,4234792,32260.899,23083.316,0,581.494,0,33.085,2567,1753,2.550,2.240,1.350,4,0,10.026,0,0,14,124,2,21,0
22-04 23:11:22,21.192,4.737,71.303,1.994,0,3398992,150916,171464,4234808,6400.335,538.514,0,462.723,0,27.923,2223,1666,2.550,2.240,1.350,1,0,44.876,0,0,14,124,2,21,0
22-04 23:11:23,16.285,4.259,78.419,0.501,0,3392276,157612,171464,4234828,31624.065,23127.779,8.017,469.009,2.004,34.073,2608,2218,2.550,2.240,1.350,1,0,51.110,0,0,14,124,2,22,0
22-04 23:11:24,18.710,2.994,77.084,0,0,3450196,161852,171464,4174168,9134.308,2500.609,0,87.811,0,5.987,1661,1189,2.420,2.220,1.350,0,0,0,0,0,14,125,2,22,0
22-04 23:11:25,17.259,3.752,75.787,2.001,0,3395792,216204,171464,4174220,10218.042,6197.058,8.004,812.401,2.001,70.035,3301,3790,2.420,2.220,1.350,1,0,13.006,0,0,14,126,2,24,0
22-04 23:11:26,27.240,6.997,63.977,1.250,0,3460232,151316,171464,4174668,10974.007,539.804,15.994,787.713,1.000,60.978,4411,5928,2.420,2.220,1.350,1,0,77.972,0,0,14,128,2,24,0
22-04 23:11:27,15.799,3.762,76.990,2.508,0,3441912,169608,171464,4174696,30370.669,23216.368,0,2295.154,0,124.388,2572,2369,2.420,2.220,1.350,2,0,54.169,0,0,14,128,2,25,0
22-04 23:11:28,20.434,3.738,75.007,0,0,3447972,163544,171464,4174700,6033.484,2071.300,0,518.323,0,24.919,1785,1263,2.420,2.220,1.350,1,0,0.997,0,0,14,129,2,25,0
22-04 23:11:29,15.997,2.999,72.736,5.999,0,3442652,168784,171464,4174780,15298.039,5598.916,0,2103.593,0,217.958,4068,5753,2.310,2.200,1.350,1,0,1.000,0,0,14,130,2,25,0
22-04 23:11:30,22.330,5.520,65.986,6.022,0,3409612,201672,171464,4174932,10450.406,1786.394,72.259,1902.811,6.022,180.647,5531,7792,2.310,2.200,1.350,5,0,44.158,0,0,14,129,2,27,0
22-04 23:11:31,20.153,3.483,73.149,1.493,0,3454912,156364,171468,4174936,9953.293,1990.460,0,1222.142,0,71.657,2076,1588,2.310,2.200,1.350,0,0,8.957,0,0,14,130,2,27,0
22-04 23:11:32,15.264,2.502,80.826,1.251,0,3447444,163768,171468,4175000,22270.052,9120.622,8.008,868.821,2.002,58.055,2551,2657,2.310,2.200,1.350,2,0,0,0,0,14,130,2,27,0
22-04 23:11:33,25.845,5.018,59.468,8.280,0,3430132,180868,171468,4175212,4311.782,658.410,0,5323.485,0,540.980,6008,8783,2.310,2.200,1.350,3,0,1.004,0,0,14,132,2,27,0
22-04 23:11:34,28.166,5.733,60.570,3.988,0,3421016,189964,171472,4175244,11587.599,1401.838,3.988,2512.541,0.997,186.446,4481,5392,2.690,2.280,1.380,1,0,76.772,0,0,14,131,2,28,0
22-04 23:11:35,14.743,1.999,81.209,0.999,0,3435028,175936,171472,4175260,17871.922,9088.384,0,791.598,0,56.971,2126,2192,2.690,2.280,1.380,1,0,0.999,0,0,14,132,2,28,0
22-04 23:11:36,16.303,8.026,66.465,8.026,0,3463848,147056,171472,4175304,11455.108,1692.483,0,1340.342,0,120.390,4407,5084,2.690,2.280,1.380,1,0,148.481,0,0,14,133,2,29,0
22-04 23:11:37,19.192,2.742,75.771,1.495,0,3480128,192144,171472,4115400,13794.350,6232.183,0,737.772,0,45.862,1888,1546,2.690,2.280,1.380,1,0,0,0,0,14,134,2,29,0
22-04 23:11:38,16.499,2.250,78.246,1.750,0,3474532,197716,171472,4115424,15209.246,6316.687,11.999,867.957,3.000,65.997,3264,3944,2.690,2.280,1.380,1,1,0,0,0,14,134,2,29,0
22-04 23:11:39,28.016,7.755,56.783,6.254,0,3475716,196252,171476,4115696,5655.324,540.318,160.094,2473.454,3.002,321.189,7207,10549,2.550,2.260,1.370,6,0,5.003,0,0,14,136,1,29,0
22-04 23:11:40,34.703,12.483,43.441,6.491,0,3410524,261148,171476,4115928,11960.714,2454.658,0,7845.318,0,504.313,10869,17129,2.550,2.260,1.370,1,0,285.611,0,0,14,135,1,30,0
22-04 23:11:41,18.512,2.001,78.551,0,0,3436216,235444,171476,4115940,17123.043,6433.149,0,580.374,0,30.019,1804,1424,2.550,2.260,1.370,2,0,0,0,0,14,136,1,30,0
22-04 23:11:42,14.003,12.502,72.764,0.250,0,3421112,250520,171476,4115968,11650.291,2393.471,0,624.123,0,31.006,4410,3450,2.550,2.260,1.370,2,0,230.045,0,0,14,135,1,31,0
22-04 23:11:43,9.750,20.249,68.497,0.250,0,3387700,283900,171476,4116000,7694.697,539.979,0,555.978,0,37.999,5951,4802,2.550,2.260,1.370,1,0,401.984,0,0,14,135,1,31,0
22-04 23:11:44,23.562,15.792,59.407,0.501,0,3392596,278980,171484,4116016,9380.761,487.286,0,425.122,0,26.069,6941,8500,2.430,2.240,1.370,2,0,288.762,0,0,14,135,1,31,0
22-04 23:11:45,31.223,22.481,44.462,0.500,0,3443988,227524,171484,4116084,7133.902,539.539,3.997,427.634,0.999,30.974,6921,6138,2.430,2.240,1.370,3,0,573.510,0,0,14,135,1,31,0
22-04 23:11:46,33.504,16.252,48.255,1.000,0,3509956,161064,171492,4116904,8988.944,610.064,56.006,316.033,3.000,20.002,7510,9548,2.430,2.240,1.370,3,0,296.031,0,0,16,141,1,31,0
22-04 23:11:47,57.231,27.241,15.245,0.500,0,3659396,151732,171240,3978840,8327.210,633.788,67.977,611.795,6.998,41.986,8472,14898,2.430,2.240,1.370,4,0,634.787,0,0,16,147,1,31,0
22-04 23:11:48,60.625,18.288,19.290,0.752,0,3771712,143576,171240,3876000,3580.368,541.114,32.066,513.056,3.006,31.064,8705,15625,2.430,2.240,1.370,2,0,313.645,0,0,16,163,1,31,0
22-04 23:11:49,37.246,22.248,38.246,2.000,0,3837420,178292,171112,3777452,5092.455,539.942,11.999,643.931,3.000,36.996,7569,6387,2.390,2.230,1.380,2,0,601.936,0,0,16,163,1,31,0
22-04 23:11:50,21.674,20.926,55.306,0.747,0,3875312,140376,171116,3777880,9709.878,627.794,7.972,928.736,1.993,41.853,7425,8126,2.390,2.230,1.380,1,0,460.382,0,0,17,163,1,31,0
22-04 23:11:51,25.594,18.317,55.954,0.502,0,3910300,159188,171116,3724936,8795.142,541.981,4.015,341.247,1.004,17.062,6364,7406,2.390,2.230,1.380,4,0,361.320,0,0,17,163,1,31,0
22-04 23:11:52,35.443,19.968,41.933,0.499,0,3973728,172920,171120,3649640,8973.677,485.226,19.968,271.567,4.992,27.955,7428,7865,2.390,2.230,1.380,4,0,434.307,0,0,17,164,1,31,0
22-04 23:11:53,30.786,20.274,48.056,0.751,0,4037176,139012,171120,3620820,9720.418,610.717,0,332.390,0,23.027,7627,8381,2.390,2.230,1.380,2,0,523.615,0,0,17,169,1,31,0
22-04 23:11:54,37.722,25.981,34.974,0.250,0,4144780,151612,171128,3503544,9511.026,539.604,27.979,419.692,3.997,26.980,9249,16176,2.680,2.300,1.400,2,0,722.470,0,0,17,177,1,30,0
22-04 23:11:55,16.761,23.016,55.538,3.002,0,4188724,145268,171132,3466840,7090.850,540.370,16.011,4831.305,4.003,480.329,9584,14426,2.680,2.300,1.400,1,0,485.332,0,0,17,181,1,30,0
22-04 23:11:56,27.908,13.455,57.061,0.748,0,4242900,143336,171132,3414952,5623.386,538.218,147.512,582.073,2.990,24.918,5737,6490,2.680,2.300,1.400,2,0,198.343,0,0,17,187,1,30,2
22-04 23:11:57,43.486,7.248,46.735,1.749,0,4381516,128108,171132,3294260,3936.775,613.809,695.783,183.943,11.996,19.994,3195,2075,2.680,2.300,1.400,4,0,1.000,0,0,17,187,1,30,2
22-04 23:11:58,38.496,6.249,54.244,1.000,0,4464944,125860,171136,3214484,10707.761,613.929,127.985,667.923,9.999,48.994,3398,2718,2.680,2.300,1.400,2,0,17.998,0,0,17,208,1,28,2
22-04 23:11:59,30.833,22.560,43.868,1.755,0,4401848,187936,171140,3215484,10836.045,615.650,926.483,505.355,11.030,43.116,6948,6617,2.710,2.310,1.410,4,0,596.599,0,0,17,207,1,28,2
22-04 23:12:00,32.659,24.183,40.388,1.994,0,4460716,128296,171144,3216720,20821.169,8382.717,518.560,4008.865,10.970,405.873,8803,11308,2.710,2.310,1.410,4,2,515.568,0,0,17,210,1,28,2
22-04 23:12:01,63.267,16.068,13.055,7.281,0,4549840,130260,171160,3127264,8435.623,1541.510,522.205,10086.595,10.042,229.971,5510,5035,2.710,2.310,1.410,4,0,158.670,0,0,17,212,1,29,2
22-04 23:12:02,55.381,10.477,21.204,11.974,0,4637780,154912,171172,3018112,15751.160,7766.315,1544.681,790.302,50.891,39.914,4686,4198,2.710,2.310,1.410,3,2,22.951,0,0,17,221,1,29,2
22-04 23:12:03,46.076,9.516,25.042,17.279,0.250,4647856,178624,171220,2985180,13591.543,4353.220,5621.324,1446.399,367.610,69.115,5362,5119,2.710,2.310,1.410,3,2,34.056,0,0,17,230,1,30,0
22-04 23:12:04,47.529,16.175,28.617,6.968,0,4710188,154656,171256,2947800,8405.865,2772.094,573.331,2018.602,84.606,114.467,7177,9483,2.810,2.340,1.420,4,0,293.633,0,0,17,232,1,35,0
22-04 23:12:05,30.048,19.781,38.311,10.767,0,4721312,141032,171260,2950624,22406.572,9254.692,72.114,15584.742,4.006,261.415,8111,10547,2.810,2.340,1.420,2,0,415.660,0,0,17,231,1,36,0
22-04 23:12:06,51.926,22.075,23.580,1.756,0,4733944,167936,171264,2912112,7524.569,541.841,4.014,529.800,1.003,29.099,7345,8363,2.810,2.340,1.420,4,0,431.466,0,0,17,233,1,24,0
22-04 23:12:07,46.080,22.417,28.395,1.993,0,4800592,132440,171280,2881852,14290.277,10602.881,1032.192,984.368,45.831,48.820,7416,9614,2.810,2.340,1.420,3,1,399.526,0,0,17,234,1,24,0
22-04 23:12:08,59.861,23.043,15.529,0.501,0,4826708,131860,171284,2856568,11301.943,1281.374,276.512,933.730,14.026,66.123,7836,11487,2.810,2.340,1.420,3,0,480.891,0,0,17,237,1,28,0
22-04 23:12:09,53.704,21.481,21.731,2.248,0,4899760,135108,171296,2782064,16376.834,8923.281,499.568,931.195,27.976,62.946,8295,14335,2.910,2.360,1.440,2,2,418.638,0,0,17,246,1,29,0
22-04 23:12:10,58.788,17.011,21.264,2.752,0,4983972,148280,171304,2685840,13032.405,3322.143,188.121,2741.768,15.010,165.106,6374,7465,2.910,2.360,1.440,4,0,201.130,0,0,17,249,1,30,0
22-04 23:12:11,64.383,11.273,22.046,2.255,0,5088436,134316,170884,2598416,17579.324,12080.963,929.921,801.656,17.035,29.060,9161,20006,2.910,2.360,1.440,2,2,14.029,0,0,17,253,1,31,0
22-04 23:12:12,45.812,9.710,36.102,6.474,0,5094408,161960,170884,2565860,11864.441,8121.759,1816.565,1191.125,96.605,91.625,6329,7767,2.910,2.360,1.440,4,0,22.906,0,0,17,258,1,35,0
22-04 23:12:13,54.223,15.313,28.116,2.008,0,5113812,168696,171024,2540072,17454.835,7019.890,747.075,935.851,16.066,61.252,6061,5220,2.910,2.360,1.440,2,1,274.128,0,0,17,262,1,36,0
22-04 23:12:14,45.883,26.183,23.440,3.242,0,5070060,208384,171148,2544244,14983.765,5666.540,4229.208,1519.124,59.847,73.812,8501,11490,2.990,2.390,1.450,4,0,579.521,0,0,17,261,1,36,0
22-04 23:12:15,59.521,19.757,19.007,1.000,0,5148592,129584,171152,2544472,10940.907,6201.215,964.344,840.300,22.008,24.009,6127,7305,2.990,2.390,1.450,5,0,259.093,0,0,18,262,1,36,0
22-04 23:12:16,67.514,12.207,11.211,8.221,0,5159108,217792,171152,2448320,15613.315,5764.809,1745.885,721.473,80.717,46.836,5270,4097,2.990,2.390,1.450,5,0,46.836,0,0,18,264,1,37,0
22-04 23:12:17,77.584,10.545,3.515,8.286,0,5315352,147676,171168,2364620,10804.524,2591.157,3065.199,1414.089,135.584,73.316,6071,5123,2.990,2.390,1.450,4,0,11.048,0,0,18,269,1,37,0
22-04 23:12:18,56.824,15.270,21.778,5.257,0,5359884,133092,171192,2335940,19604.434,9970.936,1229.595,1986.577,50.065,190.247,8087,22633,2.990,2.390,1.450,2,0,260.338,0,0,18,274,1,38,0
22-04 23:12:19,42.247,9.749,47.247,0.500,0,5358840,134072,171200,2336012,10648.304,1594.896,775.949,731.952,7.999,54.996,3892,4079,2.910,2.380,1.460,2,0,17.999,0,0,18,276,1,38,0
22-04 23:12:20,30.614,6.720,58.739,1.991,0,5391084,163352,171200,2277032,28122.922,14561.238,609.290,824.334,10.951,73.672,4233,5083,2.910,2.380,1.460,3,0,7.965,0,0,18,283,1,38,0
22-04 23:12:21,40.498,10.500,39.748,7.750,0,5344144,192680,171204,2294592,16549683.303,144068.674,2059.910,4079.821,19.999,268.988,10147,5675,2.910,2.380,1.460,1,2,99.996,0,0,18,280,1,39,0
22-04 23:12:22,29.117,9.789,54.971,5.020,0,5410456,125448,171204,2295512,16094.611,9831.468,1004.031,2180.755,13.052,59.238,4384,3867,2.910,2.380,1.460,1,2,170.685,0,0,18,285,1,37,0
22-04 23:12:23,34.614,4.981,59.268,0.249,0,5380724,178032,171204,2273512,22504.891,10763.858,3.984,525.941,0.996,46.817,3257,2607,2.910,2.380,1.460,1,0,5.977,0,0,18,287,1,39,0
22-04 23:12:24,29.211,3.495,61.418,4.993,0,5408336,149764,171204,2274172,57991.159,1859364.207,471.367,766.971,27.962,81.890,5011,6547,3,2.410,1.470,1,0,1.997,0,0,18,291,1,41,0
22-04 23:12:25,9.491,4.246,82.418,1.499,0,5335868,222256,171204,2274184,445071.457,14546857.410,3.996,675.325,0.999,59.940,3939,2891,3,2.410,1.470,1,0,37.962,0,0,18,294,1,42,0
22-04 23:12:26,21.299,3.007,68.657,4.761,0,5338684,203268,171220,2290304,16489782.688,113106.074,68.156,11145.430,4.009,87.199,9411,10212,3,2.410,1.470,1,1,1.002,0,0,18,292,1,42,0
22-04 23:12:27,12.501,17.252,56.257,14.002,0,5307528,234296,171220,2290432,9605.131,540.064,28.003,12061.421,2.000,1125.133,6509,5356,3,2.410,1.470,1,0,465.055,0,0,18,292,1,42,0
22-04 23:12:28,21.564,5.266,71.461,0.501,0,5351728,190088,171220,2290440,4238.498,541.597,0,537.585,0,37.109,2633,2102,3,2.410,1.470,1,0,42.124,0,0,18,292,1,42,0
22-04 23:12:29,7.503,20.007,69.524,1.751,0,5356160,185612,171220,2290484,12365.350,540.190,4.001,1268.446,1.000,78.027,6093,5059,2.840,2.390,1.470,1,0,370.130,0,0,18,292,1,42,0
22-04 23:12:30,5.729,11.457,81.696,0.249,0,5350320,191416,171220,2290520,6105.289,537.999,0,3148.289,0,34.870,4189,3982,2.840,2.390,1.470,0,0,256.048,0,0,18,292,1,42,0
22-04 23:12:31,10.008,3.503,78.563,6.255,0,5384252,157464,171224,2290536,9922.975,486.391,4.003,16521.278,1.001,55.044,1791,1826,2.840,2.390,1.470,1,0,11.009,0,0,18,296,1,39,0
22-04 23:12:32,19.728,2.997,74.417,2.497,0,5419964,121708,171224,2290580,13008.412,6245.995,0,1534.279,0,90.898,2124,1995,2.840,2.390,1.470,2,0,0,0,0,18,297,1,39,0
22-04 23:12:33,12.788,9.528,72.964,3.260,0,5338816,202564,171228,2290852,13746.408,3846.306,124.366,1010.972,9.027,49.144,4058,3437,2.840,2.390,1.470,1,0,138.407,0,0,18,300,1,40,0
22-04 23:12:34,11.496,16.244,70.476,0.250,0,5324616,216468,171228,2291132,6886.623,539.814,3.999,167.942,1.000,15.994,5373,4353,2.690,2.360,1.460,1,0,219.924,0,0,18,300,1,40,0
22-04 23:12:35,12.977,16.221,69.375,1.248,0,5313516,227316,171228,2291368,5626.898,539.032,3.993,2020.373,0.998,187.663,5747,4670,2.690,2.360,1.460,1,0,243.563,0,0,18,300,1,39,0
22-04 23:12:36,22.754,3.501,71.261,0.750,0,5368380,172412,171228,2291408,11146.794,540.087,32.005,400.064,1.000,36.006,2335,2126,2.690,2.360,1.460,1,0,3.000,0,0,18,304,1,39,0
22-04 23:12:37,22.247,3.250,71.990,1.500,0,5411412,159340,171228,2262408,9389.749,581.922,423.944,627.916,14.998,38.995,2374,2135,2.690,2.360,1.460,1,0,3.999,0,0,18,308,1,39,0
22-04 23:12:38,22.718,3.245,72.398,0.499,0,5388568,182160,171228,2262432,3973.408,485.317,23.966,263.629,3.994,18.973,2150,1747,2.690,2.360,1.460,1,0,4.993,0,0,18,304,1,39,0
22-04 23:12:39,21.753,4.751,73.010,0,0,5443964,126748,171228,2262448,10953.447,540.071,0,256.034,0,18.002,2065,1641,2.560,2.340,1.460,1,0,3.000,0,0,18,304,1,38,0
22-04 23:12:40,9.747,1.500,86.723,0.750,0,5438968,131596,171228,2262596,24455.488,19311.068,0,223.931,0,27.991,2598,2932,2.560,2.340,1.460,1,0,0,0,0,18,309,1,39,0
22-04 23:12:41,22.864,4.020,72.613,0.251,0,5438224,132332,171228,2262604,11110.491,808.036,0,241.205,0,15.075,2347,1779,2.560,2.340,1.460,1,0,17.085,0,0,18,306,1,40,0
22-04 23:12:42,24.161,2.491,71.984,0,0,5387300,212592,171228,2234196,7378.780,538.015,0,139.485,0,9.963,2019,1493,2.560,2.340,1.460,1,0,0,0,0,18,306,1,40,0
22-04 23:12:43,8.216,19.419,69.708,1.245,0,5329236,270460,171236,2234384,6458.960,537.749,434.182,458.082,9.958,24.896,5744,4609,2.560,2.340,1.460,2,0,359.495,0,0,18,306,1,38,0
22-04 23:12:44,15.876,12.096,71.316,0,0,5346948,252620,171244,2234504,9991.273,544.319,0,124.992,0,6.048,4268,3421,2.430,2.320,1.460,1,0,239.903,0,0,18,306,1,38,0
22-04 23:12:45,17.919,2.489,77.153,1.742,0,5374688,223940,171276,2235412,14426.114,2638.134,19.910,211.051,4.978,8.960,2061,1672,2.430,2.320,1.460,1,0,17.919,0,0,18,307,1,38,0
22-04 23:12:46,21.762,3.502,71.788,1.751,0,5366060,227080,171768,2240284,10996.877,660.353,8.004,988.528,2.001,27.014,2308,2072,2.430,2.320,1.460,1,0,3.002,0,0,18,306,1,38,0
22-04 23:12:47,17.241,1.999,76.460,2.499,0,5369440,217984,172292,2245336,14831.298,3681.088,3.998,1447.248,0.999,40.979,2004,1765,2.430,2.320,1.460,3,0,17.991,0,0,18,306,1,38,0
22-04 23:12:48,18.258,5.252,75.532,0.750,0,5368556,218308,172344,2245840,14581.154,2581.089,4.002,364.154,1.000,3.001,10509,19536,2.430,2.320,1.460,1,1,12.005,0,0,18,307,1,38,0
22-04 23:12:49,21.256,6.252,69.019,0.500,0,5358292,228104,172424,2246212,10965.956,1441.389,8.002,488.132,1.000,17.005,11066,19687,2.320,2.300,1.450,1,0,21.006,0,0,18,307,1,38,0
22-04 23:12:50,18.570,8.532,69.511,2.509,0,5314152,282200,172508,2236216,4291.098,716.689,0,1923.215,0,78.294,3740,3618,2.320,2.300,1.450,1,0,122.459,0,0,18,306,1,38,0
22-04 23:12:51,18.717,8.236,70.877,1.497,0,5372672,223664,172508,2236232,8103.890,539.061,0,16151.877,0,33.941,3047,2601,2.320,2.300,1.450,1,0,146.744,0,0,18,306,1,38,0
22-04 23:12:52,18.024,1.502,79.858,0,0,5386840,209304,172508,2236424,21268.880,9077.326,0,196.266,0,10.014,1824,1466,2.320,2.300,1.450,0,0,0,0,0,18,307,1,39,0
22-04 23:12:53,17.176,7.966,67.211,5.974,0,5403020,193076,172508,2236472,12058.111,2218.453,35.846,3011.043,2.987,423.179,3572,2742,2.320,2.300,1.450,1,0,115.503,0,0,18,306,1,41,0
22-04 23:12:54,18.500,2.500,78.250,0,0,5415040,181048,172508,2236480,14915.094,6253.040,0,44.000,0,4.000,1835,1453,2.210,2.280,1.450,1,0,0,0,0,18,307,1,41,0
22-04 23:12:55,20.004,6.001,72.763,0,0,5424160,171920,172508,2236488,9594.754,3451.631,0,0,0,0,2891,2473,2.210,2.280,1.450,2,0,71.013,0,0,18,306,1,42,0
22-04 23:12:56,17.262,2.252,79.556,0.500,0,5439088,156924,172508,2236556,17951.666,13311.392,48.034,116.082,2.001,12.008,2279,2213,2.210,2.280,1.450,0,0,2.001,0,0,18,307,1,42,0
22-04 23:12:57,21.253,4.501,72.511,0.250,0,5458484,137516,172508,2236568,13432.976,878.129,0,296.044,0,20.003,2625,2063,2.210,2.280,1.450,1,0,56.008,0,0,18,306,1,43,0
22-04 23:12:58,17.005,2.501,79.523,0,0,5455088,140876,172508,2236604,16190.727,10838.164,16.005,0,1.000,0,2184,2070,2.210,2.280,1.450,1,0,1.000,0,0,18,306,1,46,0
22-04 23:12:59,24.498,6.000,69.245,0,0,5442420,153416,172508,2236732,5970.538,539.958,0,151.988,0,15.999,3501,4361,2.110,2.250,1.450,1,0,34.997,0,0,18,308,1,46,0
22-04 23:13:00,15.739,2.498,79.446,0.749,0,5438760,157016,172508,2236792,19146.033,10461.914,31.978,367.751,1.999,45.969,3055,3470,2.110,2.250,1.450,0,0,1.999,0,0,18,309,1,46,0
22-04 23:13:01,19.253,4.751,74.011,0.500,0,5407440,188272,172508,2236856,8013.229,1602.246,48.007,492.075,3.000,36.006,2770,2667,2.110,2.250,1.450,1,0,47.007,0,0,18,308,1,47,0
22-04 23:13:02,16.994,2.249,79.221,0.250,0,5422000,173704,172508,2236864,18464.136,9299.543,0,195.927,0,11.996,1962,1771,2.110,2.250,1.450,1,0,0,0,0,18,312,1,48,0
22-04 23:13:03,20.517,5.004,73.061,0,0,5379400,216300,172508,2236872,7826.499,2147.784,0,476.396,0,22.018,2615,2231,2.110,2.250,1.450,2,0,32.027,0,0,18,308,1,48,0
22-04 23:13:04,14.980,2.497,81.641,0.250,0,5394100,201596,172508,2236876,17603.538,8711.389,0,131.824,0,11.984,2044,2023,1.950,2.220,1.440,2,0,0,0,0,18,310,1,48,0
22-04 23:13:05,10.521,8.267,75.655,3.507,0,5357424,237936,172700,2237020,12353.241,4462.117,180.369,661.351,15.031,60.123,4265,4703,1.950,2.220,1.440,0,1,182.373,0,0,18,312,1,49,0
22-04 23:13:06,2.995,1.248,89.096,5.740,0,5350980,243416,173088,2237596,12219.858,2693.340,958.342,1661.126,236.591,131.772,1607,2284,1.950,2.220,1.440,2,0,0,0,0,18,312,1,49,0
22-04 23:13:07,5.501,7.751,83.262,2.500,0,5358016,236316,173116,2237648,26206.784,3518.508,0,492.071,0,34.005,3077,2757,1.950,2.220,1.440,0,0,125.018,0,0,18,312,1,44,0
22-04 23:13:08,6.781,10.799,79.359,2.260,0,5327064,267052,173116,2237864,11391.552,1545.996,144.655,200.909,15.068,13.059,3953,3342,1.950,2.220,1.440,1,1,208.946,0,0,18,310,1,45,0
22-04 23:13:09,17.678,3.486,72.704,4.980,0,5345572,237372,173504,2248632,5972.719,557.733,3087.449,414.316,319.700,16.931,2283,2250,1.870,2.200,1.440,2,0,5.976,0,0,18,310,1,45,0
22-04 23:13:10,17.248,2.250,74.992,4.250,0,5356132,222308,173672,2252888,15880.402,2615.737,331.967,1387.860,6.999,19.998,2442,2438,1.870,2.200,1.440,0,1,15.998,0,0,18,311,1,45,0
22-04 23:13:11,14.995,2.249,76.475,4.249,0,5344564,230376,173696,2256332,15978.793,2894.057,631.794,1359.557,8.997,47.984,2233,2163,1.870,2.200,1.440,0,1,10.996,0,0,18,310,1,45,0
22-04 23:13:12,9.504,13.755,70.528,5.002,0,5310140,262320,173732,2258728,10205.050,582.231,1000.397,2597.031,22.009,96.038,5280,4950,1.870,2.200,1.440,1,0,292.116,0,0,18,310,1,38,0
22-04 23:13:13,19.743,2.499,77.223,0.250,0,5371572,200880,173732,2258736,11799.904,2858.008,0,71.975,0,2.999,1859,1536,1.870,2.200,1.440,0,0,0,0,0,18,311,1,38,0
22-04 23:13:14,19.497,4.749,74.238,0,0,5389576,182852,173732,2258760,25812.950,20755.744,0,71.989,0,5.999,2681,2279,1.800,2.180,1.440,1,0,46.993,0,0,18,310,1,40,0
22-04 23:13:15,20.748,3.750,74.742,1.000,0,5432816,139608,173732,2258764,16363.255,6252.333,0,247.974,0,32.996,2472,2185,1.800,2.180,1.440,1,0,6.999,0,0,18,313,1,40,0
22-04 23:13:16,16.770,4.005,74.340,3.004,0,5396144,176044,173732,2259000,11372.714,3631.379,224.270,244.295,12.014,12.014,2506,2441,1.800,2.180,1.440,1,0,14.017,0,0,18,312,1,36,0
22-04 23:13:17,19.484,1.749,76.935,0.500,0,5411008,161176,173732,2259004,8020.271,6189.807,0,203.829,0,11.990,2013,1845,1.800,2.180,1.440,0,0,0,0,0,18,313,1,36,0
22-04 23:13:18,18.257,5.252,68.028,8.503,0,5436888,133584,173736,2260712,13219.386,1575.642,1680.685,528.215,57.023,65.026,3951,11403,1.800,2.180,1.440,7,0,38.015,0,0,18,315,1,37,0
22-04 23:13:19,19.237,4.497,66.706,7.495,0,5417444,152428,173736,2261312,10908.871,1778.838,463.697,3757.544,26.982,518.661,4647,6416,1.820,2.170,1.440,2,0,4.997,0,0,18,314,1,38,0
22-04 23:13:20,19.011,4.002,71.041,5.253,0,5389332,210280,173736,2232520,17333.002,6322.649,0,3878.238,0,240.139,3078,3720,1.820,2.170,1.440,1,0,0,0,0,18,315,1,33,0
22-04 23:13:21,17.285,3.507,73.649,4.259,0,5386288,213048,173736,2232796,13348.028,4501.114,96.195,2497.056,4.008,107.217,4369,5793,1.820,2.170,1.440,1,0,0,0,0,18,315,1,33,0
22-04 23:13:22,11.517,17.777,67.853,1.252,0,5327692,271608,173736,2232832,11839.949,1768.681,0,805.221,0,76.115,6335,6197,1.820,2.170,1.440,2,0,494.750,0,0,18,314,1,34,0
22-04 23:13:23,7.745,23.235,67.707,0.500,0,5336180,263084,173736,2232868,11682.612,539.659,0,455.712,0,34.978,7343,6831,1.820,2.170,1.440,1,0,726.541,0,0,18,314,1,34,0
22-04 23:13:24,8.011,23.032,65.341,2.253,0,5332512,266716,173736,2232904,8024.174,486.678,0,2403.347,0,170.237,7468,7278,1.670,2.140,1.430,2,0,729.015,0,0,18,314,1,31,0
22-04 23:13:25,8.504,22.259,68.028,0,0,5320236,278952,173736,2232944,9541.953,540.224,0,248.103,0,23.010,7226,6672,1.670,2.140,1.430,3,0,693.287,0,0,18,314,1,31,0
22-04 23:13:26,8.734,21.711,68.129,0,0,5338624,260528,173736,2232980,10310.634,539.040,0,239.573,0,14.973,6947,6248,1.670,2.140,1.430,1,0,647.846,0,0,18,314,1,31,0
22-04 23:13:27,10.966,17.945,69.288,0,0,5357900,241208,173736,2233024,9637.461,538.350,0,119.633,0,10.966,6190,5434,1.670,2.140,1.430,1,0,506.448,0,0,18,314,1,31,0
22-04 23:13:28,20.589,6.277,73.067,0.251,0,5340512,356028,174152,2145432,6984.345,542.356,12.052,8.035,3.013,2.009,2436,2121,1.670,2.140,1.430,3,0,41.179,0,0,18,314,1,25,0
22-04 23:13:29,16.926,1.742,76.166,3.485,0,5335940,358136,174164,2147892,9352.934,2535.866,15.930,2389.508,2.987,6.969,1844,1679,1.620,2.120,1.430,0,0,15.930,0,0,18,315,1,25,0
22-04 23:13:30,9.001,1.250,84.505,4.250,0,5351940,341504,174164,2148520,12738.751,5379.317,552.033,1248.074,28.002,35.002,1733,2061,1.620,2.120,1.430,0,0,0,0,0,18,315,1,25,0
22-04 23:13:31,3.507,1.252,92.184,2.755,0,5351952,341280,174180,2148716,18335.592,3041.069,148.296,709.416,13.026,46.092,1381,1893,1.620,2.120,1.430,1,1,0,0,0,18,315,1,25,0
22-04 23:13:32,4.241,0.748,90.550,2.245,0,5351620,341280,174224,2149000,15209.415,4382.323,163.639,786.264,14.967,34.923,1411,1655,1.620,2.120,1.430,0,0,0,0,0,18,315,1,25,0
22-04 23:13:33,5.745,0.999,88.920,3.747,0,5350988,341280,174292,2149560,19730.333,6937.788,319.714,895.198,23.979,31.971,1426,1671,1.620,2.120,1.430,0,0,0,0,0,18,315,1,25,0
22-04 23:13:34,13.998,1.000,78.241,5.749,0,5376696,314568,174356,2150492,20398.713,7007.214,815.909,1099.877,31.996,50.994,1895,1973,1.490,2.080,1.420,1,0,0,0,0,18,315,1,25,0
22-04 23:13:35,8.261,1.502,85.366,3.755,0,5376100,314568,174412,2151032,16963.106,5309.232,404.551,881.200,27.037,45.061,1719,2097,1.490,2.080,1.420,1,0,1.001,0,0,18,315,1,25,0
22-04 23:13:36,9.749,0.500,85.745,3.000,0,5380120,309780,174484,2151716,20692.751,8410.492,479.971,975.941,28.998,34.998,1407,1495,1.490,2.080,1.420,1,0,0,0,0,18,315,1,24,0
22-04 23:13:37,12.495,1.499,73.473,11.746,0,5398720,289872,174572,2152980,17020.847,8407.960,955.655,6017.825,43.984,285.897,1869,1660,1.490,2.080,1.420,1,0,0,0,0,18,315,1,24,0
22-04 23:13:38,11.011,1.752,74.573,11.261,0,5400688,257868,174632,2182956,12473.287,2897.855,14025.817,308.304,158.156,10.010,1677,1649,1.490,2.080,1.420,0,1,1.001,0,0,18,315,1,24,0
22-04 23:13:39,18.716,2.246,72.120,5.740,0,5408164,237708,175248,2195020,5885.418,539.031,0,1533.243,0,64.883,2108,2024,1.450,2.060,1.420,2,0,0,0,0,18,315,1,24,0
22-04 23:13:40,22.514,2.001,70.293,3.752,0,5408508,221592,175440,2210436,6619.083,486.300,0,1556.960,0,44.027,2457,2535,1.450,2.060,1.420,2,0,0,0,0,18,315,1,23,0
22-04 23:13:41,18.012,2.502,70.296,8.756,0.250,5428536,183804,175444,2227960,8867.789,540.353,32.021,2065.348,1.001,91.059,2335,2500,1.450,2.060,1.420,1,0,0,0,0,18,315,1,23,0
22-04 23:13:42,13.756,3.502,71.031,10.254,0,5420340,183564,175444,2236224,8839.823,540.234,0,12545.426,0,208.090,2558,2650,1.450,2.060,1.420,1,1,0,0,0,18,315,1,23,0
22-04 23:13:43,17.992,2.749,72.216,6.497,0,5414860,165432,175444,2259660,11857.496,539.749,0,6061.186,0,85.960,2163,2080,1.450,2.060,1.420,1,0,0,0,0,18,315,1,23,0
22-04 23:13:44,20.989,1.749,71.714,4.248,0,5433848,154608,175452,2251172,6346.777,783.602,3.998,2190.887,0.999,80.959,2273,2146,1.410,2.050,1.420,1,0,0,0,0,18,314,1,22,0
22-04 23:13:45,21.797,3.508,72.406,1.754,0,5425380,163128,175452,2251120,8847.013,1815.902,0,1868.014,0,253.545,2463,1894,1.410,2.050,1.420,0,0,36.078,0,0,18,315,1,22,0
22-04 23:13:46,19.047,2.757,76.438,1.504,0,5418848,163868,175532,2256832,10466.702,1555.821,0,994.442,0,9.022,1935,1607,1.410,2.050,1.420,1,0,3.007,0,0,18,314,1,22,0
22-04 23:13:47,17.179,2.988,76.185,2.241,0,5412652,163868,175684,2262768,15576.518,3572.212,0,1055.630,0,13.942,2039,1710,1.410,2.050,1.420,1,0,19.918,0,0,18,317,1,22,0
22-04 23:13:48,23.073,4.765,69.470,0,0,5389400,187436,175704,2262392,6456.409,716.264,0,280.888,0,7.022,10273,18580,1.410,2.050,1.420,1,0,14.044,0,0,18,316,1,22,0
22-04 23:13:49,21.926,6.977,68.270,1.495,0,5390668,185984,175712,2262564,18661.241,538.190,0,1710.248,0,14.950,10790,19457,1.380,2.030,1.410,1,0,18.936,0,0,18,316,1,22,0
22-04 23:13:50,23.014,4.503,70.043,1.501,0,5356648,231396,175712,2251236,7229.406,582.355,0,1084.661,0,51.031,3452,3610,1.380,2.030,1.410,1,0,51.031,0,0,18,316,1,22,0
22-04 23:13:51,23.251,5.500,68.253,1.500,0,5388372,199644,175712,2251264,10143.427,540.023,0,516.022,0,21.001,10557,19326,1.380,2.030,1.410,1,0,24.001,0,0,18,316,1,22,0
22-04 23:13:52,17.247,2.250,76.487,2.000,0,5389588,192804,175712,2256888,13521.669,2823.513,0,1163.799,0,30.995,2193,2110,1.380,2.030,1.410,2,0,16.997,0,0,18,316,1,22,0
22-04 23:13:53,17.755,2.751,77.272,1.751,0,5402592,178652,175712,2258036,11054.216,3482.013,0,568.165,0,18.005,1983,1799,1.380,2.030,1.410,2,0,18.005,0,0,18,317,1,21,0
22-04 23:13:54,21.737,4.997,69.208,1.749,0,5389648,187032,175764,2262548,8988.557,713.568,0,1071.351,0,22.986,10443,19225,1.430,2.030,1.420,3,0,13.992,0,0,18,316,1,21,0
22-04 23:13:55,21.761,7.254,68.785,1.001,0,5389948,186584,175768,2262692,9660.873,486.245,0,868.438,0,25.013,10539,18999,1.430,2.030,1.420,1,0,21.011,0,0,18,316,1,21,0
22-04 23:13:56,21.745,3.749,72.982,0.750,0,5378760,209256,175768,2251272,4509.909,539.869,0,263.936,0,10.997,2223,1815,1.430,2.030,1.420,1,0,23.994,0,0,18,316,1,21,0
22-04 23:13:57,20.492,5.998,70.472,1.749,0,5360868,220912,175768,2257508,9319.351,613.760,0,631.753,0,7.997,3245,2880,1.430,2.030,1.420,1,0,96.962,0,0,18,318,1,17,0
22-04 23:13:58,23.738,3.248,72.215,0,0,5377184,200248,175768,2261840,7500.360,613.702,0,7896.168,0,117.943,2413,2181,1.430,2.030,1.420,1,0,16.992,0,0,18,318,1,17,0
22-04 23:13:59,10.509,1.001,84.573,2.502,0,5376848,200248,175768,2262160,22503.449,6594.700,4.003,1869.616,1.001,38.033,1770,1993,1.390,2.010,1.420,1,0,0,0,0,18,319,1,17,0
22-04 23:14:00,11.738,1.498,82.915,2.747,0,5376712,199996,175768,2262544,31696.514,13476.188,0,1910.042,0,85.912,2022,2325,1.390,2.010,1.420,0,0,0,0,0,18,319,1,17,0
22-04 23:14:01,6.754,2.752,78.044,11.506,0,5378764,197752,175768,2262736,42947.178,4809.708,0,3942.219,0,344.194,2923,4922,1.390,2.010,1.420,0,0,3.002,0,0,18,320,1,13,0
22-04 23:14:02,9.506,1.501,86.808,1.001,0,5385592,190696,175768,2262964,125855.541,8512.718,0,1312.882,0,64.043,2008,2288,1.390,2.010,1.420,0,0,2.001,0,0,18,320,1,15,0
22-04 23:14:03,14.539,1.504,77.458,6.016,0,5405052,171040,175768,2263144,19546.398,7800.912,0,1271.408,0,52.140,1942,2076,1.390,2.010,1.420,1,0,1.003,0,0,18,320,1,15,0
22-04 23:14:04,10.466,0.748,82.977,3.738,0,5404868,171040,175768,2263328,22419.197,9859.543,0,4437.392,0,80.734,1780,2055,1.440,2.010,1.420,0,0,0,0,0,18,320,1,15,0
22-04 23:14:05,11.501,1.750,84.756,1.250,0,5426044,149368,175768,2263820,287558.690,9784.670,0,1004.069,0,36.002,2056,2153,1.440,2.010,1.420,1,0,1.000,0,0,18,320,1,11,0
22-04 23:14:06,2.500,0.500,92.498,2.750,0,5426048,149368,175768,2263812,40110.140,5711.878,0,1107.976,0,44.999,1169,1516,1.440,2.010,1.420,1,1,0,0,0,18,320,1,11,0
22-04 23:14:07,2.750,1.000,93.743,1.250,0,5425964,149368,175772,2263884,30176.903,6284.563,0,947.934,0,46.997,1133,1518,1.440,2.010,1.420,0,0,0,0,0,18,320,1,11,0
22-04 23:14:08,8.745,2.249,84.204,3.498,0,5444116,130984,175780,2264080,73033.933,10578.197,27.985,1958.925,3.998,95.947,1822,2038,1.440,2.010,1.420,1,0,1.999,0,0,18,320,1,11,0
22-04 23:14:09,20.784,7.262,57.845,13.021,0,5460092,143368,175788,2236576,17444.581,5614.198,773.267,16527.078,7.011,466.765,2957,2225,1.490,2.010,1.420,1,0,10.016,0,0,18,320,1,9,0
22-04 23:14:10,17.484,2.748,77.431,1.998,0,5458084,136656,175808,2245380,202776.704,11569.656,355.682,5291.269,6.994,66.940,2590,2511,1.490,2.010,1.420,0,0,1.998,0,0,18,320,1,9,0
22-04 23:14:11,3.247,1.998,88.910,2.747,0,5447680,141496,175828,2250908,2840850.908,56678.539,15.984,2121.849,0.999,40.958,3256,3674,1.490,2.010,1.420,0,0,0.999,0,0,18,320,1,9,0
22-04 23:14:12,3.754,2.002,89.084,3.754,0,5446956,136604,175844,2256492,2941170.138,32674.708,0,4716.433,0,41.039,2463,2521,1.490,2.010,1.420,0,0,2.002,0,0,18,320,1,9,0
22-04 23:14:13,4.250,1.750,90.741,0,0,5442588,127112,175844,2270320,7158831.146,77092.119,0,155.984,0,6.999,3771,3360,1.490,2.010,1.420,0,0,0,0,0,18,320,1,9,0
22-04 23:14:14,5.497,2.748,82.954,6.746,0,5433980,146764,175904,2259816,4879141.137,50325.915,163.909,12860.823,3.998,70.960,3673,3006,1.450,1.990,1.420,0,1,0.999,0,0,18,320,1,9,0
22-04 23:14:15,13.263,3.253,71.067,11.511,0,5431068,145544,176080,2263740,201524.085,4144.930,0,15334.540,0,158.150,2367,2267,1.450,1.990,1.420,2,0,8.008,0,0,18,320,1,9,0
22-04 23:14:16,6.996,2.749,63.466,25.236,0,5428760,145068,176252,2266284,5262.185,539.711,0,29923.990,0,453.757,2104,2315,1.450,1.990,1.420,0,2,0,0,0,18,320,1,9,0
22-04 23:14:17,4.750,3.000,67.506,24.002,0,5426316,143892,177448,2268156,6147.507,560.046,0,24666.034,0,187.015,1745,2077,1.450,1.990,1.420,1,0,0,0,0,18,320,1,5,0
22-04 23:14:18,22.988,4.997,64.218,6.497,0,5444980,138000,179032,2252664,9408.266,539.728,0,10854.538,0,40.979,2918,13632,1.450,1.990,1.420,2,0,35.982,0,0,18,320,1,6,0
22-04 23:14:19,22.018,2.252,70.308,4.754,0,5445788,120736,179408,2267896,7793.421,540.445,0,1745.438,0,43.035,2360,2427,1.410,1.980,1.420,1,0,0,0,0,18,320,1,6,0
22-04 23:14:20,21.502,3.250,70.007,4.250,0,5443440,127368,180172,2262496,10067.041,540.056,0,2824.292,0,140.014,3109,3497,1.410,1.980,1.420,1,0,0,0,0,18,320,1,6,0
22-04 23:14:21,17.993,3.749,70.724,6.498,0,5437512,119740,180912,2274284,3948.548,539.801,31.988,2647.027,1.000,96.964,2332,2433,1.410,1.980,1.420,2,0,0,0,0,18,320,1,4,0
22-04 23:14:22,21.206,2.994,71.603,2.245,0,5443092,146200,181796,2241992,8795.896,538.891,0,1600.705,0,58.879,2270,2039,1.410,1.980,1.420,2,0,0,0,0,18,320,1,4,0
22-04 23:14:23,22.049,1.754,69.655,5.763,0,5444576,127988,182708,2257068,6091.576,541.206,0,1920.280,0,21.047,2118,1840,1.410,1.980,1.420,0,1,0,0,0,18,320,1,4,0
22-04 23:14:24,18.507,3.001,67.526,9.504,0,5442388,118564,183704,2267328,3935.508,540.207,0,2889.107,0,112.043,2600,2709,1.620,2.010,1.430,1,0,1.000,0,0,18,320,1,4,0
22-04 23:14:25,16.492,2.749,76.961,3.248,0,5467044,134408,184164,2226360,14733.600,3079.453,0,1555.219,0,56.971,2099,1958,1.620,2.010,1.430,3,0,0.999,0,0,18,318,1,3,0
22-04 23:14:26,22.016,3.503,71.052,2.252,0,5394288,207320,184164,2226244,11444.381,1033.757,4.003,1340.982,1.001,140.103,2422,1758,1.620,2.010,1.430,1,0,35.026,0,0,18,319,1,3,0
22-04 23:14:27,18.750,2.250,77.002,1.000,0,5393512,202280,184220,2231864,9045.189,2397.050,0,1104.023,0,9.000,1840,1642,1.620,2.010,1.430,1,0,2.000,0,0,18,318,1,3,0
22-04 23:14:28,13.251,3.000,76.255,6.250,0,5397200,198392,184220,2231980,15072.955,3547.225,0,11428.724,0,124.008,2123,1983,1.620,2.010,1.430,1,0,17.001,0,0,18,319,1,3,0
22-04 23:14:29,22.739,5.497,68.716,1.249,0,5396808,191972,184712,2237352,6959.533,713.644,0,1127.438,0,18.991,10116,18496,1.570,1.990,1.430,1,0,13.993,0,0,18,318,1,3,0
22-04 23:14:30,21.748,5.749,67.492,2.500,0,5394424,194036,184740,2237608,9183.956,581.934,0,2363.731,0,26.997,10600,19380,1.570,1.990,1.430,2,0,12.999,0,0,18,318,1,3,0
22-04 23:14:31,20.566,6.270,71.228,1.756,0,5376736,223764,184776,2226428,8744.979,541.733,0,955.056,0,39.125,2424,2175,1.570,1.990,1.430,1,0,7.022,0,0,18,318,1,3,0
22-04 23:14:32,22.935,3.989,71.048,0.748,0,5372480,225788,184776,2228692,5207.200,484.623,247.297,650.152,3.989,9.972,2273,2059,1.570,1.990,1.430,1,0,5.983,0,0,18,318,1,3,0
22-04 23:14:33,20.516,3.503,68.555,6.505,0,5378256,218732,184780,2229952,9607.703,614.493,616.494,2822.263,26.021,113.091,4716,6872,1.570,1.990,1.430,4,0,0,0,0,18,321,1,7,0
22-04 23:14:34,18.553,4.262,61.425,14.291,0,5323740,272704,184780,2230496,9642.506,541.545,561.602,4344.393,27.077,361.030,6422,9854,1.840,2.040,1.450,1,0,5.014,0,0,18,320,1,8,0
22-04 23:14:35,8.986,18.720,64.397,5.990,0,5330356,265016,184780,2231568,5137.786,539.138,870.608,4720.453,9.984,262.580,6441,6382,1.840,2.040,1.450,1,0,425.320,0,0,18,322,1,8,0
22-04 23:14:36,10.228,3.742,71.594,12.473,0,5287492,288684,184780,2250756,9126.126,538.827,19182.226,267.418,1381.990,10.976,3431,4481,1.840,2.040,1.450,1,0,19.957,0,0,18,320,1,10,0
22-04 23:14:37,6.249,3.499,73.985,14.747,0,5294584,258260,184780,2274068,9888.930,1554.675,23255.133,3215.327,2104.560,303.936,3939,5807,1.840,2.040,1.450,1,0,5.999,0,0,18,321,1,10,0
22-04 23:14:38,1.999,0.500,93.224,3.499,0,5290160,262680,184780,2274072,14760.896,2040.433,0,983.727,0,34.990,1187,1682,1.840,2.040,1.450,0,0,0,0,0,18,321,1,10,0
22-04 23:14:39,2.751,2.251,85.283,8.253,0,5286072,266712,184780,2274128,45196.497,124712.280,120.046,4885.891,6.002,296.115,1815,1729,1.780,2.030,1.450,0,0,25.010,0,0,18,320,1,10,0
22-04 23:14:40,4.267,1.255,92.116,1.506,0,5293988,258792,184784,2274128,134681.367,3068.196,0,104.415,0,12.048,1613,2098,1.780,2.030,1.450,2,0,3.012,0,0,18,320,1,10,0
22-04 23:14:41,11.206,3.237,83.171,0.498,0,5296196,256560,184804,2274132,288027.652,9835.095,0,402.408,0,27.890,2697,2607,1.780,2.030,1.450,1,0,21.913,0,0,18,320,1,10,0
22-04 23:14:42,10.004,3.251,84.037,1.000,0,5291184,261504,184808,2274260,299537.069,12851.624,124.054,320.140,6.003,36.016,2771,2396,1.780,2.030,1.450,1,0,22.010,0,0,18,320,1,10,0
