Feb 20 08:58:34 ubuntu systemd[1]: Starting devstack@g-api.service - Devstack devstack@g-api.service...
Feb 20 08:58:34 ubuntu devstack@g-api.service[109872]: [uWSGI] getting INI configuration from /etc/glance/glance-uwsgi.ini
Feb 20 08:58:34 ubuntu devstack@g-api.service[109872]: *** Starting uWSGI 2.0.24-debian (64bit) on [Fri Feb 20 08:58:34 2026] ***
Feb 20 08:58:34 ubuntu devstack@g-api.service[109872]: compiled with version: 13.2.0 on 17 April 2024 16:23:48
Feb 20 08:58:34 ubuntu devstack@g-api.service[109872]: os: Linux-6.8.0-100-generic #100-Ubuntu SMP PREEMPT_DYNAMIC Tue Jan 13 16:40:06 UTC 2026
Feb 20 08:58:34 ubuntu devstack@g-api.service[109872]: nodename: ubuntu
Feb 20 08:58:34 ubuntu devstack@g-api.service[109872]: machine: x86_64
Feb 20 08:58:34 ubuntu devstack@g-api.service[109872]: clock source: unix
Feb 20 08:58:34 ubuntu devstack@g-api.service[109872]: pcre jit disabled
Feb 20 08:58:34 ubuntu devstack@g-api.service[109872]: detected number of CPU cores: 4
Feb 20 08:58:34 ubuntu devstack@g-api.service[109872]: current working directory: /
Feb 20 08:58:34 ubuntu devstack@g-api.service[109872]: detected binary path: /usr/bin/uwsgi-core
Feb 20 08:58:34 ubuntu devstack@g-api.service[109872]: your processes number limit is 31446
Feb 20 08:58:34 ubuntu devstack@g-api.service[109872]: your memory page size is 4096 bytes
Feb 20 08:58:34 ubuntu devstack@g-api.service[109872]: detected max file descriptor number: 2048
Feb 20 08:58:34 ubuntu devstack@g-api.service[109872]: lock engine: pthread robust mutexes
Feb 20 08:58:34 ubuntu devstack@g-api.service[109872]: thunder lock: enabled
Feb 20 08:58:34 ubuntu devstack@g-api.service[109872]: uwsgi socket 0 bound to TCP address 127.0.0.1:60999 fd 4
Feb 20 08:58:34 ubuntu devstack@g-api.service[109872]: Python version: 3.12.3 (main, Jan 22 2026, 20:57:42) [GCC 13.3.0]
Feb 20 08:58:34 ubuntu devstack@g-api.service[109872]: PEP 405 virtualenv detected: /opt/stack/data/venv
Feb 20 08:58:34 ubuntu devstack@g-api.service[109872]: Set PythonHome to /opt/stack/data/venv
Feb 20 08:58:34 ubuntu devstack@g-api.service[109872]: Python main interpreter initialized at 0x71817a4a3668
Feb 20 08:58:34 ubuntu devstack@g-api.service[109872]: python threads support enabled
Feb 20 08:58:34 ubuntu devstack@g-api.service[109872]: your server socket listen backlog is limited to 100 connections
Feb 20 08:58:34 ubuntu devstack@g-api.service[109872]: your mercy for graceful operations on workers is 80 seconds
Feb 20 08:58:34 ubuntu devstack@g-api.service[109872]: mapped 403077 bytes (393 KB) for 2 cores
Feb 20 08:58:34 ubuntu devstack@g-api.service[109872]: *** Operational MODE: preforking ***
Feb 20 08:58:34 ubuntu devstack@g-api.service[109872]: *** uWSGI is running in multiple interpreter mode ***
Feb 20 08:58:34 ubuntu devstack@g-api.service[109872]: spawned uWSGI master process (pid: 109872)
Feb 20 08:58:34 ubuntu systemd[1]: Started devstack@g-api.service - Devstack devstack@g-api.service.
Feb 20 08:58:34 ubuntu devstack@g-api.service[109872]: spawned uWSGI worker 1 (pid: 109873, cores: 1)
Feb 20 08:58:34 ubuntu devstack@g-api.service[109872]: spawned uWSGI worker 2 (pid: 109874, cores: 1)
Feb 20 08:58:34 ubuntu devstack@g-api.service[109872]: running "unix_signal:15 gracefully_kill_them_all" (master-start)...
Feb 20 08:58:35 ubuntu devstack@g-api.service[109874]: INFO glance.async_ [-] Threadpool model set to 'NativeThreadPoolModel'
Feb 20 08:58:35 ubuntu devstack@g-api.service[109873]: INFO glance.async_ [-] Threadpool model set to 'NativeThreadPoolModel'
Feb 20 08:58:35 ubuntu devstack@g-api.service[109873]: DEBUG oslo_concurrency.processutils [-] Running cmd (subprocess): grep -F node.session.scan /sbin/iscsiadm {{(pid=109873) execute /opt/stack/data/venv/lib/python3.12/site-packages/oslo_concurrency/processutils.py:368}}
Feb 20 08:58:35 ubuntu devstack@g-api.service[109874]: DEBUG oslo_concurrency.processutils [-] Running cmd (subprocess): grep -F node.session.scan /sbin/iscsiadm {{(pid=109874) execute /opt/stack/data/venv/lib/python3.12/site-packages/oslo_concurrency/processutils.py:368}}
Feb 20 08:58:35 ubuntu devstack@g-api.service[109873]: DEBUG oslo_concurrency.processutils [-] CMD "grep -F node.session.scan /sbin/iscsiadm" returned: 0 in 0.008s {{(pid=109873) execute /opt/stack/data/venv/lib/python3.12/site-packages/oslo_concurrency/processutils.py:396}}
Feb 20 08:58:35 ubuntu devstack@g-api.service[109874]: DEBUG oslo_concurrency.processutils [-] CMD "grep -F node.session.scan /sbin/iscsiadm" returned: 0 in 0.007s {{(pid=109874) execute /opt/stack/data/venv/lib/python3.12/site-packages/oslo_concurrency/processutils.py:396}}
Feb 20 08:58:36 ubuntu devstack@g-api.service[109873]: DEBUG glance_store.backend [-] Attempting to import store cinder {{(pid=109873) _load_store /opt/stack/data/venv/lib/python3.12/site-packages/glance_store/backend.py:215}}
Feb 20 08:58:36 ubuntu devstack@g-api.service[109874]: DEBUG glance_store.backend [-] Attempting to import store cinder {{(pid=109874) _load_store /opt/stack/data/venv/lib/python3.12/site-packages/glance_store/backend.py:215}}
Feb 20 08:58:36 ubuntu devstack@g-api.service[109874]: DEBUG glance_store.backend [-] Attempting to import store file {{(pid=109874) _load_store /opt/stack/data/venv/lib/python3.12/site-packages/glance_store/backend.py:215}}
Feb 20 08:58:36 ubuntu devstack@g-api.service[109873]: DEBUG glance_store.backend [-] Attempting to import store file {{(pid=109873) _load_store /opt/stack/data/venv/lib/python3.12/site-packages/glance_store/backend.py:215}}
Feb 20 08:58:36 ubuntu devstack@g-api.service[109874]: DEBUG glance_store.backend [-] Attempting to import store glance.store.cinder.Store {{(pid=109874) _load_store /opt/stack/data/venv/lib/python3.12/site-packages/glance_store/backend.py:215}}
Feb 20 08:58:36 ubuntu devstack@g-api.service[109873]: DEBUG glance_store.backend [-] Attempting to import store glance.store.cinder.Store {{(pid=109873) _load_store /opt/stack/data/venv/lib/python3.12/site-packages/glance_store/backend.py:215}}
Feb 20 08:58:36 ubuntu devstack@g-api.service[109874]: DEBUG glance_store.backend [-] Attempting to import store glance.store.filesystem.Store {{(pid=109874) _load_store /opt/stack/data/venv/lib/python3.12/site-packages/glance_store/backend.py:215}}
Feb 20 08:58:36 ubuntu devstack@g-api.service[109873]: DEBUG glance_store.backend [-] Attempting to import store glance.store.filesystem.Store {{(pid=109873) _load_store /opt/stack/data/venv/lib/python3.12/site-packages/glance_store/backend.py:215}}
Feb 20 08:58:36 ubuntu devstack@g-api.service[109874]: DEBUG glance_store.backend [-] Attempting to import store glance.store.http.Store {{(pid=109874) _load_store /opt/stack/data/venv/lib/python3.12/site-packages/glance_store/backend.py:215}}
Feb 20 08:58:36 ubuntu devstack@g-api.service[109873]: DEBUG glance_store.backend [-] Attempting to import store glance.store.http.Store {{(pid=109873) _load_store /opt/stack/data/venv/lib/python3.12/site-packages/glance_store/backend.py:215}}
Feb 20 08:58:36 ubuntu devstack@g-api.service[109874]: DEBUG glance_store.backend [-] Attempting to import store glance.store.rbd.Store {{(pid=109874) _load_store /opt/stack/data/venv/lib/python3.12/site-packages/glance_store/backend.py:215}}
Feb 20 08:58:36 ubuntu devstack@g-api.service[109873]: DEBUG glance_store.backend [-] Attempting to import store glance.store.rbd.Store {{(pid=109873) _load_store /opt/stack/data/venv/lib/python3.12/site-packages/glance_store/backend.py:215}}
Feb 20 08:58:36 ubuntu devstack@g-api.service[109874]: DEBUG glance_store.backend [-] Attempting to import store glance.store.s3.Store {{(pid=109874) _load_store /opt/stack/data/venv/lib/python3.12/site-packages/glance_store/backend.py:215}}
Feb 20 08:58:36 ubuntu devstack@g-api.service[109873]: DEBUG glance_store.backend [-] Attempting to import store glance.store.s3.Store {{(pid=109873) _load_store /opt/stack/data/venv/lib/python3.12/site-packages/glance_store/backend.py:215}}
Feb 20 08:58:36 ubuntu devstack@g-api.service[109874]: DEBUG glance_store.backend [-] Attempting to import store glance.store.swift.Store {{(pid=109874) _load_store /opt/stack/data/venv/lib/python3.12/site-packages/glance_store/backend.py:215}}
Feb 20 08:58:36 ubuntu devstack@g-api.service[109873]: DEBUG glance_store.backend [-] Attempting to import store glance.store.swift.Store {{(pid=109873) _load_store /opt/stack/data/venv/lib/python3.12/site-packages/glance_store/backend.py:215}}
Feb 20 08:58:36 ubuntu devstack@g-api.service[109874]: DEBUG glance_store.backend [-] Attempting to import store glance.store.vmware_datastore.Store {{(pid=109874) _load_store /opt/stack/data/venv/lib/python3.12/site-packages/glance_store/backend.py:215}}
Feb 20 08:58:36 ubuntu devstack@g-api.service[109873]: DEBUG glance_store.backend [-] Attempting to import store glance.store.vmware_datastore.Store {{(pid=109873) _load_store /opt/stack/data/venv/lib/python3.12/site-packages/glance_store/backend.py:215}}
Feb 20 08:58:36 ubuntu devstack@g-api.service[109873]: DEBUG glance_store.backend [-] Attempting to import store http {{(pid=109873) _load_store /opt/stack/data/venv/lib/python3.12/site-packages/glance_store/backend.py:215}}
Feb 20 08:58:36 ubuntu devstack@g-api.service[109874]: DEBUG glance_store.backend [-] Attempting to import store http {{(pid=109874) _load_store /opt/stack/data/venv/lib/python3.12/site-packages/glance_store/backend.py:215}}
Feb 20 08:58:36 ubuntu devstack@g-api.service[109873]: DEBUG glance_store.backend [-] Attempting to import store no_conf {{(pid=109873) _load_store /opt/stack/data/venv/lib/python3.12/site-packages/glance_store/backend.py:215}}
Feb 20 08:58:36 ubuntu devstack@g-api.service[109873]: DEBUG glance_store.backend [-] Attempting to import store rbd {{(pid=109873) _load_store /opt/stack/data/venv/lib/python3.12/site-packages/glance_store/backend.py:215}}
Feb 20 08:58:36 ubuntu devstack@g-api.service[109874]: DEBUG glance_store.backend [-] Attempting to import store no_conf {{(pid=109874) _load_store /opt/stack/data/venv/lib/python3.12/site-packages/glance_store/backend.py:215}}
Feb 20 08:58:36 ubuntu devstack@g-api.service[109873]: DEBUG glance_store.backend [-] Attempting to import store s3 {{(pid=109873) _load_store /opt/stack/data/venv/lib/python3.12/site-packages/glance_store/backend.py:215}}
Feb 20 08:58:36 ubuntu devstack@g-api.service[109874]: DEBUG glance_store.backend [-] Attempting to import store rbd {{(pid=109874) _load_store /opt/stack/data/venv/lib/python3.12/site-packages/glance_store/backend.py:215}}
Feb 20 08:58:36 ubuntu devstack@g-api.service[109873]: DEBUG glance_store.backend [-] Attempting to import store swift {{(pid=109873) _load_store /opt/stack/data/venv/lib/python3.12/site-packages/glance_store/backend.py:215}}
Feb 20 08:58:36 ubuntu devstack@g-api.service[109874]: DEBUG glance_store.backend [-] Attempting to import store s3 {{(pid=109874) _load_store /opt/stack/data/venv/lib/python3.12/site-packages/glance_store/backend.py:215}}
Feb 20 08:58:36 ubuntu devstack@g-api.service[109873]: DEBUG glance_store.backend [-] Attempting to import store vmware {{(pid=109873) _load_store /opt/stack/data/venv/lib/python3.12/site-packages/glance_store/backend.py:215}}
Feb 20 08:58:36 ubuntu devstack@g-api.service[109874]: DEBUG glance_store.backend [-] Attempting to import store swift {{(pid=109874) _load_store /opt/stack/data/venv/lib/python3.12/site-packages/glance_store/backend.py:215}}
Feb 20 08:58:36 ubuntu devstack@g-api.service[109874]: DEBUG glance_store.backend [-] Attempting to import store vmware {{(pid=109874) _load_store /opt/stack/data/venv/lib/python3.12/site-packages/glance_store/backend.py:215}}
Feb 20 08:58:36 ubuntu devstack@g-api.service[109873]: DEBUG glance_store.backend [-] Registering options for group glance_store {{(pid=109873) register_opts /opt/stack/data/venv/lib/python3.12/site-packages/glance_store/backend.py:144}}
Feb 20 08:58:36 ubuntu devstack@g-api.service[109874]: DEBUG glance_store.backend [-] Registering options for group glance_store {{(pid=109874) register_opts /opt/stack/data/venv/lib/python3.12/site-packages/glance_store/backend.py:144}}
Feb 20 08:58:36 ubuntu devstack@g-api.service[109873]: DEBUG glance_store.backend [-] Registering options for group glance_store {{(pid=109873) register_opts /opt/stack/data/venv/lib/python3.12/site-packages/glance_store/backend.py:144}}
Feb 20 08:58:36 ubuntu devstack@g-api.service[109874]: DEBUG glance_store.backend [-] Registering options for group glance_store {{(pid=109874) register_opts /opt/stack/data/venv/lib/python3.12/site-packages/glance_store/backend.py:144}}
Feb 20 08:58:36 ubuntu devstack@g-api.service[109874]: DEBUG glance_store.backend [-] Attempting to import store file {{(pid=109874) _load_store /opt/stack/data/venv/lib/python3.12/site-packages/glance_store/backend.py:215}}
Feb 20 08:58:36 ubuntu devstack@g-api.service[109874]: DEBUG glance_store.capabilities [-] Store glance_store._drivers.filesystem.Store doesn't support updating dynamic storage capabilities. Please overwrite 'update_capabilities' method of the store to implement updating logics if needed. {{(pid=109874) update_capabilities /opt/stack/data/venv/lib/python3.12/site-packages/glance_store/capabilities.py:91}}
Feb 20 08:58:36 ubuntu devstack@g-api.service[109874]: DEBUG glance_store.backend [-] Registering store file with schemes ('file', 'filesystem') {{(pid=109874) create_stores /opt/stack/data/venv/lib/python3.12/site-packages/glance_store/backend.py:261}}
Feb 20 08:58:36 ubuntu devstack@g-api.service[109874]: DEBUG glance_store.driver [-] Late loading location class glance_store._drivers.filesystem.StoreLocation {{(pid=109874) get_store_location_class /opt/stack/data/venv/lib/python3.12/site-packages/glance_store/driver.py:134}}
Feb 20 08:58:36 ubuntu devstack@g-api.service[109874]: DEBUG glance_store.location [-] Registering scheme file with {'store': <glance_store._drivers.filesystem.Store object at 0x7181758167b0>, 'location_class': <class 'glance_store._drivers.filesystem.StoreLocation'>, 'store_entry': 'file'} {{(pid=109874) register_scheme_map /opt/stack/data/venv/lib/python3.12/site-packages/glance_store/location.py:146}}
Feb 20 08:58:36 ubuntu devstack@g-api.service[109874]: DEBUG glance_store.location [-] Registering scheme filesystem with {'store': <glance_store._drivers.filesystem.Store object at 0x7181758167b0>, 'location_class': <class 'glance_store._drivers.filesystem.StoreLocation'>, 'store_entry': 'file'} {{(pid=109874) register_scheme_map /opt/stack/data/venv/lib/python3.12/site-packages/glance_store/location.py:146}}
Feb 20 08:58:36 ubuntu devstack@g-api.service[109874]: DEBUG glance_store.backend [-] Attempting to import store http {{(pid=109874) _load_store /opt/stack/data/venv/lib/python3.12/site-packages/glance_store/backend.py:215}}
Feb 20 08:58:36 ubuntu devstack@g-api.service[109874]: DEBUG glance_store.capabilities [-] Store glance_store._drivers.http.Store doesn't support updating dynamic storage capabilities. Please overwrite 'update_capabilities' method of the store to implement updating logics if needed. {{(pid=109874) update_capabilities /opt/stack/data/venv/lib/python3.12/site-packages/glance_store/capabilities.py:91}}
Feb 20 08:58:36 ubuntu devstack@g-api.service[109874]: DEBUG glance_store.backend [-] Registering store http with schemes ('http', 'https') {{(pid=109874) create_stores /opt/stack/data/venv/lib/python3.12/site-packages/glance_store/backend.py:261}}
Feb 20 08:58:36 ubuntu devstack@g-api.service[109874]: DEBUG glance_store.driver [-] Late loading location class glance_store._drivers.http.StoreLocation {{(pid=109874) get_store_location_class /opt/stack/data/venv/lib/python3.12/site-packages/glance_store/driver.py:134}}
Feb 20 08:58:36 ubuntu devstack@g-api.service[109874]: DEBUG glance_store.location [-] Registering scheme http with {'store': <glance_store._drivers.http.Store object at 0x718175f95ac0>, 'location_class': <class 'glance_store._drivers.http.StoreLocation'>, 'store_entry': 'http'} {{(pid=109874) register_scheme_map /opt/stack/data/venv/lib/python3.12/site-packages/glance_store/location.py:146}}
Feb 20 08:58:36 ubuntu devstack@g-api.service[109874]: DEBUG glance_store.location [-] Registering scheme https with {'store': <glance_store._drivers.http.Store object at 0x718175f95ac0>, 'location_class': <class 'glance_store._drivers.http.StoreLocation'>, 'store_entry': 'http'} {{(pid=109874) register_scheme_map /opt/stack/data/venv/lib/python3.12/site-packages/glance_store/location.py:146}}
Feb 20 08:58:36 ubuntu devstack@g-api.service[109874]: DEBUG glance.sqlite_migration [-] SQLite caching database not located, skipping migration {{(pid=109874) get_db_path /opt/stack/glance/glance/sqlite_migration.py:68}}
Feb 20 08:58:36 ubuntu devstack@g-api.service[109873]: DEBUG glance_store.backend [-] Attempting to import store file {{(pid=109873) _load_store /opt/stack/data/venv/lib/python3.12/site-packages/glance_store/backend.py:215}}
Feb 20 08:58:36 ubuntu devstack@g-api.service[109874]: WARNING glance.common.wsgi_app [-] Import methods are enabled but staging directory /tmp/staging/ does not exist; Imports will fail!
Feb 20 08:58:36 ubuntu devstack@g-api.service[109873]: DEBUG glance_store.capabilities [-] Store glance_store._drivers.filesystem.Store doesn't support updating dynamic storage capabilities. Please overwrite 'update_capabilities' method of the store to implement updating logics if needed. {{(pid=109873) update_capabilities /opt/stack/data/venv/lib/python3.12/site-packages/glance_store/capabilities.py:91}}
Feb 20 08:58:36 ubuntu devstack@g-api.service[109873]: DEBUG glance_store.backend [-] Registering store file with schemes ('file', 'filesystem') {{(pid=109873) create_stores /opt/stack/data/venv/lib/python3.12/site-packages/glance_store/backend.py:261}}
Feb 20 08:58:36 ubuntu devstack@g-api.service[109873]: DEBUG glance_store.driver [-] Late loading location class glance_store._drivers.filesystem.StoreLocation {{(pid=109873) get_store_location_class /opt/stack/data/venv/lib/python3.12/site-packages/glance_store/driver.py:134}}
Feb 20 08:58:36 ubuntu devstack@g-api.service[109873]: DEBUG glance_store.location [-] Registering scheme file with {'store': <glance_store._drivers.filesystem.Store object at 0x71817679de80>, 'location_class': <class 'glance_store._drivers.filesystem.StoreLocation'>, 'store_entry': 'file'} {{(pid=109873) register_scheme_map /opt/stack/data/venv/lib/python3.12/site-packages/glance_store/location.py:146}}
Feb 20 08:58:36 ubuntu devstack@g-api.service[109873]: DEBUG glance_store.location [-] Registering scheme filesystem with {'store': <glance_store._drivers.filesystem.Store object at 0x71817679de80>, 'location_class': <class 'glance_store._drivers.filesystem.StoreLocation'>, 'store_entry': 'file'} {{(pid=109873) register_scheme_map /opt/stack/data/venv/lib/python3.12/site-packages/glance_store/location.py:146}}
Feb 20 08:58:36 ubuntu devstack@g-api.service[109873]: DEBUG glance_store.backend [-] Attempting to import store http {{(pid=109873) _load_store /opt/stack/data/venv/lib/python3.12/site-packages/glance_store/backend.py:215}}
Feb 20 08:58:36 ubuntu devstack@g-api.service[109873]: DEBUG glance_store.capabilities [-] Store glance_store._drivers.http.Store doesn't support updating dynamic storage capabilities. Please overwrite 'update_capabilities' method of the store to implement updating logics if needed. {{(pid=109873) update_capabilities /opt/stack/data/venv/lib/python3.12/site-packages/glance_store/capabilities.py:91}}
Feb 20 08:58:36 ubuntu devstack@g-api.service[109873]: DEBUG glance_store.backend [-] Registering store http with schemes ('http', 'https') {{(pid=109873) create_stores /opt/stack/data/venv/lib/python3.12/site-packages/glance_store/backend.py:261}}
Feb 20 08:58:36 ubuntu devstack@g-api.service[109873]: DEBUG glance_store.driver [-] Late loading location class glance_store._drivers.http.StoreLocation {{(pid=109873) get_store_location_class /opt/stack/data/venv/lib/python3.12/site-packages/glance_store/driver.py:134}}
Feb 20 08:58:36 ubuntu devstack@g-api.service[109873]: DEBUG glance_store.location [-] Registering scheme http with {'store': <glance_store._drivers.http.Store object at 0x718175d4d910>, 'location_class': <class 'glance_store._drivers.http.StoreLocation'>, 'store_entry': 'http'} {{(pid=109873) register_scheme_map /opt/stack/data/venv/lib/python3.12/site-packages/glance_store/location.py:146}}
Feb 20 08:58:36 ubuntu devstack@g-api.service[109873]: DEBUG glance_store.location [-] Registering scheme https with {'store': <glance_store._drivers.http.Store object at 0x718175d4d910>, 'location_class': <class 'glance_store._drivers.http.StoreLocation'>, 'store_entry': 'http'} {{(pid=109873) register_scheme_map /opt/stack/data/venv/lib/python3.12/site-packages/glance_store/location.py:146}}
Feb 20 08:58:36 ubuntu devstack@g-api.service[109873]: DEBUG glance.sqlite_migration [-] SQLite caching database not located, skipping migration {{(pid=109873) get_db_path /opt/stack/glance/glance/sqlite_migration.py:68}}
Feb 20 08:58:36 ubuntu devstack@g-api.service[109873]: WARNING glance.common.wsgi_app [-] Import methods are enabled but staging directory /tmp/staging/ does not exist; Imports will fail!
Feb 20 08:58:36 ubuntu devstack@g-api.service[109874]: DEBUG glance.common.config [None req-90f4cdee-be10-45b7-8892-7c1e91495a14 None None] Loading glance-api-keystone+cachemanagement from /etc/glance/glance-api-paste.ini {{(pid=109874) load_paste_app /opt/stack/glance/glance/common/config.py:758}}
Feb 20 08:58:36 ubuntu devstack@g-api.service[109873]: DEBUG glance.common.config [None req-9f6136a7-ec6e-4f44-8bb5-1557dfb756ac None None] Loading glance-api-keystone+cachemanagement from /etc/glance/glance-api-paste.ini {{(pid=109873) load_paste_app /opt/stack/glance/glance/common/config.py:758}}
Feb 20 08:58:36 ubuntu devstack@g-api.service[109873]: INFO glance.image_cache [None req-9f6136a7-ec6e-4f44-8bb5-1557dfb756ac None None] Image cache loaded driver 'centralized_db'.
Feb 20 08:58:36 ubuntu devstack@g-api.service[109874]: INFO glance.image_cache [None req-90f4cdee-be10-45b7-8892-7c1e91495a14 None None] Image cache loaded driver 'centralized_db'.
Feb 20 08:58:36 ubuntu devstack@g-api.service[109873]: INFO dbcounter [None req-9f6136a7-ec6e-4f44-8bb5-1557dfb756ac None None] Registered counter for database glance
Feb 20 08:58:36 ubuntu devstack@g-api.service[109874]: INFO dbcounter [None req-90f4cdee-be10-45b7-8892-7c1e91495a14 None None] Registered counter for database glance
Feb 20 08:58:36 ubuntu devstack@g-api.service[109873]: DEBUG oslo_db.sqlalchemy.engines [None req-9f6136a7-ec6e-4f44-8bb5-1557dfb756ac None None] MySQL server mode set to STRICT_TRANS_TABLES,STRICT_ALL_TABLES,NO_ZERO_IN_DATE,NO_ZERO_DATE,ERROR_FOR_DIVISION_BY_ZERO,TRADITIONAL,NO_ENGINE_SUBSTITUTION {{(pid=109873) _check_effective_sql_mode /opt/stack/data/venv/lib/python3.12/site-packages/oslo_db/sqlalchemy/engines.py:325}}
Feb 20 08:58:36 ubuntu devstack@g-api.service[109874]: DEBUG oslo_db.sqlalchemy.engines [None req-90f4cdee-be10-45b7-8892-7c1e91495a14 None None] MySQL server mode set to STRICT_TRANS_TABLES,STRICT_ALL_TABLES,NO_ZERO_IN_DATE,NO_ZERO_DATE,ERROR_FOR_DIVISION_BY_ZERO,TRADITIONAL,NO_ENGINE_SUBSTITUTION {{(pid=109874) _check_effective_sql_mode /opt/stack/data/venv/lib/python3.12/site-packages/oslo_db/sqlalchemy/engines.py:325}}
Feb 20 08:58:36 ubuntu devstack@g-api.service[109873]: DEBUG dbcounter [-] [109873] Writer thread running {{(pid=109873) stat_writer /opt/stack/data/venv/lib/python3.12/site-packages/dbcounter.py:102}}
Feb 20 08:58:36 ubuntu devstack@g-api.service[109874]: DEBUG dbcounter [-] [109874] Writer thread running {{(pid=109874) stat_writer /opt/stack/data/venv/lib/python3.12/site-packages/dbcounter.py:102}}
Feb 20 08:58:37 ubuntu devstack@g-api.service[109873]: INFO glance.image_cache [None req-9f6136a7-ec6e-4f44-8bb5-1557dfb756ac None None] Image cache loaded driver 'centralized_db'.
Feb 20 08:58:37 ubuntu devstack@g-api.service[109874]: DEBUG glance.image_cache.drivers.centralized_db [None req-90f4cdee-be10-45b7-8892-7c1e91495a14 None None] Node reference is already recorded, ignoring it {{(pid=109874) configure /opt/stack/glance/glance/image_cache/drivers/centralized_db.py:71}}
Feb 20 08:58:37 ubuntu devstack@g-api.service[109873]: DEBUG glance.image_cache.drivers.centralized_db [None req-9f6136a7-ec6e-4f44-8bb5-1557dfb756ac None None] Node reference is already recorded, ignoring it {{(pid=109873) configure /opt/stack/glance/glance/image_cache/drivers/centralized_db.py:71}}
Feb 20 08:58:37 ubuntu devstack@g-api.service[109874]: INFO glance.image_cache [None req-90f4cdee-be10-45b7-8892-7c1e91495a14 None None] Image cache loaded driver 'centralized_db'.
Feb 20 08:58:37 ubuntu devstack@g-api.service[109873]: DEBUG glance.api.v2.cached_images [None req-9f6136a7-ec6e-4f44-8bb5-1557dfb756ac None None] Started cache worker thread {{(pid=109873) __init__ /opt/stack/glance/glance/api/v2/cached_images.py:69}}
Feb 20 08:58:37 ubuntu devstack@g-api.service[109873]: INFO glance.image_cache [None req-9f6136a7-ec6e-4f44-8bb5-1557dfb756ac None None] Image cache loaded driver 'centralized_db'.
Feb 20 08:58:37 ubuntu devstack@g-api.service[109874]: DEBUG glance.image_cache.drivers.centralized_db [None req-90f4cdee-be10-45b7-8892-7c1e91495a14 None None] Node reference is already recorded, ignoring it {{(pid=109874) configure /opt/stack/glance/glance/image_cache/drivers/centralized_db.py:71}}
Feb 20 08:58:37 ubuntu devstack@g-api.service[109873]: DEBUG glance.image_cache.drivers.centralized_db [None req-9f6136a7-ec6e-4f44-8bb5-1557dfb756ac None None] Node reference is already recorded, ignoring it {{(pid=109873) configure /opt/stack/glance/glance/image_cache/drivers/centralized_db.py:71}}
Feb 20 08:58:37 ubuntu devstack@g-api.service[109873]: INFO glance.api.middleware.cache_manage [None req-9f6136a7-ec6e-4f44-8bb5-1557dfb756ac None None] Initialized image cache management middleware
Feb 20 08:58:37 ubuntu devstack@g-api.service[109873]: INFO glance.image_cache [None req-9f6136a7-ec6e-4f44-8bb5-1557dfb756ac None None] Image cache loaded driver 'centralized_db'.
Feb 20 08:58:37 ubuntu devstack@g-api.service[109873]: DEBUG glance.image_cache.drivers.centralized_db [None req-9f6136a7-ec6e-4f44-8bb5-1557dfb756ac None None] Node reference is already recorded, ignoring it {{(pid=109873) configure /opt/stack/glance/glance/image_cache/drivers/centralized_db.py:71}}
Feb 20 08:58:37 ubuntu devstack@g-api.service[109874]: DEBUG glance.api.v2.cached_images [None req-90f4cdee-be10-45b7-8892-7c1e91495a14 None None] Started cache worker thread {{(pid=109874) __init__ /opt/stack/glance/glance/api/v2/cached_images.py:69}}
Feb 20 08:58:37 ubuntu devstack@g-api.service[109874]: INFO glance.image_cache [None req-90f4cdee-be10-45b7-8892-7c1e91495a14 None None] Image cache loaded driver 'centralized_db'.
Feb 20 08:58:37 ubuntu devstack@g-api.service[109873]: INFO glance.api.middleware.cache [None req-9f6136a7-ec6e-4f44-8bb5-1557dfb756ac None None] Initialized image cache middleware
Feb 20 08:58:37 ubuntu devstack@g-api.service[109873]: WARNING keystonemiddleware.auth_token [None req-9f6136a7-ec6e-4f44-8bb5-1557dfb756ac None None] AuthToken middleware is set with keystone_authtoken.service_token_roles_required set to False. This is backwards compatible but deprecated behaviour. Please set this to True.
Feb 20 08:58:37 ubuntu devstack@g-api.service[109874]: DEBUG glance.image_cache.drivers.centralized_db [None req-90f4cdee-be10-45b7-8892-7c1e91495a14 None None] Node reference is already recorded, ignoring it {{(pid=109874) configure /opt/stack/glance/glance/image_cache/drivers/centralized_db.py:71}}
Feb 20 08:58:37 ubuntu devstack@g-api.service[109873]: DEBUG glance.common.config [None req-9f6136a7-ec6e-4f44-8bb5-1557dfb756ac None None] ******************************************************************************** {{(pid=109873) log_opt_values /opt/stack/data/venv/lib/python3.12/site-packages/oslo_config/cfg.py:2979}}
Feb 20 08:58:37 ubuntu devstack@g-api.service[109873]: DEBUG glance.common.config [None req-9f6136a7-ec6e-4f44-8bb5-1557dfb756ac None None] Configuration options gathered from: {{(pid=109873) log_opt_values /opt/stack/data/venv/lib/python3.12/site-packages/oslo_config/cfg.py:2980}}
Feb 20 08:58:37 ubuntu devstack@g-api.service[109873]: DEBUG glance.common.config [None req-9f6136a7-ec6e-4f44-8bb5-1557dfb756ac None None] command line args: [] {{(pid=109873) log_opt_values /opt/stack/data/venv/lib/python3.12/site-packages/oslo_config/cfg.py:2981}}
Feb 20 08:58:37 ubuntu devstack@g-api.service[109873]: DEBUG glance.common.config [None req-9f6136a7-ec6e-4f44-8bb5-1557dfb756ac None None] config files: ['/etc/glance/glance-image-import.conf', '/etc/glance/glance-api.conf'] {{(pid=109873) log_opt_values /opt/stack/data/venv/lib/python3.12/site-packages/oslo_config/cfg.py:2982}}
Feb 20 08:58:37 ubuntu devstack@g-api.service[109873]: DEBUG glance.common.config [None req-9f6136a7-ec6e-4f44-8bb5-1557dfb756ac None None] ================================================================================ {{(pid=109873) log_opt_values /opt/stack/data/venv/lib/python3.12/site-packages/oslo_config/cfg.py:2987}}
Feb 20 08:58:37 ubuntu devstack@g-api.service[109873]: DEBUG glance.common.config [None req-9f6136a7-ec6e-4f44-8bb5-1557dfb756ac None None] allow_anonymous_access         = False {{(pid=109873) log_opt_values /opt/stack/data/venv/lib/python3.12/site-packages/oslo_config/cfg.py:2995}}
Feb 20 08:58:37 ubuntu devstack@g-api.service[109873]: DEBUG glance.common.config [None req-9f6136a7-ec6e-4f44-8bb5-1557dfb756ac None None] api_limit_max                  = 1000 {{(pid=109873) log_opt_values /opt/stack/data/venv/lib/python3.12/site-packages/oslo_config/cfg.py:2995}}
Feb 20 08:58:37 ubuntu devstack@g-api.service[109873]: DEBUG glance.common.config [None req-9f6136a7-ec6e-4f44-8bb5-1557dfb756ac None None] backlog                        = 4096 {{(pid=109873) log_opt_values /opt/stack/data/venv/lib/python3.12/site-packages/oslo_config/cfg.py:2995}}
Feb 20 08:58:37 ubuntu devstack@g-api.service[109873]: DEBUG glance.common.config [None req-9f6136a7-ec6e-4f44-8bb5-1557dfb756ac None None] bind_host                      = 0.0.0.0 {{(pid=109873) log_opt_values /opt/stack/data/venv/lib/python3.12/site-packages/oslo_config/cfg.py:2995}}
Feb 20 08:58:37 ubuntu devstack@g-api.service[109873]: DEBUG glance.common.config [None req-9f6136a7-ec6e-4f44-8bb5-1557dfb756ac None None] bind_port                      = None {{(pid=109873) log_opt_values /opt/stack/data/venv/lib/python3.12/site-packages/oslo_config/cfg.py:2995}}
Feb 20 08:58:37 ubuntu devstack@g-api.service[109873]: DEBUG glance.common.config [None req-9f6136a7-ec6e-4f44-8bb5-1557dfb756ac None None] client_socket_timeout          = 900 {{(pid=109873) log_opt_values /opt/stack/data/venv/lib/python3.12/site-packages/oslo_config/cfg.py:2995}}
Feb 20 08:58:37 ubuntu devstack@g-api.service[109873]: DEBUG glance.common.config [None req-9f6136a7-ec6e-4f44-8bb5-1557dfb756ac None None] config_dir                     = [] {{(pid=109873) log_opt_values /opt/stack/data/venv/lib/python3.12/site-packages/oslo_config/cfg.py:2995}}
Feb 20 08:58:37 ubuntu devstack@g-api.service[109873]: DEBUG glance.common.config [None req-9f6136a7-ec6e-4f44-8bb5-1557dfb756ac None None] config_file                    = ['/etc/glance/glance-image-import.conf', '/etc/glance/glance-api.conf'] {{(pid=109873) log_opt_values /opt/stack/data/venv/lib/python3.12/site-packages/oslo_config/cfg.py:2995}}
Feb 20 08:58:37 ubuntu devstack@g-api.service[109873]: DEBUG glance.common.config [None req-9f6136a7-ec6e-4f44-8bb5-1557dfb756ac None None] config_source                  = [] {{(pid=109873) log_opt_values /opt/stack/data/venv/lib/python3.12/site-packages/oslo_config/cfg.py:2995}}
Feb 20 08:58:37 ubuntu devstack@g-api.service[109873]: DEBUG glance.common.config [None req-9f6136a7-ec6e-4f44-8bb5-1557dfb756ac None None] control_exchange               = glance {{(pid=109873) log_opt_values /opt/stack/data/venv/lib/python3.12/site-packages/oslo_config/cfg.py:2995}}
Feb 20 08:58:37 ubuntu devstack@g-api.service[109873]: DEBUG glance.common.config [None req-9f6136a7-ec6e-4f44-8bb5-1557dfb756ac None None] debug                          = True {{(pid=109873) log_opt_values /opt/stack/data/venv/lib/python3.12/site-packages/oslo_config/cfg.py:2995}}
Feb 20 08:58:37 ubuntu devstack@g-api.service[109873]: DEBUG glance.common.config [None req-9f6136a7-ec6e-4f44-8bb5-1557dfb756ac None None] default_log_levels             = ['amqp=WARN', 'boto=WARN', 'sqlalchemy=WARN', 'suds=INFO', 'oslo.messaging=INFO', 'oslo_messaging=INFO', 'iso8601=WARN', 'requests.packages.urllib3.connectionpool=WARN', 'urllib3.connectionpool=WARN', 'websocket=WARN', 'requests.packages.urllib3.util.retry=WARN', 'urllib3.util.retry=WARN', 'keystonemiddleware=WARN', 'routes.middleware=WARN', 'stevedore=WARN', 'taskflow=WARN', 'keystoneauth=WARN', 'oslo.cache=INFO', 'oslo_policy=INFO', 'dogpile.core.dogpile=INFO'] {{(pid=109873) log_opt_values /opt/stack/data/venv/lib/python3.12/site-packages/oslo_config/cfg.py:2995}}
Feb 20 08:58:37 ubuntu devstack@g-api.service[109874]: INFO glance.api.middleware.cache_manage [None req-90f4cdee-be10-45b7-8892-7c1e91495a14 None None] Initialized image cache management middleware
Feb 20 08:58:37 ubuntu devstack@g-api.service[109873]: DEBUG glance.common.config [None req-9f6136a7-ec6e-4f44-8bb5-1557dfb756ac None None] default_publisher_id           = image.localhost {{(pid=109873) log_opt_values /opt/stack/data/venv/lib/python3.12/site-packages/oslo_config/cfg.py:2995}}
Feb 20 08:58:37 ubuntu devstack@g-api.service[109874]: INFO glance.image_cache [None req-90f4cdee-be10-45b7-8892-7c1e91495a14 None None] Image cache loaded driver 'centralized_db'.
Feb 20 08:58:37 ubuntu devstack@g-api.service[109873]: DEBUG glance.common.config [None req-9f6136a7-ec6e-4f44-8bb5-1557dfb756ac None None] delayed_delete                 = False {{(pid=109873) log_opt_values /opt/stack/data/venv/lib/python3.12/site-packages/oslo_config/cfg.py:2995}}
Feb 20 08:58:37 ubuntu devstack@g-api.service[109873]: DEBUG glance.common.config [None req-9f6136a7-ec6e-4f44-8bb5-1557dfb756ac None None] digest_algorithm               = sha256 {{(pid=109873) log_opt_values /opt/stack/data/venv/lib/python3.12/site-packages/oslo_config/cfg.py:2995}}
Feb 20 08:58:37 ubuntu devstack@g-api.service[109873]: DEBUG glance.common.config [None req-9f6136a7-ec6e-4f44-8bb5-1557dfb756ac None None] disabled_notifications         = [] {{(pid=109873) log_opt_values /opt/stack/data/venv/lib/python3.12/site-packages/oslo_config/cfg.py:2995}}
Feb 20 08:58:37 ubuntu devstack@g-api.service[109873]: DEBUG glance.common.config [None req-9f6136a7-ec6e-4f44-8bb5-1557dfb756ac None None] do_secure_hash                 = True {{(pid=109873) log_opt_values /opt/stack/data/venv/lib/python3.12/site-packages/oslo_config/cfg.py:2995}}
Feb 20 08:58:37 ubuntu devstack@g-api.service[109873]: DEBUG glance.common.config [None req-9f6136a7-ec6e-4f44-8bb5-1557dfb756ac None None] enabled_backends               = None {{(pid=109873) log_opt_values /opt/stack/data/venv/lib/python3.12/site-packages/oslo_config/cfg.py:2995}}
Feb 20 08:58:37 ubuntu devstack@g-api.service[109873]: DEBUG glance.common.config [None req-9f6136a7-ec6e-4f44-8bb5-1557dfb756ac None None] enabled_import_methods         = ['glance-direct', 'web-download', 'copy-image'] {{(pid=109873) log_opt_values /opt/stack/data/venv/lib/python3.12/site-packages/oslo_config/cfg.py:2995}}
Feb 20 08:58:37 ubuntu devstack@g-api.service[109873]: DEBUG glance.common.config [None req-9f6136a7-ec6e-4f44-8bb5-1557dfb756ac None None] hashing_algorithm              = sha512 {{(pid=109873) log_opt_values /opt/stack/data/venv/lib/python3.12/site-packages/oslo_config/cfg.py:2995}}
Feb 20 08:58:37 ubuntu devstack@g-api.service[109873]: DEBUG glance.common.config [None req-9f6136a7-ec6e-4f44-8bb5-1557dfb756ac None None] http_keepalive                 = True {{(pid=109873) log_opt_values /opt/stack/data/venv/lib/python3.12/site-packages/oslo_config/cfg.py:2995}}
Feb 20 08:58:37 ubuntu devstack@g-api.service[109873]: DEBUG glance.common.config [None req-9f6136a7-ec6e-4f44-8bb5-1557dfb756ac None None] http_retries                   = 3 {{(pid=109873) log_opt_values /opt/stack/data/venv/lib/python3.12/site-packages/oslo_config/cfg.py:2995}}
Feb 20 08:58:37 ubuntu devstack@g-api.service[109873]: DEBUG glance.common.config [None req-9f6136a7-ec6e-4f44-8bb5-1557dfb756ac None None] image_cache_dir                = /opt/stack/data/glance/cache/ {{(pid=109873) log_opt_values /opt/stack/data/venv/lib/python3.12/site-packages/oslo_config/cfg.py:2995}}
Feb 20 08:58:37 ubuntu devstack@g-api.service[109873]: DEBUG glance.common.config [None req-9f6136a7-ec6e-4f44-8bb5-1557dfb756ac None None] image_cache_driver             = centralized_db {{(pid=109873) log_opt_values /opt/stack/data/venv/lib/python3.12/site-packages/oslo_config/cfg.py:2995}}
Feb 20 08:58:37 ubuntu devstack@g-api.service[109873]: DEBUG glance.common.config [None req-9f6136a7-ec6e-4f44-8bb5-1557dfb756ac None None] image_cache_max_size           = 10737418240 {{(pid=109873) log_opt_values /opt/stack/data/venv/lib/python3.12/site-packages/oslo_config/cfg.py:2995}}
Feb 20 08:58:37 ubuntu devstack@g-api.service[109873]: DEBUG glance.common.config [None req-9f6136a7-ec6e-4f44-8bb5-1557dfb756ac None None] image_cache_sqlite_db          = cache.db {{(pid=109873) log_opt_values /opt/stack/data/venv/lib/python3.12/site-packages/oslo_config/cfg.py:2995}}
Feb 20 08:58:37 ubuntu devstack@g-api.service[109873]: DEBUG glance.common.config [None req-9f6136a7-ec6e-4f44-8bb5-1557dfb756ac None None] image_cache_stall_time         = 86400 {{(pid=109873) log_opt_values /opt/stack/data/venv/lib/python3.12/site-packages/oslo_config/cfg.py:2995}}
Feb 20 08:58:37 ubuntu devstack@g-api.service[109873]: DEBUG glance.common.config [None req-9f6136a7-ec6e-4f44-8bb5-1557dfb756ac None None] image_location_quota           = 10 {{(pid=109873) log_opt_values /opt/stack/data/venv/lib/python3.12/site-packages/oslo_config/cfg.py:2995}}
Feb 20 08:58:37 ubuntu devstack@g-api.service[109873]: DEBUG glance.common.config [None req-9f6136a7-ec6e-4f44-8bb5-1557dfb756ac None None] image_member_quota             = 128 {{(pid=109873) log_opt_values /opt/stack/data/venv/lib/python3.12/site-packages/oslo_config/cfg.py:2995}}
Feb 20 08:58:37 ubuntu devstack@g-api.service[109873]: DEBUG glance.common.config [None req-9f6136a7-ec6e-4f44-8bb5-1557dfb756ac None None] image_property_quota           = 128 {{(pid=109873) log_opt_values /opt/stack/data/venv/lib/python3.12/site-packages/oslo_config/cfg.py:2995}}
Feb 20 08:58:37 ubuntu devstack@g-api.service[109873]: DEBUG glance.common.config [None req-9f6136a7-ec6e-4f44-8bb5-1557dfb756ac None None] image_size_cap                 = 1099511627776 {{(pid=109873) log_opt_values /opt/stack/data/venv/lib/python3.12/site-packages/oslo_config/cfg.py:2995}}
Feb 20 08:58:37 ubuntu devstack@g-api.service[109873]: DEBUG glance.common.config [None req-9f6136a7-ec6e-4f44-8bb5-1557dfb756ac None None] image_tag_quota                = 128 {{(pid=109873) log_opt_values /opt/stack/data/venv/lib/python3.12/site-packages/oslo_config/cfg.py:2995}}
Feb 20 08:58:37 ubuntu devstack@g-api.service[109873]: DEBUG glance.common.config [None req-9f6136a7-ec6e-4f44-8bb5-1557dfb756ac None None] instance_format                = [instance: %(uuid)s]  {{(pid=109873) log_opt_values /opt/stack/data/venv/lib/python3.12/site-packages/oslo_config/cfg.py:2995}}
Feb 20 08:58:37 ubuntu devstack@g-api.service[109873]: DEBUG glance.common.config [None req-9f6136a7-ec6e-4f44-8bb5-1557dfb756ac None None] instance_uuid_format           = [instance: %(uuid)s]  {{(pid=109873) log_opt_values /opt/stack/data/venv/lib/python3.12/site-packages/oslo_config/cfg.py:2995}}
Feb 20 08:58:37 ubuntu devstack@g-api.service[109873]: DEBUG glance.common.config [None req-9f6136a7-ec6e-4f44-8bb5-1557dfb756ac None None] limit_param_default            = 25 {{(pid=109873) log_opt_values /opt/stack/data/venv/lib/python3.12/site-packages/oslo_config/cfg.py:2995}}
Feb 20 08:58:37 ubuntu devstack@g-api.service[109873]: DEBUG glance.common.config [None req-9f6136a7-ec6e-4f44-8bb5-1557dfb756ac None None] log_color                      = True {{(pid=109873) log_opt_values /opt/stack/data/venv/lib/python3.12/site-packages/oslo_config/cfg.py:2995}}
Feb 20 08:58:37 ubuntu devstack@g-api.service[109873]: DEBUG glance.common.config [None req-9f6136a7-ec6e-4f44-8bb5-1557dfb756ac None None] log_config_append              = None {{(pid=109873) log_opt_values /opt/stack/data/venv/lib/python3.12/site-packages/oslo_config/cfg.py:2995}}
Feb 20 08:58:37 ubuntu devstack@g-api.service[109873]: DEBUG glance.common.config [None req-9f6136a7-ec6e-4f44-8bb5-1557dfb756ac None None] log_date_format                = %Y-%m-%d %H:%M:%S {{(pid=109873) log_opt_values /opt/stack/data/venv/lib/python3.12/site-packages/oslo_config/cfg.py:2995}}
Feb 20 08:58:37 ubuntu devstack@g-api.service[109873]: DEBUG glance.common.config [None req-9f6136a7-ec6e-4f44-8bb5-1557dfb756ac None None] log_dir                        = None {{(pid=109873) log_opt_values /opt/stack/data/venv/lib/python3.12/site-packages/oslo_config/cfg.py:2995}}
Feb 20 08:58:37 ubuntu devstack@g-api.service[109873]: DEBUG glance.common.config [None req-9f6136a7-ec6e-4f44-8bb5-1557dfb756ac None None] log_file                       = None {{(pid=109873) log_opt_values /opt/stack/data/venv/lib/python3.12/site-packages/oslo_config/cfg.py:2995}}
Feb 20 08:58:37 ubuntu devstack@g-api.service[109873]: DEBUG glance.common.config [None req-9f6136a7-ec6e-4f44-8bb5-1557dfb756ac None None] log_rotate_interval            = 1 {{(pid=109873) log_opt_values /opt/stack/data/venv/lib/python3.12/site-packages/oslo_config/cfg.py:2995}}
Feb 20 08:58:37 ubuntu devstack@g-api.service[109873]: DEBUG glance.common.config [None req-9f6136a7-ec6e-4f44-8bb5-1557dfb756ac None None] log_rotate_interval_type       = days {{(pid=109873) log_opt_values /opt/stack/data/venv/lib/python3.12/site-packages/oslo_config/cfg.py:2995}}
Feb 20 08:58:37 ubuntu devstack@g-api.service[109873]: DEBUG glance.common.config [None req-9f6136a7-ec6e-4f44-8bb5-1557dfb756ac None None] log_rotation_type              = none {{(pid=109873) log_opt_values /opt/stack/data/venv/lib/python3.12/site-packages/oslo_config/cfg.py:2995}}
Feb 20 08:58:37 ubuntu devstack@g-api.service[109873]: DEBUG glance.common.config [None req-9f6136a7-ec6e-4f44-8bb5-1557dfb756ac None None] logging_context_format_string  = %(color)s%(levelname)s %(name)s [%(global_request_id)s %(request_id)s %(project_name)s %(user_name)s%(color)s] %(instance)s%(color)s%(message)s {{(pid=109873) log_opt_values /opt/stack/data/venv/lib/python3.12/site-packages/oslo_config/cfg.py:2995}}
Feb 20 08:58:37 ubuntu devstack@g-api.service[109873]: DEBUG glance.common.config [None req-9f6136a7-ec6e-4f44-8bb5-1557dfb756ac None None] logging_debug_format_suffix    = {{(pid=%(process)d) %(funcName)s %(pathname)s:%(lineno)d}} {{(pid=109873) log_opt_values /opt/stack/data/venv/lib/python3.12/site-packages/oslo_config/cfg.py:2995}}
Feb 20 08:58:37 ubuntu devstack@g-api.service[109873]: DEBUG glance.common.config [None req-9f6136a7-ec6e-4f44-8bb5-1557dfb756ac None None] logging_default_format_string  = %(color)s%(levelname)s %(name)s [-%(color)s] %(instance)s%(color)s%(message)s {{(pid=109873) log_opt_values /opt/stack/data/venv/lib/python3.12/site-packages/oslo_config/cfg.py:2995}}
Feb 20 08:58:37 ubuntu devstack@g-api.service[109873]: DEBUG glance.common.config [None req-9f6136a7-ec6e-4f44-8bb5-1557dfb756ac None None] logging_exception_prefix       = ERROR %(name)s %(instance)s {{(pid=109873) log_opt_values /opt/stack/data/venv/lib/python3.12/site-packages/oslo_config/cfg.py:2995}}
Feb 20 08:58:37 ubuntu devstack@g-api.service[109873]: DEBUG glance.common.config [None req-9f6136a7-ec6e-4f44-8bb5-1557dfb756ac None None] logging_user_identity_format   = %(user)s %(project)s %(domain)s %(system_scope)s %(user_domain)s %(project_domain)s {{(pid=109873) log_opt_values /opt/stack/data/venv/lib/python3.12/site-packages/oslo_config/cfg.py:2995}}
Feb 20 08:58:37 ubuntu devstack@g-api.service[109873]: DEBUG glance.common.config [None req-9f6136a7-ec6e-4f44-8bb5-1557dfb756ac None None] max_header_line                = 16384 {{(pid=109873) log_opt_values /opt/stack/data/venv/lib/python3.12/site-packages/oslo_config/cfg.py:2995}}
Feb 20 08:58:37 ubuntu devstack@g-api.service[109873]: DEBUG glance.common.config [None req-9f6136a7-ec6e-4f44-8bb5-1557dfb756ac None None] max_logfile_count              = 30 {{(pid=109873) log_opt_values /opt/stack/data/venv/lib/python3.12/site-packages/oslo_config/cfg.py:2995}}
Feb 20 08:58:37 ubuntu devstack@g-api.service[109873]: DEBUG glance.common.config [None req-9f6136a7-ec6e-4f44-8bb5-1557dfb756ac None None] max_logfile_size_mb            = 200 {{(pid=109873) log_opt_values /opt/stack/data/venv/lib/python3.12/site-packages/oslo_config/cfg.py:2995}}
Feb 20 08:58:37 ubuntu devstack@g-api.service[109873]: DEBUG glance.common.config [None req-9f6136a7-ec6e-4f44-8bb5-1557dfb756ac None None] max_request_id_length          = 64 {{(pid=109873) log_opt_values /opt/stack/data/venv/lib/python3.12/site-packages/oslo_config/cfg.py:2995}}
Feb 20 08:58:37 ubuntu devstack@g-api.service[109873]: DEBUG glance.common.config [None req-9f6136a7-ec6e-4f44-8bb5-1557dfb756ac None None] metadata_encryption_key        = **** {{(pid=109873) log_opt_values /opt/stack/data/venv/lib/python3.12/site-packages/oslo_config/cfg.py:2995}}
Feb 20 08:58:37 ubuntu devstack@g-api.service[109873]: DEBUG glance.common.config [None req-9f6136a7-ec6e-4f44-8bb5-1557dfb756ac None None] node_staging_uri               = file:///tmp/staging/ {{(pid=109873) log_opt_values /opt/stack/data/venv/lib/python3.12/site-packages/oslo_config/cfg.py:2995}}
Feb 20 08:58:37 ubuntu devstack@g-api.service[109873]: DEBUG glance.common.config [None req-9f6136a7-ec6e-4f44-8bb5-1557dfb756ac None None] property_protection_file       = None {{(pid=109873) log_opt_values /opt/stack/data/venv/lib/python3.12/site-packages/oslo_config/cfg.py:2995}}
Feb 20 08:58:37 ubuntu devstack@g-api.service[109873]: DEBUG glance.common.config [None req-9f6136a7-ec6e-4f44-8bb5-1557dfb756ac None None] property_protection_rule_format = roles {{(pid=109873) log_opt_values /opt/stack/data/venv/lib/python3.12/site-packages/oslo_config/cfg.py:2995}}
Feb 20 08:58:37 ubuntu devstack@g-api.service[109873]: DEBUG glance.common.config [None req-9f6136a7-ec6e-4f44-8bb5-1557dfb756ac None None] public_endpoint                = http://10.201.5.130/image {{(pid=109873) log_opt_values /opt/stack/data/venv/lib/python3.12/site-packages/oslo_config/cfg.py:2995}}
Feb 20 08:58:37 ubuntu devstack@g-api.service[109873]: DEBUG glance.common.config [None req-9f6136a7-ec6e-4f44-8bb5-1557dfb756ac None None] publish_errors                 = False {{(pid=109873) log_opt_values /opt/stack/data/venv/lib/python3.12/site-packages/oslo_config/cfg.py:2995}}
Feb 20 08:58:37 ubuntu devstack@g-api.service[109873]: DEBUG glance.common.config [None req-9f6136a7-ec6e-4f44-8bb5-1557dfb756ac None None] pydev_worker_debug_host        = None {{(pid=109873) log_opt_values /opt/stack/data/venv/lib/python3.12/site-packages/oslo_config/cfg.py:2995}}
Feb 20 08:58:37 ubuntu devstack@g-api.service[109873]: DEBUG glance.common.config [None req-9f6136a7-ec6e-4f44-8bb5-1557dfb756ac None None] pydev_worker_debug_port        = 5678 {{(pid=109873) log_opt_values /opt/stack/data/venv/lib/python3.12/site-packages/oslo_config/cfg.py:2995}}
Feb 20 08:58:37 ubuntu devstack@g-api.service[109873]: DEBUG glance.common.config [None req-9f6136a7-ec6e-4f44-8bb5-1557dfb756ac None None] rate_limit_burst               = 0 {{(pid=109873) log_opt_values /opt/stack/data/venv/lib/python3.12/site-packages/oslo_config/cfg.py:2995}}
Feb 20 08:58:37 ubuntu devstack@g-api.service[109873]: DEBUG glance.common.config [None req-9f6136a7-ec6e-4f44-8bb5-1557dfb756ac None None] rate_limit_except_level        = CRITICAL {{(pid=109873) log_opt_values /opt/stack/data/venv/lib/python3.12/site-packages/oslo_config/cfg.py:2995}}
Feb 20 08:58:37 ubuntu devstack@g-api.service[109873]: DEBUG glance.common.config [None req-9f6136a7-ec6e-4f44-8bb5-1557dfb756ac None None] rate_limit_interval            = 0 {{(pid=109873) log_opt_values /opt/stack/data/venv/lib/python3.12/site-packages/oslo_config/cfg.py:2995}}
Feb 20 08:58:37 ubuntu devstack@g-api.service[109873]: DEBUG glance.common.config [None req-9f6136a7-ec6e-4f44-8bb5-1557dfb756ac None None] scrub_pool_size                = 1 {{(pid=109873) log_opt_values /opt/stack/data/venv/lib/python3.12/site-packages/oslo_config/cfg.py:2995}}
Feb 20 08:58:37 ubuntu devstack@g-api.service[109873]: DEBUG glance.common.config [None req-9f6136a7-ec6e-4f44-8bb5-1557dfb756ac None None] scrub_time                     = 0 {{(pid=109873) log_opt_values /opt/stack/data/venv/lib/python3.12/site-packages/oslo_config/cfg.py:2995}}
Feb 20 08:58:37 ubuntu devstack@g-api.service[109873]: DEBUG glance.common.config [None req-9f6136a7-ec6e-4f44-8bb5-1557dfb756ac None None] shell_completion               = None {{(pid=109873) log_opt_values /opt/stack/data/venv/lib/python3.12/site-packages/oslo_config/cfg.py:2995}}
Feb 20 08:58:37 ubuntu devstack@g-api.service[109873]: DEBUG glance.common.config [None req-9f6136a7-ec6e-4f44-8bb5-1557dfb756ac None None] show_image_direct_url          = False {{(pid=109873) log_opt_values /opt/stack/data/venv/lib/python3.12/site-packages/oslo_config/cfg.py:2995}}
