Feb 23 23:22:17 ubuntu systemd[1]: Starting devstack@g-api.service - Devstack devstack@g-api.service...
Feb 23 23:22:17 ubuntu devstack@g-api.service[109411]: [uWSGI] getting INI configuration from /etc/glance/glance-uwsgi.ini
Feb 23 23:22:17 ubuntu devstack@g-api.service[109411]: *** Starting uWSGI 2.0.24-debian (64bit) on [Mon Feb 23 23:22:17 2026] ***
Feb 23 23:22:17 ubuntu devstack@g-api.service[109411]: compiled with version: 13.2.0 on 17 April 2024 16:23:48
Feb 23 23:22:17 ubuntu devstack@g-api.service[109411]: os: Linux-6.8.0-100-generic #100-Ubuntu SMP PREEMPT_DYNAMIC Tue Jan 13 16:40:06 UTC 2026
Feb 23 23:22:17 ubuntu devstack@g-api.service[109411]: nodename: ubuntu
Feb 23 23:22:17 ubuntu devstack@g-api.service[109411]: machine: x86_64
Feb 23 23:22:17 ubuntu devstack@g-api.service[109411]: clock source: unix
Feb 23 23:22:17 ubuntu devstack@g-api.service[109411]: pcre jit disabled
Feb 23 23:22:17 ubuntu devstack@g-api.service[109411]: detected number of CPU cores: 4
Feb 23 23:22:17 ubuntu devstack@g-api.service[109411]: current working directory: /
Feb 23 23:22:17 ubuntu devstack@g-api.service[109411]: detected binary path: /usr/bin/uwsgi-core
Feb 23 23:22:17 ubuntu devstack@g-api.service[109411]: your processes number limit is 31446
Feb 23 23:22:17 ubuntu devstack@g-api.service[109411]: your memory page size is 4096 bytes
Feb 23 23:22:17 ubuntu devstack@g-api.service[109411]: detected max file descriptor number: 2048
Feb 23 23:22:17 ubuntu devstack@g-api.service[109411]: lock engine: pthread robust mutexes
Feb 23 23:22:17 ubuntu devstack@g-api.service[109411]: thunder lock: enabled
Feb 23 23:22:17 ubuntu devstack@g-api.service[109411]: uwsgi socket 0 bound to TCP address 127.0.0.1:60999 fd 4
Feb 23 23:22:17 ubuntu devstack@g-api.service[109411]: Python version: 3.12.3 (main, Jan 22 2026, 20:57:42) [GCC 13.3.0]
Feb 23 23:22:17 ubuntu devstack@g-api.service[109411]: PEP 405 virtualenv detected: /opt/stack/data/venv
Feb 23 23:22:17 ubuntu devstack@g-api.service[109411]: Set PythonHome to /opt/stack/data/venv
Feb 23 23:22:17 ubuntu devstack@g-api.service[109411]: Python main interpreter initialized at 0x7f54ab0a3668
Feb 23 23:22:17 ubuntu devstack@g-api.service[109411]: python threads support enabled
Feb 23 23:22:17 ubuntu devstack@g-api.service[109411]: your server socket listen backlog is limited to 100 connections
Feb 23 23:22:17 ubuntu devstack@g-api.service[109411]: your mercy for graceful operations on workers is 80 seconds
Feb 23 23:22:17 ubuntu devstack@g-api.service[109411]: mapped 403077 bytes (393 KB) for 2 cores
Feb 23 23:22:17 ubuntu devstack@g-api.service[109411]: *** Operational MODE: preforking ***
Feb 23 23:22:17 ubuntu devstack@g-api.service[109411]: *** uWSGI is running in multiple interpreter mode ***
Feb 23 23:22:17 ubuntu devstack@g-api.service[109411]: spawned uWSGI master process (pid: 109411)
Feb 23 23:22:17 ubuntu systemd[1]: Started devstack@g-api.service - Devstack devstack@g-api.service.
Feb 23 23:22:17 ubuntu devstack@g-api.service[109411]: spawned uWSGI worker 1 (pid: 109415, cores: 1)
Feb 23 23:22:17 ubuntu devstack@g-api.service[109411]: spawned uWSGI worker 2 (pid: 109416, cores: 1)
Feb 23 23:22:17 ubuntu devstack@g-api.service[109411]: running "unix_signal:15 gracefully_kill_them_all" (master-start)...
Feb 23 23:22:17 ubuntu devstack@g-api.service[109415]: INFO glance.async_ [-] Threadpool model set to 'NativeThreadPoolModel'
Feb 23 23:22:17 ubuntu devstack@g-api.service[109416]: INFO glance.async_ [-] Threadpool model set to 'NativeThreadPoolModel'
Feb 23 23:22:17 ubuntu devstack@g-api.service[109416]: DEBUG oslo_concurrency.processutils [-] Running cmd (subprocess): grep -F node.session.scan /sbin/iscsiadm {{(pid=109416) execute /opt/stack/data/venv/lib/python3.12/site-packages/oslo_concurrency/processutils.py:440}}
Feb 23 23:22:17 ubuntu devstack@g-api.service[109415]: DEBUG oslo_concurrency.processutils [-] Running cmd (subprocess): grep -F node.session.scan /sbin/iscsiadm {{(pid=109415) execute /opt/stack/data/venv/lib/python3.12/site-packages/oslo_concurrency/processutils.py:440}}
Feb 23 23:22:17 ubuntu devstack@g-api.service[109416]: DEBUG oslo_concurrency.processutils [-] CMD "grep -F node.session.scan /sbin/iscsiadm" returned: 0 in 0.007s {{(pid=109416) execute /opt/stack/data/venv/lib/python3.12/site-packages/oslo_concurrency/processutils.py:468}}
Feb 23 23:22:17 ubuntu devstack@g-api.service[109415]: DEBUG oslo_concurrency.processutils [-] CMD "grep -F node.session.scan /sbin/iscsiadm" returned: 0 in 0.009s {{(pid=109415) execute /opt/stack/data/venv/lib/python3.12/site-packages/oslo_concurrency/processutils.py:468}}
Feb 23 23:22:18 ubuntu devstack@g-api.service[109415]: DEBUG glance_store.backend [-] Attempting to import store cinder {{(pid=109415) _load_store /opt/stack/data/venv/lib/python3.12/site-packages/glance_store/backend.py:215}}
Feb 23 23:22:18 ubuntu devstack@g-api.service[109415]: DEBUG glance_store.backend [-] Attempting to import store file {{(pid=109415) _load_store /opt/stack/data/venv/lib/python3.12/site-packages/glance_store/backend.py:215}}
Feb 23 23:22:18 ubuntu devstack@g-api.service[109415]: DEBUG glance_store.backend [-] Attempting to import store glance.store.cinder.Store {{(pid=109415) _load_store /opt/stack/data/venv/lib/python3.12/site-packages/glance_store/backend.py:215}}
Feb 23 23:22:18 ubuntu devstack@g-api.service[109415]: DEBUG glance_store.backend [-] Attempting to import store glance.store.filesystem.Store {{(pid=109415) _load_store /opt/stack/data/venv/lib/python3.12/site-packages/glance_store/backend.py:215}}
Feb 23 23:22:18 ubuntu devstack@g-api.service[109415]: DEBUG glance_store.backend [-] Attempting to import store glance.store.http.Store {{(pid=109415) _load_store /opt/stack/data/venv/lib/python3.12/site-packages/glance_store/backend.py:215}}
Feb 23 23:22:18 ubuntu devstack@g-api.service[109415]: DEBUG glance_store.backend [-] Attempting to import store glance.store.rbd.Store {{(pid=109415) _load_store /opt/stack/data/venv/lib/python3.12/site-packages/glance_store/backend.py:215}}
Feb 23 23:22:18 ubuntu devstack@g-api.service[109415]: DEBUG glance_store.backend [-] Attempting to import store glance.store.s3.Store {{(pid=109415) _load_store /opt/stack/data/venv/lib/python3.12/site-packages/glance_store/backend.py:215}}
Feb 23 23:22:18 ubuntu devstack@g-api.service[109415]: DEBUG glance_store.backend [-] Attempting to import store glance.store.swift.Store {{(pid=109415) _load_store /opt/stack/data/venv/lib/python3.12/site-packages/glance_store/backend.py:215}}
Feb 23 23:22:18 ubuntu devstack@g-api.service[109415]: DEBUG glance_store.backend [-] Attempting to import store glance.store.vmware_datastore.Store {{(pid=109415) _load_store /opt/stack/data/venv/lib/python3.12/site-packages/glance_store/backend.py:215}}
Feb 23 23:22:18 ubuntu devstack@g-api.service[109415]: DEBUG glance_store.backend [-] Attempting to import store http {{(pid=109415) _load_store /opt/stack/data/venv/lib/python3.12/site-packages/glance_store/backend.py:215}}
Feb 23 23:22:18 ubuntu devstack@g-api.service[109415]: DEBUG glance_store.backend [-] Attempting to import store no_conf {{(pid=109415) _load_store /opt/stack/data/venv/lib/python3.12/site-packages/glance_store/backend.py:215}}
Feb 23 23:22:18 ubuntu devstack@g-api.service[109415]: DEBUG glance_store.backend [-] Attempting to import store rbd {{(pid=109415) _load_store /opt/stack/data/venv/lib/python3.12/site-packages/glance_store/backend.py:215}}
Feb 23 23:22:18 ubuntu devstack@g-api.service[109415]: DEBUG glance_store.backend [-] Attempting to import store s3 {{(pid=109415) _load_store /opt/stack/data/venv/lib/python3.12/site-packages/glance_store/backend.py:215}}
Feb 23 23:22:18 ubuntu devstack@g-api.service[109415]: DEBUG glance_store.backend [-] Attempting to import store swift {{(pid=109415) _load_store /opt/stack/data/venv/lib/python3.12/site-packages/glance_store/backend.py:215}}
Feb 23 23:22:18 ubuntu devstack@g-api.service[109415]: DEBUG glance_store.backend [-] Attempting to import store vmware {{(pid=109415) _load_store /opt/stack/data/venv/lib/python3.12/site-packages/glance_store/backend.py:215}}
Feb 23 23:22:18 ubuntu devstack@g-api.service[109415]: DEBUG glance_store.backend [-] Registering options for group glance_store {{(pid=109415) register_opts /opt/stack/data/venv/lib/python3.12/site-packages/glance_store/backend.py:144}}
Feb 23 23:22:18 ubuntu devstack@g-api.service[109415]: DEBUG glance_store.backend [-] Registering options for group glance_store {{(pid=109415) register_opts /opt/stack/data/venv/lib/python3.12/site-packages/glance_store/backend.py:144}}
Feb 23 23:22:18 ubuntu devstack@g-api.service[109415]: DEBUG glance_store.backend [-] Attempting to import store file {{(pid=109415) _load_store /opt/stack/data/venv/lib/python3.12/site-packages/glance_store/backend.py:215}}
Feb 23 23:22:18 ubuntu devstack@g-api.service[109415]: DEBUG glance_store.capabilities [-] Store glance_store._drivers.filesystem.Store doesn't support updating dynamic storage capabilities. Please overwrite 'update_capabilities' method of the store to implement updating logics if needed. {{(pid=109415) update_capabilities /opt/stack/data/venv/lib/python3.12/site-packages/glance_store/capabilities.py:91}}
Feb 23 23:22:18 ubuntu devstack@g-api.service[109415]: DEBUG glance_store.backend [-] Registering store file with schemes ('file', 'filesystem') {{(pid=109415) create_stores /opt/stack/data/venv/lib/python3.12/site-packages/glance_store/backend.py:261}}
Feb 23 23:22:18 ubuntu devstack@g-api.service[109416]: DEBUG glance_store.backend [-] Attempting to import store cinder {{(pid=109416) _load_store /opt/stack/data/venv/lib/python3.12/site-packages/glance_store/backend.py:215}}
Feb 23 23:22:18 ubuntu devstack@g-api.service[109415]: DEBUG glance_store.driver [-] Late loading location class glance_store._drivers.filesystem.StoreLocation {{(pid=109415) get_store_location_class /opt/stack/data/venv/lib/python3.12/site-packages/glance_store/driver.py:134}}
Feb 23 23:22:18 ubuntu devstack@g-api.service[109415]: DEBUG glance_store.location [-] Registering scheme file with {'store': <glance_store._drivers.filesystem.Store object at 0x7f54a7c9d4f0>, 'location_class': <class 'glance_store._drivers.filesystem.StoreLocation'>, 'store_entry': 'file'} {{(pid=109415) register_scheme_map /opt/stack/data/venv/lib/python3.12/site-packages/glance_store/location.py:146}}
Feb 23 23:22:18 ubuntu devstack@g-api.service[109416]: DEBUG glance_store.backend [-] Attempting to import store file {{(pid=109416) _load_store /opt/stack/data/venv/lib/python3.12/site-packages/glance_store/backend.py:215}}
Feb 23 23:22:18 ubuntu devstack@g-api.service[109415]: DEBUG glance_store.location [-] Registering scheme filesystem with {'store': <glance_store._drivers.filesystem.Store object at 0x7f54a7c9d4f0>, 'location_class': <class 'glance_store._drivers.filesystem.StoreLocation'>, 'store_entry': 'file'} {{(pid=109415) register_scheme_map /opt/stack/data/venv/lib/python3.12/site-packages/glance_store/location.py:146}}
Feb 23 23:22:18 ubuntu devstack@g-api.service[109415]: DEBUG glance_store.backend [-] Attempting to import store http {{(pid=109415) _load_store /opt/stack/data/venv/lib/python3.12/site-packages/glance_store/backend.py:215}}
Feb 23 23:22:18 ubuntu devstack@g-api.service[109416]: DEBUG glance_store.backend [-] Attempting to import store glance.store.cinder.Store {{(pid=109416) _load_store /opt/stack/data/venv/lib/python3.12/site-packages/glance_store/backend.py:215}}
Feb 23 23:22:18 ubuntu devstack@g-api.service[109416]: DEBUG glance_store.backend [-] Attempting to import store glance.store.filesystem.Store {{(pid=109416) _load_store /opt/stack/data/venv/lib/python3.12/site-packages/glance_store/backend.py:215}}
Feb 23 23:22:18 ubuntu devstack@g-api.service[109416]: DEBUG glance_store.backend [-] Attempting to import store glance.store.http.Store {{(pid=109416) _load_store /opt/stack/data/venv/lib/python3.12/site-packages/glance_store/backend.py:215}}
Feb 23 23:22:18 ubuntu devstack@g-api.service[109415]: DEBUG glance_store.capabilities [-] Store glance_store._drivers.http.Store doesn't support updating dynamic storage capabilities. Please overwrite 'update_capabilities' method of the store to implement updating logics if needed. {{(pid=109415) update_capabilities /opt/stack/data/venv/lib/python3.12/site-packages/glance_store/capabilities.py:91}}
Feb 23 23:22:18 ubuntu devstack@g-api.service[109416]: DEBUG glance_store.backend [-] Attempting to import store glance.store.rbd.Store {{(pid=109416) _load_store /opt/stack/data/venv/lib/python3.12/site-packages/glance_store/backend.py:215}}
Feb 23 23:22:18 ubuntu devstack@g-api.service[109415]: DEBUG glance_store.backend [-] Registering store http with schemes ('http', 'https') {{(pid=109415) create_stores /opt/stack/data/venv/lib/python3.12/site-packages/glance_store/backend.py:261}}
Feb 23 23:22:18 ubuntu devstack@g-api.service[109415]: DEBUG glance_store.driver [-] Late loading location class glance_store._drivers.http.StoreLocation {{(pid=109415) get_store_location_class /opt/stack/data/venv/lib/python3.12/site-packages/glance_store/driver.py:134}}
Feb 23 23:22:18 ubuntu devstack@g-api.service[109416]: DEBUG glance_store.backend [-] Attempting to import store glance.store.s3.Store {{(pid=109416) _load_store /opt/stack/data/venv/lib/python3.12/site-packages/glance_store/backend.py:215}}
Feb 23 23:22:18 ubuntu devstack@g-api.service[109415]: DEBUG glance_store.location [-] Registering scheme http with {'store': <glance_store._drivers.http.Store object at 0x7f54a643bc80>, 'location_class': <class 'glance_store._drivers.http.StoreLocation'>, 'store_entry': 'http'} {{(pid=109415) register_scheme_map /opt/stack/data/venv/lib/python3.12/site-packages/glance_store/location.py:146}}
Feb 23 23:22:18 ubuntu devstack@g-api.service[109416]: DEBUG glance_store.backend [-] Attempting to import store glance.store.swift.Store {{(pid=109416) _load_store /opt/stack/data/venv/lib/python3.12/site-packages/glance_store/backend.py:215}}
Feb 23 23:22:18 ubuntu devstack@g-api.service[109415]: DEBUG glance_store.location [-] Registering scheme https with {'store': <glance_store._drivers.http.Store object at 0x7f54a643bc80>, 'location_class': <class 'glance_store._drivers.http.StoreLocation'>, 'store_entry': 'http'} {{(pid=109415) register_scheme_map /opt/stack/data/venv/lib/python3.12/site-packages/glance_store/location.py:146}}
Feb 23 23:22:18 ubuntu devstack@g-api.service[109416]: DEBUG glance_store.backend [-] Attempting to import store glance.store.vmware_datastore.Store {{(pid=109416) _load_store /opt/stack/data/venv/lib/python3.12/site-packages/glance_store/backend.py:215}}
Feb 23 23:22:18 ubuntu devstack@g-api.service[109416]: DEBUG glance_store.backend [-] Attempting to import store http {{(pid=109416) _load_store /opt/stack/data/venv/lib/python3.12/site-packages/glance_store/backend.py:215}}
Feb 23 23:22:18 ubuntu devstack@g-api.service[109416]: DEBUG glance_store.backend [-] Attempting to import store no_conf {{(pid=109416) _load_store /opt/stack/data/venv/lib/python3.12/site-packages/glance_store/backend.py:215}}
Feb 23 23:22:18 ubuntu devstack@g-api.service[109416]: DEBUG glance_store.backend [-] Attempting to import store rbd {{(pid=109416) _load_store /opt/stack/data/venv/lib/python3.12/site-packages/glance_store/backend.py:215}}
Feb 23 23:22:18 ubuntu devstack@g-api.service[109415]: DEBUG glance.sqlite_migration [-] SQLite caching database not located, skipping migration {{(pid=109415) get_db_path /opt/stack/glance/glance/sqlite_migration.py:68}}
Feb 23 23:22:18 ubuntu devstack@g-api.service[109416]: DEBUG glance_store.backend [-] Attempting to import store s3 {{(pid=109416) _load_store /opt/stack/data/venv/lib/python3.12/site-packages/glance_store/backend.py:215}}
Feb 23 23:22:18 ubuntu devstack@g-api.service[109416]: DEBUG glance_store.backend [-] Attempting to import store swift {{(pid=109416) _load_store /opt/stack/data/venv/lib/python3.12/site-packages/glance_store/backend.py:215}}
Feb 23 23:22:18 ubuntu devstack@g-api.service[109416]: DEBUG glance_store.backend [-] Attempting to import store vmware {{(pid=109416) _load_store /opt/stack/data/venv/lib/python3.12/site-packages/glance_store/backend.py:215}}
Feb 23 23:22:18 ubuntu devstack@g-api.service[109415]: WARNING glance.common.wsgi_app [-] Import methods are enabled but staging directory /tmp/staging/ does not exist; Imports will fail!
Feb 23 23:22:18 ubuntu devstack@g-api.service[109416]: DEBUG glance_store.backend [-] Registering options for group glance_store {{(pid=109416) register_opts /opt/stack/data/venv/lib/python3.12/site-packages/glance_store/backend.py:144}}
Feb 23 23:22:18 ubuntu devstack@g-api.service[109416]: DEBUG glance_store.backend [-] Registering options for group glance_store {{(pid=109416) register_opts /opt/stack/data/venv/lib/python3.12/site-packages/glance_store/backend.py:144}}
Feb 23 23:22:18 ubuntu devstack@g-api.service[109416]: DEBUG glance_store.backend [-] Attempting to import store file {{(pid=109416) _load_store /opt/stack/data/venv/lib/python3.12/site-packages/glance_store/backend.py:215}}
Feb 23 23:22:18 ubuntu devstack@g-api.service[109416]: DEBUG glance_store.capabilities [-] Store glance_store._drivers.filesystem.Store doesn't support updating dynamic storage capabilities. Please overwrite 'update_capabilities' method of the store to implement updating logics if needed. {{(pid=109416) update_capabilities /opt/stack/data/venv/lib/python3.12/site-packages/glance_store/capabilities.py:91}}
Feb 23 23:22:18 ubuntu devstack@g-api.service[109416]: DEBUG glance_store.backend [-] Registering store file with schemes ('file', 'filesystem') {{(pid=109416) create_stores /opt/stack/data/venv/lib/python3.12/site-packages/glance_store/backend.py:261}}
Feb 23 23:22:18 ubuntu devstack@g-api.service[109416]: DEBUG glance_store.driver [-] Late loading location class glance_store._drivers.filesystem.StoreLocation {{(pid=109416) get_store_location_class /opt/stack/data/venv/lib/python3.12/site-packages/glance_store/driver.py:134}}
Feb 23 23:22:18 ubuntu devstack@g-api.service[109416]: DEBUG glance_store.location [-] Registering scheme file with {'store': <glance_store._drivers.filesystem.Store object at 0x7f54a7b0e780>, 'location_class': <class 'glance_store._drivers.filesystem.StoreLocation'>, 'store_entry': 'file'} {{(pid=109416) register_scheme_map /opt/stack/data/venv/lib/python3.12/site-packages/glance_store/location.py:146}}
Feb 23 23:22:18 ubuntu devstack@g-api.service[109416]: DEBUG glance_store.location [-] Registering scheme filesystem with {'store': <glance_store._drivers.filesystem.Store object at 0x7f54a7b0e780>, 'location_class': <class 'glance_store._drivers.filesystem.StoreLocation'>, 'store_entry': 'file'} {{(pid=109416) register_scheme_map /opt/stack/data/venv/lib/python3.12/site-packages/glance_store/location.py:146}}
Feb 23 23:22:18 ubuntu devstack@g-api.service[109416]: DEBUG glance_store.backend [-] Attempting to import store http {{(pid=109416) _load_store /opt/stack/data/venv/lib/python3.12/site-packages/glance_store/backend.py:215}}
Feb 23 23:22:18 ubuntu devstack@g-api.service[109416]: DEBUG glance_store.capabilities [-] Store glance_store._drivers.http.Store doesn't support updating dynamic storage capabilities. Please overwrite 'update_capabilities' method of the store to implement updating logics if needed. {{(pid=109416) update_capabilities /opt/stack/data/venv/lib/python3.12/site-packages/glance_store/capabilities.py:91}}
Feb 23 23:22:18 ubuntu devstack@g-api.service[109416]: DEBUG glance_store.backend [-] Registering store http with schemes ('http', 'https') {{(pid=109416) create_stores /opt/stack/data/venv/lib/python3.12/site-packages/glance_store/backend.py:261}}
Feb 23 23:22:18 ubuntu devstack@g-api.service[109416]: DEBUG glance_store.driver [-] Late loading location class glance_store._drivers.http.StoreLocation {{(pid=109416) get_store_location_class /opt/stack/data/venv/lib/python3.12/site-packages/glance_store/driver.py:134}}
Feb 23 23:22:18 ubuntu devstack@g-api.service[109416]: DEBUG glance_store.location [-] Registering scheme http with {'store': <glance_store._drivers.http.Store object at 0x7f54a775cad0>, 'location_class': <class 'glance_store._drivers.http.StoreLocation'>, 'store_entry': 'http'} {{(pid=109416) register_scheme_map /opt/stack/data/venv/lib/python3.12/site-packages/glance_store/location.py:146}}
Feb 23 23:22:18 ubuntu devstack@g-api.service[109416]: DEBUG glance_store.location [-] Registering scheme https with {'store': <glance_store._drivers.http.Store object at 0x7f54a775cad0>, 'location_class': <class 'glance_store._drivers.http.StoreLocation'>, 'store_entry': 'http'} {{(pid=109416) register_scheme_map /opt/stack/data/venv/lib/python3.12/site-packages/glance_store/location.py:146}}
Feb 23 23:22:18 ubuntu devstack@g-api.service[109416]: DEBUG glance.sqlite_migration [-] SQLite caching database not located, skipping migration {{(pid=109416) get_db_path /opt/stack/glance/glance/sqlite_migration.py:68}}
Feb 23 23:22:18 ubuntu devstack@g-api.service[109416]: WARNING glance.common.wsgi_app [-] Import methods are enabled but staging directory /tmp/staging/ does not exist; Imports will fail!
Feb 23 23:22:18 ubuntu devstack@g-api.service[109415]: DEBUG glance.common.config [None req-e2a461fe-d6b6-4eac-8967-49f159ba4e39 None None] Loading glance-api-keystone+cachemanagement from /etc/glance/glance-api-paste.ini {{(pid=109415) load_paste_app /opt/stack/glance/glance/common/config.py:758}}
Feb 23 23:22:18 ubuntu devstack@g-api.service[109416]: DEBUG glance.common.config [None req-4ae571ef-bd10-4660-95b5-236a894af361 None None] Loading glance-api-keystone+cachemanagement from /etc/glance/glance-api-paste.ini {{(pid=109416) load_paste_app /opt/stack/glance/glance/common/config.py:758}}
Feb 23 23:22:19 ubuntu devstack@g-api.service[109415]: INFO glance.image_cache [None req-e2a461fe-d6b6-4eac-8967-49f159ba4e39 None None] Image cache loaded driver 'centralized_db'.
Feb 23 23:22:19 ubuntu devstack@g-api.service[109416]: INFO glance.image_cache [None req-4ae571ef-bd10-4660-95b5-236a894af361 None None] Image cache loaded driver 'centralized_db'.
Feb 23 23:22:19 ubuntu devstack@g-api.service[109416]: INFO dbcounter [None req-4ae571ef-bd10-4660-95b5-236a894af361 None None] Registered counter for database glance
Feb 23 23:22:19 ubuntu devstack@g-api.service[109415]: INFO dbcounter [None req-e2a461fe-d6b6-4eac-8967-49f159ba4e39 None None] Registered counter for database glance
Feb 23 23:22:19 ubuntu devstack@g-api.service[109415]: DEBUG oslo_db.sqlalchemy.engines [None req-e2a461fe-d6b6-4eac-8967-49f159ba4e39 None None] MySQL server mode set to STRICT_TRANS_TABLES,STRICT_ALL_TABLES,NO_ZERO_IN_DATE,NO_ZERO_DATE,ERROR_FOR_DIVISION_BY_ZERO,TRADITIONAL,NO_ENGINE_SUBSTITUTION {{(pid=109415) _check_effective_sql_mode /opt/stack/data/venv/lib/python3.12/site-packages/oslo_db/sqlalchemy/engines.py:325}}
Feb 23 23:22:19 ubuntu devstack@g-api.service[109416]: DEBUG oslo_db.sqlalchemy.engines [None req-4ae571ef-bd10-4660-95b5-236a894af361 None None] MySQL server mode set to STRICT_TRANS_TABLES,STRICT_ALL_TABLES,NO_ZERO_IN_DATE,NO_ZERO_DATE,ERROR_FOR_DIVISION_BY_ZERO,TRADITIONAL,NO_ENGINE_SUBSTITUTION {{(pid=109416) _check_effective_sql_mode /opt/stack/data/venv/lib/python3.12/site-packages/oslo_db/sqlalchemy/engines.py:325}}
Feb 23 23:22:19 ubuntu devstack@g-api.service[109416]: DEBUG dbcounter [-] [109416] Writer thread running {{(pid=109416) stat_writer /opt/stack/data/venv/lib/python3.12/site-packages/dbcounter.py:102}}
Feb 23 23:22:19 ubuntu devstack@g-api.service[109415]: DEBUG dbcounter [-] [109415] Writer thread running {{(pid=109415) stat_writer /opt/stack/data/venv/lib/python3.12/site-packages/dbcounter.py:102}}
Feb 23 23:22:19 ubuntu devstack@g-api.service[109416]: INFO glance.image_cache [None req-4ae571ef-bd10-4660-95b5-236a894af361 None None] Image cache loaded driver 'centralized_db'.
Feb 23 23:22:19 ubuntu devstack@g-api.service[109415]: DEBUG glance.image_cache.drivers.centralized_db [None req-e2a461fe-d6b6-4eac-8967-49f159ba4e39 None None] Node reference is already recorded, ignoring it {{(pid=109415) configure /opt/stack/glance/glance/image_cache/drivers/centralized_db.py:71}}
Feb 23 23:22:19 ubuntu devstack@g-api.service[109415]: INFO glance.image_cache [None req-e2a461fe-d6b6-4eac-8967-49f159ba4e39 None None] Image cache loaded driver 'centralized_db'.
Feb 23 23:22:19 ubuntu devstack@g-api.service[109416]: DEBUG glance.image_cache.drivers.centralized_db [None req-4ae571ef-bd10-4660-95b5-236a894af361 None None] Node reference is already recorded, ignoring it {{(pid=109416) configure /opt/stack/glance/glance/image_cache/drivers/centralized_db.py:71}}
Feb 23 23:22:19 ubuntu devstack@g-api.service[109416]: DEBUG glance.api.v2.cached_images [None req-4ae571ef-bd10-4660-95b5-236a894af361 None None] Started cache worker thread {{(pid=109416) __init__ /opt/stack/glance/glance/api/v2/cached_images.py:69}}
Feb 23 23:22:19 ubuntu devstack@g-api.service[109416]: INFO glance.image_cache [None req-4ae571ef-bd10-4660-95b5-236a894af361 None None] Image cache loaded driver 'centralized_db'.
Feb 23 23:22:19 ubuntu devstack@g-api.service[109415]: DEBUG glance.image_cache.drivers.centralized_db [None req-e2a461fe-d6b6-4eac-8967-49f159ba4e39 None None] Node reference is already recorded, ignoring it {{(pid=109415) configure /opt/stack/glance/glance/image_cache/drivers/centralized_db.py:71}}
Feb 23 23:22:19 ubuntu devstack@g-api.service[109416]: DEBUG glance.image_cache.drivers.centralized_db [None req-4ae571ef-bd10-4660-95b5-236a894af361 None None] Node reference is already recorded, ignoring it {{(pid=109416) configure /opt/stack/glance/glance/image_cache/drivers/centralized_db.py:71}}
Feb 23 23:22:19 ubuntu devstack@g-api.service[109415]: DEBUG glance.api.v2.cached_images [None req-e2a461fe-d6b6-4eac-8967-49f159ba4e39 None None] Started cache worker thread {{(pid=109415) __init__ /opt/stack/glance/glance/api/v2/cached_images.py:69}}
Feb 23 23:22:19 ubuntu devstack@g-api.service[109415]: INFO glance.image_cache [None req-e2a461fe-d6b6-4eac-8967-49f159ba4e39 None None] Image cache loaded driver 'centralized_db'.
Feb 23 23:22:19 ubuntu devstack@g-api.service[109416]: INFO glance.api.middleware.cache_manage [None req-4ae571ef-bd10-4660-95b5-236a894af361 None None] Initialized image cache management middleware
Feb 23 23:22:19 ubuntu devstack@g-api.service[109416]: INFO glance.image_cache [None req-4ae571ef-bd10-4660-95b5-236a894af361 None None] Image cache loaded driver 'centralized_db'.
Feb 23 23:22:19 ubuntu devstack@g-api.service[109415]: DEBUG glance.image_cache.drivers.centralized_db [None req-e2a461fe-d6b6-4eac-8967-49f159ba4e39 None None] Node reference is already recorded, ignoring it {{(pid=109415) configure /opt/stack/glance/glance/image_cache/drivers/centralized_db.py:71}}
Feb 23 23:22:19 ubuntu devstack@g-api.service[109415]: INFO glance.api.middleware.cache_manage [None req-e2a461fe-d6b6-4eac-8967-49f159ba4e39 None None] Initialized image cache management middleware
Feb 23 23:22:19 ubuntu devstack@g-api.service[109415]: INFO glance.image_cache [None req-e2a461fe-d6b6-4eac-8967-49f159ba4e39 None None] Image cache loaded driver 'centralized_db'.
Feb 23 23:22:19 ubuntu devstack@g-api.service[109416]: DEBUG glance.image_cache.drivers.centralized_db [None req-4ae571ef-bd10-4660-95b5-236a894af361 None None] Node reference is already recorded, ignoring it {{(pid=109416) configure /opt/stack/glance/glance/image_cache/drivers/centralized_db.py:71}}
Feb 23 23:22:19 ubuntu devstack@g-api.service[109416]: INFO glance.api.middleware.cache [None req-4ae571ef-bd10-4660-95b5-236a894af361 None None] Initialized image cache middleware
Feb 23 23:22:19 ubuntu devstack@g-api.service[109415]: DEBUG glance.image_cache.drivers.centralized_db [None req-e2a461fe-d6b6-4eac-8967-49f159ba4e39 None None] Node reference is already recorded, ignoring it {{(pid=109415) configure /opt/stack/glance/glance/image_cache/drivers/centralized_db.py:71}}
Feb 23 23:22:19 ubuntu devstack@g-api.service[109416]: WARNING keystonemiddleware.auth_token [None req-4ae571ef-bd10-4660-95b5-236a894af361 None None] AuthToken middleware is set with keystone_authtoken.service_token_roles_required set to False. This is backwards compatible but deprecated behaviour. Please set this to True.
Feb 23 23:22:19 ubuntu devstack@g-api.service[109415]: INFO glance.api.middleware.cache [None req-e2a461fe-d6b6-4eac-8967-49f159ba4e39 None None] Initialized image cache middleware
Feb 23 23:22:19 ubuntu devstack@g-api.service[109416]: DEBUG glance.common.config [None req-4ae571ef-bd10-4660-95b5-236a894af361 None None] ******************************************************************************** {{(pid=109416) log_opt_values /opt/stack/data/venv/lib/python3.12/site-packages/oslo_config/cfg.py:2979}}
Feb 23 23:22:19 ubuntu devstack@g-api.service[109416]: DEBUG glance.common.config [None req-4ae571ef-bd10-4660-95b5-236a894af361 None None] Configuration options gathered from: {{(pid=109416) log_opt_values /opt/stack/data/venv/lib/python3.12/site-packages/oslo_config/cfg.py:2980}}
Feb 23 23:22:19 ubuntu devstack@g-api.service[109415]: WARNING keystonemiddleware.auth_token [None req-e2a461fe-d6b6-4eac-8967-49f159ba4e39 None None] AuthToken middleware is set with keystone_authtoken.service_token_roles_required set to False. This is backwards compatible but deprecated behaviour. Please set this to True.
Feb 23 23:22:19 ubuntu devstack@g-api.service[109416]: DEBUG glance.common.config [None req-4ae571ef-bd10-4660-95b5-236a894af361 None None] command line args: [] {{(pid=109416) log_opt_values /opt/stack/data/venv/lib/python3.12/site-packages/oslo_config/cfg.py:2981}}
Feb 23 23:22:19 ubuntu devstack@g-api.service[109416]: DEBUG glance.common.config [None req-4ae571ef-bd10-4660-95b5-236a894af361 None None] config files: ['/etc/glance/glance-image-import.conf', '/etc/glance/glance-api.conf'] {{(pid=109416) log_opt_values /opt/stack/data/venv/lib/python3.12/site-packages/oslo_config/cfg.py:2982}}
Feb 23 23:22:19 ubuntu devstack@g-api.service[109416]: DEBUG glance.common.config [None req-4ae571ef-bd10-4660-95b5-236a894af361 None None] ================================================================================ {{(pid=109416) log_opt_values /opt/stack/data/venv/lib/python3.12/site-packages/oslo_config/cfg.py:2987}}
Feb 23 23:22:19 ubuntu devstack@g-api.service[109416]: DEBUG glance.common.config [None req-4ae571ef-bd10-4660-95b5-236a894af361 None None] allow_anonymous_access         = False {{(pid=109416) log_opt_values /opt/stack/data/venv/lib/python3.12/site-packages/oslo_config/cfg.py:2995}}
Feb 23 23:22:19 ubuntu devstack@g-api.service[109416]: DEBUG glance.common.config [None req-4ae571ef-bd10-4660-95b5-236a894af361 None None] api_limit_max                  = 1000 {{(pid=109416) log_opt_values /opt/stack/data/venv/lib/python3.12/site-packages/oslo_config/cfg.py:2995}}
Feb 23 23:22:19 ubuntu devstack@g-api.service[109416]: DEBUG glance.common.config [None req-4ae571ef-bd10-4660-95b5-236a894af361 None None] backlog                        = 4096 {{(pid=109416) log_opt_values /opt/stack/data/venv/lib/python3.12/site-packages/oslo_config/cfg.py:2995}}
Feb 23 23:22:19 ubuntu devstack@g-api.service[109416]: DEBUG glance.common.config [None req-4ae571ef-bd10-4660-95b5-236a894af361 None None] bind_host                      = 0.0.0.0 {{(pid=109416) log_opt_values /opt/stack/data/venv/lib/python3.12/site-packages/oslo_config/cfg.py:2995}}
Feb 23 23:22:19 ubuntu devstack@g-api.service[109416]: DEBUG glance.common.config [None req-4ae571ef-bd10-4660-95b5-236a894af361 None None] bind_port                      = None {{(pid=109416) log_opt_values /opt/stack/data/venv/lib/python3.12/site-packages/oslo_config/cfg.py:2995}}
Feb 23 23:22:19 ubuntu devstack@g-api.service[109416]: DEBUG glance.common.config [None req-4ae571ef-bd10-4660-95b5-236a894af361 None None] client_socket_timeout          = 900 {{(pid=109416) log_opt_values /opt/stack/data/venv/lib/python3.12/site-packages/oslo_config/cfg.py:2995}}
Feb 23 23:22:19 ubuntu devstack@g-api.service[109416]: DEBUG glance.common.config [None req-4ae571ef-bd10-4660-95b5-236a894af361 None None] config_dir                     = [] {{(pid=109416) log_opt_values /opt/stack/data/venv/lib/python3.12/site-packages/oslo_config/cfg.py:2995}}
Feb 23 23:22:19 ubuntu devstack@g-api.service[109416]: DEBUG glance.common.config [None req-4ae571ef-bd10-4660-95b5-236a894af361 None None] config_file                    = ['/etc/glance/glance-image-import.conf', '/etc/glance/glance-api.conf'] {{(pid=109416) log_opt_values /opt/stack/data/venv/lib/python3.12/site-packages/oslo_config/cfg.py:2995}}
Feb 23 23:22:19 ubuntu devstack@g-api.service[109416]: DEBUG glance.common.config [None req-4ae571ef-bd10-4660-95b5-236a894af361 None None] config_source                  = [] {{(pid=109416) log_opt_values /opt/stack/data/venv/lib/python3.12/site-packages/oslo_config/cfg.py:2995}}
Feb 23 23:22:19 ubuntu devstack@g-api.service[109416]: DEBUG glance.common.config [None req-4ae571ef-bd10-4660-95b5-236a894af361 None None] control_exchange               = glance {{(pid=109416) log_opt_values /opt/stack/data/venv/lib/python3.12/site-packages/oslo_config/cfg.py:2995}}
Feb 23 23:22:19 ubuntu devstack@g-api.service[109416]: DEBUG glance.common.config [None req-4ae571ef-bd10-4660-95b5-236a894af361 None None] debug                          = True {{(pid=109416) log_opt_values /opt/stack/data/venv/lib/python3.12/site-packages/oslo_config/cfg.py:2995}}
Feb 23 23:22:19 ubuntu devstack@g-api.service[109416]: DEBUG glance.common.config [None req-4ae571ef-bd10-4660-95b5-236a894af361 None None] default_log_levels             = ['amqp=WARN', 'boto=WARN', 'sqlalchemy=WARN', 'suds=INFO', 'oslo.messaging=INFO', 'oslo_messaging=INFO', 'iso8601=WARN', 'requests.packages.urllib3.connectionpool=WARN', 'urllib3.connectionpool=WARN', 'websocket=WARN', 'requests.packages.urllib3.util.retry=WARN', 'urllib3.util.retry=WARN', 'keystonemiddleware=WARN', 'routes.middleware=WARN', 'stevedore=WARN', 'taskflow=WARN', 'keystoneauth=WARN', 'oslo.cache=INFO', 'oslo_policy=INFO', 'dogpile.core.dogpile=INFO'] {{(pid=109416) log_opt_values /opt/stack/data/venv/lib/python3.12/site-packages/oslo_config/cfg.py:2995}}
Feb 23 23:22:19 ubuntu devstack@g-api.service[109416]: DEBUG glance.common.config [None req-4ae571ef-bd10-4660-95b5-236a894af361 None None] default_publisher_id           = image.localhost {{(pid=109416) log_opt_values /opt/stack/data/venv/lib/python3.12/site-packages/oslo_config/cfg.py:2995}}
Feb 23 23:22:19 ubuntu devstack@g-api.service[109416]: DEBUG glance.common.config [None req-4ae571ef-bd10-4660-95b5-236a894af361 None None] delayed_delete                 = False {{(pid=109416) log_opt_values /opt/stack/data/venv/lib/python3.12/site-packages/oslo_config/cfg.py:2995}}
Feb 23 23:22:19 ubuntu devstack@g-api.service[109416]: DEBUG glance.common.config [None req-4ae571ef-bd10-4660-95b5-236a894af361 None None] digest_algorithm               = sha256 {{(pid=109416) log_opt_values /opt/stack/data/venv/lib/python3.12/site-packages/oslo_config/cfg.py:2995}}
Feb 23 23:22:19 ubuntu devstack@g-api.service[109416]: DEBUG glance.common.config [None req-4ae571ef-bd10-4660-95b5-236a894af361 None None] disabled_notifications         = [] {{(pid=109416) log_opt_values /opt/stack/data/venv/lib/python3.12/site-packages/oslo_config/cfg.py:2995}}
Feb 23 23:22:19 ubuntu devstack@g-api.service[109416]: DEBUG glance.common.config [None req-4ae571ef-bd10-4660-95b5-236a894af361 None None] do_secure_hash                 = True {{(pid=109416) log_opt_values /opt/stack/data/venv/lib/python3.12/site-packages/oslo_config/cfg.py:2995}}
Feb 23 23:22:19 ubuntu devstack@g-api.service[109416]: DEBUG glance.common.config [None req-4ae571ef-bd10-4660-95b5-236a894af361 None None] enabled_backends               = None {{(pid=109416) log_opt_values /opt/stack/data/venv/lib/python3.12/site-packages/oslo_config/cfg.py:2995}}
Feb 23 23:22:19 ubuntu devstack@g-api.service[109416]: DEBUG glance.common.config [None req-4ae571ef-bd10-4660-95b5-236a894af361 None None] enabled_import_methods         = ['glance-direct', 'web-download', 'copy-image'] {{(pid=109416) log_opt_values /opt/stack/data/venv/lib/python3.12/site-packages/oslo_config/cfg.py:2995}}
Feb 23 23:22:19 ubuntu devstack@g-api.service[109416]: DEBUG glance.common.config [None req-4ae571ef-bd10-4660-95b5-236a894af361 None None] hashing_algorithm              = sha512 {{(pid=109416) log_opt_values /opt/stack/data/venv/lib/python3.12/site-packages/oslo_config/cfg.py:2995}}
Feb 23 23:22:19 ubuntu devstack@g-api.service[109416]: DEBUG glance.common.config [None req-4ae571ef-bd10-4660-95b5-236a894af361 None None] http_keepalive                 = True {{(pid=109416) log_opt_values /opt/stack/data/venv/lib/python3.12/site-packages/oslo_config/cfg.py:2995}}
Feb 23 23:22:19 ubuntu devstack@g-api.service[109416]: DEBUG glance.common.config [None req-4ae571ef-bd10-4660-95b5-236a894af361 None None] http_retries                   = 3 {{(pid=109416) log_opt_values /opt/stack/data/venv/lib/python3.12/site-packages/oslo_config/cfg.py:2995}}
Feb 23 23:22:19 ubuntu devstack@g-api.service[109416]: DEBUG glance.common.config [None req-4ae571ef-bd10-4660-95b5-236a894af361 None None] image_cache_dir                = /opt/stack/data/glance/cache/ {{(pid=109416) log_opt_values /opt/stack/data/venv/lib/python3.12/site-packages/oslo_config/cfg.py:2995}}
Feb 23 23:22:19 ubuntu devstack@g-api.service[109416]: DEBUG glance.common.config [None req-4ae571ef-bd10-4660-95b5-236a894af361 None None] image_cache_driver             = centralized_db {{(pid=109416) log_opt_values /opt/stack/data/venv/lib/python3.12/site-packages/oslo_config/cfg.py:2995}}
Feb 23 23:22:19 ubuntu devstack@g-api.service[109416]: DEBUG glance.common.config [None req-4ae571ef-bd10-4660-95b5-236a894af361 None None] image_cache_max_size           = 10737418240 {{(pid=109416) log_opt_values /opt/stack/data/venv/lib/python3.12/site-packages/oslo_config/cfg.py:2995}}
Feb 23 23:22:19 ubuntu devstack@g-api.service[109416]: DEBUG glance.common.config [None req-4ae571ef-bd10-4660-95b5-236a894af361 None None] image_cache_sqlite_db          = cache.db {{(pid=109416) log_opt_values /opt/stack/data/venv/lib/python3.12/site-packages/oslo_config/cfg.py:2995}}
Feb 23 23:22:19 ubuntu devstack@g-api.service[109416]: DEBUG glance.common.config [None req-4ae571ef-bd10-4660-95b5-236a894af361 None None] image_cache_stall_time         = 86400 {{(pid=109416) log_opt_values /opt/stack/data/venv/lib/python3.12/site-packages/oslo_config/cfg.py:2995}}
Feb 23 23:22:19 ubuntu devstack@g-api.service[109416]: DEBUG glance.common.config [None req-4ae571ef-bd10-4660-95b5-236a894af361 None None] image_location_quota           = 10 {{(pid=109416) log_opt_values /opt/stack/data/venv/lib/python3.12/site-packages/oslo_config/cfg.py:2995}}
Feb 23 23:22:19 ubuntu devstack@g-api.service[109416]: DEBUG glance.common.config [None req-4ae571ef-bd10-4660-95b5-236a894af361 None None] image_member_quota             = 128 {{(pid=109416) log_opt_values /opt/stack/data/venv/lib/python3.12/site-packages/oslo_config/cfg.py:2995}}
Feb 23 23:22:19 ubuntu devstack@g-api.service[109416]: DEBUG glance.common.config [None req-4ae571ef-bd10-4660-95b5-236a894af361 None None] image_property_quota           = 128 {{(pid=109416) log_opt_values /opt/stack/data/venv/lib/python3.12/site-packages/oslo_config/cfg.py:2995}}
Feb 23 23:22:19 ubuntu devstack@g-api.service[109416]: DEBUG glance.common.config [None req-4ae571ef-bd10-4660-95b5-236a894af361 None None] image_size_cap                 = 1099511627776 {{(pid=109416) log_opt_values /opt/stack/data/venv/lib/python3.12/site-packages/oslo_config/cfg.py:2995}}
Feb 23 23:22:19 ubuntu devstack@g-api.service[109416]: DEBUG glance.common.config [None req-4ae571ef-bd10-4660-95b5-236a894af361 None None] image_tag_quota                = 128 {{(pid=109416) log_opt_values /opt/stack/data/venv/lib/python3.12/site-packages/oslo_config/cfg.py:2995}}
Feb 23 23:22:19 ubuntu devstack@g-api.service[109416]: DEBUG glance.common.config [None req-4ae571ef-bd10-4660-95b5-236a894af361 None None] instance_format                = [instance: %(uuid)s]  {{(pid=109416) log_opt_values /opt/stack/data/venv/lib/python3.12/site-packages/oslo_config/cfg.py:2995}}
Feb 23 23:22:19 ubuntu devstack@g-api.service[109416]: DEBUG glance.common.config [None req-4ae571ef-bd10-4660-95b5-236a894af361 None None] instance_uuid_format           = [instance: %(uuid)s]  {{(pid=109416) log_opt_values /opt/stack/data/venv/lib/python3.12/site-packages/oslo_config/cfg.py:2995}}
Feb 23 23:22:19 ubuntu devstack@g-api.service[109416]: DEBUG glance.common.config [None req-4ae571ef-bd10-4660-95b5-236a894af361 None None] limit_param_default            = 25 {{(pid=109416) log_opt_values /opt/stack/data/venv/lib/python3.12/site-packages/oslo_config/cfg.py:2995}}
Feb 23 23:22:19 ubuntu devstack@g-api.service[109416]: DEBUG glance.common.config [None req-4ae571ef-bd10-4660-95b5-236a894af361 None None] log_color                      = True {{(pid=109416) log_opt_values /opt/stack/data/venv/lib/python3.12/site-packages/oslo_config/cfg.py:2995}}
Feb 23 23:22:19 ubuntu devstack@g-api.service[109416]: DEBUG glance.common.config [None req-4ae571ef-bd10-4660-95b5-236a894af361 None None] log_config_append              = None {{(pid=109416) log_opt_values /opt/stack/data/venv/lib/python3.12/site-packages/oslo_config/cfg.py:2995}}
Feb 23 23:22:19 ubuntu devstack@g-api.service[109416]: DEBUG glance.common.config [None req-4ae571ef-bd10-4660-95b5-236a894af361 None None] log_date_format                = %Y-%m-%d %H:%M:%S {{(pid=109416) log_opt_values /opt/stack/data/venv/lib/python3.12/site-packages/oslo_config/cfg.py:2995}}
Feb 23 23:22:19 ubuntu devstack@g-api.service[109416]: DEBUG glance.common.config [None req-4ae571ef-bd10-4660-95b5-236a894af361 None None] log_dir                        = None {{(pid=109416) log_opt_values /opt/stack/data/venv/lib/python3.12/site-packages/oslo_config/cfg.py:2995}}
Feb 23 23:22:19 ubuntu devstack@g-api.service[109416]: DEBUG glance.common.config [None req-4ae571ef-bd10-4660-95b5-236a894af361 None None] log_file                       = None {{(pid=109416) log_opt_values /opt/stack/data/venv/lib/python3.12/site-packages/oslo_config/cfg.py:2995}}
Feb 23 23:22:19 ubuntu devstack@g-api.service[109416]: DEBUG glance.common.config [None req-4ae571ef-bd10-4660-95b5-236a894af361 None None] log_rotate_interval            = 1 {{(pid=109416) log_opt_values /opt/stack/data/venv/lib/python3.12/site-packages/oslo_config/cfg.py:2995}}
Feb 23 23:22:19 ubuntu devstack@g-api.service[109416]: DEBUG glance.common.config [None req-4ae571ef-bd10-4660-95b5-236a894af361 None None] log_rotate_interval_type       = days {{(pid=109416) log_opt_values /opt/stack/data/venv/lib/python3.12/site-packages/oslo_config/cfg.py:2995}}
Feb 23 23:22:19 ubuntu devstack@g-api.service[109416]: DEBUG glance.common.config [None req-4ae571ef-bd10-4660-95b5-236a894af361 None None] log_rotation_type              = none {{(pid=109416) log_opt_values /opt/stack/data/venv/lib/python3.12/site-packages/oslo_config/cfg.py:2995}}
Feb 23 23:22:19 ubuntu devstack@g-api.service[109416]: DEBUG glance.common.config [None req-4ae571ef-bd10-4660-95b5-236a894af361 None None] logging_context_format_string  = %(color)s%(levelname)s %(name)s [%(global_request_id)s %(request_id)s %(project_name)s %(user_name)s%(color)s] %(instance)s%(color)s%(message)s {{(pid=109416) log_opt_values /opt/stack/data/venv/lib/python3.12/site-packages/oslo_config/cfg.py:2995}}
Feb 23 23:22:19 ubuntu devstack@g-api.service[109416]: DEBUG glance.common.config [None req-4ae571ef-bd10-4660-95b5-236a894af361 None None] logging_debug_format_suffix    = {{(pid=%(process)d) %(funcName)s %(pathname)s:%(lineno)d}} {{(pid=109416) log_opt_values /opt/stack/data/venv/lib/python3.12/site-packages/oslo_config/cfg.py:2995}}
Feb 23 23:22:19 ubuntu devstack@g-api.service[109416]: DEBUG glance.common.config [None req-4ae571ef-bd10-4660-95b5-236a894af361 None None] logging_default_format_string  = %(color)s%(levelname)s %(name)s [-%(color)s] %(instance)s%(color)s%(message)s {{(pid=109416) log_opt_values /opt/stack/data/venv/lib/python3.12/site-packages/oslo_config/cfg.py:2995}}
Feb 23 23:22:19 ubuntu devstack@g-api.service[109416]: DEBUG glance.common.config [None req-4ae571ef-bd10-4660-95b5-236a894af361 None None] logging_exception_prefix       = ERROR %(name)s %(instance)s {{(pid=109416) log_opt_values /opt/stack/data/venv/lib/python3.12/site-packages/oslo_config/cfg.py:2995}}
Feb 23 23:22:19 ubuntu devstack@g-api.service[109416]: DEBUG glance.common.config [None req-4ae571ef-bd10-4660-95b5-236a894af361 None None] logging_user_identity_format   = %(user)s %(project)s %(domain)s %(system_scope)s %(user_domain)s %(project_domain)s {{(pid=109416) log_opt_values /opt/stack/data/venv/lib/python3.12/site-packages/oslo_config/cfg.py:2995}}
Feb 23 23:22:19 ubuntu devstack@g-api.service[109416]: DEBUG glance.common.config [None req-4ae571ef-bd10-4660-95b5-236a894af361 None None] max_header_line                = 16384 {{(pid=109416) log_opt_values /opt/stack/data/venv/lib/python3.12/site-packages/oslo_config/cfg.py:2995}}
Feb 23 23:22:19 ubuntu devstack@g-api.service[109416]: DEBUG glance.common.config [None req-4ae571ef-bd10-4660-95b5-236a894af361 None None] max_logfile_count              = 30 {{(pid=109416) log_opt_values /opt/stack/data/venv/lib/python3.12/site-packages/oslo_config/cfg.py:2995}}
Feb 23 23:22:19 ubuntu devstack@g-api.service[109416]: DEBUG glance.common.config [None req-4ae571ef-bd10-4660-95b5-236a894af361 None None] max_logfile_size_mb            = 200 {{(pid=109416) log_opt_values /opt/stack/data/venv/lib/python3.12/site-packages/oslo_config/cfg.py:2995}}
Feb 23 23:22:19 ubuntu devstack@g-api.service[109416]: DEBUG glance.common.config [None req-4ae571ef-bd10-4660-95b5-236a894af361 None None] max_request_id_length          = 64 {{(pid=109416) log_opt_values /opt/stack/data/venv/lib/python3.12/site-packages/oslo_config/cfg.py:2995}}
Feb 23 23:22:19 ubuntu devstack@g-api.service[109416]: DEBUG glance.common.config [None req-4ae571ef-bd10-4660-95b5-236a894af361 None None] metadata_encryption_key        = **** {{(pid=109416) log_opt_values /opt/stack/data/venv/lib/python3.12/site-packages/oslo_config/cfg.py:2995}}
Feb 23 23:22:19 ubuntu devstack@g-api.service[109416]: DEBUG glance.common.config [None req-4ae571ef-bd10-4660-95b5-236a894af361 None None] node_staging_uri               = file:///tmp/staging/ {{(pid=109416) log_opt_values /opt/stack/data/venv/lib/python3.12/site-packages/oslo_config/cfg.py:2995}}
Feb 23 23:22:19 ubuntu devstack@g-api.service[109416]: DEBUG glance.common.config [None req-4ae571ef-bd10-4660-95b5-236a894af361 None None] property_protection_file       = None {{(pid=109416) log_opt_values /opt/stack/data/venv/lib/python3.12/site-packages/oslo_config/cfg.py:2995}}
Feb 23 23:22:19 ubuntu devstack@g-api.service[109416]: DEBUG glance.common.config [None req-4ae571ef-bd10-4660-95b5-236a894af361 None None] property_protection_rule_format = roles {{(pid=109416) log_opt_values /opt/stack/data/venv/lib/python3.12/site-packages/oslo_config/cfg.py:2995}}
Feb 23 23:22:19 ubuntu devstack@g-api.service[109416]: DEBUG glance.common.config [None req-4ae571ef-bd10-4660-95b5-236a894af361 None None] public_endpoint                = http://10.201.5.130/image {{(pid=109416) log_opt_values /opt/stack/data/venv/lib/python3.12/site-packages/oslo_config/cfg.py:2995}}
Feb 23 23:22:19 ubuntu devstack@g-api.service[109416]: DEBUG glance.common.config [None req-4ae571ef-bd10-4660-95b5-236a894af361 None None] publish_errors                 = False {{(pid=109416) log_opt_values /opt/stack/data/venv/lib/python3.12/site-packages/oslo_config/cfg.py:2995}}
Feb 23 23:22:19 ubuntu devstack@g-api.service[109416]: DEBUG glance.common.config [None req-4ae571ef-bd10-4660-95b5-236a894af361 None None] pydev_worker_debug_host        = None {{(pid=109416) log_opt_values /opt/stack/data/venv/lib/python3.12/site-packages/oslo_config/cfg.py:2995}}
Feb 23 23:22:19 ubuntu devstack@g-api.service[109416]: DEBUG glance.common.config [None req-4ae571ef-bd10-4660-95b5-236a894af361 None None] pydev_worker_debug_port        = 5678 {{(pid=109416) log_opt_values /opt/stack/data/venv/lib/python3.12/site-packages/oslo_config/cfg.py:2995}}
Feb 23 23:22:19 ubuntu devstack@g-api.service[109416]: DEBUG glance.common.config [None req-4ae571ef-bd10-4660-95b5-236a894af361 None None] rate_limit_burst               = 0 {{(pid=109416) log_opt_values /opt/stack/data/venv/lib/python3.12/site-packages/oslo_config/cfg.py:2995}}
Feb 23 23:22:19 ubuntu devstack@g-api.service[109416]: DEBUG glance.common.config [None req-4ae571ef-bd10-4660-95b5-236a894af361 None None] rate_limit_except_level        = CRITICAL {{(pid=109416) log_opt_values /opt/stack/data/venv/lib/python3.12/site-packages/oslo_config/cfg.py:2995}}
Feb 23 23:22:19 ubuntu devstack@g-api.service[109416]: DEBUG glance.common.config [None req-4ae571ef-bd10-4660-95b5-236a894af361 None None] rate_limit_interval            = 0 {{(pid=109416) log_opt_values /opt/stack/data/venv/lib/python3.12/site-packages/oslo_config/cfg.py:2995}}
Feb 23 23:22:19 ubuntu devstack@g-api.service[109416]: DEBUG glance.common.config [None req-4ae571ef-bd10-4660-95b5-236a894af361 None None] scrub_pool_size                = 1 {{(pid=109416) log_opt_values /opt/stack/data/venv/lib/python3.12/site-packages/oslo_config/cfg.py:2995}}
