"pcp-dstat 6.2.0 CSV Output"
"Author:","PCP team <pcp@groups.io> and Dag Wieers <dag@wieers.com>",,,,"URL:","https://pcp.io/ and http://dag.wieers.com/home-made/dstat/"
"Host:","ubuntu",,,,"User:","ubuntu"
"Cmdline:","dstat -tcmndrylpg --tcp --output /tmp/devstack_logs/dstat-csv.log",,,,"Date:","23 Apr 2026 04:18:35 UTC"
"system","total usage",,,,,"memory usage",,,,"net/total",,"dsk/total",,"io/total",,"system",,"load avg",,,"procs",,,"paging",,"tcp sockets",,,,
"time","total usage:usr","total usage:sys","total usage:idl","total usage:wai","total usage:stl","used","free","buf","cach","net/total:recv","net/total:send","dsk/total:read","dsk/total:writ","read","writ","int","csw","1m","5m","15m","run","blk","new","in","out","lis","act","syn","tim","clo"
23-04 04:18:35,,1091860,1576664,161340,4994912,,,,,,,1.530,1.110,0.670,1,0,,,,10,3,1,18,0
23-04 04:18:36,9.991,19.981,68.187,0.999,0,1097364,1571060,161360,4994960,12643.282,2297.870,0,303.719,0,19.981,6306,5463,1.530,1.110,0.670,1,0,460.573,0,0,10,4,1,18,0
23-04 04:18:37,15.728,18.475,63.662,0,0,1090268,1578076,161380,4995336,21554.339,1574.833,0,247.659,0,17.975,6186,5298,1.530,1.110,0.670,2,0,349.519,0,0,10,4,1,18,0
23-04 04:18:38,28.067,16.038,53.377,1.754,0,1047280,1620492,161496,4995708,26845.806,10404.730,0,1928.584,0,36.086,6249,6718,1.730,1.160,0.690,1,0,295.703,0,0,10,5,1,18,0
23-04 04:18:39,14.470,5.987,75.092,3.742,0,1140376,1526328,161656,5120924,43790.865,12820.027,0,1564.708,0,47.899,3334,3699,1.730,1.160,0.690,1,0,84.822,0,0,11,8,1,18,0
23-04 04:18:40,34.139,8.971,54.572,1.744,0,1164364,1501916,161748,5121136,16948.748,8310.907,0,1212.049,0,44.854,4088,2983,1.730,1.160,0.690,2,0,179.415,0,0,11,10,1,20,0
23-04 04:18:41,26.823,5.014,57.406,9.526,0,1219588,1443576,161956,5123468,45950.266,11360.972,1740.746,2984.135,119.325,73.200,2954,2524,1.730,1.160,0.690,2,0,30.082,0,0,11,7,1,21,1
23-04 04:18:42,34.999,2.500,56.249,5.250,0,1270092,1390860,162236,5124956,24133.617,10767.829,243.996,2511.960,7.000,46.999,2576,1698,1.730,1.160,0.690,1,0,0,0,0,11,6,1,21,2
23-04 04:18:43,22.747,3.999,49.743,22.247,0,1281632,1358120,162708,5144568,172375.050,5930.107,15.998,6886.963,1.000,369.944,4505,6262,1.750,1.170,0.700,0,4,10.998,0,0,11,8,1,21,2
23-04 04:18:44,5.498,1.999,36.737,53.981,0,1279968,1358056,162900,5146160,8532.074,485.833,0,18445.675,0,967.668,2635,3166,1.750,1.170,0.700,2,1,0,0,0,11,8,1,21,2
23-04 04:18:45,18.503,4.501,41.508,33.006,0,1298940,1325380,163848,5156972,8497.582,540.101,0,11854.207,0,577.107,5564,8983,1.750,1.170,0.700,2,1,1.000,0,0,11,8,1,21,2
23-04 04:18:46,19.762,3.752,44.278,29.769,0,1295204,1312636,164452,5171364,11465.207,540.340,0,10198.410,0,628.395,5734,9075,1.750,1.170,0.700,1,1,9.006,0,0,11,8,1,21,2
23-04 04:18:47,21.256,4.001,35.510,37.011,0,1291268,1303716,164888,5182764,10364.005,540.157,0,14900.320,0,770.223,5587,8966,1.750,1.170,0.700,1,2,9.003,0,0,11,8,1,21,2
23-04 04:18:48,14.236,3.996,41.708,38.212,0,1311292,1270284,165484,5194236,4187.785,539.457,0,13722.190,0,682.313,5172,8445,2.010,1.230,0.720,2,1,2.997,0,0,11,8,1,21,2
23-04 04:18:49,16.506,3.501,45.518,32.763,0,1305440,1267888,166160,5200604,12228.717,634.245,0,9675.733,0,565.218,5016,7857,2.010,1.230,0.720,2,0,15.006,0,0,11,8,1,21,2
23-04 04:18:50,15.253,2.751,45.759,34.007,0,1303692,1257892,166636,5210608,8259.695,540.111,0,10514.157,0,635.130,4565,6992,2.010,1.230,0.720,1,2,6.001,0,0,11,8,1,21,2
23-04 04:18:51,14.493,3.748,44.728,35.233,0.250,1302704,1239844,167252,5227480,11875.283,485.766,0,8228.039,0,444.786,4800,7686,2.010,1.230,0.720,1,1,2.999,0,0,11,8,1,21,2
23-04 04:18:52,18.776,3.505,43.311,33.047,0,1302124,1230868,167984,5234924,6855.656,968.364,0,11380.028,0,617.870,4871,7892,2.010,1.230,0.720,1,2,0,0,0,11,9,1,21,2
23-04 04:18:53,21.474,4.495,46.195,25.470,0,1287620,1261984,168212,5218416,16265.594,2836.616,0,7710.800,0,576.312,5232,8009,2.170,1.280,0.740,1,2,32.961,0,0,11,6,1,21,0
23-04 04:18:54,19.008,4.502,40.767,34.265,0,1314964,1231548,168448,5221256,13190.653,2651.136,0,14566.242,0,947.406,5633,9245,2.170,1.280,0.740,4,1,29.012,0,0,11,7,1,21,0
23-04 04:18:55,14.251,2.500,49.002,33.001,0,1283152,1259584,168692,5224228,5307.212,714.028,0,15204.607,0,358.014,3263,4810,2.170,1.280,0.740,3,0,2.000,0,0,11,6,1,21,0
23-04 04:18:56,34.501,8.000,46.252,10.000,0,1272784,1269396,168728,5224652,10958.470,2651.114,0,5576.239,0,117.005,3629,2547,2.170,1.280,0.740,1,1,93.004,0,0,11,5,1,21,0
23-04 04:18:57,40.487,5.748,43.736,8.497,0,1309460,1225736,169296,5229888,11052.471,1617.484,0,2031.351,0,130.958,11845,19733,2.170,1.280,0.740,4,0,6.998,0,0,11,4,1,21,0
23-04 04:18:58,36.997,8.499,38.747,14.749,0,1254236,1280408,169360,5230204,6777.459,539.957,0,8739.303,0,423.966,7344,10785,2.160,1.290,0.750,3,0,21.998,0,0,11,4,1,17,0
23-04 04:18:59,40.491,7.748,46.240,4.499,0,1265568,1268804,169424,5230356,9116.962,485.891,0,595.867,0,21.995,8577,12941,2.160,1.290,0.750,3,0,14.997,0,0,11,4,1,17,0
23-04 04:19:00,31.347,21.065,45.140,1.755,0,1180580,1366512,169428,5219088,11258.983,541.683,0,790.456,0,42.131,6213,5281,2.160,1.290,0.750,3,0,504.568,0,0,11,4,1,17,0
23-04 04:19:01,21.687,20.191,56.586,0,0,1130056,1416868,169428,5219668,10057.772,538.435,0,16531.957,0,103.699,7162,8135,2.160,1.290,0.750,1,0,416.789,0,0,11,4,1,17,0
23-04 04:19:02,35.238,10.746,50.982,2.249,0,1221860,1317592,169428,5227156,6563.695,539.810,7445.386,4274.499,74.974,30.989,3927,3071,2.160,1.290,0.750,2,0,130.954,0,0,11,5,1,15,0
23-04 04:19:03,46.512,4.501,49.013,0,0,1268664,1269728,169436,5228212,4934.262,540.138,512.131,492.126,11.003,44.011,2806,1331,2.140,1.300,0.750,2,0,0,0,0,11,5,1,15,0
23-04 04:19:04,45.091,7.515,45.091,1.754,0,1289704,1246712,169464,5230140,6346.760,541.088,0,4264.574,0,109.220,4132,4703,2.140,1.300,0.750,2,0,0,0,0,11,5,1,15,0
23-04 04:19:05,9.230,5.987,81.819,1.247,0,1281772,1254124,169480,5230648,11478.592,538.807,0,1436.820,0,57.872,3164,3751,2.140,1.300,0.750,0,0,118.737,0,0,11,4,1,16,0
23-04 04:19:06,15.280,4.509,79.907,0,0,1339604,1196272,169500,5230648,9035.739,541.062,0,456.897,0,5.010,1869,1624,2.140,1.300,0.750,1,0,22.043,0,0,11,4,1,16,0
23-04 04:19:07,27.694,5.239,66.365,0,0,1375376,1160500,169500,5230648,13383.848,485.016,0,11356.960,0,188.617,3330,14318,2.140,1.300,0.750,2,0,35.927,0,0,11,4,1,17,0
23-04 04:19:08,20.305,3.259,70.189,4.763,0,1402972,1132560,169600,5230892,9139.662,541.461,0,10139.360,0,306.828,4009,5447,2.210,1.330,0.770,1,0,1.003,0,0,11,10,1,17,0
23-04 04:19:09,20.200,4.988,67.333,6.733,0,1431748,1103064,169928,5231236,10763.288,538.663,602.505,2669.375,15.960,155.614,2541,2261,2.210,1.330,0.770,0,1,41.896,0,0,11,4,1,19,0
23-04 04:19:10,18.281,1.252,76.129,3.005,0,1447252,1087316,169940,5231428,12468.127,2929.965,8.014,524.889,2.003,18.031,1943,1611,2.210,1.330,0.770,2,0,1.002,0,0,11,11,1,16,0
23-04 04:19:11,16.463,2.494,73.834,5.737,0,1438636,1095504,170000,5231684,11669.759,6567.233,267.399,3352.462,65.852,95.785,2687,2971,2.210,1.330,0.770,1,0,1.996,0,0,11,28,1,17,0
23-04 04:19:12,20.011,5.253,71.788,2.251,0,1426520,1107612,170000,5231692,9541.047,606.321,0,1112.589,0,34.018,2305,1722,2.210,1.330,0.770,1,0,43.023,0,0,11,28,1,17,0
23-04 04:19:13,17.249,2.000,79.996,0,0,1403052,1131064,170000,5231704,14956.173,7458.588,0,3675.797,0,42.998,2024,1797,2.360,1.380,0.780,1,0,0,0,0,11,28,1,18,0
23-04 04:19:14,37.095,10.778,51.131,0,0,1488436,1045664,170000,5231720,5868.042,553.419,0,12.031,0,3.008,3615,2497,2.360,1.380,0.780,2,0,156.401,0,0,11,28,1,18,0
23-04 04:19:15,30.765,3.752,64.282,0.250,0,1508872,1025040,170000,5231908,25113.565,13795.902,0,204.102,0,6.003,4468,5143,2.360,1.380,0.780,1,0,1.001,0,0,11,30,1,18,0
23-04 04:19:16,48.999,20.250,30.499,0,0,1450592,1083292,170004,5231932,12004.720,5905.862,0,303.993,0,37.999,6931,8078,2.360,1.380,0.780,6,0,549.987,0,0,11,28,1,19,0
23-04 04:19:17,88.006,12.251,0,0,0,1735376,798460,170008,5231976,18474.289,6724.469,0,160.011,0,11.001,5252,3075,2.360,1.380,0.780,4,0,28.002,0,0,11,30,2,19,0
23-04 04:19:18,75.992,8.249,14.499,0,0,1795356,738224,170008,5232224,43620.626,34745.516,0,291.971,0,25.997,8057,11998,2.570,1.440,0.810,6,0,4.999,0,0,11,32,1,21,0
23-04 04:19:19,39.894,12.467,42.388,3.989,0,1580788,952740,170024,5232256,13965.056,5808.633,0,12024.190,0,349.077,5483,6620,2.570,1.440,0.810,5,0,304.195,0,0,11,28,1,25,0
23-04 04:19:20,18.989,3.498,50.971,26.485,0,1573156,960344,170036,5232268,16150.729,4563.381,0,19832.616,0,202.884,2511,2305,2.570,1.440,0.810,2,0,0,0,0,11,29,1,25,0
23-04 04:19:21,10.535,6.521,61.703,20.317,0,1523124,1010176,170060,5232412,14167.502,3722.217,0,22646.331,0,439.442,3806,4273,2.570,1.440,0.810,1,1,73.240,0,0,11,28,1,26,0
23-04 04:19:22,20.935,4.985,64.053,9.222,0,1527316,1005988,170060,5232416,5060.409,2013.795,0,28687.613,0,205.367,2156,1833,2.570,1.440,0.810,0,0,0.997,0,0,11,29,1,26,0
23-04 04:19:23,15.498,2.250,65.740,15.248,0,1511068,1022280,170076,5232436,16683.487,6118.078,0,14049.883,0,159.976,3065,3595,2.440,1.430,0.810,1,0,0,0,0,11,28,1,27,0
23-04 04:19:24,11.287,26.336,61.200,0,0,1462688,1070640,170076,5232456,6173.186,616.014,0,317.037,0,22.072,6799,6064,2.440,1.430,0.810,3,0,784.566,0,0,11,28,1,27,0
23-04 04:19:25,80.944,18.237,0.500,0.500,0,1620756,912544,170080,5232492,10779.539,2072.565,0,383.734,0,20.985,5066,3080,2.440,1.430,0.810,4,0,256.822,0,0,11,29,1,27,0
23-04 04:19:26,72.926,7.992,16.983,0.749,0,1700220,832924,170088,5232660,42253.302,34081.560,0,3376.588,0,167.830,7297,10685,2.440,1.430,0.810,4,0,0,0,0,11,33,1,21,0
23-04 04:19:27,71.371,15.777,10.017,2.755,0,1639680,893372,170108,5232732,21429.359,14801.113,0,785.332,0,78.133,8457,11144,2.440,1.430,0.810,6,0,280.476,0,0,11,28,1,22,0
23-04 04:19:28,89.249,10.750,0,0,0,1752360,780636,170108,5232772,19700.718,8359.880,0,211.997,0,11.000,5330,3407,2.650,1.490,0.830,6,0,30.000,0,0,11,30,1,22,0
23-04 04:19:29,80.002,8.250,10.750,0,0,1775332,757508,170108,5232928,46045.406,40522.238,0,296.009,0,21.001,7589,12375,2.650,1.490,0.830,5,0,37.001,0,0,11,31,1,25,0
23-04 04:19:30,58.968,14.242,26.236,0.500,0,1585752,946720,170124,5233280,68191.880,15571.524,0,411.776,0,31.983,6830,9021,2.650,1.490,0.830,2,0,260.858,0,0,11,28,1,27,0
23-04 04:19:31,32.618,3.486,61.999,0.498,0,1599112,933344,170124,5233296,15767.049,10662.752,0,211.144,0,8.964,2795,2529,2.650,1.490,0.830,2,0,0,0,0,11,30,1,24,0
23-04 04:19:32,52.491,17.832,29.636,0.251,0,1520316,1012100,170124,5233336,18817.258,8913.861,0,297.363,0,28.129,6902,7468,2.650,1.490,0.830,3,0,379.741,0,0,11,28,1,26,0
23-04 04:19:33,52.717,5.497,41.224,0,0,1578852,953364,170124,5233504,19958.528,13353.655,0,187.883,0,9.994,4187,3360,2.680,1.520,0.840,2,0,0,0,0,11,31,1,26,0
23-04 04:19:34,52.783,14.259,32.020,0.500,0,1485352,1046784,170148,5233560,21449.502,15871.991,0,608.383,0,51.032,7113,9718,2.680,1.520,0.840,4,0,258.163,0,0,11,28,1,27,0
23-04 04:19:35,72.251,8.250,19.750,0,0,1626068,905904,170152,5233720,16663.345,14423.299,0,220.005,0,10.000,4722,3037,2.680,1.520,0.840,3,0,1.000,0,0,11,32,1,27,0
23-04 04:19:36,60.741,10.248,27.496,0.250,0,1595396,936496,170160,5233792,38501.139,26996.890,0,1127.828,0,38.994,8406,12907,2.680,1.520,0.840,4,0,177.973,0,0,11,28,1,30,0
23-04 04:19:37,63.996,12.999,20.249,2.250,0,1615528,916308,170172,5233836,6506.618,969.943,0,2651.844,0,112.993,4092,2484,2.680,1.520,0.840,1,0,147.991,0,0,11,28,3,30,0
23-04 04:19:38,40.747,4.250,52.997,0.750,0,1611748,919876,170188,5234032,36424.702,27506.265,0,299.981,0,25.998,6858,9365,2.700,1.540,0.850,3,0,0,0,0,11,30,1,31,0
23-04 04:19:39,60.889,15.472,22.958,0,0,1553864,977724,170196,5234060,11612.874,2260.887,0,790.562,0,34.936,5093,4137,2.700,1.540,0.850,3,0,298.457,0,0,11,28,1,32,0
23-04 04:19:40,45.774,5.003,48.025,0.750,0,1616040,915508,170196,5234100,27355.270,19675.264,0,244.127,0,11.006,5220,5891,2.700,1.540,0.850,2,0,0,0,0,11,31,1,32,0
23-04 04:19:41,59.336,16.274,22.282,2.253,0,1523864,1007396,170228,5234356,16724.310,9321.549,0,1137.654,0,81.118,6305,6838,2.700,1.540,0.850,3,0,287.418,0,0,11,28,1,35,0
23-04 04:19:42,50.750,5.250,42.750,0.250,0,1596416,934668,170236,5234524,18795.085,15899.072,0,156.001,0,13.000,4850,4587,2.700,1.540,0.850,1,0,0,0,0,11,31,1,35,0
23-04 04:19:43,54.617,11.223,33.418,0.249,0,1497936,1032932,170260,5234716,15703.652,10819.579,0,323.211,0,34.915,6521,7440,2.730,1.560,0.870,3,0,111.727,0,0,11,28,1,34,0
23-04 04:19:44,52.778,6.503,39.771,0.250,0,1606484,924360,170268,5234732,22907.120,13598.195,0,344.182,0,10.005,4218,3072,2.730,1.560,0.870,4,0,0,0,0,11,31,1,34,0
23-04 04:19:45,56.360,18.536,24.298,0,0,1560720,970028,170280,5234808,22138.369,13053.572,0,533.044,0,52.102,7445,10236,2.730,1.560,0.870,8,0,482.946,0,0,11,28,1,36,0
23-04 04:19:46,79.997,19.249,0.500,0,0,1703388,827276,170288,5234884,10466.551,1913.918,0,235.990,0,13.999,5568,4585,2.730,1.560,0.870,5,0,433.981,0,0,11,30,1,36,0
23-04 04:19:47,74.205,18.739,6.246,0,0,1797108,733308,170288,5235128,44526.018,37528.259,0,295.821,0,17.989,7524,8619,2.730,1.560,0.870,5,0,553.664,0,0,11,33,1,36,0
23-04 04:19:48,77.551,18.012,3.502,1.001,0,1648548,881644,170304,5235336,36979.507,25805.102,0,1252.830,0,87.058,8065,10777,2.990,1.640,0.890,6,0,365.242,0,0,11,28,1,37,0
23-04 04:19:49,83.748,10.000,6.250,0,0,1703076,827048,170308,5235404,20541.506,12385.702,0,135.997,0,9.000,5041,2932,2.990,1.640,0.890,4,0,20.000,0,0,11,32,1,37,0
23-04 04:19:50,66.641,7.987,23.961,0,0,1684228,845652,170312,5235644,46767.589,40710.485,0,167.726,0,9.984,8640,15936,2.990,1.640,0.890,5,0,89.853,0,0,11,30,1,40,0
23-04 04:19:51,27.008,28.258,44.513,0,0,1549088,980732,170312,5235704,13671.024,5022.478,0,284.084,0,22.006,8046,8430,2.990,1.640,0.890,4,0,929.274,0,0,11,28,1,42,0
23-04 04:19:52,70.841,23.280,5.757,0,0,1590108,939680,170312,5235736,10596.644,2509.231,0,28.036,0,7.009,5363,4219,2.990,1.640,0.890,3,0,583.752,0,0,11,29,1,42,0
23-04 04:19:53,58.904,6.240,33.196,0.998,0,1643136,886444,170324,5235932,28932.671,25800.795,0,263.569,0,26.956,6669,8549,3.070,1.680,0.910,2,0,0,0,0,11,31,1,43,0
23-04 04:19:54,69.867,18.030,11.019,0,0,1594024,935508,170332,5235972,15896.720,6173.377,0,1386.330,0,89.150,6552,6351,3.070,1.680,0.910,4,0,268.451,0,0,11,28,1,46,0
23-04 04:19:55,66.500,7.000,26.250,0,0,1635516,894028,170336,5236024,29183.148,23746.121,0,180.001,0,9.000,5352,6189,3.070,1.680,0.910,4,0,1.000,0,0,11,32,1,46,0
23-04 04:19:56,53.384,5.488,40.662,0.748,0,1635512,893776,170336,5236296,51044.023,39477.171,0,291.367,0,22.950,12644,20084,3.070,1.680,0.910,4,0,0,0,0,11,31,1,46,0
23-04 04:19:57,72.905,13.278,11.023,2.004,0,1532976,996144,170352,5236448,21932.648,11901.312,0,3479.400,0,161.343,7411,8717,3.070,1.680,0.910,4,0,120.256,0,0,11,28,1,46,0
23-04 04:19:58,66.703,7.495,25.482,0,0,1630764,898304,170356,5236496,22435.323,19148.620,0,179.874,0,9.993,6176,5739,2.900,1.670,0.910,4,0,0,0,0,11,32,1,46,0
23-04 04:19:59,52.007,5.751,40.505,0,0,1631748,897044,170360,5236768,48249.398,37819.015,0,188.025,0,10.001,12529,18596,2.900,1.670,0.910,2,0,0,0,0,11,32,1,46,0
23-04 04:20:00,67.030,15.007,17.508,0,0,1515412,1013168,170364,5236976,30259.343,21030.274,0,204.090,0,14.006,7694,11238,2.900,1.670,0.910,4,0,262.116,0,0,11,28,1,50,0
23-04 04:20:01,73.095,9.480,17.463,0,0,1614328,914204,170364,5236968,22266.684,13942.373,0,119.746,0,7.983,5207,3822,2.900,1.670,0.910,3,0,1.996,0,0,11,32,1,50,0
23-04 04:20:02,60.601,6.761,31.302,0,0,1613124,915168,170364,5237200,42678.040,32116.460,0,120.200,0,6.010,9547,14677,2.900,1.670,0.910,3,0,34.057,0,0,11,30,1,52,0
23-04 04:20:03,76.255,14.001,10.001,0.250,0,1580064,948180,170376,5237236,15843.944,9671.576,0,328.020,0,30.002,6106,6553,2.990,1.710,0.930,3,0,94.006,0,0,11,29,1,52,0
23-04 04:20:04,63.029,8.004,27.263,0.500,0,1656588,871456,170384,5237420,28789.341,18537.591,0,448.208,0,49.023,5609,6803,2.990,1.710,0.930,4,0,60.028,0,0,11,30,1,54,0
23-04 04:20:05,69.440,11.240,19.233,0,0,1647228,880796,170384,5237440,29644.224,23656.431,0,199.826,0,9.991,6882,9941,2.990,1.710,0.930,2,0,59.948,0,0,11,31,1,54,0
23-04 04:20:06,62.795,11.758,24.768,0.250,0,1668932,858808,170388,5237720,31389.325,26194.631,0,156.111,0,11.008,7085,10525,2.990,1.710,0.930,3,0,142.101,0,0,11,30,1,56,0
23-04 04:20:07,76.239,12.748,10.998,0,0,1614048,913672,170388,5237600,20106.225,10913.494,0,1431.802,0,2.000,5447,12972,2.990,1.710,0.930,2,0,121.983,0,0,11,30,1,57,0
23-04 04:20:08,68.912,9.488,21.472,0,0,1599476,928188,170388,5237788,29771.822,20107.216,0,0,0,0,6219,7767,3.070,1.740,0.940,4,0,68.912,0,0,11,30,1,59,0
23-04 04:20:09,62.422,10.986,25.218,0.749,0,1570092,957508,170392,5237844,26684.455,17558.927,0,551.307,0,36.954,7393,8325,3.070,1.740,0.940,1,0,137.827,0,0,11,30,1,61,0
23-04 04:20:10,52.862,9.270,35.325,2.255,0,1535872,991596,170428,5237940,18385.852,10628.460,0,2425.125,0,147.311,5125,5259,3.070,1.740,0.940,3,1,121.256,0,0,11,31,1,63,0
23-04 04:20:11,54.523,8.003,35.765,1.251,0,1546992,980132,170444,5238264,21025.833,12084.077,0,292.123,0,29.012,4890,4870,3.070,1.740,0.940,3,0,61.026,0,0,11,34,1,64,0
23-04 04:20:12,52.231,8.997,38.236,0,0,1564160,962912,170444,5238312,24964.784,15769.178,0,347.872,0,40.985,6249,7749,3.070,1.740,0.940,3,0,78.971,0,0,11,32,1,62,1
23-04 04:20:13,51.725,8.746,38.481,0,0,1547556,979376,170448,5238448,17984.265,13854.271,0,259.874,0,21.989,4809,5366,2.990,1.750,0.950,2,0,42.979,0,0,11,34,1,63,0
23-04 04:20:14,37.171,6.486,55.632,0.249,0,1537924,988900,170452,5238548,19139.407,15200.760,0,279.407,0,21.953,6138,7486,2.990,1.750,0.950,2,0,85.818,0,0,11,33,1,65,0
23-04 04:20:15,35.256,10.002,53.009,0.250,0,1472976,1053824,170460,5238564,15108.690,4519.805,0,308.055,0,21.004,4887,4775,2.990,1.750,0.950,2,0,135.024,0,0,11,32,1,66,0
23-04 04:20:16,34.605,3.511,61.688,0,0,1518452,1008196,170460,5238712,21932.828,13237.333,0,116.355,0,8.024,3246,3229,2.990,1.750,0.950,3,0,1.003,0,0,11,34,1,65,0
23-04 04:20:17,37.732,8.496,52.475,0.500,0,1473852,1052728,170464,5238772,15426.742,5345.485,0,187.912,0,15.992,4339,4720,2.990,1.750,0.950,3,0,137.935,0,0,11,32,1,67,0
23-04 04:20:18,36.673,4.740,58.378,0.249,0,1525088,1001476,170468,5238784,16989.402,7674.918,0,147.691,0,7.983,2988,2265,2.830,1.740,0.950,1,0,0,0,0,11,34,1,67,0
23-04 04:20:19,33.083,6.767,58.396,0.251,0.251,1497980,1028536,170480,5238816,19942.856,9548.872,0,280.702,0,30.075,4315,4996,2.830,1.740,0.950,2,0,60.150,0,0,11,33,1,68,0
23-04 04:20:20,38.424,5.240,55.641,0.250,0,1493176,1033332,170480,5238820,14289.912,8126.028,0,271.466,0,23.953,3866,3696,2.830,1.740,0.950,2,0,6.986,0,0,11,33,0,62,0
23-04 04:20:21,34.554,6.260,57.840,0.250,0.250,1490092,1036248,170480,5238988,20519.901,13469.941,0,200.311,0,10.016,5206,5845,2.830,1.740,0.950,2,0,49.076,0,0,11,33,0,63,0
23-04 04:20:22,37.010,5.001,57.266,0,0,1514740,1011564,170492,5239012,15098.231,7835.196,0,280.078,0,25.007,3672,3386,2.830,1.740,0.950,2,0,5.001,0,0,11,33,0,64,0
23-04 04:20:23,33.995,3.999,60.491,0.500,0,1490072,1036200,170496,5239040,22631.517,12996.000,0,243.962,0,23.996,4906,5717,2.760,1.740,0.960,2,0,17.997,0,0,11,33,0,65,0
23-04 04:20:24,19.256,9.753,68.770,1.000,0,1449816,1076352,170504,5239132,14424.158,5635.625,0,324.093,0,25.007,4756,5381,2.760,1.740,0.960,1,0,264.076,0,0,11,32,0,64,0
23-04 04:20:25,17.974,2.247,78.635,0,0,1449040,1077124,170504,5239136,15193.734,5509.925,0,491.280,0,61.909,1898,1625,2.760,1.740,0.960,1,0,0,0,0,11,33,0,64,0
23-04 04:20:26,16.011,4.753,78.556,0.250,0,1413728,1112404,170508,5239164,11936.551,6275.496,0,268.192,0,21.015,3751,4424,2.760,1.740,0.960,1,0,62.044,0,0,11,32,0,65,0
23-04 04:20:27,14.740,10.993,68.205,4.747,0,1437048,1089072,170516,5239168,8646.250,539.641,0,2550.304,0,160.893,3809,2756,2.760,1.740,0.960,1,0,222.852,0,0,11,32,0,65,0
23-04 04:20:28,17.471,2.496,78.369,0,0,1462524,1063460,170516,5239304,11664.428,6256.502,0,1569.367,0,15.973,1942,1638,2.620,1.730,0.960,2,0,0,0,0,11,33,0,64,0
23-04 04:20:29,18.249,5.250,75.747,0.500,0,1413032,1112924,170520,5239328,11204.547,5590.774,0,471.981,0,32.999,3684,4257,2.620,1.730,0.960,1,0,45.998,0,0,11,32,0,65,0
23-04 04:20:30,18.749,2.250,77.996,0,0,1433160,1092788,170520,5239332,15877.100,5571.684,0,115.993,0,6.000,1805,1469,2.620,1.730,0.960,2,0,1.000,0,0,11,33,0,65,0
23-04 04:20:31,17.002,2.500,79.011,0,0,1428496,1097424,170520,5239360,20524.958,9074.308,0,0,0,0,4382,5689,2.620,1.730,0.960,1,0,0,0,0,11,33,0,65,0
23-04 04:20:32,11.031,19.805,67.187,1.003,0,1397192,1128524,170532,5239544,5472.269,1007.812,0,320.895,0,36.101,6119,5476,2.620,1.730,0.960,2,0,522.458,0,0,11,32,0,59,0
23-04 04:20:33,41.396,8.728,48.627,0.748,0,1489168,1036260,170548,5239812,9956.888,484.777,35.909,997.484,0.997,24.937,3584,2615,2.570,1.730,0.960,2,0,104.736,0,0,11,32,0,61,0
23-04 04:20:34,33.232,4.747,45.225,15.492,0,1533596,988408,170680,5242644,7944.677,539.706,435.763,5209.166,16.991,294.840,4542,5585,2.570,1.730,0.960,1,1,16.991,0,0,11,36,0,61,0
23-04 04:20:35,27.751,4.750,43.251,21.001,0,1510780,1009756,170896,5243772,9231.258,540.015,0,6016.168,0,658.018,6215,9401,2.570,1.730,0.960,3,0,31.001,0,0,11,36,0,61,0
23-04 04:20:36,25.486,6.247,36.979,30.483,0,1522256,997660,170972,5244272,9046.973,539.700,0,10490.172,0,712.604,6581,10365,2.570,1.730,0.960,3,1,18.989,0,0,11,36,0,59,0
23-04 04:20:37,27.026,5.756,42.291,23.272,0,1535976,982540,171096,5245512,4613.420,540.518,0,7819.492,0,719.690,5682,9138,2.570,1.730,0.960,1,1,20.019,0,0,11,36,0,59,0
23-04 04:20:38,26.005,4.001,39.758,28.006,0,1520212,997832,171180,5245888,9653.904,540.107,0,9417.858,0,633.125,4948,7463,2.520,1.740,0.970,2,1,13.003,0,0,11,36,0,59,0
23-04 04:20:39,26.525,5.505,43.541,22.772,0,1586220,931020,171316,5246536,9517.017,540.512,0,9869.350,0,731.693,5527,8841,2.520,1.740,0.970,3,2,23.022,0,0,11,36,0,59,0
23-04 04:20:40,27.456,4.992,43.431,22.464,0,1553344,962804,171496,5247420,4723.500,485.230,0,9540.851,0,781.759,5801,9469,2.520,1.740,0.970,4,1,18.970,0,0,11,36,0,54,0
23-04 04:20:41,26.567,5.263,41.354,24.562,0,1590944,924728,171636,5247744,8655.844,541.366,0,8842.315,0,737.862,5728,8828,2.520,1.740,0.970,3,0,14.035,0,0,11,36,0,54,0
23-04 04:20:42,26.522,4.754,41.534,25.521,0,1549600,965524,171808,5248108,6540.306,540.438,0,8134.599,0,670.544,5407,8566,2.520,1.740,0.970,1,1,10.008,0,0,11,36,0,54,0
23-04 04:20:43,26.659,4.983,41.608,24.167,0,1590292,924232,172016,5248484,10133.307,538.158,0,14781.393,0,1066.349,6803,11893,2.560,1.760,0.980,2,0,13.952,0,0,11,36,0,54,0
23-04 04:20:44,29.089,4.012,45.640,19.560,0,1565964,948172,172192,5248664,10436.908,541.656,0,8638.409,0,772.361,6017,10509,2.560,1.760,0.980,1,2,7.021,0,0,11,36,0,49,0
23-04 04:20:45,35.403,5.984,42.633,14.710,0,1528304,986168,172312,5248200,4626.346,538.527,0,7455.607,0,528.554,4560,6284,2.560,1.760,0.980,2,0,6.981,0,0,11,32,0,49,0
23-04 04:20:46,42.586,6.012,45.592,5.762,0,1571040,943264,172364,5248316,8887.853,541.087,0,1755.526,0,195.392,3798,3975,2.560,1.760,0.980,1,1,3.006,0,0,11,34,0,49,0
23-04 04:20:47,28.029,6.006,39.541,24.526,0,1557884,955980,172648,5248468,6094.362,540.564,0,10126.570,0,1094.142,7605,12931,2.560,1.760,0.980,1,2,1.001,0,0,11,34,0,49,0
23-04 04:20:48,26.354,4.972,39.034,27.597,0,1551604,961832,172888,5248648,8583.502,483.325,0,9503.412,0,1002.453,5989,9744,2.680,1.800,1,2,1,2.983,0,0,11,34,0,46,0
23-04 04:20:49,28.909,5.279,39.719,24.636,0,1544200,968800,173168,5248792,8182.018,637.508,0,10932.150,0,1122.174,8587,13803,2.680,1.800,1,1,1,0,0,0,11,34,0,46,0
23-04 04:20:50,28.421,7.479,57.091,4.986,0,1464620,1048276,173196,5248836,8811.408,538.497,0,1519.758,0,182.491,4081,4333,2.680,1.800,1,1,0,98.724,0,0,11,32,0,46,0
23-04 04:20:51,21.768,4.003,73.060,0.500,0,1472196,1040684,173204,5248844,6496.306,540.441,0,576.471,0,34.028,2084,1571,2.680,1.800,1,2,0,12.010,0,0,11,32,0,46,0
23-04 04:20:52,9.269,20.792,60.872,8.768,0,1458020,1054620,173276,5248996,4254.495,541.080,0,6244.469,0,303.606,6745,6359,2.680,1.800,1,1,0,545.088,0,0,11,32,0,41,0
23-04 04:20:53,8.495,20.238,68.960,0.500,0,1435920,1076640,173276,5249056,4115.606,539.686,0,1003.416,0,111.935,6256,4972,2.540,1.780,1,1,0,491.714,0,0,11,32,0,41,0
23-04 04:20:54,12.504,15.506,71.525,0,0,1457272,1055248,173276,5249084,10240.638,540.192,0,0,0,0,4839,3818,2.540,1.780,1,1,0,323.115,0,0,11,32,0,41,0
23-04 04:20:55,21.998,4.000,73.492,0,0,1516552,995984,173276,5249068,9338.976,539.941,0,0,0,0,1798,1235,2.540,1.780,1,1,0,2.000,0,0,11,32,0,41,0
23-04 04:20:56,22.445,2.993,73.319,0,0,1479872,1032648,173276,5249084,8599.794,484.805,0,19.951,0,1.995,1878,1368,2.540,1.780,1,2,0,1.995,0,0,11,32,0,41,0
23-04 04:20:57,22.749,3.000,73.247,0,0,1538308,974216,173284,5249072,8480.599,539.974,0,151.993,0,10.999,1992,1598,2.540,1.780,1,1,0,2.000,0,0,11,32,0,37,0
23-04 04:20:58,22.248,3.000,73.742,0.250,0,1505976,1006520,173288,5249096,8633.087,539.943,0,315.967,0,18.998,1854,1374,2.420,1.770,1,2,0,1.000,0,0,11,32,0,37,0
23-04 04:20:59,23.005,3.001,73.515,0,0,1539416,973088,173288,5249088,6899.436,540.112,0,504.105,0,89.019,1826,1216,2.420,1.770,1,1,0,2.000,0,0,11,32,0,37,0
23-04 04:21:00,21.745,3.249,73.483,0,0,1529100,983412,173288,5249080,3962.057,539.872,0,0,0,0,1754,1235,2.420,1.770,1,1,0,1.000,0,0,11,32,0,37,0
23-04 04:21:01,22.253,3.501,70.011,3.751,0,1513000,999512,173288,5249080,5163.787,540.082,0,1412.215,0,178.027,2000,1230,2.420,1.770,1,2,0,3.000,0,0,11,32,0,33,0
23-04 04:21:02,22.296,3.257,73.401,0,0,1518720,993784,173288,5249088,10291.217,541.116,0,0,0,0,1857,1213,2.420,1.770,1,1,0,2.004,0,0,11,32,0,33,0
23-04 04:21:03,21.956,3.742,74.100,0,0,1524592,987900,173288,5249100,7750.337,485.020,0,11.976,0,0.998,1720,1183,2.310,1.760,1,1,0,0.998,0,0,11,32,0,33,0
23-04 04:21:04,22.000,3.500,73.751,0,0,1572968,939552,173288,5249072,9313.187,540.011,0,96.002,0,6.000,1865,1324,2.310,1.760,1,3,0,2.000,0,0,11,32,0,33,0
23-04 04:21:05,22.495,2.749,73.732,0,0,1498852,1013640,173288,5249100,7631.188,539.872,0,27.993,0,1.000,1789,1204,2.310,1.760,1,2,0,1.000,0,0,11,32,0,29,0
23-04 04:21:06,22.753,3.750,73.259,0,0,1550428,962152,173288,5249012,10993.417,540.070,0,2064.266,0,24.003,1951,1310,2.310,1.760,1,2,0,3.000,0,0,11,32,0,29,0
23-04 04:21:07,25.044,4.508,69.120,0.751,0,1511428,1001052,173292,5251224,6922.035,540.941,0,284.495,0,9.016,2305,4833,2.310,1.760,1,4,0,35.061,0,0,11,32,0,29,0
23-04 04:21:08,24.514,3.752,70.041,0.500,0,1531232,981228,173308,5249112,4450.576,540.313,0,444.257,0,29.017,2391,11138,2.200,1.740,1,1,0,3.002,0,0,11,32,0,30,0
23-04 04:21:09,22.759,3.001,74.028,0.250,0,1527052,985424,173312,5249092,10179.818,540.203,0,52.020,0,5.002,1864,1193,2.200,1.740,1,1,0,3.001,0,0,11,32,0,23,0
23-04 04:21:10,21.445,4.239,73.563,0,0,1538036,974444,173312,5249088,10313.716,538.627,0,187.522,0,35.908,1890,1418,2.200,1.740,1,1,0,0,0,0,11,32,0,23,0
23-04 04:21:11,21.750,3.500,73.249,0,0,1514736,997720,173312,5249112,5379.931,485.994,0,0,0,0,1808,1315,2.200,1.740,1,1,0,1.000,0,0,11,32,0,23,0
23-04 04:21:12,22.030,4.005,73.600,0,0,1495720,1016712,173312,5249136,8900.133,540.737,0,12.016,0,1.001,1950,1280,2.200,1.740,1,1,0,18.025,0,0,11,32,0,23,0
23-04 04:21:13,11.234,17.974,69.399,0,0,1467644,1044764,173312,5249160,10529.653,539.214,0,239.651,0,9.985,5492,4501,2.100,1.730,1,1,0,443.354,0,0,11,32,0,16,0
23-04 04:21:14,22.749,3.250,73.746,0,0,1481480,1030912,173312,5249176,8760.467,539.967,0,0,0,0,1824,1286,2.100,1.730,1,1,0,0,0,0,11,32,0,16,0
23-04 04:21:15,22.502,3.250,73.006,0.250,0,1494756,1017384,173312,5249420,9821.790,540.043,0,212.017,0,28.002,1926,1246,2.100,1.730,1,1,0,9.001,0,0,11,32,0,16,0
23-04 04:21:16,22.059,4.512,72.945,0,0,1525484,986648,173312,5249428,5981.989,541.447,0,4.011,0,1.003,2190,1510,2.100,1.730,1,1,0,57.153,0,0,11,32,0,16,0
23-04 04:21:17,8.737,22.967,66.654,0.749,0,1508852,1003132,173312,5249572,9956.664,539.224,39.942,746.925,1.997,22.967,6619,5687,2.100,1.730,1,1,0,557.198,0,0,11,32,0,12,0
23-04 04:21:18,7.753,22.259,68.278,0.250,0,1483256,1028680,173312,5249616,8496.477,486.199,0,548.224,0,23.009,6616,5556,1.930,1.700,0.990,1,0,581.238,0,0,11,32,0,12,0
23-04 04:21:19,8.761,21.528,68.089,0.501,0,1459148,1052736,173312,5249652,4565.948,540.704,0,1157.508,0,16.021,6534,5438,1.930,1.700,0.990,1,0,593.773,0,0,11,32,0,12,0
23-04 04:21:20,8.492,22.479,68.685,0,0,1443728,1068116,173312,5249672,8501.016,539.493,0,1262.814,0,13.987,6421,5184,1.930,1.700,0.990,1,0,568.466,0,0,11,32,0,12,0
23-04 04:21:21,8.481,20.953,68.844,0,0,1426444,1085336,173312,5249708,6555.143,538.779,0,854.064,0,36.916,6194,4960,1.930,1.700,0.990,1,0,497.872,0,0,11,32,0,8,0
23-04 04:21:22,8.774,21.558,69.437,0,0,1411844,1099896,173312,5249748,10792.078,541.459,0,240.648,0,10.027,6206,4875,1.930,1.700,0.990,1,0,487.313,0,0,11,32,0,8,0
23-04 04:21:23,7.997,21.992,68.225,0,0,1398460,1113244,173312,5249784,6273.666,539.799,0,235.912,0,14.994,6407,5350,1.860,1.690,0.990,1,0,566.789,0,0,11,32,0,8,0
23-04 04:21:24,9.734,21.216,68.140,0,0,1360216,1151452,173320,5249824,3015.121,539.128,0,159.742,0,8.985,6202,5221,1.860,1.690,0.990,4,0,524.152,0,0,11,34,0,8,0
23-04 04:21:25,45.112,24.060,29.574,1.253,0,1458176,1053468,173332,5249836,10669.568,541.348,0,1174.926,0,70.175,6697,6369,1.860,1.690,0.990,3,0,639.593,0,0,11,32,0,11,0
23-04 04:21:26,61.968,8.496,25.487,3.998,0,1647548,860352,173396,5253024,8606.486,485.745,443.767,3130.358,9.995,182.904,4274,2743,1.860,1.690,0.990,0,3,4.997,0,0,11,34,0,11,0
23-04 04:21:27,20.456,4.241,35.922,36.172,0,1647904,855900,173580,5256328,9643.095,538.832,0,11339.418,0,676.533,6072,10071,1.860,1.690,0.990,2,3,30.933,0,0,11,38,0,12,0
23-04 04:21:28,5.494,3.246,49.197,38.708,0,1646608,855900,173704,5257452,9225.983,539.414,0,11543.466,0,771.163,6137,11626,2.110,1.750,1.020,0,1,8.990,0,0,11,38,0,12,0
23-04 04:21:29,9.260,3.003,52.309,32.537,0,1644980,855648,173836,5259132,9010.114,540.607,0,11128.492,0,860.966,6425,11397,2.110,1.750,1.020,2,0,36.040,0,0,11,38,0,10,0
23-04 04:21:30,8.247,3.998,45.981,38.734,0,1643504,855144,173960,5260928,9635.987,539.775,0,16785.010,0,1127.530,6816,12718,2.110,1.750,1.020,0,4,11.995,0,0,11,38,0,10,0
23-04 04:21:31,8.000,2.500,46.751,39.251,0,1643180,854392,174028,5261912,4590.078,540.009,0,13412.229,0,924.016,5790,10706,2.110,1.750,1.020,0,2,12.000,0,0,11,38,0,10,0
23-04 04:21:32,5.750,4.000,53.747,34.248,0,1643004,853384,174080,5263008,5238.713,539.970,0,15595.146,0,994.946,6568,12613,2.110,1.750,1.020,0,2,11.999,0,0,11,38,0,10,0
23-04 04:21:33,8.999,3.000,52.495,33.497,0,1643124,851872,174120,5264288,10921.932,539.947,0,10446.979,0,763.925,5302,9410,2.340,1.800,1.040,0,1,8.999,0,0,11,38,0,8,0
23-04 04:21:34,24.256,7.002,36.009,30.758,0,1651628,842044,174168,5265516,7514.876,486.121,0,15647.905,0,1055.263,6792,10963,2.340,1.800,1.040,1,2,66.016,0,0,11,36,0,8,0
23-04 04:21:35,22.541,4.007,41.576,30.306,0,1670524,821744,174240,5266800,16193.766,6750.408,0,14073.869,0,944.737,6594,11204,2.340,1.800,1.040,0,1,12.022,0,0,11,37,0,8,0
23-04 04:21:36,19.521,7.007,43.046,28.530,0,1663292,827672,174348,5267924,14662.570,3743.976,0,11287.986,0,788.838,7925,12740,2.340,1.800,1.040,1,1,83.088,0,0,11,36,0,9,0
23-04 04:21:37,20.435,4.735,36.384,36.384,0,1706196,783856,174408,5268788,12227.971,2881.802,0,12468.205,0,934.019,5392,8112,2.340,1.800,1.040,0,1,8.971,0,0,11,39,0,9,0
23-04 04:21:38,21.249,4.500,39.748,31.998,0,1701140,787412,174524,5270116,23043.717,10166.434,0,17051.051,0,1085.940,8750,14916,2.720,1.890,1.070,0,1,6.000,0,0,11,39,0,9,0
23-04 04:21:39,21.815,5.015,41.373,29.337,0,1607932,878952,174596,5271672,13693.592,8030.806,0,9913.387,0,792.349,8183,13704,2.720,1.890,1.070,2,2,54.161,0,0,11,38,0,9,0
23-04 04:21:40,26.667,6.978,27.913,36.885,0,1677180,807916,174696,5273312,5694.242,863.308,0,18211.206,0,1149.415,7158,12299,2.720,1.890,1.070,3,0,2.991,0,0,11,38,1,9,0
23-04 04:21:41,18.803,4.262,44.876,29.333,0,1670900,812992,174768,5274368,20143.728,9766.504,0,16125.412,0,1009.844,7723,12780,2.720,1.890,1.070,2,3,15.042,0,0,11,39,0,9,0
23-04 04:21:42,23.692,3.491,44.641,25.438,0,1665312,817104,174832,5275728,19676.021,11140.834,0,8371.586,0,630.463,8563,13813,2.720,1.890,1.070,5,0,5.985,0,0,11,38,0,10,0
23-04 04:21:43,25.300,7.264,36.823,28.556,0,1634016,847300,174932,5276684,8326.410,607.197,0,13875.346,0,987.947,6232,9865,3.060,1.970,1.100,1,1,71.140,0,0,11,38,0,10,0
23-04 04:21:44,23.234,3.747,44.220,27.481,0,1651760,828148,174992,5277956,14890.812,7433.914,0,7287.014,0,616.578,6341,10070,3.060,1.970,1.100,1,1,2.998,0,0,11,39,0,10,0
23-04 04:21:45,21.757,4.001,45.514,25.508,0,1651816,827168,175132,5278716,18853.994,9783.110,0,12335.922,0,830.264,8305,13646,3.060,1.970,1.100,3,3,9.003,0,0,11,39,0,10,0
23-04 04:21:46,24.788,5.508,41.814,26.040,0.250,1618372,859256,175236,5279936,13706.005,3907.989,0,12447.075,0,843.292,7823,12743,3.060,1.970,1.100,2,2,40.061,0,0,11,38,0,10,0
23-04 04:21:47,23.425,4.735,38.627,30.154,0,1660816,814904,175304,5281724,8782.971,5554.275,0,12149.229,0,763.563,6944,11079,3.060,1.970,1.100,1,2,9.968,0,0,11,39,0,10,0
23-04 04:21:48,28.757,9.502,36.760,23.006,0,1629720,845152,175456,5282396,15951.155,8997.344,0,12031.134,0,807.210,9502,14156,3.130,2,1.120,3,2,178.046,0,0,11,37,0,10,0
23-04 04:21:49,34.323,18.038,27.308,20.042,0,1550092,922212,176548,5283780,16022.869,7275.379,372.788,11945.250,6.013,810.714,11138,17874,3.130,2,1.120,6,1,282.597,0,0,11,36,0,11,0
23-04 04:21:50,29.951,11.980,34.693,20.966,0,1576392,895536,175556,5285100,8546.990,2447.987,2200.393,10655.534,43.928,689.869,7371,11261,3.130,2,1.120,1,2,174.714,0,0,11,37,0,11,0
23-04 04:21:51,19.993,3.999,46.735,26.991,0,1576496,894528,175632,5285924,16754.522,7415.575,0,13835.476,0,869.716,6721,10901,3.130,2,1.120,1,1,3.999,0,0,11,36,0,12,0
23-04 04:21:52,24.244,6.498,43.990,23.494,0,1607144,862368,175672,5287348,6151.538,539.872,0,8226.045,0,658.843,5616,8979,3.130,2,1.120,1,1,33.992,0,0,11,36,0,12,0
23-04 04:21:53,18.000,3.750,53.249,22.749,0,1603608,864688,175696,5288492,15839.624,7249.828,0,10715.745,0,735.983,5682,9573,3.040,2,1.120,1,1,3.000,0,0,11,36,0,13,0
23-04 04:21:54,20.748,7.999,44.746,24.498,0,1625944,841316,175720,5289432,8792.146,539.948,0,10674.963,0,883.914,5558,8024,3.040,2,1.120,1,3,59.994,0,0,11,36,0,13,0
23-04 04:21:55,20.222,3.995,49.182,24.966,0,1628352,837744,175760,5290492,14240.413,7552.612,0,7529.643,0,574.210,5575,9210,3.040,2,1.120,1,1,5.992,0,0,11,37,0,13,0
23-04 04:21:56,19.534,6.511,43.326,28.800,0,1603680,861628,175788,5291224,12528.890,4195.330,0,14321.021,0,885.547,6816,10715,3.040,2,1.120,1,1,44.077,0,0,11,36,0,14,0
23-04 04:21:57,22.526,3.003,49.557,23.026,0,1631788,832184,175820,5292496,15314.500,5693.506,0,5758.581,0,504.577,5042,7969,3.040,2,1.120,1,1,3.003,0,0,11,37,0,14,0
23-04 04:21:58,16.981,4.245,43.951,32.464,0,1596880,866336,175852,5293200,9691.156,6210.051,0,15822.296,0,741.171,6306,10168,3.120,2.040,1.140,1,1,0.999,0,0,11,36,0,15,0
23-04 04:21:59,5.248,3.998,65.725,22.242,0,1578264,883632,175900,5294440,8651.700,539.794,0,6301.597,0,545.792,4820,8232,3.120,2.040,1.140,1,1,64.975,0,0,11,36,0,15,0
23-04 04:22:00,4.255,3.755,58.821,30.787,0,1557276,903884,175980,5295080,7976.649,540.654,0,14057.004,0,933.129,5044,9379,3.120,2.040,1.140,0,2,6.007,0,0,11,36,0,15,0
23-04 04:22:01,4.247,2.498,64.454,25.982,0,1544552,915608,176032,5296004,10658.416,539.616,0,8789.745,0,675.519,4598,8325,3.120,2.040,1.140,1,1,5.996,0,0,11,36,0,15,0
23-04 04:22:02,4.497,2.499,63.464,26.735,0,1533412,926256,176080,5296432,9033.848,539.692,0,6384.359,0,595.660,4625,8296,3.120,2.040,1.140,0,1,14.991,0,0,11,36,0,15,0
23-04 04:22:03,4.506,2.754,58.330,32.044,0,1523260,934512,176132,5298200,4577.297,540.744,0,15557.401,0,958.318,5233,9825,3.030,2.040,1.140,0,2,0,0,0,11,36,0,15,0
23-04 04:22:04,7.004,2.501,63.037,25.015,0,1518844,938420,176204,5298616,9775.802,540.321,0,6067.601,0,620.368,5073,8752,3.030,2.040,1.140,3,1,12.007,0,0,11,36,0,15,0
23-04 04:22:05,5.243,3.495,61.418,26.964,0,1512128,944740,176252,5298956,5787.295,485.354,0,15723.066,0,1048.604,5342,10007,3.030,2.040,1.140,0,1,8.988,0,0,11,36,0,15,0
23-04 04:22:06,5.505,3.003,61.804,27.023,0,1506120,950420,176312,5299220,9160.963,540.470,0,8895.732,0,740.644,5059,8917,3.030,2.040,1.140,0,1,16.014,0,0,11,36,0,15,0
23-04 04:22:07,4.992,2.746,58.910,30.454,0.250,1501484,954704,176380,5299492,9682.244,539.178,0,14122.477,0,972.518,5122,9629,3.030,2.040,1.140,2,2,5.991,0,0,11,36,0,15,0
23-04 04:22:08,9.768,5.510,61.360,22.040,0,1486480,968660,176472,5300408,9572.202,540.972,0,8042.453,0,732.316,6155,17032,2.870,2.020,1.140,0,1,48.086,0,0,11,36,0,16,0
23-04 04:22:09,3.993,2.745,61.398,28.453,0,1484064,970260,176560,5301116,9118.857,539.105,0,12678.944,0,856.578,4613,8657,2.870,2.020,1.140,1,3,5.990,0,0,11,36,0,16,0
23-04 04:22:10,4.000,3.000,52.497,38.248,0,1478788,974236,176604,5302340,4975.739,539.972,0,13299.304,0,848.956,4561,8036,2.870,2.020,1.140,1,0,9.000,0,0,11,36,0,15,0
23-04 04:22:11,4.250,2.250,62.743,28.497,0,1476992,975492,176668,5302800,4074.554,539.941,0,6851.251,0,543.941,4487,8110,2.870,2.020,1.140,2,0,5.999,0,0,11,36,0,15,0
23-04 04:22:12,7.264,3.006,61.365,25.298,0,1475416,976468,176716,5303340,8331.645,541.016,0,8924.759,0,727.366,5074,9039,2.870,2.020,1.140,0,2,9.017,0,0,11,36,0,15,0
23-04 04:22:13,4.491,2.994,57.382,31.685,0,1476344,976216,176760,5302616,9207.120,485.005,0,14809.631,0,1016.915,5525,10050,2.880,2.040,1.150,0,3,2.994,0,0,11,36,0,15,0
23-04 04:22:14,5.006,3.003,63.323,26.531,0,1476044,976216,176832,5302844,11474.203,540.622,0,9623.073,0,768.885,5220,9550,2.880,2.040,1.150,1,2,3.003,0,0,11,36,0,15,0
23-04 04:22:15,5.996,2.748,60.712,27.483,0,1475820,977588,176872,5301656,6895.669,539.661,0,9645.942,0,831.478,5863,10662,2.880,2.040,1.150,0,2,0,0,0,11,36,0,15,0
23-04 04:22:16,6.999,2.999,57.238,28.994,0,1475432,977588,176900,5302016,9494.993,539.886,0,14688.894,0,993.790,5767,10495,2.880,2.040,1.150,0,3,3.999,0,0,11,36,0,15,0
23-04 04:22:17,7.518,3.258,58.138,28.818,0,1475108,977588,176932,5302308,9598.811,541.286,0,11391.071,0,820.951,5059,8902,2.880,2.040,1.150,1,0,9.021,0,0,11,36,0,15,0
23-04 04:22:18,5.486,2.992,63.090,25.436,0,1474568,977588,176948,5302828,5601.829,538.637,0,9811.181,0,766.062,5257,9550,2.890,2.050,1.160,1,3,5.985,0,0,11,36,0,15,0
23-04 04:22:19,4.749,2.999,65.232,24.493,0,1474504,977336,176968,5303124,7283.018,539.853,0,7965.832,0,692.811,5021,8844,2.890,2.050,1.160,2,1,8.998,0,0,11,36,0,15,0
23-04 04:22:20,5.751,3.501,62.260,25.004,0,1474156,977336,177040,5303388,11879.890,486.077,0,13690.178,0,1060.169,5889,10511,2.890,2.050,1.160,1,1,9.001,0,0,11,36,0,15,0
23-04 04:22:21,5.515,3.760,57.401,31.333,0,1474192,976832,177060,5303820,10118.700,541.429,0,14209.494,0,942.487,5152,9076,2.890,2.050,1.160,0,1,9.024,0,0,11,36,0,15,0
23-04 04:22:22,6.735,3.492,61.611,26.191,0,1474276,976580,177080,5303960,12199.425,538.782,0,12100.649,0,885.997,5551,9772,2.890,2.050,1.160,3,0,8.980,0,0,11,36,0,15,0
23-04 04:22:23,5.999,2.999,64.239,23.496,0,1475112,976580,177108,5303104,7874.630,539.906,0,7874.630,0,729.873,5291,9449,2.900,2.070,1.170,2,0,5.999,0,0,11,36,0,15,0
23-04 04:22:24,4.751,3.500,54.506,33.254,0,1475144,976076,177132,5303552,9842.053,540.058,0,16689.785,0,1153.123,5847,10914,2.900,2.070,1.170,0,2,3.000,0,0,11,36,0,15,0
23-04 04:22:25,5.249,2.999,55.237,33.492,0,1474848,976076,177148,5303832,9568.788,539.875,0,13856.796,0,920.787,6007,10850,2.900,2.070,1.170,0,2,2.999,0,0,11,36,0,15,0
23-04 04:22:26,7.250,2.500,62.499,26.250,0,1474336,976076,177156,5304324,5189.932,539.993,0,6799.911,0,624.992,4565,8163,2.900,2.070,1.170,0,1,7.000,0,0,11,36,0,15,0
23-04 04:22:27,6.499,2.750,61.743,26.247,0,1474048,976076,177192,5304560,8727.018,539.939,0,11098.751,0,821.908,5163,9190,2.900,2.070,1.170,0,1,8.999,0,0,11,38,0,9,0
23-04 04:22:28,6.501,2.500,59.756,27.753,0,1473724,976076,177224,5304844,9447.956,486.049,0,12677.283,0,923.093,5289,9891,2.910,2.080,1.180,1,2,9.001,0,0,11,38,0,9,0
23-04 04:22:29,11.754,3.251,57.020,26.009,0,1473028,976076,177240,5305508,3842.324,540.186,0,10331.561,0,733.253,4847,8269,2.910,2.080,1.180,7,1,9.003,0,0,11,38,0,9,0
23-04 04:22:30,8.746,2.499,61.971,23.489,0,1472392,976076,177304,5306064,9670.475,539.747,0,9983.329,0,859.598,5762,10522,2.910,2.080,1.180,0,1,11.994,0,0,11,38,0,9,0
23-04 04:22:31,9.505,3.252,59.783,24.263,0,1471784,976076,177360,5306600,8929.932,540.298,0,11622.420,0,989.547,6731,12270,2.910,2.080,1.180,1,1,15.008,0,0,11,38,0,8,0
23-04 04:22:32,5.750,3.000,55.750,33.000,0,1471268,976076,177396,5307072,10829.008,540.000,0,15560.011,0,1090.001,5570,10286,2.910,2.080,1.180,1,2,9.000,0,0,11,38,0,8,0
23-04 04:22:33,6.499,2.500,62.737,25.245,0,1471040,975824,177424,5307512,9840.035,539.892,0,9742.055,0,740.852,4841,8452,2.750,2.060,1.180,0,1,8.998,0,0,11,38,0,8,0
23-04 04:22:34,3.750,3.250,60.997,29.749,0,1470936,975572,177436,5307848,3714.818,539.974,0,9127.554,0,694.966,4454,8200,2.750,2.060,1.180,1,1,3.000,0,0,11,38,0,8,0
23-04 04:22:35,5.753,2.751,58.778,29.514,0,1470684,975320,177448,5308328,9623.605,486.233,0,15539.435,0,1010.483,5588,10009,2.750,2.060,1.180,0,3,15.007,0,0,11,38,0,8,0
23-04 04:22:36,4.997,2.249,65.464,25.236,0,1471048,974564,177464,5308692,7359.962,539.704,0,5700.872,0,498.726,3772,6586,2.750,2.060,1.180,0,2,6.996,0,0,11,38,0,8,0
23-04 04:22:37,3.751,2.501,59.762,31.006,0,1470672,974564,177476,5309048,4592.954,540.112,0,8173.698,0,638.133,4197,7642,2.750,2.060,1.180,0,3,0,0,0,11,38,0,8,0
23-04 04:22:38,6.247,3.498,57.968,30.233,0,1469700,974564,177512,5309960,9095.974,539.702,0,12373.163,0,942.479,5664,10262,2.770,2.080,1.190,0,1,5.997,0,0,11,38,0,8,0
23-04 04:22:39,6.501,3.250,63.759,23.503,0,1469644,974312,177532,5310224,6842.976,540.077,0,10753.534,0,831.119,5052,8928,2.770,2.080,1.190,0,1,12.002,0,0,11,38,0,7,0
23-04 04:22:40,5.003,3.752,57.782,30.517,0,1468844,974312,177540,5310992,11385.220,540.295,0,15208.309,0,1081.591,5963,10708,2.770,2.080,1.190,0,1,15.008,0,0,11,38,0,7,0
23-04 04:22:41,4.249,2.249,59.732,30.991,0,1468608,974312,177544,5311220,10128.972,539.839,0,9433.180,0,682.796,4400,7747,2.770,2.080,1.190,0,1,5.998,0,0,11,38,0,7,0
23-04 04:22:42,6.000,3.000,63.002,24.501,0,1468044,974060,177552,5312008,3933.099,486.012,0,10716.270,0,855.022,5220,9472,2.770,2.080,1.190,0,1,9.000,0,0,11,38,0,7,0
23-04 04:22:43,5.000,3.750,59.755,28.753,0,1468216,973556,177564,5312308,8636.752,582.051,0,12121.055,0,931.081,5236,9538,2.630,2.060,1.190,0,1,6.001,0,0,11,38,0,6,0
23-04 04:22:44,3.500,1.750,65.007,26.253,0.250,1468020,973304,177572,5312740,6912.769,540.060,0,7868.876,0,645.072,4407,8049,2.630,2.060,1.190,1,1,12.001,0,0,11,38,0,6,0
23-04 04:22:45,3.754,3.003,60.562,29.530,0,1468572,972548,177588,5312916,9435.673,540.554,0,12332.642,0,846.868,4694,8647,2.630,2.060,1.190,0,1,3.003,0,0,11,38,0,6,0
23-04 04:22:46,6.242,3.246,65.171,23.472,0,1468156,972548,177604,5313304,5648.178,539.349,0,8234.055,0,726.123,5097,9182,2.630,2.060,1.190,0,1,9.988,0,0,11,38,0,6,0
23-04 04:22:47,4.251,3.001,59.518,30.259,0,1467860,972296,177612,5313820,10537.101,540.159,0,10267.022,0,816.240,4748,8461,2.630,2.060,1.190,0,1,9.003,0,0,11,38,0,6,0
23-04 04:22:48,5.498,3.249,59.480,29.740,0,1467492,972296,177620,5314172,6692.803,539.823,0,13683.508,0,945.690,5265,9516,2.500,2.040,1.190,1,1,20.993,0,0,11,38,0,6,0
23-04 04:22:49,6.500,3.250,63.250,24.750,0,1467200,971792,177636,5314936,4910.996,580.000,0,11447.990,0,869.999,5073,9291,2.500,2.040,1.190,1,1,21.000,0,0,11,38,0,6,0
23-04 04:22:50,7.246,2.499,64.718,22.489,0,1466768,971792,177648,5315348,5488.253,539.730,0,7816.087,0,721.639,5165,9337,2.500,2.040,1.190,1,0,17.991,0,0,11,38,0,6,0
23-04 04:22:51,5.504,2.752,61.294,28.020,0,1466996,971288,177656,5315608,9357.755,540.390,0,9875.129,0,766.553,4641,8657,2.500,2.040,1.190,0,1,9.007,0,0,11,38,0,5,0
23-04 04:22:52,5.748,2.749,62.482,25.493,0,1466816,971288,177664,5315768,10262.023,539.843,0,13648.040,0,955.723,5666,10589,2.500,2.040,1.190,3,1,11.997,0,0,11,38,0,5,0
23-04 04:22:53,4.751,3.251,61.017,28.758,0,1466876,970532,177704,5316408,8813.424,540.149,0,10963.015,0,821.226,5991,10880,2.620,2.080,1.200,0,1,9.002,0,0,11,38,0,5,0
23-04 04:22:54,6.008,3.004,64.334,24.031,0,1466864,970280,177736,5316636,8564.167,540.705,0,9308.137,0,796.038,5471,9689,2.620,2.080,1.200,0,2,15.020,0,0,11,38,0,5,0
23-04 04:22:55,3.745,3.495,61.161,28.459,0,1466716,970028,177760,5317004,9968.477,539.214,0,12122.339,0,862.743,5720,10317,2.620,2.080,1.200,0,2,5.991,0,0,11,38,0,3,0
23-04 04:22:56,6.251,3.001,60.014,28.256,0,1466844,969524,177772,5317348,10504.415,540.124,0,11094.550,0,826.190,5133,9031,2.620,2.080,1.200,1,1,4.001,0,0,11,38,0,3,0
23-04 04:22:57,6.497,2.499,64.975,22.991,0,1466372,969524,177780,5317804,3605.599,485.811,0,8152.832,0,692.731,4966,8852,2.620,2.080,1.200,0,1,5.998,0,0,11,38,0,3,0
23-04 04:22:58,6.751,3.000,60.009,28.004,0,1466604,969020,177792,5318056,3450.490,540.077,0,10553.498,0,807.115,5040,8966,2.570,2.080,1.210,1,1,9.001,0,0,11,38,0,3,0
23-04 04:22:59,6.501,2.500,63.510,24.254,0,1468428,967256,177808,5317964,9884.623,540.089,0,9197.511,0,741.122,5275,9145,2.570,2.080,1.210,0,3,6.001,0,0,11,38,0,1,0
23-04 04:23:00,4.249,3.499,56.989,31.494,0,1469472,967256,177812,5316912,7296.529,539.891,0,13053.368,0,897.819,5106,9316,2.570,2.080,1.210,0,2,0,0,0,11,38,0,1,0
23-04 04:23:01,5.001,2.500,59.762,29.506,0,1470492,967256,177816,5315896,11729.323,540.107,0,9781.937,0,753.149,5497,9963,2.570,2.080,1.210,5,1,0,0,0,11,38,0,1,0
23-04 04:23:02,4.750,3.250,61.745,27.498,0.250,1471696,967256,177820,5314684,10062.204,539.957,0,9427.255,0,737.942,4930,9316,2.570,2.080,1.210,0,1,0,0,0,11,38,0,1,0
23-04 04:23:03,5.001,2.750,63.009,26.504,0,1473400,967256,177828,5312988,12120.810,540.081,0,11921.780,0,926.138,5830,11177,2.520,2.070,1.210,1,0,0,0,0,11,38,0,1,0
23-04 04:23:04,6.750,3.250,64.000,23.500,0,1473528,967256,177836,5312848,6113.024,486.002,0,10164.040,0,799.003,5146,9413,2.520,2.070,1.210,1,2,3.000,0,0,11,38,0,1,0
23-04 04:23:05,6.001,2.500,61.257,27.253,0,1473388,967256,177836,5312984,3692.422,540.062,0,13737.570,0,980.112,5430,9969,2.520,2.070,1.210,0,1,9.001,0,0,11,38,0,1,0
23-04 04:23:06,6.997,2.999,63.226,24.241,0,1472984,967256,177844,5313380,13736.864,539.798,0,10696.001,0,848.683,5575,9880,2.520,2.070,1.210,0,3,9.996,0,0,11,38,0,1,0
23-04 04:23:07,5.000,2.750,62.495,26.248,0,1472816,967256,177852,5313540,9094.319,539.960,0,11015.175,0,854.936,5263,9328,2.520,2.070,1.210,2,0,11.999,0,0,11,38,0,1,0
23-04 04:23:08,18.050,10.278,53.647,16.044,0,1348336,1091836,177860,5313428,5701.646,541.486,0,11836.482,0,820.251,6738,18318,2.560,2.090,1.220,1,1,165.454,0,0,11,32,0,4,0
23-04 04:23:09,9.254,23.761,62.779,3.001,0,1358924,1081052,177860,5313620,9440.324,540.247,0,4281.961,0,236.108,7215,6778,2.560,2.090,1.220,2,1,666.305,0,0,11,34,0,4,0
23-04 04:23:10,60.761,12.252,25.755,0.750,0,1521644,917972,177860,5313980,9466.780,540.102,0,1584.298,0,123.023,4843,3591,2.560,2.090,1.220,3,0,157.030,0,0,11,32,0,10,0
23-04 04:23:11,62.750,7.250,20.500,10.000,0,1680928,755460,177904,5316880,10984.011,540.001,0,3776.004,0,137.000,3825,1956,2.560,2.090,1.220,3,0,0,0,0,11,32,0,10,0
23-04 04:23:12,50.904,4.991,28.945,13.225,0,1784172,648388,177944,5320284,11305.596,485.082,0,7793.245,0,305.422,4415,3584,2.560,2.090,1.220,4,3,5.989,0,0,11,38,0,9,0
23-04 04:23:13,12.982,2.996,48.684,33.205,0,1783156,647156,177972,5322412,4276.164,581.207,0,10062.267,0,741.987,5873,10018,2.680,2.120,1.240,4,2,45.937,0,0,11,38,0,9,0
23-04 04:23:14,10.236,3.245,54.175,30.208,0,1784328,644384,177980,5323964,8561.071,790.898,0,12594.450,0,845.821,5720,10042,2.680,2.120,1.240,4,1,28.960,0,0,11,38,0,9,0
23-04 04:23:15,8.279,3.011,50.427,35.123,0,1784124,643124,177988,5325384,9735.170,879.086,0,12993.607,0,859.015,6527,11939,2.680,2.120,1.240,0,2,21.074,0,0,11,38,0,9,0
23-04 04:23:16,7.988,2.996,50.177,35.448,0,1783708,642116,178000,5326732,8043.310,539.216,0,14359.131,0,960.604,5833,10773,2.680,2.120,1.240,2,2,21.968,0,0,11,38,0,9,0
23-04 04:23:17,7.492,3.246,52.193,33.963,0,1783788,640352,178028,5328332,10636.366,539.410,0,16398.063,0,1030.872,5856,10806,2.680,2.120,1.240,0,2,17.980,0,0,11,38,0,9,0
23-04 04:23:18,8.502,3.251,55.262,30.006,0,1783612,639848,178040,5328984,8997.894,540.114,0,12818.699,0,943.199,7269,13788,2.540,2.100,1.240,2,1,36.008,0,0,11,38,0,9,0
23-04 04:23:19,7.515,3.257,51.353,34.319,0,1784048,637832,178060,5330484,12093.365,486.981,0,15210.645,0,1006.027,8192,15923,2.540,2.100,1.240,0,1,21.042,0,0,11,38,0,9,0
23-04 04:23:20,8.237,3.245,50.668,35.443,0.250,1783580,637076,178072,5331668,10297.368,539.129,0,12403.965,0,820.674,6130,11067,2.540,2.100,1.240,0,2,26.956,0,0,11,38,0,9,0
23-04 04:23:21,6.260,3.756,55.337,31.800,0,1784668,635060,178092,5332504,4041.342,540.849,0,13280.842,0,867.361,5965,11107,2.540,2.100,1.240,0,3,30.047,0,0,11,38,0,9,0
23-04 04:23:22,7.989,3.245,51.428,34.202,0,1784220,634052,178100,5333892,8642.967,539.249,0,14467.857,0,984.629,7119,13210,2.540,2.100,1.240,0,1,20.971,0,0,11,38,0,9,0
23-04 04:23:23,9.503,3.501,52.016,32.260,0,1783960,632540,178112,5335588,7750.421,540.169,0,14900.654,0,1087.340,6625,12039,2.660,2.130,1.250,1,2,36.011,0,0,11,38,0,9,0
23-04 04:23:24,10.493,3.998,54.716,28.232,0,1784184,631028,178112,5336840,8085.982,539.665,0,15906.129,0,1078.331,6602,11734,2.660,2.130,1.250,0,1,35.978,0,0,11,38,0,9,0
23-04 04:23:25,7.501,2.750,57.006,29.503,0,1783672,630524,178128,5337844,6191.630,540.055,0,14865.513,0,954.097,5339,10040,2.660,2.130,1.250,0,1,27.003,0,0,11,38,0,9,0
23-04 04:23:26,7.001,3.500,52.256,34.254,0,1783752,629264,178128,5338992,9525.172,540.066,0,12657.558,0,909.112,6380,11568,2.660,2.130,1.250,0,3,25.003,0,0,11,38,0,9,0
23-04 04:23:27,5.996,3.248,55.213,32.478,0,1784192,627500,178140,5340240,7006.320,485.676,0,13371.069,0,1013.323,6554,12445,2.660,2.130,1.250,0,1,20.986,0,0,11,38,0,9,0
23-04 04:23:28,8.005,3.002,49.031,36.273,0,1783488,626744,178148,5341660,5726.618,582.368,0,15285.658,0,1031.652,5979,10736,2.610,2.130,1.260,2,4,18.011,0,0,11,38,0,9,0
23-04 04:23:29,7.496,3.498,51.220,34.980,0,1783756,625484,178148,5342592,6331.338,539.688,0,15726.903,0,1085.372,6023,11259,2.610,2.130,1.260,1,5,17.990,0,0,11,38,0,9,0
23-04 04:23:30,6.005,3.503,59.051,28.525,0,1783936,624476,178152,5343388,14707.641,540.465,0,15661.461,0,1060.912,5839,10522,2.610,2.130,1.260,3,2,12.010,0,0,11,38,0,9,0
23-04 04:23:31,6.496,2.998,51.716,35.727,0,1783460,623972,178156,5344348,9310.893,539.646,0,14270.640,0,951.376,6276,11575,2.610,2.130,1.260,0,2,11.992,0,0,11,38,0,9,0
23-04 04:23:32,5.000,3.500,55.251,34.001,0,1783640,623468,178164,5344652,9049.239,582.015,0,13088.346,0,919.024,5205,9520,2.610,2.130,1.260,1,2,24.001,0,0,11,38,0,9,0
23-04 04:23:33,8.252,3.001,55.264,31.008,0,1783540,622208,178168,5345972,6532.628,582.145,0,9394.341,0,765.191,5966,10724,2.640,2.150,1.270,3,1,15.004,0,0,11,38,0,9,0
23-04 04:23:34,10.517,2.504,54.591,29.800,0,1783816,621704,178176,5346180,13227.987,486.809,0,12825.317,0,892.483,6011,10926,2.640,2.150,1.270,2,2,21.035,0,0,11,38,0,9,0
23-04 04:23:35,26.210,7.239,34.946,28.955,0,1692120,712228,178200,5347300,7669.194,539.170,0,16750.215,0,1085.329,7403,11744,2.640,2.150,1.270,1,4,90.860,0,0,11,36,0,9,0
23-04 04:23:36,30.482,5.247,38.228,24.985,0,1759464,643180,178212,5348920,5442.816,539.684,0,8315.136,0,652.618,5819,8955,2.640,2.150,1.270,1,4,36.978,0,0,11,36,0,9,0
23-04 04:23:37,24.463,6.241,35.446,31.952,0,1728416,672944,178228,5350144,6048.830,539.183,0,13431.639,0,922.601,6903,10867,2.640,2.150,1.270,1,2,100.847,0,0,11,36,0,9,0
23-04 04:23:38,6.266,3.259,52.889,34.591,0,1720528,679428,178240,5351452,9921.020,541.420,0,12661.207,0,900.361,5467,9910,2.590,2.140,1.270,2,1,18.047,0,0,11,36,0,9,0
23-04 04:23:39,7.993,2.997,56.952,28.976,0.250,1711448,687240,178264,5352644,10195.474,539.549,0,11226.612,0,863.278,5684,10157,2.590,2.140,1.270,0,1,35.970,0,0,11,36,0,9,0
23-04 04:23:40,6.500,4.000,53.499,34.499,0,1703264,694232,178268,5353800,10645.814,539.991,0,15391.732,0,1013.982,5537,10402,2.590,2.140,1.270,0,5,15.000,0,0,11,36,0,9,0
23-04 04:23:41,4.999,2.250,55.993,33.746,0,1696600,700024,178272,5354644,6141.261,539.935,0,12094.545,0,781.906,4634,8639,2.590,2.140,1.270,0,3,5.999,0,0,11,36,0,9,0
23-04 04:23:42,4.750,3.750,49.753,39.252,0,1690548,703900,178284,5356752,8433.451,486.026,0,13128.702,0,765.041,4919,9029,2.590,2.140,1.270,1,1,6.000,0,0,11,36,0,9,0
23-04 04:23:43,5.502,3.001,59.017,29.508,0,1685020,708464,178292,5357676,6203.743,540.152,0,11167.137,0,774.217,5031,9419,2.700,2.180,1.290,0,2,15.004,0,0,11,36,0,9,0
23-04 04:23:44,7.007,3.003,57.307,30.280,0,1679368,713080,178304,5358680,3419.417,540.540,0,13609.600,0,868.868,5427,9849,2.700,2.180,1.290,1,3,27.027,0,0,11,36,0,9,0
23-04 04:23:45,8.489,3.246,52.185,33.209,0,1675168,716076,178312,5359820,9023.760,539.328,0,9943.614,0,808.992,6030,10810,2.700,2.180,1.290,0,1,17.978,0,0,11,36,0,9,0
23-04 04:23:46,13.251,3.000,50.505,30.503,0,1669780,720612,178316,5360652,9766.028,540.057,0,17413.833,0,998.105,6519,11213,2.700,2.180,1.290,1,1,1.000,0,0,11,36,0,9,0
23-04 04:23:47,6.251,2.500,52.760,36.257,0,1667992,720828,178316,5362148,4514.844,540.101,0,10770.014,0,728.136,5069,9199,2.700,2.180,1.290,0,1,0,0,0,11,36,0,9,0
23-04 04:23:48,4.508,2.504,55.844,34.308,0,1665496,722164,178324,5363280,11349.137,540.912,0,11026.593,0,697.176,4565,8451,2.800,2.210,1.300,1,2,0,0,0,11,36,0,9,0
23-04 04:23:49,5.740,3.494,47.664,40.926,0,1662764,723448,178328,5364636,7625.181,578.951,0,14597.546,0,879.406,5249,9552,2.800,2.210,1.300,0,2,0,0,0,11,36,0,9,0
23-04 04:23:50,4.750,3.000,50.001,38.250,0,1660584,723796,178328,5366404,10109.105,540.006,0,14740.153,0,897.009,5861,10797,2.800,2.210,1.300,2,2,0,0,0,11,36,0,9,0
23-04 04:23:51,5.749,2.750,52.994,35.996,0,1658552,724132,178332,5368036,7779.064,539.935,0,10994.677,0,744.910,4992,9284,2.800,2.210,1.300,0,2,0,0,0,11,36,0,9,0
23-04 04:23:52,6.255,3.002,46.534,41.781,0,1656804,724352,178340,5369468,3920.886,540.398,0,14282.513,0,847.624,4984,9277,2.800,2.210,1.300,1,1,0,0,0,11,36,0,9,0
23-04 04:23:53,4.996,2.498,57.209,32.477,0,1655824,723804,178344,5370952,8655.822,539.615,0,10796.294,0,724.483,4568,8545,2.900,2.240,1.310,2,3,0,0,0,11,36,0,9,0
23-04 04:23:54,4.246,3.247,48.203,41.210,0,1655328,723196,178348,5372020,6317.861,539.476,0,13554.829,0,774.248,4703,8597,2.900,2.240,1.310,5,3,0,0,0,11,36,0,9,0
23-04 04:23:55,5.004,2.502,54.044,35.279,0,1654800,721684,178360,5373948,9200.566,540.444,0,8354.871,0,604.497,4680,8468,2.900,2.240,1.310,0,1,0,0,0,11,36,0,9,0
23-04 04:23:56,6.001,3.751,49.507,38.506,0,1654848,720928,178360,5374640,10207.538,486.073,0,12357.862,0,821.124,5222,9520,2.900,2.240,1.310,1,3,13.002,0,0,11,36,0,9,0
23-04 04:23:57,6.000,3.750,56.753,30.752,0,1655272,719920,178364,5375200,6384.316,540.027,0,15448.766,0,1021.051,6380,12232,2.900,2.240,1.310,0,1,6.000,0,0,11,36,0,9,0
23-04 04:23:58,4.000,3.250,54.000,35.750,0,1655364,719920,178364,5375104,10957.984,539.999,0,14067.979,0,981.999,5345,9573,3.070,2.280,1.330,0,2,9.000,0,0,11,36,0,9,0
23-04 04:23:59,4.499,2.750,60.491,28.996,0,1655076,719668,178368,5375628,6755.027,539.922,0,8434.785,0,742.893,5194,9145,3.070,2.280,1.330,0,2,11.998,0,0,11,36,0,9,0
23-04 04:24:00,5.750,4.250,59.255,29.002,0,1655276,719164,178372,5375916,4149.323,540.042,0,14717.144,0,1017.079,5541,10257,3.070,2.280,1.330,0,2,18.001,0,0,11,36,0,9,0
23-04 04:24:01,8.751,2.500,59.256,26.252,0,1656724,716644,178376,5376952,12504.174,540.051,0,9776.918,0,781.073,5269,9196,3.070,2.280,1.330,0,1,12.001,0,0,11,36,0,9,0
23-04 04:24:02,9.499,2.750,57.493,27.746,0,1658408,714628,178376,5377280,8589.892,539.930,0,14022.192,0,966.875,5716,10680,3.070,2.280,1.330,2,2,8.999,0,0,11,36,0,9,0
23-04 04:24:03,4.499,2.499,59.235,31.242,0,1658312,714376,178376,5377616,9843.463,539.861,0,12908.674,0,823.788,4561,8313,2.900,2.260,1.330,0,1,11.997,0,0,11,36,0,9,0
23-04 04:24:04,5.002,2.501,55.775,34.265,0,1658820,713368,178376,5378104,6554.913,486.216,0,10604.713,0,659.293,5508,10018,2.900,2.260,1.330,0,2,12.005,0,0,11,36,0,9,0
23-04 04:24:05,6.480,2.492,54.584,33.399,0,1658472,713368,178376,5378444,9061.463,538.364,0,9598.830,0,703.861,5578,9803,2.900,2.260,1.330,8,1,11.964,0,0,11,36,0,9,0
23-04 04:24:06,5.278,3.267,58.809,31.163,0,1657812,713368,178376,5379084,6806.709,542.848,0,9670.734,0,718.771,4782,8503,2.900,2.260,1.330,0,4,16.084,0,0,11,36,0,9,0
23-04 04:24:07,24.450,3.992,45.907,23.203,0,1513800,857112,178376,5379352,8285.194,538.907,0,14119.359,0,948.077,5878,9207,2.900,2.260,1.330,2,0,51.895,0,0,11,32,0,9,0
23-04 04:24:08,21.492,13.495,63.477,1.499,0,1401372,969488,178376,5379276,6569.592,539.802,0,1635.401,0,102.962,4669,14133,2.750,2.240,1.330,1,0,247.909,0,0,11,32,0,10,0
23-04 04:24:09,22.254,3.751,69.263,4.251,0,1466640,904220,178376,5379380,13071.483,540.103,0,3420.650,0,221.042,2125,2011,2.750,2.240,1.330,1,0,1.000,0,0,11,32,0,7,0
23-04 04:24:10,22.762,2.751,73.038,0.250,0,1443852,927000,178376,5379388,12141.292,540.280,0,156.081,0,17.009,2459,1992,2.750,2.240,1.330,1,0,17.009,0,0,11,32,0,7,0
23-04 04:24:11,21.483,3.747,73.692,0,0,1510128,860724,178376,5379388,9686.372,485.618,0,295.767,0,36.971,2070,1729,2.750,2.240,1.330,1,0,12.990,0,0,11,32,0,7,0
23-04 04:24:12,23.010,2.751,73.532,0.250,0,1562788,808056,178376,5379396,7481.256,540.235,0,496.216,0,39.017,2008,1704,2.750,2.240,1.330,1,0,2.001,0,0,11,34,0,7,0
23-04 04:24:13,15.542,25.820,57.657,0,0,1499432,871376,178376,5379428,9024.619,541.477,0,669.827,0,42.115,6401,6279,2.690,2.230,1.330,5,0,801.186,0,0,11,32,0,1,0
23-04 04:24:14,9.751,27.252,61.254,1.250,0,1500752,870004,178376,5379480,6880.422,540.033,0,524.032,0,74.005,7053,6350,2.690,2.230,1.330,1,0,797.049,0,0,11,32,0,1,0
23-04 04:24:15,8.239,20.224,68.411,1.248,0,1480936,889736,178376,5379560,4326.363,539.297,0,163.787,0,10.986,5917,4558,2.690,2.230,1.330,1,0,430.439,0,0,11,32,0,1,0
23-04 04:24:16,9.260,21.523,68.574,0,0,1470468,900160,178376,5379600,4564.911,540.582,0,60.065,0,13.014,5931,4821,2.690,2.230,1.330,3,0,427.460,0,0,11,32,0,1,0
23-04 04:24:17,21.972,15.480,61.921,0,0,1450452,920116,178376,5380068,11291.648,539.315,0,11.985,0,2.996,6268,7806,2.690,2.230,1.330,4,0,253.678,0,0,11,32,0,1,0
23-04 04:24:18,45.714,7.744,45.963,0,0,1523508,847020,178380,5380108,7120.325,539.570,0,39.968,0,0.999,3204,2072,2.630,2.230,1.340,2,0,75.939,0,0,11,33,0,1,0
23-04 04:24:19,44.751,5.250,48.251,1.000,0,1611848,758372,178384,5380404,10208.114,486.005,104.001,496.006,1.000,23.000,3451,2819,2.630,2.230,1.340,3,0,17.000,0,0,11,49,0,1,0
23-04 04:24:20,40.569,8.765,45.828,4.257,0,1654736,711004,178440,5384416,6320.787,540.923,0,6623.303,0,397.679,7915,10252,2.630,2.230,1.340,1,1,85.145,0,0,11,48,0,1,0
23-04 04:24:21,15.262,18.765,63.802,1.001,0,1670216,695380,178444,5384784,9646.806,540.437,0,1096.888,0,59.048,7537,8600,2.630,2.230,1.340,1,0,390.316,0,0,11,48,0,1,0
23-04 04:24:22,6.478,2.990,83.211,5.481,0,1649120,716496,178444,5384456,6202.485,538.133,0,3647.348,0,181.371,2106,2677,2.630,2.230,1.340,4,0,28.900,0,0,11,48,0,1,0
23-04 04:24:23,0.500,0.500,96.242,1.750,0,1649120,716496,178444,5384456,10350.161,539.956,0,315.974,0,22.998,903,1334,2.420,2.190,1.330,4,0,3.000,0,0,11,48,0,1,0
23-04 04:24:24,0.500,0.750,97.745,0.500,0,1649120,716496,178444,5384456,10403.500,539.974,0,119.994,0,12.999,933,1277,2.420,2.190,1.330,2,0,3.000,0,0,11,48,0,1,0
23-04 04:24:25,0.500,0.250,94.497,3.750,0,1649344,716272,178444,5384456,6781.764,539.981,0,4467.845,0,339.988,916,1016,2.420,2.190,1.330,0,0,1.000,0,0,11,48,0,1,0
23-04 04:24:26,6.774,8.781,83.795,0,0,1652716,712796,178444,5384920,3840.543,541.911,0,0,0,0,3465,4690,2.420,2.190,1.330,1,0,201.711,0,0,11,48,0,1,0
23-04 04:24:27,15.732,11.737,71.420,0,0,1662364,703136,178444,5384580,9455.411,485.456,0,11.987,0,2.997,4717,5333,2.420,2.190,1.330,1,0,198.777,0,0,11,48,0,1,0
23-04 04:24:28,14.470,19.709,64.866,0,0.249,1707944,657436,178444,5385076,10053.161,776.391,0,3.992,0,0.998,6380,6296,2.310,2.170,1.330,1,0,412.146,0,0,12,48,0,1,0
23-04 04:24:29,15.499,11.749,71.244,0.500,0,1666228,699028,178444,5384776,11191.014,539.952,0,535.953,0,41.996,5337,6336,2.310,2.170,1.330,0,0,259.977,0,0,12,64,0,1,0
23-04 04:24:30,6.754,10.006,80.796,0,0,1676236,688960,178444,5385172,15275.771,540.310,0,0,0,0,4400,5114,2.310,2.170,1.330,1,0,204.117,0,0,14,66,0,1,0
23-04 04:24:31,15.291,13.787,69.688,0,0,1666256,698900,178444,5384844,4721.706,541.457,0,44.119,0,6.016,5397,6097,2.310,2.170,1.330,2,0,291.785,0,0,14,66,0,2,0
23-04 04:24:32,9.238,19.974,69.910,0,0,1651860,713240,178448,5384876,10006.166,539.308,0,35.954,0,8.988,5922,4515,2.310,2.170,1.330,2,0,398.489,0,0,14,66,0,2,0
23-04 04:24:33,17.728,15.981,64.671,0,0,1659712,705372,178448,5384892,10936.701,665.191,0,27.966,0,6.991,6528,7866,2.200,2.150,1.330,2,0,267.675,0,0,14,66,0,2,0
23-04 04:24:34,28.815,25.307,44.601,0.501,0,1755980,609032,178456,5384956,11314.537,487.099,0,589.330,0,13.029,7178,6327,2.200,2.150,1.330,2,0,687.552,0,0,14,66,0,2,0
23-04 04:24:35,30.642,23.169,44.843,0,0,1823768,539572,178536,5386424,9184.751,538.111,7.972,47.832,0.997,8.969,7860,9822,2.200,2.150,1.330,2,0,638.757,0,0,14,70,0,4,0
23-04 04:24:36,37.110,19.056,43.128,0,0,1927344,435816,178536,5386584,9557.328,541.605,0,32.095,0,8.024,6851,7348,2.200,2.150,1.330,2,0,334.993,0,0,14,70,0,4,0
23-04 04:24:37,63.786,25.264,10.756,0,0,2078620,284328,178552,5387236,7371.150,540.304,0,36.020,0,9.005,5891,5325,2.200,2.150,1.330,4,0,571.322,0,0,14,70,0,4,0
23-04 04:24:38,63.538,20.183,14.950,0.498,0,2192692,169348,178580,5388056,4090.327,627.901,0,2212.604,0,137.540,6003,8081,2.430,2.200,1.350,5,0,347.837,0,0,14,70,0,4,0
23-04 04:24:39,62.277,22.510,2.751,12.005,0,2274512,190124,174624,5291924,4487.912,540.230,428.182,9428.016,46.020,489.208,6139,6904,2.430,2.200,1.350,7,0,459.196,0,0,14,70,0,4,0
23-04 04:24:40,72.620,18.781,4.507,4.257,0,2456112,169172,172148,5137524,8917.776,540.896,1173.945,2115.505,90.149,57.095,6656,8610,2.430,2.200,1.350,3,2,278.461,0,0,14,76,0,4,0
23-04 04:24:41,47.566,20.278,11.015,19.527,0,2564848,136140,171872,5064020,6878.518,540.748,16.022,7298.099,4.006,540.748,8697,13193,2.430,2.200,1.350,2,1,454.629,0,0,14,76,0,4,0
23-04 04:24:42,49.318,15.443,17.436,17.685,0,2632764,128716,171604,5005016,8587.244,484.209,625.686,14195.504,51.808,325.795,8458,12211,2.430,2.200,1.350,3,1,205.241,0,0,14,77,0,4,0
23-04 04:24:43,50.732,7.247,21.742,18.743,0,2748384,151568,171096,4870284,9075.812,539.810,27.990,7869.235,1.999,286.899,6534,8539,2.710,2.270,1.370,3,0,3.999,0,0,14,79,0,4,0
23-04 04:24:44,75.965,16.242,5.248,1.249,0,2849392,158276,171136,4764788,9376.670,539.751,47.978,2538.828,5.997,181.916,10059,19435,2.710,2.270,1.370,5,0,291.865,0,0,14,90,0,11,0
23-04 04:24:45,27.567,23.306,46.362,3.007,0,2903020,131616,171140,4738656,7705.652,541.310,16.039,1784.319,4.010,97.235,8805,13514,2.710,2.270,1.370,2,0,549.330,0,0,14,97,0,16,0
23-04 04:24:46,27.458,15.227,54.417,1.248,0,2949824,150716,171144,4674264,4343.381,539.178,19.970,1146.253,1.997,58.910,6102,7349,2.710,2.270,1.370,3,0,270.588,0,0,14,98,0,16,0
23-04 04:24:47,46.385,6.733,44.390,2.244,0,3068188,165372,171164,4544008,4005.081,538.666,0,3291.847,0,170.578,3208,2338,2.710,2.270,1.370,3,0,0,0,0,14,98,0,16,0
23-04 04:24:48,11.291,17.815,68.752,1.255,0,3097660,135480,171164,4544416,10007.715,632.320,8.029,1188.360,2.007,71.261,5950,5066,2.580,2.240,1.370,2,0,343.259,0,0,14,101,0,16,0
23-04 04:24:49,8.261,19.527,70.596,0,0,3087156,145928,171164,4544456,11138.137,634.863,4.005,176.240,1.001,18.024,5917,4587,2.580,2.240,1.370,2,0,373.508,0,0,14,101,0,16,0
23-04 04:24:50,12.219,15.460,71.317,0,0,3112868,187636,171168,4478684,9052.727,484.754,7.979,39.897,1.995,3.990,4689,3530,2.580,2.240,1.370,1,0,275.292,0,0,14,101,0,16,0
23-04 04:24:51,17.759,1.751,78.290,1.001,0,3156832,143604,171168,4478752,12545.392,6256.187,64.033,60.031,4.002,2.001,1893,1631,2.580,2.240,1.370,2,0,0,0,0,14,102,0,16,0
23-04 04:24:52,18.498,5.750,73.994,0.500,0,3136368,164020,171172,4478796,27493.662,17429.518,7.999,435.963,2.000,32.997,3241,3067,2.580,2.240,1.370,1,0,62.995,0,0,14,103,0,17,0
23-04 04:24:53,18.981,3.497,77.174,0.250,0,3150696,214944,171048,4415188,9482.644,2920.119,7.992,39.961,1.998,3.996,1775,1359,2.370,2.210,1.360,1,0,0,0,0,14,104,0,17,0
23-04 04:24:54,19.015,3.503,74.309,2.252,0,3157652,207696,171064,4415436,7797.180,4634.673,8.006,716.568,2.002,55.044,2996,3397,2.370,2.210,1.360,1,0,2.002,0,0,14,110,0,18,0
23-04 04:24:55,22.814,7.270,55.656,12.535,0,3257864,171376,171064,4353332,8740.531,541.520,377.058,6807.104,15.042,234.659,5488,7916,2.370,2.210,1.360,2,0,6.017,0,0,14,115,0,18,0
23-04 04:24:56,26.249,8.250,62.248,2.500,0,3241888,187176,171064,4353508,12848.537,1682.939,99.996,1455.948,5.000,112.996,5445,6383,2.370,2.210,1.360,1,0,112.996,0,0,14,116,0,20,0
23-04 04:24:57,19.508,2.001,77.282,0.250,0,3292540,136480,171064,4353552,6223.608,2925.226,0,820.344,0,35.015,1933,1700,2.370,2.210,1.360,2,0,1.000,0,0,14,119,0,20,0
23-04 04:24:58,18.741,2.749,71.714,5.497,0,3289596,139360,171064,4353616,14316.861,6477.770,47.976,1691.157,2.999,123.938,2558,2720,2.180,2.170,1.350,2,0,1.999,0,0,14,123,0,20,0
23-04 04:24:59,29.420,8.477,57.593,1.995,0,3325288,167800,171068,4291100,12440.033,1819.033,39.891,1731.273,3.989,165.548,5359,6770,2.180,2.170,1.350,6,0,95.739,0,0,14,122,0,21,0
23-04 04:25:00,43.446,7.241,45.194,3.995,0,3369496,123580,171068,4291112,13370.374,2502.888,0,11281.971,0,589.267,3714,2253,2.180,2.170,1.350,1,0,4.994,0,0,14,123,0,21,0
23-04 04:25:01,24.287,6.260,67.603,1.502,0,3328452,227980,171068,4229368,32358.356,21210.352,180.275,544.831,1.002,26.040,2899,2200,2.180,2.170,1.350,1,0,55.084,0,0,14,122,0,22,0
23-04 04:25:02,18.491,2.999,77.962,0.250,0,3388932,167500,171068,4229368,6417.869,2923.574,0,487.762,0,23.988,1765,1349,2.180,2.170,1.350,1,0,2.999,0,0,14,123,0,22,0
23-04 04:25:03,19.743,4.998,74.225,0,0,3396412,159984,171068,4229388,29579.037,20686.032,0,819.724,0,41.986,2593,2040,2.080,2.150,1.350,1,0,50.983,0,0,14,122,0,23,0
23-04 04:25:04,18.255,2.501,77.772,0.500,0,3438976,179584,171068,4168732,11332.211,6193.755,8.002,112.032,2.001,13.004,1877,1511,2.080,2.150,1.350,1,0,0,0,0,14,123,0,23,0
23-04 04:25:05,24.268,6.505,64.297,3.503,0,3366384,252020,171072,4168884,5505.985,2509.817,96.070,2013.457,8.006,156.113,5746,8057,2.080,2.150,1.350,1,0,90.065,0,0,14,126,0,24,0
23-04 04:25:06,20.477,3.496,73.666,1.998,0,3406440,211712,171076,4169116,9963.667,2449.214,0,491.441,0,38.956,2091,1921,2.080,2.150,1.350,0,0,0.999,0,0,14,127,0,24,0
23-04 04:25:07,17.759,5.003,76.289,0,0,3402904,215236,171076,4169128,30871.622,21188.722,0,88.045,0,6.003,2563,2017,2.080,2.150,1.350,1,0,55.028,0,0,14,126,0,25,0
23-04 04:25:08,24.574,10.532,62.941,1.254,0,3427184,190708,171224,4169228,15905.206,6272.009,204.620,168.511,10.030,13.040,4172,13168,2,2.130,1.350,2,0,272.827,0,0,14,127,0,26,0
23-04 04:25:09,20.207,6.486,62.865,8.981,0,3433344,184408,171228,4169364,9878.774,1475.829,31.931,3915.587,1.996,354.239,6446,9846,2,2.130,1.350,1,0,97.790,0,0,14,130,0,26,0
23-04 04:25:10,22.223,5.993,67.169,2.747,0,3427532,189988,171228,4169596,5432.469,1843.783,47.942,1745.901,2.996,140.831,4932,6951,2,2.130,1.350,1,0,52.936,0,0,14,129,0,28,0
23-04 04:25:11,18.060,3.010,78.009,0.752,0,3474884,142628,171228,4169604,11461.010,2933.730,0,610.023,0,38.126,1698,1353,2,2.130,1.350,2,0,0,0,0,14,130,0,27,0
23-04 04:25:12,16.450,3.739,77.015,1.495,0,3464388,153100,171236,4169620,14462.837,8228.873,0,2037.778,0,132.595,3341,4023,2,2.130,1.350,1,0,0,0,0,14,130,0,27,0
23-04 04:25:13,30.015,6.003,60.029,2.001,0,3464444,152928,171244,4169728,9799.757,1286.625,0,1788.868,0,170.083,9338,14598,2.160,2.160,1.370,2,0,0,0,0,14,129,0,27,1
23-04 04:25:14,24.216,7.240,67.405,0.499,0,3426772,190564,171248,4169760,6148.295,605.143,0,930.682,0,66.905,3812,4265,2.160,2.160,1.370,2,0,76.891,0,0,14,129,0,28,0
23-04 04:25:15,14.763,2.252,74.814,7.006,0,3439248,178092,171248,4169772,21789.735,8828.591,0,2598.234,0,302.260,2409,2231,2.160,2.160,1.370,1,0,1.001,0,0,14,132,0,29,0
23-04 04:25:16,19.248,8.749,63.494,7.499,0,3457116,160180,171252,4169812,13850.622,1880.813,0,5423.460,0,402.960,4727,5782,2.160,2.160,1.370,1,0,147.985,0,0,14,131,0,30,0
23-04 04:25:17,19.012,2.502,76.797,1.001,0,3494052,184788,171124,4109864,12422.580,6254.817,0,564.344,0,31.019,1793,1439,2.160,2.160,1.370,1,0,0,0,0,14,132,0,30,0
23-04 04:25:18,17.729,2.497,76.657,1.748,0,3490864,187828,171124,4110012,12693.664,6375.297,11.986,970.827,2.996,81.901,4000,5067,2.150,2.160,1.370,1,0,0,0,0,14,132,0,30,0
23-04 04:25:19,31.121,9.035,54.211,4.016,0,3490224,188252,171124,4110184,12520.736,1979.706,36.141,2168.440,3.012,167.653,8548,12826,2.150,2.160,1.370,1,0,90.352,0,0,14,134,0,30,0
23-04 04:25:20,35.236,11.745,49.980,2.249,0,3408836,269492,171124,4110312,10189.837,1107.548,55.977,1587.352,4.998,139.943,8532,12277,2.150,2.160,1.370,1,0,285.883,0,0,14,133,0,31,0
23-04 04:25:21,18.698,2.992,76.785,0.249,0,3434984,243312,171124,4110344,13564.070,6982.475,0,674.115,0,38.891,1928,1511,2.150,2.160,1.370,0,0,5.983,0,0,14,134,0,31,0
23-04 04:25:22,12.270,14.523,72.116,0.250,0,3417676,260592,171124,4110372,8027.891,1701.733,0,625.004,0,36.058,5064,4090,2.150,2.160,1.370,2,0,287.462,0,0,14,133,0,32,0
23-04 04:25:23,11.998,20.747,65.491,0.500,0,3402064,276040,171124,4110896,10006.652,539.927,0,623.916,0,38.995,6914,6737,2.130,2.160,1.370,1,0,413.944,0,0,14,133,0,32,0
23-04 04:25:24,25.268,15.761,58.542,0,0,3440384,237672,171128,4110564,9806.075,540.390,0,16.012,0,4.003,5977,6237,2.130,2.160,1.370,2,0,335.242,0,0,14,133,0,32,0
23-04 04:25:25,33.688,22.209,41.174,2.495,0,3479732,198244,171128,4111104,4655.438,539.009,15.971,1960.395,0.998,81.849,7504,7400,2.130,2.160,1.370,4,0,546.994,0,0,14,135,0,32,0
23-04 04:25:26,38.575,17.534,42.082,0.751,0,3531256,203592,171132,4055232,3444.692,611.187,88.171,569.106,6.012,29.056,6139,7640,2.130,2.160,1.370,3,0,375.730,0,0,16,139,0,32,0
23-04 04:25:27,55.759,26.504,15.753,1.000,0,3683576,133824,170888,3973888,10231.652,540.087,100.016,868.140,8.001,53.009,9240,13914,2.130,2.160,1.370,6,0,578.093,0,0,16,145,0,32,0
23-04 04:25:28,55.494,17.748,25.747,0.500,0,3774084,146848,170888,3871240,9154.969,539.939,47.995,543.939,4.000,29.997,8898,12618,2.120,2.150,1.380,2,0,327.963,0,0,16,161,0,32,0
23-04 04:25:29,35.543,22.777,39.297,1.252,0,3833524,188184,170772,3772392,8739.501,486.585,16.019,961.155,4.005,35.042,7174,6551,2.120,2.150,1.380,5,1,607.730,0,0,16,161,0,32,0
23-04 04:25:30,22.689,17.952,58.094,0.499,0,3868612,153004,170772,3772920,9160.364,628.310,0,482.702,0,34.906,7620,9247,2.120,2.150,1.380,1,0,387.957,0,0,17,161,0,32,0
23-04 04:25:31,27.529,18.269,45.547,7.758,0,3924540,150996,170772,3719796,9907.268,540.560,8.008,10330.707,2.002,800.830,6883,5558,2.120,2.150,1.380,2,0,406.421,0,0,17,161,0,32,0
23-04 04:25:32,35.685,19.215,43.920,0,0,3984748,130008,170780,3681836,6753.746,539.022,7.986,475.138,1.996,33.938,7263,9648,2.120,2.150,1.380,1,0,391.290,0,0,17,167,0,32,0
23-04 04:25:33,31.011,22.258,45.516,0.250,0,4047080,134228,170780,3616448,5141.771,540.186,16.006,32.011,1.000,8.003,7726,10454,2.270,2.180,1.390,3,0,594.205,0,0,17,167,0,32,0
23-04 04:25:34,36.068,26.550,35.066,1.002,0,4162700,137940,170788,3499976,9835.612,541.024,20.038,1005.903,5.009,57.108,10166,17919,2.270,2.180,1.390,5,0,709.342,0,0,17,177,0,32,0
23-04 04:25:35,14.954,19.190,65.048,0,0,4184776,156700,170788,3460292,8891.414,608.113,3.988,474.528,0.997,29.907,6778,7490,2.270,2.180,1.390,3,0,355.896,0,0,17,179,0,31,2
23-04 04:25:36,33.584,13.033,51.880,1.003,0,4281436,151308,170792,3369828,6493.297,487.223,340.855,4074.225,6.015,20.050,4742,4565,2.270,2.180,1.390,2,0,187.471,0,0,17,185,0,31,2
23-04 04:25:37,44.149,7.233,45.645,2.245,0,4405112,151120,170792,3248700,9016.306,538.763,291.331,438.992,10.975,32.924,3248,2018,2.270,2.180,1.390,2,0,0.998,0,0,17,185,0,31,2
23-04 04:25:38,33.623,10.037,53.947,1.506,0,4345800,254088,170792,3206296,6649.325,541.983,36.132,401.469,4.015,39.143,4171,4123,2.170,2.160,1.390,4,0,191.701,0,0,17,204,0,31,2
23-04 04:25:39,32.190,23.706,40.674,2.745,0,4420576,178148,170800,3207424,9758.768,780.542,918.284,586.904,9.981,47.910,7366,7046,2.170,2.160,1.390,1,0,581.913,0,0,17,207,1,29,2
23-04 04:25:40,38.769,21.621,36.035,2.982,0,4454132,170880,170808,3181884,15118.854,9084.832,934.428,719.709,17.893,41.751,7771,9880,2.170,2.160,1.390,5,0,381.724,0,0,17,211,0,30,2
23-04 04:25:41,67.552,15.067,12.807,4.520,0,4572580,156124,170820,3080264,4669.883,542.426,482.156,1466.558,12.054,17.076,4788,4139,2.170,2.160,1.390,4,0,136.611,0,0,17,212,0,30,2
23-04 04:25:42,47.987,9.497,21.494,19.745,0,4661264,139100,170840,3011268,20287.443,10571.105,1775.514,3826.952,53.985,173.952,5487,5870,2.170,2.160,1.390,0,2,24.993,0,0,17,227,0,30,2
23-04 04:25:43,52.049,9.759,17.517,19.518,0,4639504,193288,170904,2979640,7789.366,1474.394,5941.619,2113.999,444.420,139.132,6209,6644,2.320,2.190,1.400,3,0,29.027,0,0,17,228,0,31,2
23-04 04:25:44,40.865,20.056,36.352,2.758,0,4682192,189908,170908,2941324,18952.366,8308.395,64.181,1095.084,5.014,51.144,7694,9986,2.320,2.190,1.400,4,0,474.336,0,0,17,230,0,36,2
23-04 04:25:45,35.510,18.005,37.510,7.752,0,4651100,218984,170908,2943248,7767.128,3636.996,68.019,10478.871,3.001,81.022,7993,11432,2.320,2.190,1.400,2,0,323.089,0,0,17,231,0,37,2
23-04 04:25:46,53.498,24.249,19.499,2.000,0,4756164,152920,170920,2905492,15082.430,6252.764,4.000,2067.922,1.000,197.993,7123,7526,2.320,2.190,1.400,4,0,546.979,0,0,17,232,0,37,2
23-04 04:25:47,45.826,17.932,24.158,10.958,0,4731408,209212,170940,2874476,12150.801,5766.077,1036.061,6499.289,46.822,586.769,7798,9853,2.320,2.190,1.400,5,0,305.837,0,0,17,233,0,26,2
23-04 04:25:48,61.127,27.307,9.770,2.004,0,4870016,268772,170944,2680116,4016.338,541.123,272.566,725.506,13.027,42.087,7947,10720,2.370,2.210,1.410,5,0,573.190,0,0,17,235,0,29,2
23-04 04:25:49,51.839,19.784,23.540,3.005,0,4930536,203756,170960,2684688,15912.182,11548.728,625.068,1310.238,36.062,89.152,9899,17203,2.370,2.210,1.410,6,0,333.570,0,0,17,247,0,31,3
23-04 04:25:50,69.937,13.689,14.186,0.498,0,5012260,145144,170888,2662164,9469.565,603.296,565.466,629.180,9.955,37.830,7367,13693,2.370,2.210,1.410,3,0,78.648,0,0,17,247,0,32,2
23-04 04:25:51,48.588,7.514,38.570,6.011,0,5094580,151932,170540,2575596,22452.524,17110.883,1258.271,969.750,78.141,51.092,5530,6212,2.370,2.210,1.410,6,0,9.016,0,0,17,255,0,37,0
23-04 04:25:52,56.591,9.473,29.168,3.241,0,5127296,123052,170540,2571976,14626.817,3874.092,1288.372,857.585,34.902,80.773,5604,5157,2.370,2.210,1.410,3,0,23.933,0,0,17,259,0,39,0
23-04 04:25:53,37.933,25.624,20.851,14.570,0,5115568,131140,170800,2575256,20394.536,11449.317,4131.963,18825.957,64.311,1008.874,9470,9976,2.500,2.240,1.420,5,0,568.748,0,0,17,259,0,40,0
23-04 04:25:54,54.515,23.256,21.256,0,0,5078928,167268,170800,2576128,10110.752,540.147,788.215,564.154,8.002,41.011,6738,8671,2.500,2.240,1.420,5,0,393.107,0,0,17,259,0,40,0
23-04 04:25:55,66.877,14.972,15.222,3.244,0,5198736,141840,170804,2484276,16183.248,10370.933,1269.666,990.180,53.901,38.928,5634,4487,2.500,2.240,1.420,3,0,168.690,0,0,18,263,0,40,0
23-04 04:25:56,73.156,11.274,5.261,9.520,0,5242840,127596,170804,2455204,6451.716,1585.370,3435.303,1174.497,175.373,68.145,6235,5815,2.500,2.240,1.420,4,0,20.043,0,0,18,266,0,39,0
23-04 04:25:57,72.409,10.237,8.989,8.240,0,5307008,150348,170844,2371600,11333.729,8573.205,1721.832,2536.806,68.913,189.761,6877,7717,2.500,2.240,1.420,5,0,17.977,0,0,18,271,0,39,0
23-04 04:25:58,42.221,14.490,41.222,1.249,0,5323968,132632,170848,2372356,13827.487,4427.954,823.433,875.398,10.992,62.957,5797,8094,2.540,2.250,1.430,2,0,224.845,0,0,18,274,0,42,0
23-04 04:25:59,37.617,7.972,52.813,0.498,0,5350748,136996,170856,2342528,22101.915,10271.710,566.000,669.634,8.968,55.803,4049,4080,2.540,2.250,1.430,4,0,8.968,0,0,18,281,0,42,0
23-04 04:26:00,40.698,12.310,44.968,2.010,0,5327752,141700,170856,2360772,16641515.580,156533.459,3054.841,779.788,32.156,66.322,11271,7078,2.540,2.250,1.430,5,0,146.713,0,0,18,278,0,40,0
23-04 04:26:01,42.658,10.477,45.402,0.249,0,5383340,136308,170856,2312384,15839.699,6305.346,279.395,614.669,4.989,47.896,4209,3376,2.540,2.250,1.430,3,0,127.723,0,0,18,283,0,40,0
23-04 04:26:02,29.244,4.499,63.487,1.250,0,5348392,171108,170860,2312532,23780.208,14780.022,0,771.844,0,71.985,3965,4298,2.540,2.250,1.430,3,0,6.999,0,0,18,292,0,42,0
23-04 04:26:03,29.319,4.511,59.139,5.764,0,5391596,157268,170860,2284116,162208.999,6060653.360,449.055,833.959,27.064,77.181,5366,5967,2.420,2.230,1.430,1,0,2.005,0,0,18,291,0,45,0
23-04 04:26:04,17.717,3.743,76.606,0.499,0,5323360,225480,170860,2284140,6532151.034,10437220.593,3.992,610.851,0.998,51.902,5890,4745,2.420,2.230,1.430,1,0,36.931,0,0,18,295,0,45,0
23-04 04:26:05,19.198,4.737,63.329,9.973,0,5244468,288148,170872,2300320,10249036.052,67904.350,99.730,4240.531,5.984,196.469,8539,8901,2.420,2.230,1.430,1,2,30.916,0,0,18,292,0,48,0
23-04 04:26:06,10.007,17.512,61.290,9.756,0,5277152,255376,170872,2300408,6287.131,582.383,28.018,27430.024,2.001,81.053,5569,4982,2.420,2.230,1.430,4,0,436.287,0,0,18,292,0,48,0
23-04 04:26:07,22.580,4.767,69.999,2.258,0,5322568,209856,170876,2300508,3881.826,487.737,96.343,1481.276,5.018,82.293,2610,2373,2.420,2.230,1.430,1,0,29.104,0,0,18,292,0,48,0
23-04 04:26:08,11.761,21.270,64.810,0.250,0,5315512,216688,170876,2300720,9362.618,540.497,172.158,152.140,9.008,14.013,6899,17793,2.470,2.240,1.440,2,0,456.420,0,0,18,292,0,47,0
23-04 04:26:09,3.979,9.201,81.815,3.233,0,5309620,222552,170876,2300760,6508.426,537.147,0,692.322,0,112.403,3503,3196,2.470,2.240,1.440,0,0,218.837,0,0,18,292,0,47,0
23-04 04:26:10,13.011,3.503,81.821,1.001,0,5353008,179160,170876,2300764,11044.580,540.469,0,1185.028,0,30.026,1988,2065,2.470,2.240,1.440,1,0,9.008,0,0,18,292,0,47,0
23-04 04:26:11,18.200,2.493,76.291,1.745,0,5376680,155340,170876,2300912,12305.261,8450.829,0,147.595,0,16.954,2125,1913,2.470,2.240,1.440,1,0,1.995,0,0,18,297,0,47,0
23-04 04:26:12,12.281,12.031,71.684,3.008,0,5358840,173100,170880,2300988,5088.044,1543.958,76.195,20.051,7.018,1.003,4465,3754,2.470,2.240,1.440,1,0,182.468,0,0,18,300,0,45,0
23-04 04:26:13,11.772,15.780,70.884,0,0,5332652,198960,170880,2301268,9507.924,541.020,4.008,0,1.002,0,5505,4046,2.350,2.220,1.440,1,0,222.419,0,0,18,300,0,45,0
23-04 04:26:14,15.466,12.722,70.095,0.499,0,5343104,188264,170880,2301496,9679.597,538.809,3.991,494.906,0.998,43.903,5106,4369,2.350,2.220,1.440,5,0,196.565,0,0,18,300,0,45,0
23-04 04:26:15,23.763,3.752,62.785,8.755,0,5400460,130868,170880,2301536,6192.500,486.275,32.018,7031.975,1.001,856.484,3280,2856,2.350,2.220,1.440,1,0,3.002,0,0,18,304,0,45,0
23-04 04:26:16,18.250,3.000,72.000,6.500,0,5394188,166636,170880,2273000,9480.978,539.999,407.999,379.999,14.000,35.000,2358,2247,2.350,2.220,1.440,2,0,5.000,0,0,18,308,0,42,0
23-04 04:26:17,23.189,2.992,69.818,2.743,0,5376740,184036,170880,2273052,7897.362,538.593,23.937,2170.328,3.990,182.523,2396,1937,2.350,2.220,1.440,2,0,4.987,0,0,18,304,0,42,0
23-04 04:26:18,23.057,4.261,71.677,0,0,5439744,121016,170880,2273068,9715.995,541.337,0,116.287,0,13.032,2257,1887,2.240,2.200,1.430,1,0,4.010,0,0,18,306,0,42,0
23-04 04:26:19,10.747,1.999,86.227,0,0,5432164,157692,170880,2244912,26188.935,19307.791,0,0,0,0,2328,2440,2.240,2.200,1.430,1,0,1.999,0,0,18,313,0,43,0
23-04 04:26:20,24.010,3.501,70.780,0.750,0,5318724,270988,170880,2245056,3990.677,672.283,0,312.131,0,23.010,2479,2153,2.240,2.200,1.430,1,0,15.006,0,0,18,306,0,43,0
23-04 04:26:21,24.513,2.751,71.788,0.500,0,5318360,271352,170880,2245056,9839.174,540.284,0,44.023,0,5.003,2106,1436,2.240,2.200,1.430,5,0,6.003,0,0,18,306,0,43,0
23-04 04:26:22,8.014,19.786,67.622,2.755,0,5317392,272008,170888,2245360,9661.376,540.973,440.793,520.937,10.018,25.045,5913,4886,2.240,2.200,1.430,2,0,404.728,0,0,18,306,0,43,0
23-04 04:26:23,16.956,9.725,72.313,0,0,5337188,252176,170908,2245388,9707.930,554.568,3.990,0,0.997,0,3871,3122,2.140,2.180,1.430,1,0,195.495,0,0,18,306,0,43,0
23-04 04:26:24,18.498,2.500,76.993,0.250,0,5344540,239616,171264,2250240,11480.960,2649.760,4.000,227.979,1.000,8.999,1926,1649,2.140,2.180,1.430,1,0,15.999,0,0,18,307,0,42,0
23-04 04:26:25,20.754,3.501,71.265,3.751,0,5336256,246744,171412,2251120,11151.273,1207.246,4.001,1560.318,1.000,40.008,2487,2219,2.140,2.180,1.430,1,0,19.004,0,0,18,307,0,42,0
23-04 04:26:26,18.526,2.003,77.608,1.252,0,5346932,230368,171948,2256160,20474.609,3232.517,0,1017.422,0,22.031,1882,1546,2.140,2.180,1.430,1,0,7.010,0,0,18,306,0,42,0
23-04 04:26:27,17.975,4.244,74.149,1.248,0,5325468,251144,171988,2256792,10087.201,2642.385,111.847,371.492,8.988,4.993,9910,18747,2.140,2.180,1.430,1,0,7.989,0,0,18,307,0,42,0
23-04 04:26:28,21.747,5.749,69.990,0.750,0,5352744,223456,172048,2257144,5880.193,1374.811,0,243.967,0,6.999,10788,19496,2.050,2.160,1.430,1,0,19.997,0,0,18,309,0,42,0
23-04 04:26:29,17.571,9.036,69.781,2.008,0,5287684,298480,172132,2247152,10370.818,716.891,0,1819.336,0,64.259,4088,3790,2.050,2.160,1.430,3,1,166.672,0,0,18,308,0,42,0
23-04 04:26:30,20.914,6.474,71.458,0.249,0,5354052,232104,172132,2247168,9315.894,537.800,0,358.533,0,33.861,2964,2965,2.050,2.160,1.430,1,0,102.580,0,0,18,308,0,42,0
23-04 04:26:31,18.249,1.750,79.245,0.750,0,5370484,215484,172132,2247356,17623.858,9150.407,31.998,183.988,2.000,8.999,1993,1680,2.050,2.160,1.430,2,0,0,0,0,18,311,0,43,0
23-04 04:26:32,19.746,8.248,71.235,0,0,5346416,239492,172132,2247416,10065.893,2141.552,0,3351.298,0,5.999,3287,2625,2.050,2.160,1.430,1,0,116.976,0,0,18,308,0,45,0
23-04 04:26:33,17.501,2.500,77.502,1.000,0,5367660,218248,172132,2247416,16933.493,8900.259,0,12684.370,0,24.001,1985,1740,1.960,2.140,1.430,2,0,0,0,0,18,309,0,45,0
23-04 04:26:34,21.003,5.501,72.259,0,0,5401956,183940,172132,2247428,11307.439,804.102,0,0,0,0,2758,2254,1.960,2.140,1.430,1,0,70.009,0,0,18,308,0,46,0
23-04 04:26:35,17.754,2.251,77.018,2.000,0,5413280,172500,172132,2247544,18915.371,13569.136,112.026,300.069,5.001,23.005,2498,2529,1.960,2.140,1.430,1,0,2.000,0,0,18,308,0,47,0
23-04 04:26:36,21.510,5.002,69.033,3.502,0,5457152,128608,172132,2247564,8167.962,540.262,0,2024.982,0,346.168,2762,2038,1.960,2.140,1.430,1,0,57.028,0,0,18,308,0,47,0
23-04 04:26:37,16.566,3.765,79.568,0,0,5434448,151296,172132,2247580,24742.904,10804.187,0,0,0,0,2424,2181,1.960,2.140,1.430,1,0,22.088,0,0,18,308,0,50,0
23-04 04:26:38,23.882,5.224,69.408,0.249,0,5442120,143468,172132,2247720,8858.393,1936.467,0,326.393,0,22.887,2965,4655,1.970,2.140,1.430,0,0,12.936,0,0,18,313,0,50,0
23-04 04:26:39,14.541,1.755,82.229,1.253,0,5438036,147340,172132,2247932,19496.371,10071.086,96.268,393.096,6.017,40.112,2629,3025,1.970,2.140,1.430,2,0,1.003,0,0,18,312,0,52,0
23-04 04:26:40,23.953,4.990,68.366,1.497,0,5387340,197988,172132,2247980,7159.927,604.811,0,475.066,0,49.902,3142,3116,1.970,2.140,1.430,1,0,48.904,0,0,18,312,0,52,0
23-04 04:26:41,16.550,2.758,79.741,0,0,5375212,210100,172132,2247996,19457.908,10859.878,0,180.547,0,10.030,2195,1982,1.970,2.140,1.430,3,0,16.049,0,0,18,312,0,54,0
23-04 04:26:42,22.421,3.737,72.745,0,0,5445396,139916,172132,2247996,10535.045,779.266,0,159.441,0,8.969,2269,1818,1.970,2.140,1.430,0,0,15.944,0,0,18,312,1,54,0
23-04 04:26:43,12.747,1.750,84.730,0.250,0,5438264,147020,172132,2248024,14143.641,11194.341,0,395.906,0,37.991,2297,2603,1.970,2.140,1.430,1,0,0,0,0,18,312,0,55,0
23-04 04:26:44,8.001,9.251,78.509,3.000,0,5412676,171384,172672,2248704,13621.648,2936.355,1124.136,396.048,251.030,26.003,3945,4042,1.970,2.140,1.430,0,1,182.022,0,0,18,316,0,55,0
23-04 04:26:45,2.751,4.252,89.291,1.251,0,5402820,181128,172672,2248816,19180.781,1965.900,16.007,576.264,1.000,51.023,2500,2877,1.970,2.140,1.430,1,0,64.029,0,0,18,314,0,50,0
23-04 04:26:46,3.249,3.748,91.461,1.000,0,5396692,187248,172672,2248824,12240.748,3825.359,0,259.888,0,9.996,1772,1875,1.970,2.140,1.430,1,0,63.973,0,0,18,314,0,50,2
23-04 04:26:47,11.006,11.757,71.791,5.253,0,5379500,203628,172676,2249632,9615.468,702.399,744.423,460.262,76.043,28.016,4124,3411,1.970,2.140,1.430,1,0,209.119,0,0,18,314,0,51,0
23-04 04:26:48,15.239,2.748,71.699,8.244,0,5365592,202240,172676,2264912,6940.090,539.618,7358.794,1934.631,565.600,93.934,2730,2978,1.890,2.120,1.430,1,0,2.998,0,0,18,314,0,51,0
23-04 04:26:49,18.495,2.499,76.479,1.500,0,5379564,180376,172676,2272676,16725.346,3202.109,871.757,951.735,10.997,18.995,2337,2118,1.890,2.120,1.430,1,0,15.996,0,0,18,316,0,46,0
23-04 04:26:50,13.503,4.001,72.268,8.502,0,5343248,216580,172712,2272736,14982.740,2402.600,240.060,3716.928,10.002,179.045,2887,3185,1.890,2.120,1.430,1,0,31.008,0,0,18,314,0,46,0
23-04 04:26:51,13.267,13.016,68.336,5.507,0,5333408,224488,172712,2274668,4581.775,540.682,756.954,2919.680,11.014,278.351,5027,4349,1.890,2.120,1.430,2,1,272.343,0,0,18,314,0,46,0
23-04 04:26:52,19.237,2.248,77.947,0,0,5368656,189228,172712,2274680,15650.339,6248.743,0,663.548,0,101.931,2021,1662,1.890,2.120,1.430,1,0,0,0,0,18,315,0,46,0
23-04 04:26:53,20.252,4.750,72.505,0.250,0,5330604,227260,172712,2274700,26928.037,17312.310,0,536.041,0,30.002,2793,2304,1.820,2.100,1.430,1,0,47.004,0,0,18,314,0,38,0
23-04 04:26:54,19.516,2.752,77.313,0.250,0,5370664,187192,172712,2274708,11507.410,6300.152,0,88.072,0,9.007,1987,1694,1.820,2.100,1.430,2,0,1.001,0,0,18,317,0,38,0
23-04 04:26:55,17.541,3.258,73.925,3.759,0,5392888,164516,172712,2275160,13234.264,3755.873,449.061,477.127,27.064,34.081,2632,2575,1.820,2.100,1.430,1,0,14.033,0,0,18,316,0,40,0
23-04 04:26:56,19.428,2.491,77.711,0,0,5431804,125592,172712,2275168,14375.625,6229.869,0,43.837,0,3.985,1971,1552,1.820,2.100,1.430,1,0,0.996,0,0,18,317,0,40,0
23-04 04:26:57,14.564,3.515,66.541,14.061,0,5422896,132172,172712,2277496,9787.741,1383.039,2265.895,3330.544,94.412,265.158,4827,7177,1.820,2.100,1.430,2,0,2.009,0,0,18,319,0,38,0
23-04 04:26:58,21.908,3.485,71.449,1.494,0,5373660,181228,172712,2277676,11490.550,1771.530,31.866,418.236,0.996,45.807,3291,3913,1.750,2.080,1.430,1,0,4.979,0,0,18,318,0,39,0
23-04 04:26:59,16.506,2.001,80.280,0.250,0,5391704,163172,172712,2277688,13519.104,9767.688,0,332.125,0,29.011,2369,2542,1.750,2.080,1.430,2,0,0,0,0,18,319,0,39,0
23-04 04:27:00,18.328,8.285,68.541,3.766,0,5351624,203104,172716,2277832,12376.584,2149.131,80.341,1482.298,3.013,184.785,6217,8264,1.750,2.080,1.430,1,0,144.614,0,0,18,318,0,40,0
23-04 04:27:01,9.238,22.720,67.412,0,0,5350692,204008,172716,2277860,11343.145,485.364,0,459.398,0,33.956,7225,6609,1.750,2.080,1.430,1,0,723.053,0,0,18,318,0,36,0
23-04 04:27:02,8.251,22.504,65.761,2.250,0,5340688,213980,172716,2277892,8702.519,540.094,0,2248.392,0,129.023,7216,6773,1.750,2.080,1.430,2,0,684.119,0,0,18,318,0,36,0
23-04 04:27:03,8.501,22.252,65.255,2.250,0,5325676,228956,172716,2277928,10869.883,540.044,0,2192.178,0,44.004,7025,6291,1.610,2.050,1.420,1,0,633.051,0,0,18,318,0,36,0
23-04 04:27:04,8.741,22.727,67.933,0.250,0.250,5323624,230964,172716,2277972,9049.028,539.465,0,243.758,0,22.977,7020,6192,1.610,2.050,1.420,1,0,625.380,0,0,18,318,0,36,0
23-04 04:27:05,9.013,21.781,68.347,0,0,5316684,237872,172716,2278004,8840.601,540.771,0,36.051,0,9.013,6615,5705,1.610,2.050,1.420,2,0,539.769,0,0,18,318,0,27,0
23-04 04:27:06,10.985,17.976,68.159,1.248,0,5336544,217968,172716,2278048,3878.817,539.279,0,439.413,0,29.960,5980,5392,1.610,2.050,1.420,1,0,452.396,0,0,18,318,0,27,0
23-04 04:27:07,19.938,5.981,69.035,3.988,0,5350060,292664,172936,2199968,5130.016,538.323,7.975,4163.029,1.994,317.012,2731,2324,1.610,2.050,1.420,1,0,36.885,0,0,18,318,0,27,0
23-04 04:27:08,17.269,2.753,77.587,1.251,0,5359020,281024,173076,2202496,16877.870,4162.654,56.063,909.016,9.010,7.008,1968,1601,1.560,2.030,1.420,1,0,21.024,0,0,18,319,0,27,0
23-04 04:27:09,14.734,2.747,78.164,3.746,0,5350172,288940,173156,2203340,19767.157,8165.977,723.201,1014.879,46.948,36.959,2568,12902,1.560,2.030,1.420,0,0,30.966,0,0,18,319,0,26,0
23-04 04:27:10,9.001,1.250,82.012,5.501,0,5357380,280876,173244,2204100,23414.544,9297.407,416.063,1900.288,42.006,99.015,2037,2639,1.560,2.030,1.420,1,0,0,0,0,18,319,0,26,0
23-04 04:27:11,12.496,1.000,83.724,1.749,0.250,5380220,256936,173316,2205124,19883.879,7599.661,859.735,775.761,39.988,28.991,1562,1467,1.560,2.030,1.420,1,0,0,0,0,18,319,0,26,0
23-04 04:27:12,13.002,2.000,79.762,4.751,0,5373652,262524,173420,2205988,24971.844,10695.646,812.125,1348.208,49.008,42.006,1955,1818,1.560,2.030,1.420,1,0,0,0,0,18,319,0,26,0
23-04 04:27:13,14.505,1.000,79.278,4.001,0,5393312,241256,173516,2207492,20167.023,10031.494,984.343,1088.379,46.016,33.011,1740,1555,1.520,2.010,1.410,0,0,0,0,0,18,319,0,25,0
23-04 04:27:14,15.992,1.999,73.712,7.496,0,5392204,209252,173572,2240536,7858.900,2147.879,13988.701,1479.228,153.920,68.964,2334,2497,1.520,2.010,1.410,2,0,0.999,0,0,18,319,0,25,0
23-04 04:27:15,20.011,2.752,68.288,7.754,0,5405292,184304,173572,2252380,4642.611,540.304,0,2101.182,0,68.038,2365,2466,1.520,2.010,1.410,0,1,0,0,0,18,319,0,25,0
23-04 04:27:16,21.007,2.001,73.024,2.751,0,5403104,172224,173572,2266512,12522.194,486.163,0,1108.371,0,40.013,2212,1950,1.520,2.010,1.410,1,0,1.000,0,0,18,319,0,25,0
23-04 04:27:17,17.999,1.750,73.247,6.000,0,5415320,139728,173572,2286496,8641.690,539.981,0,2435.913,0,107.996,2354,2310,1.520,2.010,1.410,2,0,0,0,0,18,319,0,25,0
23-04 04:27:18,17.997,2.000,72.988,5.749,0,5405616,135708,173832,2299688,9006.493,539.910,0,1911.680,0,64.989,2176,2067,1.480,1.990,1.410,0,1,0,0,0,18,319,0,25,0
23-04 04:27:19,14.999,3.250,70.744,10.499,0,5403532,147476,174220,2290220,10181.126,539.954,0,13394.850,0,382.967,2527,2257,1.480,1.990,1.410,1,2,1.000,0,0,18,319,0,25,0
23-04 04:27:20,16.996,2.499,60.485,18.745,0,5404152,158136,174592,2278672,9869.478,713.818,35.991,11077.169,1.999,204.948,2603,2926,1.480,1.990,1.410,1,0,0,0,0,18,318,0,25,0
23-04 04:27:21,19.751,3.750,74.254,0.500,0,5355040,207080,174620,2278732,12288.640,1878.098,0,500.026,0,7.000,2316,1784,1.480,1.990,1.410,0,0,41.002,0,0,18,319,0,25,0
23-04 04:27:22,21.341,3.013,74.821,1.506,0,5352376,203912,174696,2284472,6418.515,1558.682,0,891.823,0,9.039,2033,1738,1.480,1.990,1.410,1,0,3.013,0,0,18,318,0,23,0
23-04 04:27:23,15.693,1.495,78.216,2.989,0,5354716,195880,175064,2289632,15978.940,3641.768,0,1909.063,0,167.392,2033,1693,1.440,1.980,1.410,1,0,17.935,0,0,18,318,0,23,0
23-04 04:27:24,23.496,5.999,69.987,0,0,5370696,179300,175124,2290140,10546.052,485.910,0,247.954,0,6.999,11421,20469,1.440,1.980,1.410,2,0,16.997,0,0,18,318,0,23,0
23-04 04:27:25,21.747,6.249,67.739,2.500,0,5378780,171004,175168,2290308,7999.747,539.915,0,2051.679,0,30.995,10096,17731,1.440,1.980,1.410,1,0,14.998,0,0,18,318,0,23,0
23-04 04:27:26,21.757,4.251,72.523,0,0,5330568,230624,175168,2278980,10572.348,540.171,0,16.005,0,2.001,3103,3123,1.440,1.980,1.410,2,0,56.018,0,0,18,318,0,23,0
23-04 04:27:27,23.245,4.749,71.234,0,0,5366800,194364,175172,2279004,7123.386,1032.766,0,7.998,0,2.000,10758,19075,1.440,1.980,1.410,1,0,35.992,0,0,18,319,0,23,0
23-04 04:27:28,18.502,2.750,76.508,1.000,0,5367716,187816,175172,2284636,18158.891,2331.243,0,1320.137,0,9.001,1912,1629,1.400,1.960,1.410,1,0,2.000,0,0,18,318,0,23,0
23-04 04:27:29,17.246,1.999,77.480,2.749,0,5374232,175508,175204,2290332,16122.903,3414.132,0,1307.668,0,38.990,2077,2075,1.400,1.960,1.410,2,0,17.995,0,0,18,319,0,23,0
23-04 04:27:30,22.256,6.752,63.016,6.001,0,5357392,192396,175204,2290284,5170.284,784.195,0,4129.026,0,212.053,11041,20378,1.400,1.960,1.410,1,0,16.004,0,0,18,318,0,23,0
23-04 04:27:31,22.245,6.249,69.983,0.500,0,5364908,184876,175208,2290268,12120.112,539.871,0,691.835,0,17.996,11247,20062,1.400,1.960,1.410,2,0,16.996,0,0,18,318,0,23,0
23-04 04:27:32,23.059,3.509,70.180,2.005,0,5359244,201848,175208,2279040,10051.781,529.358,0,1435.682,0,62.159,2623,2410,1.400,1.960,1.410,1,0,22.057,0,0,18,318,0,23,0
23-04 04:27:33,19.991,6.497,70.219,2.749,0,5346700,207364,175208,2286068,6493.100,539.759,0,659.705,0,142.936,3118,2548,1.450,1.960,1.410,0,2,96.957,0,0,18,318,0,23,0
23-04 04:27:34,36.332,6.014,55.626,2.005,0,5379968,170124,175208,2289960,11279.554,1035.346,629.426,681.544,6.014,3.007,3144,2066,1.450,1.960,1.410,2,0,22.050,0,0,18,319,0,19,0
23-04 04:27:35,24.640,4.729,66.951,2.240,0,5413316,136608,175208,2290112,26288.640,11303.538,509.724,1851.733,3.982,39.822,2734,2083,1.450,1.960,1.410,1,0,7.964,0,0,18,319,0,19,0
23-04 04:27:36,7.501,1.000,87.258,3.000,0,5409756,139812,175208,2290464,49908.606,10114.934,0,1244.115,0,39.004,1489,1657,1.450,1.960,1.410,1,0,1.000,0,0,18,320,0,19,0
23-04 04:27:37,4.999,1.000,91.479,1.250,0,5405020,144368,175208,2290640,119822.495,8213.115,0,715.836,0,29.993,1327,1530,1.450,1.960,1.410,0,0,0,0,0,18,320,0,19,0
23-04 04:27:38,12.757,0.750,84.794,0.750,0.250,5422680,126528,175248,2290780,22332.597,6842.553,0,916.476,0,33.017,1495,1514,1.410,1.950,1.410,1,0,0,0,0,18,320,0,15,0
23-04 04:27:39,14.246,1.250,81.227,2.499,0,5416888,131628,175380,2291340,27164.333,12850.373,299.915,1835.482,27.992,75.979,2090,2267,1.410,1.950,1.410,0,0,0,0,0,18,320,0,15,0
23-04 04:27:40,9.246,1.499,84.963,2.249,0,5423408,143192,175416,2273736,289752.664,10011.600,667.707,859.622,16.993,54.976,2215,2547,1.410,1.950,1.410,0,1,0,0,0,18,320,0,15,0
23-04 04:27:41,10.503,3.251,79.275,5.502,0,5417680,148552,175656,2273836,82507.613,13704.254,28.009,13556.208,4.001,229.071,3104,4641,1.410,1.950,1.410,0,1,3.001,0,0,18,320,0,15,0
23-04 04:27:42,11.751,1.500,75.759,10.001,0,5417424,148248,175844,2274184,67906.151,12409.489,96.012,1916.230,4.000,92.011,2384,2624,1.410,1.950,1.410,1,0,2.000,0,0,18,320,0,13,0
23-04 04:27:43,10.229,1.996,84.079,1.996,0,5424528,129744,175928,2285460,1457759.007,35980.940,7.984,993.982,1.996,40.917,2889,2753,1.300,1.910,1.400,0,0,1.996,0,0,18,320,0,13,0
23-04 04:27:44,4.508,2.254,82.655,7.264,0,5419856,125984,175972,2293832,4253083.191,46850.654,0,7405.856,0,285.534,3912,3280,1.300,1.910,1.400,2,0,2.004,0,0,18,320,0,13,0
23-04 04:27:45,5.752,3.251,85.036,2.251,0,5413972,141724,176016,2284748,10363072.741,87534.172,0,632.268,0,36.015,5293,3747,1.300,1.910,1.400,2,0,1.000,0,0,18,320,0,13,0
23-04 04:27:46,4.247,2.748,74.945,16.488,0,5411204,133988,176128,2295092,1981434.994,21599.096,163.879,21368.266,3.997,136.899,2472,2562,1.300,1.910,1.400,1,0,1.999,0,0,18,320,0,11,0
23-04 04:27:47,11.255,3.251,65.529,19.759,0,5408392,133512,176232,2298244,103917.698,1278.562,0,31930.041,0,266.117,2267,2314,1.300,1.910,1.400,0,1,1.000,0,0,18,320,0,11,0
23-04 04:27:48,9.498,2.500,67.738,17.747,0,5407020,129016,177492,2302716,9364.392,539.907,3.999,20844.420,1.000,199.966,2165,2284,1.360,1.910,1.400,0,1,0,0,0,18,320,0,11,0
23-04 04:27:49,19.501,3.000,71.254,5.750,0,5423392,128088,177892,2286416,10227.555,634.034,4.000,2384.129,1.000,51.003,2298,2030,1.360,1.910,1.400,1,0,0,0,0,18,320,0,11,0
23-04 04:27:50,18.250,2.500,62.251,16.000,0,5408944,127116,178260,2300552,8207.134,540.009,20.000,2400.039,2.000,85.001,2574,2990,1.360,1.910,1.400,1,0,0,0,0,18,320,0,10,0
23-04 04:27:51,20.036,2.504,72.380,3.506,0,5430380,139516,178764,2267656,9305.671,540.969,0,1943.482,0,80.144,2280,2130,1.360,1.910,1.400,0,1,0,0,0,18,320,0,10,0
23-04 04:27:52,19.215,3.743,71.369,4.741,0,5428200,126672,179580,2281444,6609.904,539.014,0,2184.003,0,65.879,2277,2055,1.360,1.910,1.400,1,0,0,0,0,18,320,0,10,0
23-04 04:27:53,22.250,2.250,72.002,2.250,0,5425004,142976,180180,2267472,5327.119,540.012,0,7148.160,0,76.002,2257,2045,1.410,1.920,1.410,2,0,0,0,0,18,320,0,10,0
23-04 04:27:54,8.268,3.508,59.380,28.061,0,5438896,141496,181320,2253756,3192.965,487.063,0,25126.814,0,482.052,1956,1972,1.410,1.920,1.410,1,1,0,0,0,18,320,0,8,0
23-04 04:27:55,18.715,0.998,65.378,13.475,0,5437704,136300,181548,2260036,10200.012,538.997,0,12025.613,0,382.288,2297,1771,1.410,1.920,1.410,1,0,0,0,0,18,320,0,8,0
23-04 04:27:56,18.245,2.999,72.232,5.998,0,5425892,142116,182416,2264472,8837.784,539.865,0,2187.451,0,72.982,2321,2134,1.410,1.920,1.410,1,0,1.000,0,0,18,320,0,8,0
23-04 04:27:57,16.251,2.000,77.255,3.500,0,5441380,150276,183012,2239324,14357.979,3135.214,0,1660.113,0,56.004,2132,2028,1.410,1.920,1.410,1,0,0,0,0,18,318,0,8,0
23-04 04:27:58,21.747,3.999,72.990,0,0,5359272,232508,183040,2239204,9553.735,966.872,0,27.996,0,2.000,2426,1789,1.460,1.920,1.410,1,0,34.995,0,0,18,319,0,5,0
23-04 04:27:59,17.806,2.508,75.990,3.009,0,5353804,232116,183092,2244820,17299.595,2470.797,0,2158.813,0,37.117,2091,2020,1.460,1.920,1.410,2,0,2.006,0,0,18,318,0,5,0
23-04 04:28:00,18.951,2.494,75.307,1.746,0,5384412,198640,183132,2247356,18594.353,3406.272,31.918,1093.199,0.997,64.834,2788,3176,1.460,1.920,1.410,1,0,17.954,0,0,18,319,0,5,0
23-04 04:28:01,22.335,6.274,69.513,1.506,0,5381496,197464,183456,2250360,4982.868,662.509,0,1312.972,0,34.129,11072,19931,1.460,1.920,1.410,1,0,13.049,0,0,18,318,0,5,0
23-04 04:28:02,21.411,6.224,69.214,0.747,0,5371996,206596,183512,2250612,10246.633,537.776,0,2222.809,0,10.955,11404,20139,1.460,1.920,1.410,1,0,12.946,0,0,18,318,0,5,0
23-04 04:28:03,20.588,6.026,69.546,3.264,0,5337112,253476,183540,2239500,7622.403,542.305,0,1349.738,0,69.295,2553,2391,1.420,1.900,1.410,1,0,9.038,0,0,18,318,0,4,0
23-04 04:28:04,21.501,3.750,72.755,0.750,0,5370256,217696,183544,2242204,4854.307,540.034,416.026,544.034,10.001,5.000,2225,1937,1.420,1.900,1.410,0,1,5.000,0,0,18,318,0,4,0
23-04 04:28:05,17.408,3.482,64.908,12.435,0,5370740,216912,183544,2242500,9156.810,537.173,175.079,8017.805,3.979,145.236,4288,6113,1.420,1.900,1.410,1,2,0,0,0,18,319,0,8,0
23-04 04:28:06,13.514,3.754,50.801,30.280,0,5367880,219320,183544,2242952,5205.217,540.542,384.385,8236.254,22.022,427.428,5120,7492,1.420,1.900,1.410,2,0,2.002,0,0,18,321,0,9,0
23-04 04:28:07,13.542,13.291,62.695,9.028,0,5303068,283508,183544,2243576,9554.759,541.687,513.600,5144.021,25.078,340.059,6590,7805,1.420,1.900,1.410,1,0,316.987,0,0,18,320,0,9,0
23-04 04:28:08,11.717,9.722,70.799,6.731,0,5312932,269228,183544,2247988,13067.853,538.469,4475.279,422.798,607.274,12.963,4199,4021,1.390,1.890,1.410,0,1,132.623,0,0,18,320,0,11,0
23-04 04:28:09,12.291,5.268,61.706,19.064,0,5301880,241188,183544,2287052,6524.756,487.626,38981.981,2307.695,2898.665,65.217,5826,16979,1.390,1.890,1.410,2,0,37.124,0,0,18,320,0,12,0
23-04 04:28:10,2.748,1.249,93.681,0.999,0,5310428,232620,183544,2287072,12870.575,2161.417,0,979.283,0,46.966,1484,2075,1.390,1.890,1.410,0,0,4.996,0,0,18,321,0,12,0
23-04 04:28:11,2.243,0.498,94.708,1.495,0,5309716,233104,183544,2287300,44047.201,4530.034,227.299,291.103,3.988,31.902,1050,1396,1.390,1.890,1.410,0,0,0,0,0,18,321,0,11,0
23-04 04:28:12,4.000,2.250,91.008,1.500,0,5279540,262092,183700,2288256,29023.437,125014.495,692.058,528.044,36.003,9.001,1615,1710,1.390,1.890,1.410,0,0,12.001,0,0,18,320,0,11,0
23-04 04:28:13,1.500,0.750,96.221,0.500,0,5273148,268480,183700,2288260,12026.375,0,0,343.896,0,2.999,988,1307,1.270,1.850,1.400,0,0,0,0,0,18,320,0,11,0
23-04 04:28:14,11.534,3.761,82.745,1.504,0,5288152,253456,183724,2288256,423639.983,13365.594,0,377.117,0,23.068,2971,2627,1.270,1.850,1.400,4,0,25.074,0,0,18,320,0,11,0
23-04 04:28:15,10.220,3.240,84.000,0.499,0,5281444,260012,183732,2288396,300229.531,12754.002,123.632,159.525,5.982,17.947,2855,2483,1.270,1.850,1.400,1,0,21.935,0,0,18,320,0,11,0
