"pcp-dstat 6.2.0 CSV Output"
"Author:","PCP team <pcp@groups.io> and Dag Wieers <dag@wieers.com>",,,,"URL:","https://pcp.io/ and http://dag.wieers.com/home-made/dstat/"
"Host:","ubuntu",,,,"User:","ubuntu"
"Cmdline:","dstat -tcmndrylpg --tcp --output /tmp/devstack_logs/dstat-csv.log",,,,"Date:","10 Mar 2026 16:40:30 UTC"
"system","total usage",,,,,"memory usage",,,,"net/total",,"dsk/total",,"io/total",,"system",,"load avg",,,"procs",,,"paging",,"tcp sockets",,,,
"time","total usage:usr","total usage:sys","total usage:idl","total usage:wai","total usage:stl","used","free","buf","cach","net/total:recv","net/total:send","dsk/total:read","dsk/total:writ","read","writ","int","csw","1m","5m","15m","run","blk","new","in","out","lis","act","syn","tim","clo"
10-03 16:40:30,,1009932,1445056,162324,5198764,,,,,,,2.510,1.280,0.750,3,0,,,,10,6,0,18,0
10-03 16:40:31,20.003,19.503,51.257,8.251,0,1036292,1418120,162484,5199032,41133.854,10715.525,0,3152.449,0,110.016,6546,5694,2.510,1.280,0.750,2,0,552.079,0,0,10,6,0,18,0
10-03 16:40:32,27.976,17.485,50.956,2.748,0,1045488,1407972,162648,5199652,25153.405,13874.088,0,2230.085,0,72.937,6573,6379,2.510,1.280,0.750,3,0,422.637,0,0,10,5,0,17,1
10-03 16:40:33,30.233,12.743,46.974,8.495,0,1151044,1279940,163016,5345176,167849.238,5216.086,0,3729.916,0,207.884,5789,6938,2.510,1.280,0.750,2,0,157.912,0,0,11,4,0,17,2
10-03 16:40:34,27.346,6.464,62.398,3.232,0,1168184,1238832,163992,5365124,8763.615,536.974,0,1718.317,0,43.753,3218,2469,2.510,1.280,0.750,4,0,85.518,0,0,11,6,0,17,2
10-03 16:40:35,37.008,11.329,47.582,3.273,0,1183996,1202928,164380,5383212,7001.883,543.796,0,1458.180,0,57.401,4513,3340,2.470,1.300,0.750,2,1,201.406,0,0,11,6,0,19,2
10-03 16:40:36,30.251,4.250,47.252,17.001,0,1248800,1127956,164976,5391180,9922.453,540.025,0,5772.263,0,122.006,2808,1998,2.470,1.300,0.750,1,1,0,0,0,11,6,0,19,2
10-03 16:40:37,36.979,4.467,48.644,8.686,0,1262788,1097620,165940,5404328,5199.894,536.072,0,4713.459,0,91.331,2960,2047,2.470,1.300,0.750,3,0,0,0,0,11,8,0,19,2
10-03 16:40:38,20.274,4.255,45.052,28.783,0,1282440,1055912,166756,5423768,7129.266,486.564,0,8686.071,0,507.589,5180,7963,2.470,1.300,0.750,1,4,10.012,0,0,11,8,0,19,2
10-03 16:40:39,13.766,4.005,42.801,37.294,0,1280052,1050424,167356,5430040,9243.941,2616.096,0,13712.230,0,723.857,4808,7882,2.470,1.300,0.750,2,2,0,0,0,11,9,0,19,2
10-03 16:40:40,19.491,4.748,40.231,33.984,0,1233936,1112920,167504,5413900,3994.111,1259.404,0,6712.825,0,434.794,4432,6375,2.430,1.310,0.760,2,1,19.991,0,0,11,6,0,19,0
10-03 16:40:41,19.243,3.998,43.484,31.488,0,1268060,1071648,167716,5420276,12829.154,2714.974,0,7069.330,0,597.774,5095,7749,2.430,1.310,0.760,3,0,33.987,0,0,11,7,0,19,0
10-03 16:40:42,16.315,4.016,33.886,43.926,0,1253152,1085512,167896,5420960,5696.782,716.867,0,13907.619,0,806.224,4643,7426,2.430,1.310,0.760,1,1,2.008,0,0,11,6,0,19,0
10-03 16:40:43,18.920,4.232,43.567,32.115,0,1268984,1067044,168004,5423304,11438.854,3400.686,0,10798.549,0,834.488,5150,7987,2.430,1.310,0.760,4,0,29.874,0,0,11,7,0,19,0
10-03 16:40:44,19.016,5.755,40.283,32.026,0,1273204,1056516,168504,5427996,8091.601,714.583,0,7033.738,0,600.490,13676,25557,2.430,1.310,0.760,5,1,22.018,0,0,11,6,0,19,0
10-03 16:40:45,20.820,6.773,36.875,33.363,0,1270032,1058492,168660,5428868,5618.984,487.648,0,14605.344,0,927.132,13576,25656,2.560,1.350,0.780,4,3,11.037,0,0,11,6,0,19,0
10-03 16:40:46,19.917,7.469,42.573,28.382,0,1205204,1134208,168916,5419020,7685.034,537.763,0,7783.624,0,683.158,5578,8371,2.560,1.350,0.780,2,1,15.934,0,0,11,6,0,19,0
10-03 16:40:47,21.763,5.503,33.770,38.023,0,1213484,1125712,169036,5419224,8361.014,540.324,0,14704.817,0,612.367,4484,6246,2.560,1.350,0.780,1,3,34.020,0,0,11,6,0,19,0
10-03 16:40:48,8.741,4.245,39.707,45.951,0,1188804,1150600,169060,5419244,4410.278,539.422,0,18935.724,0,560.400,2858,3083,2.560,1.350,0.780,3,1,52.943,0,0,11,6,0,19,0
10-03 16:40:49,6.747,2.499,60.225,28.239,0,1188312,1150600,169196,5419600,8131.691,539.780,0,10755.623,0,852.653,5201,9640,2.560,1.350,0.780,1,1,14.994,0,0,11,6,0,19,0
10-03 16:40:50,19.349,7.036,67.092,5.528,0,1137812,1201036,169232,5419628,9607.008,542.769,0,3184.244,0,174.892,3104,2845,2.430,1.350,0.780,2,0,76.390,0,0,11,4,0,19,0
10-03 16:40:51,22.661,2.241,71.221,3.486,0,1178940,1159888,169248,5419632,3600.914,537.896,0,729.148,0,30.879,1754,1296,2.430,1.350,0.780,2,0,0,0,0,11,4,0,19,0
10-03 16:40:52,22.811,3.760,61.162,11.280,0,1149256,1189508,169300,5419644,8871.553,541.437,0,6649.654,0,375.998,2742,2919,2.430,1.350,0.780,2,0,10.027,0,0,11,4,0,13,0
10-03 16:40:53,22.945,2.494,73.075,0.249,0,1169408,1169348,169304,5419648,9062.350,484.842,0,99.762,0,12.969,1902,1454,2.430,1.350,0.780,2,0,0,0,0,11,4,0,13,0
10-03 16:40:54,12.783,15.289,68.176,2.506,0,1132844,1205884,169304,5419676,8738.563,541.398,0,12889.280,0,135.349,4941,3792,2.430,1.350,0.780,3,0,275.712,0,0,11,4,0,13,0
10-03 16:40:55,9.522,20.798,68.407,0,0,1097116,1241436,169304,5419852,8563.623,541.240,0,7809.896,0,52.119,6066,4799,2.320,1.340,0.780,3,0,433.994,0,0,11,4,0,13,0
10-03 16:40:56,27.436,14.965,56.368,0,0,1147708,1190816,169304,5420212,3457.921,538.741,0,3.991,0,0.998,6709,7875,2.320,1.340,0.780,4,0,265.380,0,0,11,5,0,13,0
10-03 16:40:57,46.123,4.986,48.616,0,0,1240716,1097796,169304,5420336,7194.209,538.519,0,95.737,0,8.975,2707,1242,2.320,1.340,0.780,4,0,0,0,0,11,5,0,13,0
10-03 16:40:58,44.418,6.023,48.935,0,0,1267884,1069916,169304,5421044,6439.289,542.045,0,590.226,0,49.186,2773,1468,2.320,1.340,0.780,3,0,0,0,0,11,5,0,13,0
10-03 16:40:59,22.903,7.717,63.481,5.228,0,1294832,1040716,169312,5423224,8284.958,537.726,0,5002.840,0,113.520,3554,4839,2.320,1.340,0.780,2,0,117.503,0,0,11,4,0,13,0
10-03 16:41:00,16.016,5.005,66.065,12.012,0,1336216,999184,169316,5423352,7989.917,540.536,0,14986.851,0,118.117,2214,2005,2.530,1.400,0.800,3,0,25.025,0,0,11,4,0,12,0
10-03 16:41:01,22.754,3.501,68.013,5.501,0,1379652,955744,169316,5423356,7942.463,486.090,0,8093.491,0,174.032,2070,1635,2.530,1.400,0.800,2,0,0,0,0,11,4,0,12,0
10-03 16:41:02,18.264,2.502,70.556,7.506,0,1396700,938364,169412,5423592,6726.316,540.427,0,1409.114,0,183.145,3305,4704,2.530,1.400,0.800,1,1,1.001,0,0,11,10,0,12,0
10-03 16:41:03,20.543,4.760,67.894,5.261,0,1331248,1003760,169460,5423600,4511.552,541.146,0,2729.780,0,158.335,2555,2462,2.530,1.400,0.800,1,0,43.091,0,0,11,4,0,14,0
10-03 16:41:04,17.450,1.994,76.530,4.238,0,1356284,978068,169724,5423912,7088.581,2982.409,386.886,626.196,11.966,6.980,1725,1433,2.530,1.400,0.800,2,0,0,0,0,11,11,0,13,0
10-03 16:41:05,17.721,2.246,72.133,5.990,0,1360928,973056,169772,5424152,13183.680,5585.967,267.567,1313.875,65.893,37.939,2780,3106,2.410,1.390,0.810,1,0,2.995,0,0,11,29,0,13,0
10-03 16:41:06,21.149,5.539,73.015,0,0,1407024,926944,169772,5424164,7216.919,1537.850,0,8153.527,0,88.625,2585,1960,2.410,1.390,0.810,1,0,43.306,0,0,11,28,0,14,0
10-03 16:41:07,18.205,3.990,76.811,0,0,1352272,981540,169772,5424304,14127.245,7374.857,0,26518.759,0,212.477,2645,2457,2.410,1.390,0.810,2,0,4.988,0,0,11,28,0,15,0
10-03 16:41:08,36.145,11.965,50.603,0,0,1425384,908416,169772,5424316,7972.917,484.597,0,23152.969,0,295.146,4234,3322,2.410,1.390,0.810,4,0,150.564,0,0,11,28,0,15,0
10-03 16:41:09,29.734,5.497,61.216,2.499,0,1450140,883624,169772,5424344,24275.567,13907.304,0,27724.658,0,254.859,4863,6141,2.410,1.390,0.810,2,4,0,0,0,11,30,0,15,0
10-03 16:41:10,45.710,18.586,32.650,2.763,0,1448088,885616,169772,5424404,13889.928,5848.920,0,2374.931,0,38.176,6684,7533,2.620,1.450,0.830,7,0,484.229,0,0,11,28,0,16,0
10-03 16:41:11,85.648,14.233,0,0,0.250,1712316,621344,169772,5424448,10165.909,6792.921,0,183.781,0,12.985,5460,3574,2.620,1.450,0.830,7,0,96.885,0,0,11,30,0,16,0
10-03 16:41:12,75.145,8.238,14.979,0.499,0,1762396,570988,169788,5424696,37750.043,33678.755,0,463.350,0,49.930,8206,12946,2.620,1.450,0.830,6,1,49.930,0,0,11,31,0,19,0
10-03 16:41:13,32.188,11.977,54.146,1.248,0,1560756,772460,169792,5424860,13652.890,6625.330,0,463.114,0,31.939,5305,6278,2.620,1.450,0.830,2,0,259.504,0,0,11,28,0,22,0
10-03 16:41:14,19.738,1.749,77.703,0,0,1543908,789300,169792,5424868,9153.490,4447.323,0,179.892,0,8.995,1948,1691,2.620,1.450,0.830,2,0,0,0,0,11,29,0,22,0
10-03 16:41:15,16.733,5.994,75.173,0.749,0,1494120,839076,169792,5424880,10245.562,3566.367,0,587.402,0,27.972,3340,3591,2.490,1.450,0.830,3,0,67.931,0,0,11,28,0,23,0
10-03 16:41:16,18.278,2.504,74.112,3.505,0,1506320,826836,169820,5424892,9181.868,4402.650,0,3461.228,0,180.272,2281,2451,2.490,1.450,0.830,2,0,0,0,0,11,29,0,23,0
10-03 16:41:17,13.818,8.794,74.871,1.759,0.251,1473908,859216,169828,5424916,11296.912,3612.881,0,719.561,0,33.164,4086,4255,2.490,1.450,0.830,2,0,199.990,0,0,11,28,0,24,0
10-03 16:41:18,31.495,28.245,39.243,0,0,1461500,871616,169832,5424920,7685.702,539.909,0,375.936,0,28.995,6563,5861,2.490,1.450,0.830,6,0,838.858,0,0,11,28,0,24,0
10-03 16:41:19,81.563,9.757,8.256,0,0,1679996,653064,169836,5424968,14053.780,10719.222,0,332.255,0,13.010,5083,3087,2.490,1.450,0.830,6,0,0,0,0,11,31,0,24,0
10-03 16:41:20,73.529,9.472,15.703,1.745,0,1690420,642336,169860,5425336,46618.994,37480.439,0,7314.035,0,535.392,9649,16030,2.610,1.490,0.850,6,0,60.817,0,0,11,29,0,25,0
10-03 16:41:21,82.100,17.521,0.501,0,0,1615960,716772,169864,5425356,8194.968,2517.062,0,336.409,0,25.030,5646,4736,2.610,1.490,0.850,8,0,250.304,0,0,11,28,0,20,0
10-03 16:41:22,84.076,9.008,6.256,0,0,1762316,570224,169868,5425548,32299.030,30034.995,0,224.202,0,10.009,6182,6979,2.610,1.490,0.850,5,0,0,0,0,11,34,0,20,0
10-03 16:41:23,73.706,12.742,12.243,0,0,1677040,655260,169872,5425776,42957.430,34024.747,0,443.736,0,38.977,9647,28925,2.610,1.490,0.850,4,0,252.849,0,0,11,28,0,26,0
10-03 16:41:24,38.699,7.490,52.680,0.250,0,1613208,719068,169872,5425800,8085.282,2887.173,0,227.698,0,11.984,3213,2257,2.610,1.490,0.850,2,0,80.893,0,0,11,29,0,26,0
10-03 16:41:25,34.557,4.758,59.849,0,0,1549608,782604,169876,5425836,26229.228,16641.427,0,304.502,0,24.040,5856,7270,2.480,1.480,0.850,4,0,42.069,0,0,11,28,0,24,0
10-03 16:41:26,55.545,16.263,28.273,0.250,0,1539568,792616,169876,5425864,4958.041,540.440,0,244.199,0,16.013,5044,3541,2.480,1.480,0.850,4,0,342.279,0,0,11,28,0,24,0
10-03 16:41:27,45.448,4.745,48.444,0.250,0,1573884,758112,169880,5426048,28582.066,25412.718,0,143.834,0,7.991,6724,8723,2.480,1.480,0.850,3,0,0,0,0,11,31,0,24,0
10-03 16:41:28,72.996,16.499,9.499,0.250,0,1518332,813632,169892,5426068,11335.366,3847.785,0,487.973,0,48.997,6265,5645,2.480,1.480,0.850,5,0,257.986,0,0,11,28,0,25,0
10-03 16:41:29,64.774,7.253,27.260,0,0,1608220,723540,169896,5426268,33679.506,27461.197,0,152.056,0,6.002,5776,7636,2.480,1.480,0.850,6,0,0,0,0,11,32,0,25,0
10-03 16:41:30,56.495,15.679,27.128,0,0,1536364,795340,169928,5426292,24280.478,13975.959,0,959.671,0,70.681,8117,10173,2.520,1.510,0.860,4,0,323.541,0,0,11,28,0,28,0
10-03 16:41:31,54.725,5.774,39.412,0.251,0,1590880,740768,169928,5426348,21331.866,12266.526,0,232.960,0,10.041,3990,2759,2.520,1.510,0.860,4,0,0,0,0,11,31,0,28,0
10-03 16:41:32,47.801,15.016,35.538,0,0.250,1531232,800204,169940,5426548,23270.613,17959.996,0,2955.126,0,101.107,7221,10013,2.520,1.510,0.860,4,0,299.317,0,0,11,28,0,30,0
10-03 16:41:33,55.146,6.987,37.679,0.250,0,1572200,759220,169940,5426564,19381.334,12025.250,0,219.585,0,9.981,4132,2846,2.520,1.510,0.860,4,0,0,0,0,11,31,0,30,0
10-03 16:41:34,50.859,13.279,34.825,0.251,0,1499904,831240,169944,5426836,22387.151,17003.572,0,288.621,0,27.058,7433,9545,2.520,1.510,0.860,4,0,287.619,0,0,11,28,0,33,0
10-03 16:41:35,57.598,6.952,34.509,0.248,0,1556188,774900,169948,5426856,12250.559,8567.248,0,190.670,0,9.931,3516,1878,2.480,1.520,0.870,2,0,0,0,0,11,31,0,33,0
10-03 16:41:36,52.608,9.019,37.076,0.752,0,1461644,869236,169956,5427056,27904.470,18155.392,0,757.560,0,38.078,8007,10165,2.480,1.520,0.870,4,0,112.231,0,0,11,28,0,35,0
10-03 16:41:37,55.149,8.022,35.596,0.501,0,1559084,771656,169956,5427196,10965.653,7087.165,0,188.510,0,7.019,3568,1750,2.480,1.520,0.870,3,0,0,0,0,11,31,0,33,0
10-03 16:41:38,51.368,11.025,36.835,0.752,0,1430072,900600,169960,5427260,27603.671,19584.173,0,412.953,0,42.097,8062,10709,2.480,1.520,0.870,5,0,237.548,0,0,11,28,0,35,0
10-03 16:41:39,78.007,21.252,0.250,0,0,1606928,723700,169964,5427296,9000.823,486.044,0,276.025,0,23.002,5588,4743,2.480,1.520,0.870,8,0,506.046,0,0,11,28,0,35,0
10-03 16:41:40,82.521,15.956,1.745,0,0,1770108,560456,169968,5427364,30095.318,22574.231,0,219.390,0,9.972,7291,7710,2.920,1.620,0.900,6,0,438.780,0,0,11,33,0,35,0
10-03 16:41:41,71.147,22.797,5.261,0,0,1628184,702168,170020,5427516,51149.996,41811.644,0,1006.085,0,73.152,9463,12306,2.920,1.620,0.900,9,0,627.300,0,0,11,28,0,36,0
10-03 16:41:42,84.364,12.443,2.986,0,0,1674416,655636,170020,5427812,9389.992,4769.156,0,234.924,0,14.932,4932,2594,2.920,1.620,0.900,5,0,45.790,0,0,11,30,0,36,0
10-03 16:41:43,76.294,7.754,15.759,0,0,1695520,634448,170020,5427892,50994.127,42103.049,0,144.082,0,9.005,8976,14118,2.920,1.620,0.900,5,0,2.001,0,0,11,31,0,38,0
10-03 16:41:44,28.112,25.100,45.180,0.251,0,1483100,846644,170024,5428108,48045.063,11463.588,0,216.862,0,16.064,8233,9251,2.920,1.620,0.900,4,0,782.110,0,0,11,28,0,41,0
10-03 16:41:45,60.276,29.513,10.004,0,0,1523436,806288,170024,5428128,8362.637,540.235,0,236.103,0,19.008,6069,5363,3.090,1.680,0.930,5,0,821.357,0,0,11,28,0,41,0
10-03 16:41:46,60.634,6.987,30.691,0.499,0,1622568,707076,170032,5428192,31310.116,23457.136,0,1553.030,0,32.937,6314,7154,3.090,1.680,0.930,5,0,0,0,0,11,32,0,41,0
10-03 16:41:47,69.383,15.279,14.277,0.751,0,1516900,812668,170064,5428236,17632.920,10424.053,0,593.141,0,61.118,7333,8229,3.090,1.680,0.930,5,0,268.517,0,0,11,28,0,45,0
10-03 16:41:48,69.108,8.701,21.130,0,0,1611916,717480,170064,5428408,27435.550,19356.327,0,186.941,0,9.944,5796,5044,3.090,1.680,0.930,5,0,0,0,0,11,32,0,45,0
10-03 16:41:49,50.986,5.526,40.186,1.758,0,1613664,715432,170064,5428696,51575.524,42384.016,0,269.245,0,19.088,13984,22347,3.090,1.680,0.930,4,0,0,0,0,11,31,0,45,0
10-03 16:41:50,74.780,13.756,10.754,1.000,0,1561704,767200,170080,5428872,18346.426,13396.423,0,464.188,0,47.019,7350,9227,3.160,1.720,0.940,6,0,121.049,0,0,11,28,0,45,0
10-03 16:41:51,71.342,7.234,21.452,0,0,1660440,668420,170080,5428916,30342.727,20452.654,0,526.832,0,50.887,5970,5841,3.160,1.720,0.940,3,0,0,0,0,11,32,0,45,0
10-03 16:41:52,52.314,6.258,39.548,0,0,1661520,667040,170084,5429204,56288.572,45996.034,0,184.224,0,9.011,15331,23614,3.160,1.720,0.940,8,0,0,0,0,11,30,0,46,1
10-03 16:41:53,73.636,16.531,9.017,0,0,1542012,786372,170088,5429376,17192.750,11538.308,0,148.274,0,9.017,7102,7429,3.160,1.720,0.940,5,0,260.481,0,0,11,28,0,49,0
10-03 16:41:54,67.947,8.183,23.310,0,0,1632172,696148,170092,5429396,28048.868,21341.422,0,166.645,0,8.927,5572,6386,3.160,1.720,0.940,3,0,1.984,0,0,11,32,0,49,0
10-03 16:41:55,66.946,8.305,22.651,0.252,0,1608204,719852,170104,5429644,41876.115,32030.491,0,318.120,0,31.208,11681,17149,3.230,1.760,0.960,5,0,68.456,0,0,11,28,0,51,0
10-03 16:41:56,80.196,11.208,8.717,0,0,1630348,697696,170104,5429652,15690.559,6391.786,0,135.487,0,11.955,4712,2613,3.230,1.760,0.960,4,0,59.774,0,0,11,30,0,51,0
10-03 16:41:57,56.256,10.297,32.648,0.753,0,1619968,707864,170124,5429836,27992.304,21145.165,0,365.663,0,35.160,6319,8100,3.230,1.760,0.960,3,0,120.548,0,0,11,30,0,53,0
10-03 16:41:58,61.670,6.492,30.460,0,0,1705836,621932,170128,5429896,33179.701,27059.687,0,155.797,0,9.987,7113,10855,3.230,1.760,0.960,3,0,0,0,0,11,31,0,54,0
10-03 16:41:59,73.740,13.498,13.248,0,0,1541572,785988,170128,5430100,26307.572,18692.564,0,175.977,0,10.999,6630,9006,3.230,1.760,0.960,5,0,183.976,0,0,11,28,0,57,0
10-03 16:42:00,73.141,9.769,17.033,0,0,1635936,691564,170128,5430156,24395.040,16690.183,0,168.325,0,11.021,4742,4462,3.210,1.780,0.970,5,0,44.085,0,0,11,30,0,58,0
10-03 16:42:01,64.775,11.211,22.173,0,0,1625744,701528,170140,5430364,25253.126,21196.243,0,406.585,0,26.906,7559,10031,3.210,1.780,0.970,5,0,139.515,0,0,11,29,0,60,0
10-03 16:42:02,58.950,10.034,30.604,0.251,0,1515600,811616,170156,5430404,20884.807,14148.970,0,4643.744,0,181.616,5267,4831,3.210,1.780,0.970,3,0,126.429,0,0,11,30,0,62,0
10-03 16:42:03,53.058,8.926,35.703,1.736,0,1572244,754904,170156,5430468,16205.080,10905.205,0,313.391,0,25.785,4701,5082,3.210,1.780,0.970,3,0,59.505,0,0,11,29,0,64,0
10-03 16:42:04,54.314,8.801,36.461,0,0,1606260,720788,170160,5430564,26650.250,16415.009,0,189.094,0,9.052,5706,6647,3.210,1.780,0.970,5,0,96.559,0,0,11,29,0,65,0
10-03 16:42:05,54.299,10.959,34.622,0.249,0,1577408,749296,170172,5430888,19509.660,13967.211,0,330.774,0,28.893,5801,7196,3.270,1.810,0.990,4,0,86.679,0,0,11,30,0,67,0
10-03 16:42:06,36.008,6.251,56.512,0,0,1522196,804428,170176,5430964,19418.082,16090.382,0,300.063,0,19.004,4829,5495,3.270,1.810,0.990,4,0,87.018,0,0,11,34,0,64,0
10-03 16:42:07,34.478,9.312,55.367,0.503,0,1486928,839648,170192,5430992,15929.569,8216.452,0,418.775,0,40.267,6046,7064,3.270,1.810,0.990,2,0,135.901,0,0,11,32,0,66,0
10-03 16:42:08,36.746,4.469,54.374,3.476,0,1520468,806064,170220,5431004,15106.471,9281.775,0,1875.026,0,106.265,3634,3400,3.270,1.810,0.990,2,0,0,0,0,11,34,0,66,0
10-03 16:42:09,37.467,8.801,54.064,0,0,1511996,814336,170228,5431196,18481.217,9240.609,0,140.817,0,14.082,4653,5478,3.270,1.810,0.990,4,0,100.584,0,0,11,32,0,68,0
10-03 16:42:10,35.298,5.220,57.421,0,0,1537888,788412,170240,5431216,14875.801,7632.287,0,246.588,0,20.880,3279,2804,3.090,1.800,0.990,2,0,38.778,0,0,11,33,0,67,0
10-03 16:42:11,35.463,6.539,57.848,0.252,0,1526708,799540,170256,5431248,18481.221,10260.750,0,390.349,0,31.188,4712,5155,3.090,1.800,0.990,3,0,60.363,0,0,11,33,0,67,0
10-03 16:42:12,38.014,4.969,55.903,0,0,1510488,815736,170260,5431268,18437.488,9947.219,0,194.790,0,13.914,3876,3892,3.090,1.800,0.990,3,0,4.969,0,0,11,33,0,68,0
10-03 16:42:13,35.497,6.000,57.996,0,0,1476300,849760,170260,5431428,16320.840,12242.130,0,147.989,0,7.999,4229,4835,3.090,1.800,0.990,4,0,42.997,0,0,11,33,0,69,0
10-03 16:42:14,38.950,5.780,54.278,1.005,0,1517248,808768,170276,5431456,13927.398,9408.231,0,305.566,0,25.129,3463,3704,3.090,1.800,0.990,3,0,5.026,0,0,11,33,0,64,0
10-03 16:42:15,23.913,10.960,63.269,0.498,0,1479596,846308,170284,5431556,21416.723,13755.723,0,274.995,0,22.916,5428,6478,3,1.800,0.990,1,0,275.991,0,0,11,33,0,65,0
10-03 16:42:16,19.486,3.248,75.448,0.749,0,1460592,865308,170284,5431560,11331.139,1816.740,0,295.795,0,20.985,2313,2181,3,1.800,0.990,2,0,4.997,0,0,11,32,0,66,0
10-03 16:42:17,17.758,1.501,78.788,0,0,1468404,857484,170284,5431572,15164.254,8751.186,0,1640.785,0,13.006,2650,2867,3,1.800,0.990,1,0,0,0,0,11,33,0,66,0
10-03 16:42:18,12.970,12.471,73.580,0.499,0,1374384,951460,170304,5431596,10146.592,3023.026,0,702.380,0,49.885,4839,4619,3,1.800,0.990,2,0,283.346,0,0,11,32,0,65,0
10-03 16:42:19,19.293,3.257,77.173,0,0,1413968,911864,170312,5431596,9636.576,2457.502,0,152.341,0,13.029,1755,1303,3,1.800,0.990,1,0,0,0,0,11,33,0,65,0
10-03 16:42:20,17.791,3.258,76.677,0.251,0,1393792,932012,170316,5431620,22005.842,9373.657,0,72.167,0,6.014,3626,4238,2.760,1.770,0.990,2,0,25.058,0,0,11,32,0,66,0
10-03 16:42:21,20.274,3.504,74.839,0,0,1454716,870956,170316,5431752,8155.682,2002.377,0,4.005,0,1.001,1825,1242,2.760,1.770,0.990,0,0,22.026,0,0,11,33,0,66,0
10-03 16:42:22,16.995,2.249,80.476,0,0,1444568,881076,170316,5431776,14582.581,9976.977,0,0,0,0,3645,4717,2.760,1.770,0.990,2,0,0,0,0,11,33,0,65,0
10-03 16:42:23,16.268,15.517,63.570,3.003,0,1339460,986008,170332,5431948,12211.376,3872.241,0,2863.136,0,173.190,6304,11976,2.760,1.770,0.990,2,0,433.475,0,0,11,32,0,66,0
10-03 16:42:24,37.036,12.012,50.298,0.500,0,1446508,878920,170344,5431956,6982.699,582.559,0,596.572,0,41.039,4325,3593,2.760,1.770,0.990,3,0,229.220,0,0,11,32,0,68,0
10-03 16:42:25,34.776,5.713,43.967,14.159,0,1525384,796824,170408,5434612,8898.672,536.543,0,5349.537,0,282.182,4408,5124,2.700,1.780,0.990,2,1,22.853,0,0,11,36,0,68,0
10-03 16:42:26,28.267,5.503,35.772,29.018,0,1555460,765544,170672,5435476,7800.708,540.326,0,10702.460,0,817.493,6759,11349,2.700,1.780,0.990,2,2,22.013,0,0,11,36,0,60,0
10-03 16:42:27,25.750,3.500,42.000,25.750,0,1596880,723208,170864,5436196,8125.927,485.996,0,9779.913,0,872.992,5710,8787,2.700,1.780,0.990,2,1,26.000,0,0,11,36,0,60,0
10-03 16:42:28,27.467,5.493,40.951,25.470,0,1569216,749592,171012,5437292,6495.270,539.358,0,7367.232,0,654.221,6378,9988,2.700,1.780,0.990,3,0,12.985,0,0,11,36,0,60,0
10-03 16:42:29,27.268,5.003,36.525,29.020,0,1583708,734220,171156,5438008,5627.796,540.364,0,9974.728,0,752.508,6401,10424,2.700,1.780,0.990,3,2,24.016,0,0,11,36,0,60,0
10-03 16:42:30,26.140,5.278,38.204,27.396,0,1643860,673248,171336,5438628,10368.425,542.902,0,9981.356,0,749.004,6009,9086,2.640,1.780,1,2,2,21.113,0,0,11,36,0,56,0
10-03 16:42:31,28.892,4.981,39.851,25.405,0,1613872,702304,171484,5439384,8807.022,537.985,0,8651.604,0,735.247,6228,9476,2.640,1.780,1,2,1,21.918,0,0,11,36,0,56,0
10-03 16:42:32,24.728,5.745,36.967,29.723,0,1628344,687236,171560,5439864,3592.779,633.432,0,11477.710,0,850.238,5785,9151,2.640,1.780,1,2,1,10.990,0,0,11,36,0,56,0
10-03 16:42:33,27.739,4.998,38.235,26.989,0,1605156,709972,171668,5440192,8416.664,539.786,0,8584.598,0,695.724,5809,8853,2.640,1.780,1,2,2,12.995,0,0,11,36,0,56,0
10-03 16:42:34,25.958,5.491,40.186,26.707,0,1646364,668528,171776,5440304,4662.520,539.135,0,12835.407,0,836.658,5653,8878,2.640,1.780,1,5,0,10.982,0,0,11,36,0,51,0
10-03 16:42:35,28.601,5.269,41.647,23.333,0,1622836,691416,171892,5440812,7183.409,487.725,0,7771.489,0,695.460,5566,8842,2.750,1.820,1.020,2,2,7.025,0,0,11,36,0,51,0
10-03 16:42:36,35.347,5.515,37.854,19.554,0,1576476,738284,172004,5440196,5084.957,541.486,0,9514.113,0,681.872,6160,9076,2.750,1.820,1.020,3,0,7.019,0,0,11,32,0,51,0
10-03 16:42:37,43.712,5.245,46.709,3.996,0,1578260,736328,172028,5440340,4425.122,539.527,0,1754.462,0,200.824,4005,3975,2.750,1.820,1.020,2,1,2.997,0,0,11,34,0,51,0
10-03 16:42:38,28.811,6.263,40.335,23.049,0,1631836,682364,172220,5440536,7667.144,541.139,0,6465.614,0,960.021,7715,12910,2.750,1.820,1.020,3,1,2.004,0,0,11,34,0,51,0
10-03 16:42:39,28.437,4.740,31.680,32.678,0,1609036,705028,172268,5440620,5675.490,538.812,0,9850.288,0,875.071,7050,10800,2.750,1.820,1.020,2,1,0.998,0,0,11,34,0,47,0
10-03 16:42:40,27.411,5.981,39.622,25.418,0,1629812,684016,172380,5440736,6650.434,538.255,0,11219.617,0,955.900,6346,10782,3.010,1.890,1.040,2,1,1.994,0,0,11,34,0,47,0
10-03 16:42:41,29.334,7.521,55.910,6.268,0,1601236,712340,172496,5440860,7120.320,541.545,0,2503.143,0,320.916,4421,5521,3.010,1.890,1.040,3,0,100.286,0,0,11,32,0,47,0
10-03 16:42:42,18.498,8.249,71.991,0.250,0,1565300,748112,172516,5441004,6696.183,485.941,0,607.926,0,32.996,3421,2664,3.010,1.890,1.040,2,0,153.981,0,0,11,32,0,47,0
10-03 16:42:43,7.744,21.234,65.202,4.497,0,1529344,783996,172536,5441048,6414.310,539.605,0,3601.367,0,134.901,6542,5695,3.010,1.890,1.040,2,2,542.603,0,0,11,32,0,46,0
10-03 16:42:44,7.990,20.724,67.166,1.997,0,1509716,803568,172540,5441092,6712.559,539.322,0,2472.890,0,106.866,6476,5609,3.010,1.890,1.040,3,0,521.344,0,0,11,32,0,46,0
10-03 16:42:45,18.509,8.504,72.536,0,0,1502892,810252,172540,5441228,6283.144,540.270,0,0,0,0,2928,2383,2.850,1.870,1.040,2,0,150.075,0,0,11,32,0,46,0
10-03 16:42:46,22.315,2.507,74.215,0,0,1505800,807344,172540,5441228,9775.364,541.571,0,16.047,0,1.003,1756,1086,2.850,1.870,1.040,3,0,3.009,0,0,11,32,0,46,0
10-03 16:42:47,22.607,3.726,73.785,0,0,1540640,772524,172540,5441208,6868.672,536.615,0,0,0,0,1854,1322,2.850,1.870,1.040,2,0,1.987,0,0,11,32,0,39,0
10-03 16:42:48,23.056,2.757,73.429,0,0,1513792,799344,172540,5441232,16335.911,541.323,0,264.647,0,7.017,1836,1128,2.850,1.870,1.040,2,0,1.002,0,0,11,32,0,39,0
10-03 16:42:49,22.254,3.501,72.264,1.000,0,1529568,783568,172544,5441228,8629.689,540.106,0,1112.218,0,143.028,2075,1669,2.850,1.870,1.040,2,0,2.000,0,0,11,32,0,39,0
10-03 16:42:50,22.573,3.261,73.738,0,0,1515116,798008,172544,5441240,7510.283,487.576,0,56.182,0,5.016,1766,1176,2.700,1.860,1.040,1,0,2.006,0,0,11,32,0,39,0
10-03 16:42:51,22.668,2.989,73.484,0,0,1552668,760476,172544,5441220,9655.985,538.049,0,19.928,0,0.996,1793,1150,2.700,1.860,1.040,2,0,1.993,0,0,11,32,0,37,0
10-03 16:42:52,22.767,3.252,73.805,0,0,1533828,779296,172544,5441240,3534.618,540.400,0,0,0,0,1746,1282,2.700,1.860,1.040,2,0,1.001,0,0,11,32,0,37,0
10-03 16:42:53,21.988,2.998,73.459,0,0,1534440,778684,172544,5441240,4106.728,539.701,0,11.993,0,0.999,1743,1183,2.700,1.860,1.040,2,0,2.998,0,0,11,32,0,37,0
10-03 16:42:54,21.500,4.000,73.751,0,0,1556012,757140,172544,5441212,8348.139,540.009,0,4.000,0,1.000,1821,1269,2.700,1.860,1.040,2,0,2.000,0,0,11,32,0,37,0
10-03 16:42:55,22.324,3.261,73.995,0,0,1542152,770968,172544,5441244,6359.018,541.791,0,28.093,0,1.003,1732,1117,2.570,1.840,1.040,2,0,1.003,0,0,11,32,0,32,0
10-03 16:42:56,22.758,2.501,73.777,0.250,0,1568156,745048,172544,5441156,7259.668,540.199,0,52.019,0,2.001,1839,1288,2.570,1.840,1.040,1,0,2.001,0,0,11,32,0,32,0
10-03 16:42:57,22.286,3.756,73.869,0,0,1564832,748284,172544,5441244,5883.497,486.786,0,88.142,0,1.002,1689,1196,2.570,1.840,1.040,1,0,1.002,0,0,11,32,0,32,0
10-03 16:42:58,21.251,4.250,71.504,2.250,0,1554912,758204,172544,5441244,7881.482,540.033,0,2540.155,0,106.006,1944,1359,2.570,1.840,1.040,1,0,1.000,0,0,11,32,0,32,0
10-03 16:42:59,23.074,3.473,71.950,0.992,0,1547760,765332,172548,5441264,7721.019,535.906,0,603.391,0,38.704,2145,1802,2.570,1.840,1.040,2,0,1.985,0,0,11,32,0,26,0
10-03 16:43:00,22.368,3.016,73.638,0,0,1547780,765288,172548,5441284,4794.260,542.860,0,84.445,0,7.037,1849,1295,2.440,1.830,1.040,2,0,2.011,0,0,11,32,0,26,0
10-03 16:43:01,22.193,2.992,73.810,0,0,1463576,849492,172548,5441284,9103.550,538.613,0,23.938,0,0.997,1757,1199,2.440,1.830,1.040,2,0,0.997,0,0,11,32,0,26,0
10-03 16:43:02,22.241,3.998,73.471,0,0,1530332,782748,172548,5441272,8834.464,539.784,0,11.995,0,1.000,1809,1155,2.440,1.830,1.040,3,0,1.999,0,0,11,32,0,26,0
10-03 16:43:03,12.020,17.779,69.615,0,0,1479592,833420,172548,5441336,4487.398,540.892,0,240.396,0,10.017,5463,4264,2.440,1.830,1.040,2,0,460.760,0,0,11,32,0,19,0
10-03 16:43:04,21.788,3.256,73.877,0,0,1523412,789600,172548,5441336,6950.994,486.840,0,0,0,0,1689,1138,2.440,1.830,1.040,2,0,0,0,0,11,32,0,19,0
10-03 16:43:05,22.937,3.490,73.798,0,0,1500748,812008,172548,5441592,5780.176,538.526,0,0,0,0,1798,1130,2.330,1.820,1.040,2,0,8.975,0,0,11,32,0,19,0
10-03 16:43:06,22.742,2.249,72.976,0.500,0,1488224,824524,172548,5441600,7395.549,539.821,0,143.952,0,2.999,1741,1119,2.330,1.820,1.040,2,0,7.997,0,0,11,32,0,19,0
10-03 16:43:07,9.280,22.322,68.220,0,0,1485216,827384,172548,5441748,7333.643,541.747,40.129,196.634,2.006,7.023,6459,5262,2.330,1.820,1.040,3,0,572.847,0,0,11,32,0,13,0
10-03 16:43:08,7.763,22.038,68.118,0,0,1467440,845116,172548,5441784,7627.240,540.939,0,216.376,0,4.007,6843,5919,2.330,1.820,1.040,2,0,666.156,0,0,11,32,0,13,0
10-03 16:43:09,8.744,22.735,66.706,0.999,0,1457560,854952,172552,5441812,8581.391,539.647,0,2206.558,0,50.967,7179,6543,2.330,1.820,1.040,4,0,687.551,0,0,11,32,0,13,0
10-03 16:43:10,9.476,20.948,68.580,0.249,0,1438028,874428,172552,5441860,8427.091,538.663,0,1635.941,0,20.948,6973,6090,2.220,1.800,1.040,3,0,680.312,0,0,11,32,0,13,0
10-03 16:43:11,7.525,21.823,69.481,0,0,1428356,884068,172552,5441892,4943.458,541.804,0,280.935,0,10.033,6635,5668,2.220,1.800,1.040,2,0,610.031,0,0,11,32,0,10,0
10-03 16:43:12,7.991,22.475,68.423,0,0,1413180,899180,172552,5441948,7380.742,485.457,0,267.700,0,16.981,6763,5740,2.220,1.800,1.040,3,0,646.277,0,0,11,32,0,10,0
10-03 16:43:13,10.014,21.279,67.341,0.250,0,1382680,929648,172556,5441968,5798.824,540.730,0,248.335,0,9.012,6319,5205,2.220,1.800,1.040,3,1,533.720,0,0,11,34,0,10,0
10-03 16:43:14,45.767,22.884,28.605,1.741,0,1463788,848444,172572,5442020,7942.619,537.268,0,2061.519,0,202.968,6778,6327,2.220,1.800,1.040,5,0,631.788,0,0,11,32,0,16,0
10-03 16:43:15,58.671,7.773,23.569,9.026,0,1633428,674984,172604,5445340,7621.166,541.575,373.085,3269.509,3.009,151.440,4282,3502,2.280,1.820,1.050,4,1,10.029,0,0,11,34,0,12,0
10-03 16:43:16,18.999,4.500,45.998,28.249,0,1633892,670252,172776,5448824,3429.878,539.981,0,10599.624,0,689.976,5948,9655,2.280,1.820,1.050,1,0,30.999,0,0,11,38,0,13,0
10-03 16:43:17,7.468,3.734,51.279,34.352,0,1632288,670252,172960,5450148,7179.052,537.682,0,15568.886,0,998.695,5737,10424,2.280,1.820,1.050,3,2,14.936,0,0,11,38,0,13,0
10-03 16:43:18,9.537,2.761,51.700,34.132,0,1633412,667480,173080,5451636,6942.817,542.094,0,7922.602,0,631.439,4928,8415,2.280,1.820,1.050,1,2,30.116,0,0,11,38,0,13,0
10-03 16:43:19,5.968,3.232,47.492,40.529,0,1632096,667480,173212,5452784,7834.370,483.370,0,12941.580,0,862.308,5841,10750,2.280,1.820,1.050,8,1,5.968,0,0,11,38,0,13,0
10-03 16:43:20,8.269,3.508,46.857,39.089,0,1631324,666976,173372,5453868,7400.847,541.232,0,12953.487,0,834.901,6027,11186,2.500,1.870,1.070,2,2,10.023,0,0,11,38,0,11,0
10-03 16:43:21,5.754,2.752,54.034,34.022,0,1630660,666724,173484,5454620,8145.178,540.344,0,13288.448,0,862.548,4997,9118,2.500,1.870,1.070,3,3,9.006,0,0,11,38,0,11,0
10-03 16:43:22,7.250,2.750,47.250,40.750,0,1628736,667924,173596,5455192,4805.983,539.998,0,10459.963,0,701.997,4780,8557,2.500,1.870,1.070,2,1,12.000,0,0,11,38,0,11,0
10-03 16:43:23,19.324,8.031,40.907,29.614,0.251,1614112,680812,173668,5456804,4287.467,542.082,0,9837.784,0,701.695,8373,23888,2.500,1.870,1.070,2,2,96.370,0,0,11,36,0,12,0
10-03 16:43:24,23.637,4.479,38.815,31.848,0,1665492,628188,173744,5457940,7589.745,2942.942,0,12106.171,0,840.983,5467,9280,2.500,1.870,1.070,5,1,11.943,0,0,11,37,0,10,0
10-03 16:43:25,17.293,5.263,44.109,31.578,0,1665048,627488,173828,5458900,14285.344,6638.425,0,12466.845,0,862.133,6505,10884,2.620,1.910,1.090,3,2,18.045,0,0,11,37,0,10,0
10-03 16:43:26,24.589,8.029,34.876,30.861,0,1678516,612788,173912,5459996,5912.331,1377.972,0,14106.896,0,931.360,6863,10434,2.620,1.910,1.090,2,2,82.297,0,0,11,38,0,11,0
10-03 16:43:27,20.442,4.487,40.883,32.158,0,1692028,598020,173944,5461192,12756.503,6127.469,0,12580.008,0,720.937,5501,8657,2.620,1.910,1.090,3,3,8.974,0,0,11,39,0,11,0
10-03 16:43:28,21.946,4.738,43.893,27.932,0,1683460,605012,173988,5462684,17870.427,11474.023,0,9656.455,0,711.266,9244,15420,2.620,1.910,1.090,2,4,11.971,0,0,11,39,0,9,0
10-03 16:43:29,22.737,5.747,36.480,31.982,0,1668368,619140,174060,5463576,11918.426,3380.136,0,14807.832,0,1045.423,6567,10530,2.620,1.910,1.090,3,1,41.977,0,0,11,38,0,9,0
10-03 16:43:30,23.401,4.278,41.518,27.931,0,1663552,621956,174116,5465420,14432.323,6239.345,0,9263.903,0,793.129,6112,9673,2.730,1.950,1.100,1,2,10.065,0,0,11,39,0,9,0
10-03 16:43:31,19.710,4.990,44.908,28.442,0.249,1658808,625592,174172,5466440,17850.490,11007.486,0,15256.795,0,988.977,9226,15658,2.730,1.950,1.100,7,0,17.963,0,0,11,39,0,9,0
10-03 16:43:32,22.767,7.505,39.028,28.271,0,1605212,677752,174224,5467776,9772.131,4677.413,0,14338.464,0,885.646,8236,13200,2.730,1.950,1.100,5,1,71.052,0,0,11,38,0,10,0
10-03 16:43:33,24.884,5.474,37.574,31.105,0,1649896,631892,174260,5468888,13314.753,5546.072,0,14408.639,0,947.570,7127,12413,2.730,1.950,1.100,2,1,0,0,0,11,39,0,10,0
10-03 16:43:34,22.083,4.517,43.916,27.353,0,1646576,634320,174316,5469696,15905.019,9029.072,0,11077.803,0,767.898,7744,12815,2.730,1.950,1.100,4,2,3.011,0,0,11,39,0,10,0
10-03 16:43:35,21.213,4.991,39.431,31.944,0,1619640,660048,174440,5470756,15563.678,6422.725,0,14183.101,0,925.375,8144,12970,2.830,1.980,1.120,4,1,41.926,0,0,11,38,0,10,0
10-03 16:43:36,27.287,4.506,32.795,33.295,0,1678084,600196,174608,5471944,8190.119,2509.407,0,9560.980,0,747.014,5610,9223,2.830,1.980,1.120,2,1,9.012,0,0,11,39,0,10,0
10-03 16:43:37,25.552,4.509,44.591,23.298,0,1673296,604192,174676,5472620,16086.945,8021.427,0,15002.724,0,979.005,7494,12788,2.830,1.980,1.120,3,2,6.012,0,0,11,39,0,10,0
10-03 16:43:38,29.499,15.249,32.249,21.499,0,1546244,728880,174732,5475216,17044.307,11353.538,371.985,9203.626,6.000,597.976,10571,15829,2.830,1.980,1.120,4,1,333.986,0,0,11,36,0,11,0
10-03 16:43:39,38.054,16.167,19.400,25.120,0,1614300,659048,174832,5476380,3859.073,537.226,783.952,13280.426,14.923,852.598,8842,14811,2.830,1.980,1.120,4,3,193.003,0,0,11,36,0,11,0
10-03 16:43:40,23.581,7.526,35.622,31.107,0,1599032,673060,174940,5477500,17627.435,9416.283,1252.293,14505.732,18.062,1033.543,7983,11865,3.090,2.050,1.150,2,1,108.372,0,0,11,36,0,12,0
10-03 16:43:41,24.640,6.222,43.804,22.897,0,1621220,649872,175020,5478420,7315.217,537.591,0,9007.633,0,616.238,5592,8218,3.090,2.050,1.150,3,0,34.844,0,0,11,36,0,12,0
10-03 16:43:42,17.515,4.504,45.289,31.277,0,1618056,651944,175104,5479404,10469.980,7256.223,0,11790.112,0,751.645,5519,9000,3.090,2.050,1.150,2,2,0,0,0,11,36,0,13,0
10-03 16:43:43,24.009,7.253,43.016,24.009,0,1591848,677064,175144,5480388,11853.540,486.186,0,7226.768,0,562.215,5945,8378,3.090,2.050,1.150,3,1,63.024,0,0,11,36,0,13,0
10-03 16:43:44,19.083,4.269,49.465,25.360,0,1590592,676796,175208,5481816,14745.045,9037.253,0,10622.137,0,783.403,7342,12268,3.090,2.050,1.150,2,2,3.013,0,0,11,37,0,13,0
10-03 16:43:45,20.162,5.974,44.058,26.634,0,1594620,671424,175244,5483088,20384.102,2609.619,0,13174.544,0,874.188,6658,10377,3,2.050,1.150,3,2,45.800,0,0,11,36,0,14,0
10-03 16:43:46,20.736,3.997,45.719,27.481,0,1621952,643160,175284,5483960,12263.629,5671.129,0,7966.562,0,603.588,5508,8827,3,2.050,1.150,3,1,2.998,0,0,11,37,0,14,0
10-03 16:43:47,18.087,5.526,42.956,31.651,0,1596180,667640,175352,5485160,9909.413,6313.207,0,13219.250,0,857.101,7201,11649,3,2.050,1.150,4,1,38.183,0,0,11,36,0,15,0
10-03 16:43:48,3.485,2.738,61.985,27.881,0,1577476,685304,175376,5486136,8290.613,537.705,0,8061.591,0,610.395,4394,7813,3,2.050,1.150,2,2,27.881,0,0,11,36,0,15,0
10-03 16:43:49,3.753,2.752,64.058,27.775,0,1554308,707540,175404,5487016,7308.567,540.486,0,6850.155,0,549.494,3971,7241,3,2.050,1.150,1,3,0,0,0,11,36,0,15,0
10-03 16:43:50,2.996,2.497,60.676,31.212,0,1540608,720836,175416,5487356,7463.887,539.342,0,14166.703,0,639.220,3674,6584,2.920,2.040,1.160,1,1,9.988,0,0,11,36,0,15,0
10-03 16:43:51,5.257,3.004,61.078,28.286,0,1529076,731440,175440,5488220,4168.311,486.620,0,9383.957,0,769.981,4976,9020,2.920,2.040,1.160,2,1,12.015,0,0,11,36,0,15,0
10-03 16:43:52,3.994,2.496,57.915,32.952,0,1516452,743644,175468,5488604,9215.517,539.211,0,11211.596,0,778.860,4558,8274,2.920,2.040,1.160,1,0,5.991,0,0,11,36,0,15,0
10-03 16:43:53,5.517,3.009,51.910,37.867,0,1505768,753508,175488,5489352,7396.785,541.669,0,8883.364,0,721.222,5031,9052,2.920,2.040,1.160,2,1,6.019,0,0,11,36,0,15,0
10-03 16:43:54,5.232,2.492,60.795,28.404,0,1498248,760652,175516,5489656,5950.960,538.188,0,10715.913,0,766.419,4714,8706,2.920,2.040,1.160,1,1,5.980,0,0,11,36,0,15,0
10-03 16:43:55,5.258,2.754,59.089,30.546,0.250,1493612,765000,175544,5489908,3988.989,540.812,0,11537.323,0,798.198,4618,8284,2.850,2.040,1.160,2,0,12.018,0,0,11,36,0,15,0
10-03 16:43:56,4.754,2.752,60.050,30.025,0,1489036,768380,175544,5491076,8509.042,540.447,0,12077.996,0,890.737,4576,7975,2.850,2.040,1.160,1,4,6.005,0,0,11,36,0,15,0
10-03 16:43:57,5.005,2.753,58.057,31.781,0,1484272,772868,175580,5491308,6522.429,750.740,0,9261.128,0,777.767,5096,8813,2.850,2.040,1.160,2,0,12.012,0,0,11,36,0,15,0
10-03 16:43:58,3.738,1.994,60.054,31.149,0,1481240,775200,175620,5491956,7720.846,777.467,0,7822.515,0,601.042,4040,7362,2.850,2.040,1.160,1,2,2.990,0,0,11,36,0,15,0
10-03 16:43:59,4.011,3.008,57.906,32.086,0,1479200,776704,175720,5492376,5802.630,667.799,0,13548.494,0,860.317,4726,8612,2.850,2.040,1.160,2,3,9.024,0,0,11,36,0,15,0
10-03 16:44:00,4.746,2.498,56.451,32.971,0,1478044,776032,175800,5494076,7698.330,539.533,0,11330.184,0,756.345,4615,8398,2.940,2.080,1.180,1,2,6.994,0,0,11,36,0,15,0
10-03 16:44:01,3.992,2.994,65.123,25.949,0,1476676,776868,175832,5494564,8203.982,538.948,0,7876.621,0,683.665,4493,8020,2.940,2.080,1.180,4,1,8.982,0,0,11,36,0,15,0
10-03 16:44:02,5.759,3.255,49.827,38.810,0,1477912,774864,175888,5495240,4649.150,540.832,0,12643.443,0,856.317,5494,10070,2.940,2.080,1.180,2,3,9.014,0,0,11,36,0,15,0
10-03 16:44:03,6.242,2.996,63.167,24.967,0,1477924,774864,175936,5495172,3870.885,539.287,0,8340.979,0,731.034,5219,9395,2.940,2.080,1.180,1,2,8.988,0,0,11,36,0,15,0
10-03 16:44:04,5.016,4.514,59.691,27.839,0,1478280,774864,176024,5494728,8055.794,541.735,0,15802.599,0,1085.476,6628,12393,2.940,2.080,1.180,1,1,0,0,0,11,36,0,15,0
10-03 16:44:05,5.240,2.495,65.619,23.952,0,1478432,774864,176076,5494524,6665.656,485.029,0,5524.939,0,579.839,4936,8849,2.860,2.080,1.180,3,1,2.994,0,0,11,36,0,15,0
10-03 16:44:06,4.509,3.257,57.620,30.814,0,1479176,774864,176168,5493688,8531.810,541.130,0,15083.486,0,1042.176,6091,11430,2.860,2.080,1.180,1,1,0,0,0,11,36,0,15,0
10-03 16:44:07,8.499,2.750,55.744,30.247,0,1478772,774864,176220,5494040,7394.154,539.938,0,10390.812,0,813.907,5098,8927,2.860,2.080,1.180,1,2,5.999,0,0,11,36,0,15,0
10-03 16:44:08,7.725,2.990,61.801,25.169,0,1478124,774864,176244,5494664,9577.212,538.270,0,8895.404,0,768.529,5255,9135,2.860,2.080,1.180,1,2,8.971,0,0,11,36,0,15,0
10-03 16:44:09,5.249,2.749,60.486,27.744,0,1477812,774864,176256,5494960,11892.267,539.876,0,9913.722,0,788.819,5179,9095,2.860,2.080,1.180,1,3,5.999,0,0,11,36,0,15,0
10-03 16:44:10,4.251,3.251,55.260,34.756,0,1477480,774864,176272,5495272,5655.007,540.096,0,13266.361,0,903.161,4720,8696,2.790,2.070,1.190,1,2,7.001,0,0,11,36,0,15,0
10-03 16:44:11,4.748,2.749,59.470,30.485,0.250,1477084,774864,176300,5495624,8596.733,539.732,0,12297.897,0,838.584,4607,8447,2.790,2.070,1.190,1,1,5.997,0,0,11,36,0,15,0
10-03 16:44:12,8.002,3.001,63.762,22.754,0,1476616,774864,176316,5496072,6311.229,582.113,0,7977.554,0,751.146,5734,10196,2.790,2.070,1.190,2,0,12.002,0,0,11,36,0,15,0
10-03 16:44:13,5.247,3.248,58.465,30.232,0,1476984,774864,176328,5495684,4709.152,527.681,0,12708.314,0,938.432,5374,9896,2.790,2.070,1.190,2,2,2.998,0,0,11,36,0,15,0
10-03 16:44:14,6.255,3.253,63.556,24.521,0,1477232,774864,176352,5495408,7417.484,582.509,0,7646.684,0,748.654,5331,9482,2.790,2.070,1.190,1,1,6.005,0,0,11,36,0,15,0
10-03 16:44:15,4.249,2.999,59.980,28.990,0,1476980,774864,176384,5495632,7904.328,539.818,0,15226.853,0,945.680,4955,9044,2.890,2.110,1.200,2,2,2.999,0,0,11,36,0,15,0
10-03 16:44:16,5.502,2.501,58.026,30.764,0,1476640,774864,176400,5495956,10317.552,540.238,0,8299.662,0,667.294,5672,10060,2.890,2.110,1.200,1,1,6.003,0,0,11,38,0,15,0
10-03 16:44:17,6.761,3.005,58.845,28.797,0,1476216,774864,176412,5496360,4299.973,540.877,0,12327.992,0,933.514,5337,9927,2.890,2.110,1.200,1,1,3.005,0,0,11,38,0,8,0
10-03 16:44:18,7.739,2.496,57.419,29.459,0,1475744,774864,176424,5496812,4412.812,539.244,0,7900.920,0,687.037,5109,8947,2.890,2.110,1.200,2,0,14.979,0,0,11,38,0,8,0
10-03 16:44:19,8.785,2.761,61.744,25.099,0,1475312,774864,176444,5497212,7957.499,542.146,0,10148.171,0,804.183,4833,8715,2.890,2.110,1.200,4,0,9.036,0,0,11,38,0,8,0
10-03 16:44:20,8.719,3.239,51.568,34.379,0,1475056,774640,176448,5497676,17537.194,484.293,0,13133.713,0,832.068,5027,8749,2.820,2.100,1.210,3,0,3.986,0,0,11,38,0,8,0
10-03 16:44:21,9.283,3.261,63.975,20.322,0,1474424,774388,176472,5498520,4316.205,541.909,0,7064.888,0,762.687,5932,10829,2.820,2.100,1.210,1,2,15.053,0,0,11,38,0,8,0
10-03 16:44:22,6.964,3.233,54.221,32.831,0,1473984,774388,176492,5498920,11723.623,537.233,0,13745.212,0,912.302,5614,10107,2.820,2.100,1.210,1,1,8.954,0,0,11,38,0,8,0
10-03 16:44:23,6.788,3.268,64.612,22.878,0,1474028,773632,176540,5499568,7134.992,543.044,0,6311.376,0,667.743,5264,9135,2.820,2.100,1.210,3,1,22.124,0,0,11,38,0,8,0
10-03 16:44:24,10.696,4.726,56.716,24.875,0,1475676,771764,176560,5499756,8996.883,537.306,0,15677.382,0,1044.761,6702,16721,2.820,2.100,1.210,1,1,31.840,0,0,11,38,0,9,0
10-03 16:44:25,5.241,4.242,62.388,25.454,0,1474480,772320,176608,5500312,7332.860,539.034,0,8404.939,0,733.685,6285,11222,2.750,2.100,1.210,2,2,20.962,0,0,11,38,0,8,0
10-03 16:44:26,6.013,3.257,60.379,26.807,0,1472728,773680,176624,5500672,2878.140,541.154,0,13400.588,0,922.969,5223,9436,2.750,2.100,1.210,2,1,6.013,0,0,11,38,0,8,0
10-03 16:44:27,5.500,2.750,56.752,32.001,0,1471164,774680,176660,5501184,11347.399,486.017,0,13276.466,0,913.032,5641,10239,2.750,2.100,1.210,5,2,6.000,0,0,11,38,0,8,0
10-03 16:44:28,6.004,2.752,62.793,26.018,0,1469684,775556,176700,5501732,9849.702,540.368,0,8669.900,0,737.502,4978,8875,2.750,2.100,1.210,1,2,3.002,0,0,11,38,0,8,0
10-03 16:44:29,3.750,2.250,57.747,33.248,0,1468764,775840,176724,5502328,9867.430,539.969,0,9999.423,0,685.960,4087,7260,2.750,2.100,1.210,2,2,6.000,0,0,11,38,0,7,0
10-03 16:44:30,7.247,2.999,59.475,28.238,0,1468476,775588,176752,5502828,6918.086,539.773,0,8928.239,0,798.664,5351,9416,2.610,2.080,1.210,6,0,21.991,0,0,11,38,0,7,0
10-03 16:44:31,4.000,3.000,62.997,26.999,0,1468368,775336,176756,5503172,7712.610,539.973,0,12843.350,0,854.957,4381,8093,2.610,2.080,1.210,1,1,3.000,0,0,11,38,0,7,0
10-03 16:44:32,3.501,2.250,62.510,27.754,0,1467928,775336,176780,5503576,6435.981,634.097,0,11309.725,0,815.124,4613,8450,2.610,2.080,1.210,3,0,6.001,0,0,11,38,0,7,0
10-03 16:44:33,5.771,3.513,62.732,25.595,0,1467452,775084,176796,5504268,5728.196,542.006,0,10330.225,0,794.942,4806,8861,2.610,2.080,1.210,2,2,9.033,0,0,11,38,0,6,0
10-03 16:44:34,5.732,3.240,58.317,30.654,0,1467072,775084,176804,5504628,3626.649,538.315,0,10387.489,0,819.435,5234,9492,2.610,2.080,1.210,1,2,5.981,0,0,11,38,0,6,0
10-03 16:44:35,3.499,2.749,57.976,32.486,0,1467092,774832,176812,5504844,6994.080,485.797,0,11955.009,0,788.671,6265,11647,2.800,2.130,1.230,2,2,8.996,0,0,11,38,0,6,0
10-03 16:44:36,3.999,2.749,56.736,33.242,0,1466708,774832,176820,5505212,7518.132,539.866,0,10353.427,0,754.812,4643,8330,2.800,2.130,1.230,1,1,5.999,0,0,11,38,0,6,0
10-03 16:44:37,5.747,3.248,62.969,24.488,0,1466268,774832,176828,5505632,7683.234,539.735,0,8855.659,0,798.609,5431,9660,2.800,2.130,1.230,2,2,8.996,0,0,11,38,0,6,0
10-03 16:44:38,4.005,2.753,59.569,31.036,0,1466088,774580,176832,5506052,6473.526,540.629,0,13147.286,0,921.071,4955,9054,2.800,2.130,1.230,1,2,6.007,0,0,11,38,0,6,0
10-03 16:44:39,6.249,2.750,65.742,22.497,0,1465644,774328,176840,5506724,8182.952,539.931,0,4427.433,0,530.932,4844,8235,2.800,2.130,1.230,1,2,35.995,0,0,11,38,0,6,0
10-03 16:44:40,4.745,2.997,61.435,28.969,0,1465828,773824,176844,5507036,5389.293,539.429,0,12638.617,0,819.133,4524,8307,2.820,2.150,1.240,4,0,9.989,0,0,11,38,0,6,0
10-03 16:44:41,4.752,2.751,58.779,30.515,0,1465624,773572,176844,5507472,6675.243,540.262,0,10993.340,0,754.366,5171,9151,2.820,2.150,1.240,1,2,9.004,0,0,11,38,0,4,0
10-03 16:44:42,6.755,2.502,63.051,26.021,0,1465484,773320,176848,5507856,6466.212,486.392,0,8042.482,0,652.526,5002,8940,2.820,2.150,1.240,3,2,15.012,0,0,11,38,0,4,0
10-03 16:44:43,6.495,3.747,64.451,22.983,0,1466128,772312,176856,5508196,8823.347,539.593,0,9812.601,0,789.405,5271,9284,2.820,2.150,1.240,3,1,14.989,0,0,11,38,0,4,0
10-03 16:44:44,5.746,4.247,52.711,34.974,0,1465900,771808,176884,5508864,7645.367,539.602,0,16555.803,0,1084.201,5696,10186,2.820,2.150,1.240,1,1,8.993,0,0,11,38,0,4,0
10-03 16:44:45,6.011,2.505,65.875,22.292,0,1465688,771808,176924,5509024,10122.139,541.023,0,7790.730,0,701.326,5015,8927,2.750,2.140,1.240,2,1,12.023,0,0,11,38,0,4,0
10-03 16:44:46,4.506,3.255,62.839,26.037,0,1465396,771556,176936,5509548,8226.699,540.769,0,10607.084,0,870.238,5427,9876,2.750,2.140,1.240,2,1,9.013,0,0,11,38,0,2,0
10-03 16:44:47,6.992,3.745,59.678,27.467,0,1467088,769540,176940,5509860,8443.830,539.350,0,12556.876,0,904.910,5433,9527,2.750,2.140,1.240,1,1,8.989,0,0,11,38,0,2,0
10-03 16:44:48,5.742,3.245,55.422,32.454,0,1467472,768784,176960,5510204,6356.088,539.244,0,14264.000,0,946.673,5194,9280,2.750,2.140,1.240,1,2,0,0,0,11,38,0,2,0
10-03 16:44:49,7.250,3.000,64.247,22.249,0,1467916,767776,176984,5510712,7302.701,539.978,0,8407.655,0,734.970,5116,8945,2.750,2.140,1.240,1,1,9.000,0,0,11,38,0,2,0
10-03 16:44:50,6.263,3.257,61.375,26.554,0,1468576,767524,176992,5510292,7731.797,486.995,0,13916.433,0,1051.148,6149,11329,2.690,2.140,1.250,6,2,7.014,0,0,11,38,0,1,0
10-03 16:44:51,5.720,3.730,56.952,30.341,0,1469808,767524,177008,5509040,7116.741,537.188,0,15319.795,0,1042.542,6982,12935,2.690,2.140,1.250,3,2,0,0,0,11,38,0,1,0
10-03 16:44:52,6.028,3.516,62.292,26.122,0,1471616,767524,177012,5507228,5536.955,542.543,0,8580.221,0,793.721,5897,10797,2.690,2.140,1.250,1,1,0,0,0,11,38,0,1,0
10-03 16:44:53,5.252,3.001,59.025,29.262,0,1472712,767524,177012,5506140,8877.687,540.224,0,12505.194,0,901.374,5532,10288,2.690,2.140,1.250,1,1,0,0,0,11,38,0,1,0
10-03 16:44:54,6.010,3.005,61.351,27.044,0,1473884,767524,177012,5504968,8974.735,540.888,0,10176.709,0,806.324,5592,10258,2.690,2.140,1.250,3,1,0,0,0,11,38,0,1,0
10-03 16:44:55,5.981,2.741,61.555,26.666,0,1473532,767524,177024,5505308,10693.149,538.296,0,11172.631,0,891.179,5357,9552,2.560,2.120,1.250,1,2,5.981,0,0,11,38,0,1,0
10-03 16:44:56,5.750,3.250,55.746,32.748,0,1473228,767524,177036,5505600,7849.440,539.961,0,15062.926,0,967.931,5170,9222,2.560,2.120,1.250,2,3,8.999,0,0,11,38,0,1,0
10-03 16:44:57,5.499,2.250,61.240,27.245,0,1472960,767524,177040,5505860,4042.323,485.919,0,9234.454,0,713.880,5027,9019,2.560,2.120,1.250,1,1,8.998,0,0,11,38,0,1,0
10-03 16:44:58,5.748,3.749,63.978,25.242,0,1472652,767524,177040,5506168,8711.070,539.818,0,8996.974,0,755.746,4981,8860,2.560,2.120,1.250,1,2,11.996,0,0,11,38,0,1,0
10-03 16:44:59,13.553,5.020,58.228,21.083,0,1347368,893136,177040,5505860,5710.387,542.125,0,8573.612,0,596.338,5298,8137,2.560,2.120,1.250,2,0,54.213,0,0,11,32,0,3,0
10-03 16:45:00,8.264,22.287,66.861,1.252,0,1345100,895164,177040,5506092,6703.116,540.897,0,1855.076,0,106.176,6826,6000,2.430,2.100,1.250,3,0,579.962,0,0,11,32,0,3,0
10-03 16:45:01,51.546,16.014,26.274,5.755,0,1468680,771548,177040,5506128,9034.136,540.487,0,9132.225,0,517.466,6473,6460,2.430,2.100,1.250,4,0,318.287,0,0,11,32,0,9,0
10-03 16:45:02,62.452,6.745,25.730,4.746,0,1677388,560560,177100,5508176,5164.051,539.587,0,2606.007,0,127.902,3832,1873,2.430,2.100,1.250,4,0,1.998,0,0,11,32,0,9,0
10-03 16:45:03,61.990,5.249,21.997,9.998,0,1768968,465080,177236,5511600,8232.724,539.916,0,8538.677,0,290.955,4189,2228,2.430,2.100,1.250,4,0,5.999,0,0,11,32,0,9,0
10-03 16:45:04,12.948,3.486,47.560,33.616,0,1781648,450240,177268,5513588,5273.964,537.855,0,9398.513,0,600.604,4954,7834,2.430,2.100,1.250,4,1,14.940,0,0,11,38,0,9,0
10-03 16:45:05,12.276,3.006,52.610,29.311,0,1780392,449736,177276,5515288,4416.207,487.015,0,11263.481,0,835.742,6273,10584,2.640,2.150,1.270,1,3,42.088,0,0,11,38,0,9,0
10-03 16:45:06,8.999,4.249,54.242,30.245,0,1780024,448728,177280,5516596,7578.849,539.918,0,11746.216,0,790.880,7007,12640,2.640,2.150,1.270,2,1,23.996,0,0,11,38,0,9,0
10-03 16:45:07,7.719,3.237,50.300,35.858,0,1778836,448728,177288,5517728,5991.230,537.866,0,12980.501,0,875.526,6264,11590,2.640,2.150,1.270,2,4,20.917,0,0,11,38,0,9,0
10-03 16:45:08,8.510,3.754,49.305,36.040,0,1780224,444696,177320,5520244,9322.449,540.606,0,10691.984,0,860.965,6117,10658,2.640,2.150,1.270,1,3,33.037,0,0,11,38,0,9,0
10-03 16:45:09,8.774,4.011,51.642,32.840,0,1780096,443688,177340,5521312,10091.733,541.488,0,14929.027,0,1042.866,6796,12254,2.640,2.150,1.270,3,1,30.083,0,0,11,38,0,9,0
10-03 16:45:10,8.727,2.992,53.861,31.668,0,1780840,441924,177348,5522300,11147.249,538.611,0,13377.496,0,914.641,6071,10828,2.670,2.170,1.280,5,1,24.936,0,0,11,38,0,9,0
10-03 16:45:11,7.514,3.507,47.087,38.822,0,1780456,440664,177372,5523856,8669.104,541.005,0,16502.656,0,1064.978,6238,11083,2.670,2.170,1.280,8,1,27.050,0,0,11,38,0,9,0
10-03 16:45:12,6.985,3.243,50.643,37.171,0.249,1780356,439656,177384,5524924,4896.645,538.861,0,12238.121,0,809.289,6439,11802,2.670,2.170,1.280,1,4,20.956,0,0,11,38,0,9,0
10-03 16:45:13,6.003,3.252,50.024,38.018,0,1780792,438172,177396,5525900,4491.167,486.235,0,12746.151,0,853.412,5443,9836,2.670,2.170,1.280,1,2,21.010,0,0,11,38,0,9,0
10-03 16:45:14,7.024,3.261,47.158,40.386,0,1780668,437164,177412,5526988,8022.934,541.819,0,12004.300,0,754.533,4823,8452,2.670,2.170,1.280,1,3,15.051,0,0,11,38,0,9,0
10-03 16:45:15,6.969,2.738,48.287,38.580,0,1780688,435904,177436,5528176,6020.404,537.625,0,13635.763,0,914.958,5438,9754,2.850,2.210,1.300,1,5,20.908,0,0,11,38,0,9,0
10-03 16:45:16,7.485,3.493,49.403,37.177,0,1781348,434392,177436,5528988,9471.390,538.941,0,12830.789,0,859.312,5568,9716,2.850,2.210,1.300,8,2,32.935,0,0,11,38,0,9,0
10-03 16:45:17,6.510,3.505,54.834,32.299,0,1780912,433888,177440,5529900,7751.820,540.825,0,11593.678,0,776.184,5669,10300,2.850,2.210,1.300,1,3,21.032,0,0,11,38,0,9,0
10-03 16:45:18,6.504,2.502,49.533,38.275,0,1781340,432376,177448,5530912,7740.123,540.358,0,12708.411,0,770.510,5414,9727,2.850,2.210,1.300,2,5,21.014,0,0,11,38,0,9,0
10-03 16:45:19,6.252,3.251,47.513,40.261,0,1781036,431872,177456,5531692,7385.952,540.143,0,13375.535,0,1055.279,5407,9694,2.850,2.210,1.300,2,0,18.005,0,0,11,38,0,9,0
10-03 16:45:20,6.751,3.251,48.758,39.257,0,1780932,430612,177464,5533016,5490.931,486.082,0,8297.407,0,638.108,4796,8149,2.950,2.240,1.310,3,0,25.004,0,0,11,38,0,9,0
10-03 16:45:21,5.264,3.259,54.898,34.343,0,1780508,430360,177464,5533676,5837.753,541.461,0,13055.229,0,864.332,4958,9063,2.950,2.240,1.310,2,2,9.024,0,0,11,38,0,9,0
10-03 16:45:22,5.485,2.992,50.611,37.398,0.249,1780552,429352,177472,5534608,9119.009,538.524,0,12015.072,0,803.797,6716,12411,2.950,2.240,1.310,1,1,14.959,0,0,11,38,0,9,0
10-03 16:45:23,5.757,3.504,54.819,33.042,0,1780484,428596,177472,5535408,6510.217,582.735,0,12083.251,0,824.040,5562,10003,2.950,2.240,1.310,2,4,15.019,0,0,11,38,0,9,0
10-03 16:45:24,9.238,5.243,48.438,35.205,0,1801920,406420,177484,5536088,7839.982,539.311,0,13490.761,0,859.901,6267,17354,2.950,2.240,1.310,2,0,47.939,0,0,11,38,0,10,0
10-03 16:45:25,6.994,3.747,49.454,36.466,0,1799328,408184,177484,5536860,8518.097,539.499,0,15321.785,0,1018.055,5998,10850,3.030,2.270,1.320,6,1,20.981,0,0,11,38,0,10,0
10-03 16:45:26,6.750,2.750,54.502,33.001,0,1796392,410016,177488,5537928,9152.315,540.019,0,8624.297,0,683.024,5004,8761,3.030,2.270,1.320,1,1,18.001,0,0,11,38,0,10,0
10-03 16:45:27,6.005,3.003,57.299,30.526,0,1794300,411684,177488,5538348,7212.219,540.466,0,11882.245,0,845.729,5145,9189,3.030,2.270,1.320,2,2,21.018,0,0,11,38,0,9,0
10-03 16:45:28,5.000,3.250,49.746,39.497,0,1792104,413148,177496,5539040,7343.471,485.965,0,10607.236,0,740.947,5878,10668,3.030,2.270,1.320,1,2,14.999,0,0,11,38,0,9,0
10-03 16:45:29,24.910,6.975,36.119,29.892,0,1675124,529324,177500,5539816,8263.101,538.053,0,14407.868,0,933.622,6778,10424,3.030,2.270,1.320,2,3,86.686,0,0,11,36,0,9,0
10-03 16:45:30,29.529,5.005,35.285,29.029,0,1746804,456404,177520,5541012,10186.165,540.539,0,12656.631,0,811.810,7055,11757,3.270,2.330,1.350,3,1,35.035,0,0,11,36,0,9,0
10-03 16:45:31,28.233,5.546,38.568,26.720,0,1738824,463052,177532,5542288,5221.047,544.489,0,13313.770,0,917.565,6704,11035,3.270,2.330,1.350,2,1,94.781,0,0,11,36,0,9,0
10-03 16:45:32,5.486,3.491,51.118,35.907,0,1729976,470484,177540,5543600,9423.716,632.370,0,12866.843,0,909.656,5581,9658,3.270,2.330,1.350,0,2,30.920,0,0,11,36,0,9,0
10-03 16:45:33,5.985,3.242,53.612,35.658,0,1721492,478296,177556,5544228,8856.190,538.613,0,11546.261,0,763.035,4374,7586,3.270,2.330,1.350,1,2,16.956,0,0,11,36,0,9,0
10-03 16:45:34,5.503,3.002,52.527,36.269,0,1712876,486108,177564,5545008,8527.358,540.276,0,12682.482,0,824.421,5004,8898,3.270,2.330,1.350,5,1,18.009,0,0,11,36,0,9,0
10-03 16:45:35,5.998,2.749,52.981,34.488,0,1704000,493668,177576,5546276,5909.860,539.805,0,13219.214,0,893.676,5331,9506,3.250,2.350,1.360,1,2,17.993,0,0,11,36,0,9,0
10-03 16:45:36,5.501,2.500,56.255,33.503,0,1689056,507108,177588,5547704,4090.380,486.045,0,8888.825,0,685.064,4607,8512,3.250,2.350,1.360,1,3,6.001,0,0,11,36,0,9,0
10-03 16:45:37,5.521,3.011,55.712,31.871,0,1682540,512488,177592,5548808,7219.503,542.065,0,16302.104,0,1031.931,6020,10957,3.250,2.350,1.360,2,2,18.069,0,0,11,36,0,9,0
10-03 16:45:38,8.218,3.985,54.540,31.877,0,1677364,516076,177604,5550316,8710.408,537.925,0,8339.837,0,707.272,5888,10125,3.250,2.350,1.360,1,2,32.873,0,0,11,36,0,9,0
10-03 16:45:39,5.247,2.749,59.219,29.984,0,1672752,520112,177612,5550872,8152.699,539.715,0,12473.419,0,815.570,5946,10872,3.250,2.350,1.360,4,1,11.994,0,0,11,36,0,9,0
10-03 16:45:40,10.291,3.012,54.216,28.865,0,1673536,519192,177612,5550992,6843.204,542.155,0,14244.628,0,891.544,5283,8926,3.390,2.390,1.380,1,1,1.004,0,0,11,36,0,9,0
10-03 16:45:41,7.985,2.994,50.157,36.932,0,1669756,520448,177616,5553452,8269.669,539.001,0,12504.818,0,771.570,4916,8596,3.390,2.390,1.380,1,1,0,0,0,11,36,0,9,0
10-03 16:45:42,6.520,3.009,53.160,34.353,0,1666320,522076,177620,5555204,7772.352,541.627,0,13644.996,0,898.700,5319,9731,3.390,2.390,1.380,2,0,0,0,0,11,36,0,9,0
10-03 16:45:43,4.738,3.241,50.118,39.147,0,1663504,523348,177620,5556692,4937.999,484.724,0,11346.127,0,715.117,4656,8613,3.390,2.390,1.380,0,1,0,0,0,11,36,0,9,0
10-03 16:45:44,4.482,2.988,54.283,35.857,0,1660868,524956,177624,5557664,5206.234,537.855,0,10844.744,0,659.370,4532,8303,3.390,2.390,1.380,1,1,0,0,0,11,36,0,9,0
10-03 16:45:45,5.006,3.754,42.547,46.301,0,1658480,525720,177624,5559212,9236.232,540.599,0,15553.231,0,929.029,6284,11454,3.440,2.420,1.390,1,4,0,0,0,11,36,0,9,0
10-03 16:45:46,6.748,2.749,51.482,36.237,0.250,1656852,525328,177628,5561176,7467.357,539.809,0,10024.452,0,721.745,5117,9112,3.440,2.420,1.390,3,2,0,0,0,11,36,0,9,0
10-03 16:45:47,5.749,3.249,48.989,38.491,0.250,1654884,525564,177632,5562812,10229.708,539.879,0,14424.768,0,916.795,5347,9706,3.440,2.420,1.390,1,1,0,0,0,11,36,0,9,0
10-03 16:45:48,5.001,3.000,53.756,35.254,0,1653820,524796,177636,5564600,9090.032,540.061,0,8740.992,0,621.071,4918,8852,3.440,2.420,1.390,1,3,0,0,0,11,36,0,9,0
10-03 16:45:49,4.750,3.250,48.748,40.249,0,1652700,524436,177640,5565960,8201.738,539.983,0,14919.523,0,915.971,4919,9224,3.440,2.420,1.390,1,2,0,0,0,11,36,0,9,0
10-03 16:45:50,5.753,3.252,57.277,32.015,0,1653344,523080,177640,5566656,7283.387,540.251,0,11393.299,0,722.336,4735,8483,3.240,2.390,1.390,5,0,13.006,0,0,11,36,0,9,0
10-03 16:45:51,5.505,2.752,53.548,35.532,0,1654216,521832,177648,5567012,3558.198,486.437,0,10129.104,0,654.588,4243,7560,3.240,2.390,1.390,1,3,3.003,0,0,11,36,0,9,0
10-03 16:45:52,5.511,3.507,55.606,33.564,0,1653936,521872,177656,5567236,3065.852,541.033,0,13998.720,0,942.800,5445,9942,3.240,2.390,1.390,1,1,6.011,0,0,11,36,0,9,0
10-03 16:45:53,4.486,2.742,60.815,28.663,0,1653584,521848,177660,5567592,10813.165,538.365,0,8322.727,0,746.732,5101,8957,3.240,2.390,1.390,1,1,11.964,0,0,11,36,0,9,0
10-03 16:45:54,4.000,3.500,56.505,33.753,0,1654000,521092,177664,5567920,5431.441,540.044,0,16177.315,0,1015.083,5007,9088,3.240,2.390,1.390,3,1,9.001,0,0,11,36,0,9,0
10-03 16:45:55,5.502,2.751,60.520,28.259,0,1654272,520588,177664,5568128,8344.791,540.181,0,7302.442,0,659.220,5138,8832,3.060,2.370,1.390,1,1,21.007,0,0,11,36,0,9,0
10-03 16:45:56,6.251,2.500,56.507,31.754,0,1655844,518572,177664,5568560,7356.904,540.066,0,11869.459,0,825.101,4668,8547,3.060,2.370,1.390,1,1,3.000,0,0,11,36,0,9,0
10-03 16:45:57,8.998,2.999,48.991,37.993,0,1655484,518320,177672,5569156,7253.697,539.903,0,12229.803,0,844.848,5164,9247,3.060,2.370,1.390,1,1,5.999,0,0,11,36,0,9,0
10-03 16:45:58,5.753,2.501,54.028,34.768,0,1656320,517060,177672,5569548,5681.978,486.255,0,9585.023,0,652.342,4356,7645,3.060,2.370,1.390,2,4,12.006,0,0,11,36,0,9,0
10-03 16:45:59,6.504,2.752,58.282,29.516,0,1656516,516052,177672,5570344,3467.896,540.295,0,10117.532,0,772.422,5198,9268,3.060,2.370,1.390,1,3,21.011,0,0,11,36,0,7,0
10-03 16:46:00,6.233,3.490,54.846,33.406,0,1656404,515800,177672,5570692,7992.628,538.493,0,11220.593,0,774.831,4889,8634,3.060,2.380,1.400,2,0,12.964,0,0,11,36,0,7,0
10-03 16:46:01,11.049,3.265,50.726,32.896,0,1657308,514540,177676,5571028,5755.618,542.414,0,14990.723,0,956.256,5628,9749,3.060,2.380,1.400,2,1,12.054,0,0,11,36,0,7,0
10-03 16:46:02,18.292,7.517,62.144,11.026,0,1357316,814456,177676,5571116,3460.026,541.255,0,4955.495,0,325.756,4178,4973,3.060,2.380,1.400,2,0,134.312,0,0,11,32,0,7,0
10-03 16:46:03,19.022,7.008,71.582,1.251,0,1418532,753224,177676,5571132,8026.142,540.616,0,1673.907,0,92.105,2968,2584,3.060,2.380,1.400,1,2,119.136,0,0,11,32,0,1,0
10-03 16:46:04,22.406,3.485,67.717,5.477,0,1490604,681152,177676,5571132,7186.923,537.750,0,2083.282,0,154.354,2104,1683,3.060,2.380,1.400,3,1,1.992,0,0,11,32,0,1,0
10-03 16:46:05,22.274,4.004,67.824,5.005,0,1462876,708876,177676,5571136,11903.920,540.587,0,2166.351,0,131.142,2786,2495,2.890,2.360,1.390,1,0,27.029,0,0,11,32,0,1,0
10-03 16:46:06,22.438,2.992,73.795,0,0,1525124,646628,177676,5571136,8404.638,484.653,0,35.900,0,4.986,1830,1226,2.890,2.360,1.390,2,0,0.997,0,0,11,32,0,1,0
10-03 16:46:07,21.817,2.508,71.720,3.260,0,1493832,677916,177676,5571140,4025.338,541.660,0,918.816,0,98.301,2115,1890,2.890,2.360,1.390,2,0,7.022,0,0,11,32,0,1,0
10-03 16:46:08,13.267,37.548,48.312,0,0,1483484,688212,177680,5571188,9635.413,540.697,0,80.103,0,19.025,8296,7941,2.890,2.360,1.390,4,0,1203.550,0,0,11,32,0,1,0
10-03 16:46:09,7.995,21.987,67.709,0.999,0,1480496,691084,177680,5571284,8600.741,539.670,0,231.858,0,19.988,6506,5322,2.890,2.360,1.390,2,2,600.633,0,0,11,32,0,1,0
10-03 16:46:10,8.752,20.756,69.519,0.250,0,1448312,723228,177680,5571320,8469.342,540.149,0,180.050,0,12.003,5886,4476,2.820,2.350,1.400,2,0,397.110,0,0,11,32,0,1,0
10-03 16:46:11,12.513,19.019,67.568,0,0,1428260,743208,177680,5571784,7065.115,540.544,0,108.109,0,12.012,6592,6194,2.820,2.350,1.400,2,0,388.391,0,0,11,32,0,1,0
10-03 16:46:12,33.928,11.725,53.137,0,0,1430456,741000,177688,5571824,6204.832,538.856,0,63.864,0,4.989,5131,5040,2.820,2.350,1.400,2,0,194.587,0,0,11,33,0,1,0
10-03 16:46:13,43.491,6.959,48.462,0,0,1541216,630120,177692,5571940,6172.290,536.807,0,35.787,0,2.982,2755,1370,2.820,2.350,1.400,3,0,0,0,0,11,33,0,1,0
10-03 16:46:14,41.761,5.251,48.513,3.751,0,1603516,567120,177736,5572592,3746.985,486.128,0,892.234,0,62.016,3598,2931,2.820,2.350,1.400,5,1,19.005,0,0,11,49,0,1,0
10-03 16:46:15,26.911,12.324,55.080,4.527,0,1637252,529500,177768,5576056,3829.944,543.254,0,1529.161,0,137.826,7835,9346,2.670,2.330,1.400,2,1,187.121,0,0,11,48,0,2,0
10-03 16:46:16,17.193,14.452,65.035,1.246,0,1639964,526708,177768,5576072,7506.160,538.219,0,171.433,0,9.967,6355,8754,2.670,2.330,1.400,2,0,307.981,0,0,11,48,0,2,0
10-03 16:46:17,0.750,0.750,97.706,0.250,0,1639964,526708,177768,5576072,7829.499,539.759,0,371.834,0,28.987,898,1375,2.670,2.330,1.400,2,0,2.999,0,0,11,48,0,2,0
10-03 16:46:18,0.750,0.750,97.544,0.250,0,1640180,526484,177768,5576080,7233.298,540.246,0,568.259,0,31.014,830,1248,2.670,2.330,1.400,2,2,1.000,0,0,11,48,0,2,0
10-03 16:46:19,0.999,0.999,88.954,7.996,0,1640176,526484,177768,5576084,6164.841,539.723,0,5533.164,0,248.872,1245,1977,2.670,2.330,1.400,1,1,2.998,0,0,11,48,0,2,0
10-03 16:46:20,0.500,0.750,93.781,4.251,0,1640176,526484,177768,5576080,7486.509,540.181,0,2348.787,0,118.040,995,1439,2.460,2.290,1.390,1,0,2.001,0,0,11,48,0,2,0
10-03 16:46:21,14.263,12.261,72.065,0,0,1642888,523764,177768,5576520,5610.087,528.479,0,0,0,0,5231,8148,2.460,2.290,1.390,2,0,282.256,0,0,11,48,0,2,0
10-03 16:46:22,12.992,13.992,71.708,0,0,1682452,484040,177768,5576236,3603.868,539.681,0,3.998,0,0.999,4987,4926,2.460,2.290,1.390,2,0,305.819,0,0,12,48,0,2,0
10-03 16:46:23,17.831,16.826,60.273,4.269,0,1667516,498884,177768,5576276,3408.445,781.542,0,3873.553,0,244.106,6327,7902,2.460,2.290,1.390,6,0,290.316,0,0,12,48,0,2,0
10-03 16:46:24,10.445,8.207,79.832,1.243,0,1687452,478960,177768,5576280,7939.464,537.190,0,517.294,0,46.755,3627,13389,2.460,2.290,1.390,1,0,218.855,0,0,12,64,0,2,0
10-03 16:46:25,17.095,15.084,66.619,0,0,1705276,461032,177768,5576684,6210.418,543.009,0,0,0,0,6457,7723,2.420,2.290,1.390,2,0,274.521,0,0,14,66,0,2,0
10-03 16:46:26,8.743,17.485,71.940,0,0,1666824,499448,177768,5576356,8170.163,539.549,0,55.953,0,8.992,5645,4711,2.420,2.290,1.390,2,0,383.679,0,0,14,66,0,3,0
10-03 16:46:27,11.981,20.219,66.397,0.749,0,1659340,506872,177768,5576840,6758.485,581.096,0,686.931,0,46.927,6784,6766,2.420,2.290,1.390,2,0,416.352,0,0,14,66,0,3,0
10-03 16:46:28,25.085,17.058,56.943,0,0,1702872,463336,177776,5576408,9408.852,529.794,0,1091.696,0,77.262,6387,7100,2.420,2.290,1.390,3,1,382.294,0,0,14,66,0,3,0
10-03 16:46:29,29.490,23.992,44.735,0.750,0,1774496,391492,177816,5576544,9291.889,539.819,0,867.709,0,53.982,7256,6247,2.420,2.290,1.390,2,0,708.763,0,0,14,66,0,3,0
10-03 16:46:30,31.064,25.597,42.495,0,0,1897792,266656,177856,5578300,5633.259,536.785,0,51.690,0,12.923,8198,10708,2.390,2.280,1.390,20,0,588.475,0,0,14,70,0,5,0
10-03 16:46:31,53.307,18.269,28.280,0,0,1997264,167008,177864,5578436,7849.357,540.576,0,0,0,0,5120,6220,2.390,2.280,1.390,6,0,318.339,0,0,14,70,0,5,0
10-03 16:46:32,63.169,21.972,13.483,0.499,0,2112144,135588,166908,5508208,6229.049,633.192,191.755,31.959,5.992,7.990,6333,8365,2.390,2.280,1.390,7,0,415.470,0,0,14,70,0,5,0
10-03 16:46:33,68.699,22.483,7.994,0.749,0,2224504,130084,164944,5405360,4697.500,629.531,67.949,1706.729,10.992,62.953,5393,6255,2.390,2.280,1.390,6,0,508.621,0,0,14,70,0,5,0
10-03 16:46:34,73.959,18.364,3.522,4.025,0,2419032,182948,165364,5162620,6810.230,543.369,470.920,1964.180,74.462,32.200,7441,9250,2.390,2.280,1.390,6,0,290.803,0,0,14,74,0,5,0
10-03 16:46:35,55.119,24.442,8.230,12.221,0,2556588,120392,165324,5089596,6829.797,538.722,111.735,9046.538,11.972,665.421,8789,11324,2.760,2.360,1.430,4,2,574.637,0,0,14,76,0,5,0
10-03 16:46:36,54.469,18.739,11.993,14.492,0,2636440,176356,165208,4957056,6833.134,539.695,3.998,13824.178,0.999,336.809,8721,13552,2.760,2.360,1.430,4,1,273.845,0,0,14,77,0,5,0
10-03 16:46:37,57.440,6.465,19.147,15.417,0,2776256,172884,165212,4823980,8598.569,483.390,3.979,9687.688,0.995,361.050,7270,9655,2.760,2.360,1.430,4,1,1.989,0,0,14,79,0,5,0
10-03 16:46:38,70.631,10.808,15.333,4.022,0,2847676,169340,165308,4757568,3633.594,542.928,68.369,2095.299,6.033,111.602,6874,12484,2.760,2.360,1.430,5,4,145.786,0,0,14,82,0,9,0
10-03 16:46:39,40.316,23.789,33.555,0.501,0,2929408,153312,165324,4693508,8170.293,540.880,16.026,5905.608,4.007,423.689,11057,18283,2.760,2.360,1.430,2,1,574.935,0,0,14,97,0,17,0
10-03 16:46:40,17.155,14.918,62.156,3.978,0,2930128,152232,165328,4693844,8657.140,537.031,3.978,1575.291,0.995,70.610,6635,8170,2.620,2.340,1.420,6,0,266.527,0,0,14,97,0,17,0
10-03 16:46:41,41.504,10.816,43.768,3.773,0,3049000,160204,165332,4569956,3750.979,543.329,3211.675,1118.854,35.216,54.333,3898,2948,2.620,2.340,1.420,3,1,127.783,0,0,14,98,0,17,0
10-03 16:46:42,25.509,13.005,53.769,6.752,0,3113392,160544,165348,4506584,7721.771,540.194,8.003,3973.426,2.001,224.080,5719,5768,2.620,2.340,1.420,4,0,257.092,0,0,14,101,0,17,0
10-03 16:46:43,7.987,19.717,69.635,1.747,0,3130640,143260,165348,4506640,6709.908,628.960,3.993,798.680,0.998,52.913,5905,4790,2.620,2.340,1.420,3,0,388.358,0,0,14,101,0,17,0
10-03 16:46:44,11.494,16.242,67.467,3.498,0,3130776,143076,165348,4506672,12038.134,485.763,3.998,9287.474,1.000,413.798,5616,4155,2.620,2.340,1.420,1,0,344.832,0,0,14,101,0,17,0
10-03 16:46:45,18.427,2.988,77.193,0.498,0,3177708,163140,165348,4441944,13815.139,6228.267,39.842,0,2.988,0,2018,1782,2.410,2.300,1.410,3,0,0,0,0,14,102,0,17,0
10-03 16:46:46,20.492,5.248,73.719,0,0,3183960,156848,165348,4441984,21221.213,17422.786,7.997,3002.757,1.999,20.991,3020,2824,2.410,2.300,1.410,3,0,62.974,0,0,14,103,0,18,0
10-03 16:46:47,18.076,3.264,77.825,0.251,0,3224844,180284,165348,4379088,11885.677,6085.435,12.050,482.015,3.013,34.143,2135,2088,2.410,2.300,1.410,3,0,0,0,0,14,104,0,18,0
10-03 16:46:48,21.005,3.251,74.268,0.750,0,3215236,189560,165360,4379392,11276.694,1494.357,0,592.141,0,38.009,2511,2570,2.410,2.300,1.410,2,1,2.000,0,0,14,110,0,19,0
10-03 16:46:49,25.746,5.249,59.992,7.749,0,3226772,177096,165364,4380316,7890.887,539.924,803.887,1783.748,38.995,227.968,5907,8666,2.410,2.300,1.410,3,0,6.999,0,0,14,117,0,19,0
10-03 16:46:50,27.073,9.438,61.349,1.242,0,3239104,228096,165364,4318156,9052.766,1672.059,3.974,1402.821,0.993,96.369,4299,4301,2.290,2.270,1.410,2,1,111.272,0,0,14,116,0,21,0
10-03 16:46:51,18.809,2.759,77.242,0.502,0,3275336,191848,165364,4318172,14227.495,6956.757,32.100,581.820,2.006,38.119,2033,1851,2.290,2.270,1.410,2,2,0,0,0,14,118,0,21,0
10-03 16:46:52,19.362,3.018,72.169,3.772,0,3278528,188572,165364,4318256,7769.113,2526.672,20.117,973.654,2.012,97.567,3090,3820,2.290,2.270,1.410,2,1,2.012,0,0,14,121,0,21,0
10-03 16:46:53,35.306,9.448,49.727,4.724,0,3324524,142344,165368,4318484,10262.572,1814.026,0,1452.016,0,118.349,5131,5483,2.290,2.270,1.410,3,1,99.453,0,0,14,120,0,22,0
10-03 16:46:54,37.903,4.987,55.607,0.748,0,3407304,123032,165368,4256556,12918.876,6237.008,7.980,754.067,1.995,55.857,2951,2208,2.290,2.270,1.410,4,1,0.997,0,0,14,121,0,22,0
10-03 16:46:55,20.163,5.545,72.839,1.512,0,3374492,155808,165368,4256576,25940.730,17505.532,0,471.815,0,25.204,2566,1960,2.190,2.250,1.410,2,1,55.448,0,0,14,120,0,23,0
10-03 16:46:56,18.352,1.488,77.872,0.496,0,3394380,135912,165368,4256584,28335.653,22892.517,0,619.012,0,29.760,1999,1670,2.190,2.250,1.410,2,1,0,0,0,14,120,0,24,0
10-03 16:46:57,20.735,5.746,72.949,0.500,0,3400160,130120,165368,4256596,9227.534,539.622,0,299.790,0,18.987,2320,1695,2.190,2.250,1.410,3,0,50.964,0,0,14,120,0,24,0
10-03 16:46:58,15.275,2.755,79.882,1.002,0,3404140,126120,165368,4256616,15117.984,7023.607,0,821.357,0,81.134,2696,3333,2.190,2.250,1.410,3,1,1.002,0,0,14,123,0,24,0
10-03 16:46:59,23.633,8.045,58.831,8.548,0,3377552,152600,165368,4256724,9445.159,1697.554,8.045,3998.504,2.011,220.240,6239,9853,2.190,2.250,1.410,7,0,108.611,0,0,14,136,0,25,0
10-03 16:47:00,19.882,2.485,76.051,0.746,0,3372820,157152,165368,4256904,28820.668,22887.732,0,556.710,0,39.765,3249,4415,2.090,2.230,1.410,2,1,6.959,0,0,14,130,0,30,0
10-03 16:47:01,21.357,5.025,72.110,0.251,0,3394548,198376,165368,4195496,4382.876,542.709,8.040,393.966,2.010,26.130,2334,1879,2.090,2.230,1.410,2,0,54.271,0,0,14,130,0,30,0
10-03 16:47:02,16.733,3.497,73.427,4.995,0,3397752,195100,165368,4195568,14072.923,7250.747,35.964,1186.813,2.997,168.831,3928,5655,2.090,2.230,1.410,1,0,0.999,0,0,14,132,0,30,0
10-03 16:47:03,22.822,6.771,63.199,6.270,0,3392652,199920,165428,4195788,8062.357,1785.616,124.391,4478.084,8.025,318.000,6352,9396,2.090,2.230,1.410,2,0,53.167,0,0,14,133,0,32,0
10-03 16:47:04,18.640,1.491,75.802,2.237,0,3415828,176736,165428,4195796,9859.665,6214.233,0,644.189,0,44.735,1855,1638,2.090,2.230,1.410,2,0,0,0,0,14,134,0,32,0
10-03 16:47:05,16.554,2.759,75.246,5.016,0,3416512,175980,165428,4195868,15401.306,4943.146,48.157,1970.436,3.010,166.544,2615,2766,2.010,2.210,1.410,3,0,0,0,0,14,134,0,32,0
10-03 16:47:06,24.290,5.008,65.358,3.255,0,3419108,173208,165428,4196044,6931.403,540.890,0,1694.788,0,159.262,6789,10497,2.010,2.210,1.410,5,0,0,0,0,14,134,0,32,0
10-03 16:47:07,28.076,7.454,62.115,1.491,0.248,3430864,161376,165428,4196120,9008.200,1343.677,0,1653.756,0,86.464,6849,9729,2.010,2.210,1.410,3,0,68.575,0,0,14,135,0,33,0
10-03 16:47:08,18.680,2.491,77.460,0.747,0,3451440,140788,165428,4196132,15372.502,8010.040,0,785.064,0,45.829,2236,2113,2.010,2.210,1.410,2,1,0.996,0,0,14,136,0,33,0
10-03 16:47:09,16.340,7.793,71.645,2.262,0,3446048,146160,165428,4196152,7503.319,2676.740,16.089,989.449,1.006,112.620,4281,5135,2.010,2.210,1.410,2,0,148.820,0,0,14,135,0,34,0
10-03 16:47:10,18.231,2.248,73.174,5.744,0,3448812,143364,165428,4196184,13995.520,6244.539,0,743.231,0,51.946,1904,1674,1.850,2.170,1.400,2,0,0.999,0,0,14,138,0,34,0
10-03 16:47:11,15.788,2.506,79.940,1.002,0,3449220,142932,165436,4196200,11739.921,6332.059,0,825.964,0,55.131,2933,3511,1.850,2.170,1.400,3,1,0,0,0,14,138,0,34,0
10-03 16:47:12,23.319,5.266,62.185,7.272,0,3448856,143232,165440,4196260,6058.042,541.613,0,5877.504,0,391.165,8348,13505,1.850,2.170,1.400,2,0,1.003,0,0,14,140,0,34,0
10-03 16:47:13,35.158,13.465,42.140,7.979,0,3417612,174140,165440,4196564,9873.130,2451.576,35.906,2780.714,2.992,155.592,11756,18081,1.850,2.170,1.400,5,0,266.302,0,0,14,139,0,35,0
10-03 16:47:14,26.156,4.484,65.264,3.238,0,3475000,178692,165440,4136188,6852.271,1397.955,0,1044.231,0,79.712,3616,4141,1.850,2.170,1.400,3,0,21.921,0,0,14,140,0,35,0
10-03 16:47:15,13.507,2.001,83.042,0.500,0,3396600,257084,165440,4136196,17193.683,7212.642,0,632.319,0,38.019,1963,1860,1.780,2.160,1.390,2,0,5.003,0,0,14,139,0,36,0
10-03 16:47:16,9.050,20.613,66.365,2.765,0,3372060,281564,165440,4136240,5166.441,633.487,0,3985.943,0,365.009,6431,5204,1.780,2.160,1.390,2,0,455.508,0,0,14,139,0,36,0
10-03 16:47:17,16.996,16.746,65.483,0,0,3382340,271268,165440,4136616,2567.326,539.858,0,1227.678,0,35.991,7005,8591,1.780,2.160,1.390,1,0,311.918,0,0,14,139,0,35,0
10-03 16:47:18,29.760,21.507,47.766,0,0,3444340,209220,165440,4136308,7360.421,582.192,0,44.014,0,11.004,6603,5787,1.780,2.160,1.390,3,0,503.166,0,0,14,139,0,35,0
10-03 16:47:19,33.294,18.138,44.227,3.479,0,3506136,146888,165452,4137300,5839.907,647.995,91.435,1828.698,9.939,101.373,7552,10168,1.780,2.160,1.390,2,0,385.617,0,0,14,145,0,35,0
10-03 16:47:20,49.162,21.429,27.228,1.261,0,3616420,152620,165456,4023948,7640.961,544.558,76.642,270.262,5.042,16.135,7107,10294,2.040,2.200,1.410,8,0,538.508,0,0,16,147,0,35,0
10-03 16:47:21,59.594,22.441,17.454,0.249,0,3762864,138296,165460,3893292,7141.257,538.586,27.927,422.890,3.990,31.916,7404,10571,2.040,2.200,1.410,4,0,441.840,0,0,16,155,0,35,0
10-03 16:47:22,47.257,20.503,31.755,0.250,0,3835216,161752,165460,3798396,8767.245,540.077,8.001,824.117,2.000,48.007,8814,10180,2.040,2.200,1.410,3,0,493.070,0,0,16,167,0,35,0
10-03 16:47:23,25.032,22.779,51.316,0.501,0,3878348,171216,165464,3746948,7815.085,486.628,8.010,1221.576,2.003,42.054,6924,6224,2.040,2.200,1.410,2,0,572.739,0,0,17,167,0,35,0
10-03 16:47:24,27.209,17.474,51.922,2.247,0,3916616,132744,165464,3747152,3344.967,629.054,199.700,407.387,12.980,24.962,8253,17485,2.040,2.200,1.410,3,0,330.503,0,0,17,167,0,36,0
10-03 16:47:25,32.288,24.028,42.550,0.250,0,3972056,131264,165464,3694864,4648.416,540.630,12.014,520.607,3.003,36.042,6796,8163,2.110,2.220,1.420,3,0,586.684,0,0,17,167,0,35,0
10-03 16:47:26,43.248,18.499,36.998,0.750,0,4072436,137024,165480,3590592,7607.614,539.973,151.992,1195.939,6.000,153.992,8292,11777,2.110,2.220,1.420,3,0,350.982,0,0,17,179,0,35,0
10-03 16:47:27,30.221,24.727,43.709,0.250,0,4147564,139400,165480,3515092,7173.226,609.424,15.985,627.407,0.999,35.966,7482,6887,2.110,2.220,1.420,3,0,741.300,0,0,17,179,0,35,0
10-03 16:47:28,19.442,22.433,56.580,0.499,0,4185572,169372,165484,3448768,7139.582,538.385,19.940,366.899,4.985,26.919,8166,10636,2.110,2.220,1.420,3,0,503.490,0,0,17,185,0,35,0
10-03 16:47:29,23.886,15.086,58.835,1.257,0,4220388,134520,165484,3448792,7952.220,543.088,8.046,760.324,2.011,39.223,7049,8831,2.110,2.220,1.420,4,0,288.641,0,0,17,191,0,34,0
10-03 16:47:30,41.308,8.163,45.761,3.463,0,4354740,129600,165484,3322040,10206.893,534.289,712.385,221.631,11.873,14.841,3318,2183,2.100,2.210,1.430,3,0,9.894,0,0,17,191,0,34,0
10-03 16:47:31,43.740,6.499,45.740,3.749,0,4465004,129884,165484,3214056,9442.865,539.878,367.917,179.959,19.995,21.995,3608,2720,2.100,2.210,1.430,7,0,6.998,0,0,17,197,0,34,0
10-03 16:47:32,32.031,19.168,45.902,2.774,0,4401080,208976,165488,3199184,5140.067,585.130,928.138,3466.393,10.088,72.637,6450,6683,2.100,2.210,1.430,2,0,484.246,0,0,17,211,0,34,2
10-03 16:47:33,32.759,21.006,44.513,0.250,0,4431576,177316,165492,3200648,10209.947,6254.805,4.001,364.105,1.000,36.010,8912,11095,2.100,2.210,1.430,3,0,479.138,0,0,17,214,0,34,2
10-03 16:47:34,52.332,19.841,23.314,3.472,0,4495284,154016,165508,3161400,11793.737,3573.439,781.752,571.433,17.857,29.762,7432,8637,2.100,2.210,1.430,6,0,310.518,0,0,17,220,0,33,2
10-03 16:47:35,59.583,12.570,20.615,6.788,0,4640204,125056,165508,3048468,7156.998,2800.652,1355.576,1041.822,34.191,18.101,4607,4471,2.100,2.210,1.430,2,0,26.146,0,0,17,225,0,33,2
10-03 16:47:36,35.745,8.499,20.997,33.745,0,4671760,174128,165540,2970352,15654.777,8261.827,3891.447,7162.983,243.965,311.956,5408,5555,2.100,2.210,1.430,2,2,23.997,0,0,17,235,0,33,2
10-03 16:47:37,53.056,10.711,21.920,12.703,0,4688680,150804,165612,2976684,8791.796,1467.624,2415.153,1829.299,222.186,148.456,7151,8602,2.100,2.210,1.430,3,0,118.566,0,0,17,235,0,38,2
10-03 16:47:38,29.153,23.875,43.478,2.262,0,4681144,155952,165620,2979384,15195.807,6286.013,0,1065.596,0,48.253,9041,11104,2.100,2.210,1.430,7,0,579.041,0,0,17,238,0,38,2
10-03 16:47:39,34.464,18.481,41.706,3.746,0,4728468,133716,165628,2954584,10973.517,4621.164,51.946,10357.162,5.994,55.941,7379,10027,2.100,2.210,1.430,4,0,350.633,0,0,17,238,0,38,2
10-03 16:47:40,54.616,25.053,19.040,1.754,0,4749432,127924,165632,2940472,5976.689,1585.366,68.145,705.498,3.006,48.102,6857,9837,2.250,2.240,1.440,5,0,505.072,0,0,17,237,0,39,2
10-03 16:47:41,53.201,20.731,19.732,5.245,0,4812012,151700,165656,2855460,10472.334,2856.364,1206.886,1071.011,58.946,62.942,8555,13169,2.250,2.240,1.440,2,0,383.646,0,0,17,246,0,41,2
10-03 16:47:42,49.399,21.706,23.951,5.239,0,4879552,149256,165660,2791812,21005.211,9139.383,271.447,13863.759,13.972,1066.827,8942,10675,2.250,2.240,1.440,3,0,432.120,0,0,17,249,0,31,2
10-03 16:47:43,59.735,20.161,16.427,2.240,0,4971652,121380,165672,2728576,3817.073,537.616,334.517,3508.441,20.907,193.143,7737,12769,2.250,2.240,1.440,6,0,278.764,0,0,17,255,0,31,2
10-03 16:47:44,54.565,11.461,30.148,2.242,0,5060216,130364,165672,2633416,22102.126,12956.110,972.705,633.853,14.949,30.895,10046,22068,2.250,2.240,1.440,4,0,9.966,0,0,17,259,0,31,2
10-03 16:47:45,52.497,10.047,30.393,7.284,0,5093612,151212,165676,2580684,14602.763,5821.413,1667.854,1189.602,89.421,64.303,6536,8154,2.310,2.250,1.450,4,1,14.066,0,0,17,262,0,37,2
10-03 16:47:46,49.297,12.073,36.218,1.509,0,5091984,175020,165848,2559000,18790.099,10760.770,1448.720,1058.370,38.230,72.436,6003,5489,2.310,2.250,1.450,2,0,160.969,0,0,17,266,0,38,2
10-03 16:47:47,40.104,27.400,29.642,2.740,0,5067960,195536,165976,2562264,9315.161,3622.839,4021.391,1525.458,49.819,90.671,9081,11970,2.310,2.250,1.450,4,0,623.734,0,0,17,265,0,39,2
10-03 16:47:48,54.808,19.096,24.800,0.496,0,5121376,141552,165980,2563048,11959.595,6149.430,817.411,1035.652,12.896,44.640,6298,9171,2.310,2.250,1.450,6,0,264.865,0,0,18,266,0,39,2
10-03 16:47:49,74.328,13.146,4.551,8.090,0,5179248,123652,165980,2524388,15028.324,5744.964,1047.665,497.540,38.428,28.315,5207,3693,2.310,2.250,1.450,3,2,97.081,0,0,18,268,0,40,2
10-03 16:47:50,72.527,10.254,7.503,8.253,0,5297972,134872,165996,2399684,7768.842,6123.240,3389.240,1740.637,141.052,82.030,6134,6001,2.600,2.310,1.480,3,0,13.005,0,0,18,273,0,36,2
10-03 16:47:51,55.297,13.142,26.285,4.711,0,5333296,124204,166020,2375688,13474.585,6285.495,1039.482,1948.037,41.659,162.667,8000,11637,2.600,2.310,1.480,3,0,221.188,0,0,18,278,0,38,2
10-03 16:47:52,40.830,9.769,42.583,5.010,0,5333156,124160,166032,2375860,11875.201,2344.581,889.738,605.182,14.027,36.070,4993,5146,2.600,2.310,1.480,2,0,16.031,0,0,18,286,0,38,0
10-03 16:47:53,29.400,7.790,61.062,1.256,0,5362384,142784,166032,2329544,26166.791,13804.583,771.947,4265.811,6.031,72.370,4050,4083,2.600,2.310,1.480,2,0,11.057,0,0,18,289,0,38,1
10-03 16:47:54,28.289,8.011,61.084,0.501,0,5319972,169192,166032,2345516,16574740.318,124874.268,256.354,712.984,2.003,63.087,9099,5744,2.600,2.310,1.480,4,0,81.112,0,0,18,286,0,38,0
10-03 16:47:55,29.168,9.723,57.588,2.742,0,5375124,134532,166032,2325788,12033.253,7567.776,2281.601,522.535,25.927,31.911,4438,3941,2.480,2.290,1.470,3,0,183.485,0,0,18,289,0,38,0
10-03 16:47:56,26.261,3.752,67.778,0.750,0,5345024,164572,166032,2325836,17389.280,13040.460,0,656.275,0,59.025,3344,3428,2.480,2.290,1.470,1,0,7.003,0,0,18,293,0,41,0
10-03 16:47:57,30.593,4.228,60.439,3.731,0,5396564,134272,166032,2305356,29746.000,703597.018,461.626,744.172,26.862,76.606,5704,7280,2.480,2.290,1.470,2,0,0.995,0,0,18,297,0,43,0
10-03 16:47:58,10.981,1.996,83.354,0.499,0,5408540,122292,166032,2305360,340592.468,13146748.476,0,626.900,0,50.911,4734,2928,2.480,2.290,1.470,2,0,0,0,0,18,297,0,41,0
10-03 16:47:59,23.356,4.018,71.322,0.502,0,5422220,132404,166032,2282264,95808.847,2572490.042,0,522.360,0,28.127,2916,2139,2.480,2.290,1.470,3,0,5.023,0,0,18,296,0,42,0
10-03 16:48:00,12.954,1.993,84.203,0.249,0,5433508,121108,166032,2282272,14969.203,8738.180,0,418.524,0,26.905,2093,2221,2.280,2.250,1.470,2,1,0.996,0,0,18,297,0,42,0
10-03 16:48:01,16.299,3.260,75.726,2.257,0,5380432,174056,166032,2282400,7956853.545,37402.757,32.096,1516.531,1.003,103.309,6075,5989,2.280,2.250,1.470,1,2,38.114,0,0,18,302,0,43,0
10-03 16:48:02,16.838,6.785,71.624,2.764,0,5255820,282424,166040,2298604,8641460.239,89145.513,64.336,772.032,4.021,62.325,9598,10047,2.280,2.250,1.470,4,0,87.457,0,0,18,302,0,40,0
10-03 16:48:03,15.456,12.714,65.812,4.238,0,5323832,214324,166040,2298692,3733.361,484.619,11.966,5241.065,0.997,692.028,5624,5385,2.280,2.250,1.470,2,0,378.920,0,0,18,302,0,40,0
10-03 16:48:04,17.520,10.512,69.829,1.251,0,5332748,205388,166040,2298712,3035.432,540.611,0,424.480,0,37.042,4258,3575,2.280,2.250,1.470,2,0,178.202,0,0,18,306,0,40,0
10-03 16:48:05,8.978,20.450,70.080,0.249,0,5308900,229184,166040,2298764,9501.892,538.690,0,8778.650,0,34.915,6388,5320,2.170,2.230,1.460,2,0,422.971,0,0,18,306,0,40,0
10-03 16:48:06,1.991,2.738,92.094,0.996,0,5304472,233584,166040,2298792,5391.249,537.632,19.912,374.351,1.991,23.895,1929,2462,2.170,2.230,1.460,1,0,68.697,0,0,18,306,0,38,0
10-03 16:48:07,20.670,4.033,71.337,3.529,0,5369876,168180,166040,2298792,9297.449,586.825,0,4622.005,0,198.633,2339,1929,2.170,2.230,1.460,3,0,9.075,0,0,18,306,0,38,0
10-03 16:48:08,11.644,1.982,78.038,6.937,0,5369416,168456,166040,2298976,17947.360,8397.434,15.855,17999.881,0.991,179.365,2446,2761,2.170,2.230,1.460,1,2,3.964,0,0,18,309,0,38,0
10-03 16:48:09,12.364,11.859,66.867,7.570,0,5331320,206424,166044,2299068,11143.802,1554.339,60.559,3722.339,6.056,419.873,5228,4451,2.170,2.230,1.460,2,0,206.909,0,0,18,310,0,39,0
10-03 16:48:10,11.757,16.259,66.037,5.753,0,5307480,229920,166044,2299380,10969.199,540.305,0,2217.253,0,99.056,5786,4919,2.080,2.210,1.460,2,0,239.135,0,0,18,310,0,37,0
10-03 16:48:11,17.135,9.933,70.527,0.497,0,5347648,189664,166044,2299452,6035.492,482.760,3.973,401.307,0.993,23.840,4072,3630,2.080,2.210,1.460,2,0,154.960,0,0,18,310,0,37,0
10-03 16:48:12,22.368,3.770,70.623,2.513,0,5402164,165848,166044,2269644,7808.258,542.868,136.722,1608.499,2.011,75.398,2642,2631,2.080,2.210,1.460,2,0,2.011,0,0,18,312,0,37,0
10-03 16:48:13,21.431,2.741,69.776,4.486,0,5434472,133256,166044,2269928,5300.019,538.275,283.093,789.471,10.965,64.792,3100,3375,2.080,2.210,1.460,2,0,4.984,0,0,18,316,0,37,0
10-03 16:48:14,23.555,3.508,72.168,1.002,0,5440168,127532,166044,2269960,4428.335,541.263,24.056,268.627,4.009,17.040,2321,2135,2.080,2.210,1.460,2,0,5.012,0,0,18,314,0,36,0
10-03 16:48:15,18.401,3.481,76.835,0,0,5436092,131588,166044,2269980,8721.935,2476.636,0,250.647,0,10.941,2270,2156,1.910,2.170,1.450,1,0,2.984,0,0,18,317,0,36,0
10-03 16:48:16,19.779,3.505,75.611,0,0,5341156,226384,166044,2270120,12421.159,5748.404,0,244.357,0,17.025,2628,2546,1.910,2.170,1.450,2,0,16.023,0,0,18,314,0,37,0
10-03 16:48:17,23.695,2.993,72.832,0.249,0,5385364,182176,166044,2270120,7178.410,538.755,0,115.733,0,10.975,2137,1731,1.910,2.170,1.450,4,0,0,0,0,18,314,0,37,0
10-03 16:48:18,12.851,14.867,68.790,2.520,0,5375252,192132,166048,2270272,6294.366,489.842,391.067,608.775,4.032,34.269,5153,4319,1.910,2.170,1.450,2,0,278.182,0,0,18,314,0,37,0
10-03 16:48:19,13.434,14.678,69.408,0.249,0,5391732,175480,166048,2270444,5138.652,537.349,55.725,171.156,4.975,10.946,4945,4266,1.910,2.170,1.450,2,0,320.419,0,0,18,314,0,36,0
10-03 16:48:20,18.530,2.754,78.127,0.250,0,5403024,164140,166080,2270460,12881.860,2654.298,8.013,144.234,2.003,3.005,2416,2157,1.760,2.140,1.440,2,0,19.031,0,0,18,315,0,36,0
10-03 16:48:21,23.197,3.243,72.084,0.748,0,5401528,159288,166592,2276184,6636.698,712.358,3.991,602.611,0.998,5.986,2401,2045,1.760,2.140,1.440,2,0,2.993,0,0,18,314,0,36,0
10-03 16:48:22,14.710,1.745,81.776,0.499,0,5411536,148208,166600,2277248,11742.808,3405.664,15.956,538.524,0.997,17.951,2156,2334,1.760,2.140,1.440,4,0,15.956,0,0,18,315,0,36,0
10-03 16:48:23,23.257,5.502,66.769,2.501,0,5395696,159052,167112,2281604,7670.175,784.222,8.002,1596.453,2.001,65.018,10706,19474,1.760,2.140,1.440,2,0,15.004,0,0,18,314,0,36,0
10-03 16:48:24,18.010,4.753,72.289,3.502,0,5384328,169760,167180,2282096,11233.041,3482.873,252.136,932.501,12.006,36.019,5299,14534,1.760,2.140,1.440,3,0,42.023,0,0,18,315,0,37,0
10-03 16:48:25,21.753,7.751,69.510,0,0,5371508,182400,167224,2282300,7769.153,540.080,0,392.058,0,13.002,8850,15269,1.700,2.120,1.440,2,0,21.003,0,0,18,315,0,37,0
10-03 16:48:26,13.510,14.261,70.052,1.251,0,5328644,235112,167308,2272388,7811.791,660.490,0,1252.929,0,37.027,4857,4330,1.700,2.120,1.440,2,0,269.200,0,0,18,314,0,37,0
10-03 16:48:27,24.530,2.002,72.590,0,0,5388700,174884,167308,2272560,3357.168,540.671,0,0,0,0,2058,1695,1.700,2.120,1.440,2,0,0,0,0,18,314,0,36,0
10-03 16:48:28,12.813,2.261,82.657,0.502,0,5388772,174644,167308,2272728,20540.205,10860.511,16.079,16047.066,1.005,21.104,2257,2282,1.700,2.120,1.440,3,0,0,0,0,18,314,0,39,0
10-03 16:48:29,19.913,7.467,66.957,4.480,0,5400040,163364,167308,2272740,8338.501,579.464,0,1266.456,0,266.832,3507,2865,1.700,2.120,1.440,3,1,115.494,0,0,18,314,0,39,0
10-03 16:48:30,16.778,2.003,78.379,1.002,0,5411956,151436,167308,2272752,17452.743,9179.117,0,1398.303,0,145.239,2355,2177,1.560,2.080,1.430,1,0,3.005,0,0,18,314,0,40,0
10-03 16:48:31,21.637,5.720,71.874,0,0,5434724,128664,167308,2272756,6018.543,537.192,0,0,0,0,2720,2337,1.560,2.080,1.430,2,0,69.636,0,0,18,314,0,40,0
10-03 16:48:32,18.505,3.501,76.019,1.250,0,5427056,136136,167308,2272952,23775.046,13771.502,48.012,324.082,2.001,25.006,4615,6578,1.560,2.080,1.430,3,0,1.000,0,0,18,316,0,41,0
10-03 16:48:33,24.416,6.293,66.956,1.259,0,5405988,180552,167308,2250816,11508.302,543.699,0,443.014,0,37.253,3593,3345,1.560,2.080,1.430,2,0,56.384,0,0,18,318,0,41,0
10-03 16:48:34,17.153,1.989,79.052,0.497,0,5400804,185860,167308,2250716,14338.702,10646.635,0,393.767,0,34.803,2722,2815,1.560,2.080,1.430,3,0,0,0,0,18,318,0,44,0
10-03 16:48:35,21.105,5.779,72.110,0.251,0,5392252,194384,167308,2250744,2971.829,542.708,0,172.863,0,9.045,2556,2244,1.520,2.070,1.430,1,0,32.160,0,0,18,318,0,43,0
10-03 16:48:36,11.659,1.736,85.087,0,0,5387420,199208,167308,2250752,15785.988,8654.560,0,182.577,0,12.899,2160,2316,1.520,2.070,1.430,2,0,0,0,0,18,320,0,43,0
10-03 16:48:37,16.370,5.037,75.805,2.015,0,5326924,259664,167308,2250792,10180.574,3279.019,32.236,451.306,2.015,30.221,2971,3069,1.520,2.070,1.430,1,0,47.347,0,0,18,318,0,44,0
10-03 16:48:38,18.748,2.500,77.491,0.500,0,5365972,220604,167308,2250804,13632.363,6252.249,0,283.966,0,24.997,2408,2367,1.520,2.070,1.430,2,0,1.000,0,0,18,319,0,44,0
10-03 16:48:39,19.417,4.979,73.685,0.249,0,5356044,230520,167308,2250816,10275.059,5026.504,0,330.586,0,28.877,3157,3131,1.520,2.070,1.430,2,0,33.855,0,0,18,320,0,42,0
10-03 16:48:40,16.738,2.748,77.943,1.749,0,5364948,221612,167308,2250820,14578.279,6248.405,0,1726.730,0,278.795,2319,1970,1.480,2.050,1.430,3,0,0.999,0,0,18,321,0,42,0
10-03 16:48:41,12.085,4.280,81.571,1.511,0,5349108,237312,167308,2250960,17144.970,5808.645,0,286.001,0,31.218,3031,3377,1.480,2.050,1.430,3,0,70.493,0,0,18,320,0,43,0
10-03 16:48:42,3.974,4.222,85.691,3.726,0,5346044,239132,167848,2251664,9293.395,3243.846,1132.614,294.082,250.367,24.838,2814,3469,1.480,2.050,1.430,2,0,109.287,0,0,18,322,0,43,0
10-03 16:48:43,4.748,7.247,84.714,1.499,0,5336060,249060,167848,2251720,14445.817,2571.899,0,1839.213,0,142.939,3373,3471,1.480,2.050,1.430,2,0,124.947,0,0,18,322,0,39,0
10-03 16:48:44,5.759,5.008,88.646,0,0,5336296,248812,167848,2251732,16562.306,2882.753,0,216.357,0,14.023,2532,2511,1.480,2.050,1.430,3,0,92.152,0,0,18,320,0,40,0
10-03 16:48:45,13.579,7.293,71.417,6.538,0,5345868,238020,167876,2252924,8252.154,543.170,1150.715,205.197,116.681,11.065,3454,3194,1.440,2.030,1.430,3,0,119.698,0,0,18,320,0,40,0
10-03 16:48:46,16.617,3.720,69.942,8.433,0,5326036,241872,168024,2268756,9643.104,535.728,6571.597,976.215,474.218,19.842,2756,3102,1.440,2.030,1.430,2,0,2.976,0,0,18,320,0,40,0
10-03 16:48:47,14.252,1.750,82.261,0.750,0,5332316,229776,168148,2274352,15156.017,3954.526,4.001,1004.134,1.000,19.003,2011,2003,1.440,2.030,1.430,1,0,16.002,0,0,18,322,0,32,0
10-03 16:48:48,13.520,4.757,74.359,5.758,0,5303232,257252,168284,2275824,9267.585,1625.383,1021.497,2475.629,17.025,78.115,3169,3151,1.440,2.030,1.430,4,0,57.084,0,0,18,320,0,32,0
10-03 16:48:49,15.062,11.548,70.040,2.259,0,5334572,225388,168284,2276348,5664.461,488.021,72.299,1229.091,2.008,51.212,4571,4323,1.440,2.030,1.430,1,0,249.031,0,0,18,322,0,32,0
10-03 16:48:50,17.747,2.500,77.986,0,0,5370232,189724,168284,2276352,12460.804,6251.898,0,75.987,0,2.999,2186,2206,1.400,2.010,1.420,3,0,1.000,0,0,18,323,0,32,0
10-03 16:48:51,21.649,5.226,72.412,0.249,0,5387712,172220,168284,2276376,21119.368,17283.283,0,218.977,0,23.888,2981,2667,1.400,2.010,1.420,2,0,46.782,0,0,18,322,0,32,0
10-03 16:48:52,17.011,2.502,78.302,1.001,0,5408304,151588,168284,2276416,15605.264,6911.546,32.021,80.053,2.001,9.006,2371,2517,1.400,2.010,1.420,2,0,0,0,0,18,324,0,33,0
10-03 16:48:53,18.212,2.994,73.097,4.740,0,5377912,181684,168284,2276712,8289.678,3020.688,287.399,347.274,16.965,33.929,2885,3132,1.400,2.010,1.420,3,0,14.969,0,0,18,322,0,34,0
10-03 16:48:54,19.030,2.754,76.872,0.250,0,5395452,164136,168284,2276720,15661.902,6262.958,0,232.369,0,22.035,2364,2377,1.400,2.010,1.420,3,0,1.002,0,0,18,323,0,34,0
10-03 16:48:55,13.005,2.751,70.027,11.004,0,5388920,168744,168284,2278644,8507.244,1377.525,1856.708,1036.395,71.027,133.051,4527,6620,1.370,2,1.420,8,0,2.001,0,0,18,325,0,32,0
10-03 16:48:56,23.971,3.995,67.669,3.246,0,5361256,196348,168288,2278700,8962.305,1819.828,31.962,3795.471,0.999,247.704,3533,4324,1.370,2,1.420,3,0,4.994,0,0,18,324,0,33,0
10-03 16:48:57,14.264,2.753,82.331,0.250,0,5375188,182404,168288,2278712,15721.500,8071.958,0,260.257,0,15.015,2209,2188,1.370,2,1.420,2,0,0,0,0,18,325,0,33,0
10-03 16:48:58,15.462,3.242,73.818,5.736,0,5364128,193268,168292,2278904,8241.705,3646.022,159.607,1061.386,7.980,126.688,4694,6849,1.370,2,1.420,2,1,0,0,0,18,325,0,33,0
10-03 16:48:59,11.858,19.427,63.580,3.785,0,5334588,222756,168296,2278948,6890.867,678.187,4.037,2377.692,1.009,51.470,6715,6362,1.370,2,1.420,2,0,601.488,0,0,18,324,0,34,0
10-03 16:49:00,8.486,22.713,67.389,0.499,0,5342304,214972,168296,2279016,6203.823,539.116,0,487.201,0,35.941,7462,7106,1.340,1.980,1.420,3,0,709.836,0,0,18,324,0,28,0
10-03 16:49:01,9.256,22.264,65.791,1.501,0,5333212,224028,168296,2279052,3370.094,540.336,0,2593.611,0,156.097,7626,7556,1.340,1.980,1.420,2,0,723.449,0,0,18,324,0,28,0
10-03 16:49:02,9.015,22.788,67.113,0.250,0,5328328,228868,168296,2279096,8406.103,540.907,0,232.390,0,23.039,7361,6844,1.340,1.980,1.420,4,0,683.146,0,0,18,324,0,28,0
10-03 16:49:03,9.251,22.002,68.006,0.250,0,5322072,235088,168296,2279132,8834.725,540.044,0,316.026,0,36.003,7422,7040,1.340,1.980,1.420,2,0,645.053,0,0,18,324,0,28,0
10-03 16:49:04,12.160,16.627,68.991,0.496,0,5341060,216036,168300,2279192,7923.512,536.043,15.883,349.421,0.993,21.839,6107,5493,1.340,1.980,1.420,2,0,476.483,0,0,18,324,0,24,0
10-03 16:49:05,18.968,5.990,70.382,3.744,0,5338892,309280,168700,2198024,7609.250,485.187,47.920,2288.166,11.980,6.988,2454,2283,1.310,1.960,1.420,2,0,3.993,0,0,18,324,0,24,0
10-03 16:49:06,32.274,6.505,59.544,0.500,0,5357664,287760,168824,2200648,12861.495,2548.882,516.381,4.003,5.004,1.001,3167,2302,1.310,1.960,1.420,3,0,24.018,0,0,18,325,0,24,0
10-03 16:49:07,22.388,4.528,67.918,4.276,0,5397876,246712,168896,2201412,18218.131,7111.772,1171.209,1634.057,43.266,33.204,2843,2326,1.310,1.960,1.420,1,1,4.025,0,0,18,325,0,24,0
10-03 16:49:08,9.710,1.494,81.660,6.473,0,5397688,246236,168984,2201984,20039.641,9996.418,314.691,1461.919,30.872,78.673,2179,2942,1.310,1.960,1.420,4,0,0.996,0,0,18,325,0,24,0
10-03 16:49:09,12.237,1.249,79.914,4.745,0,5393020,249780,169056,2203032,17749.814,7673.705,815.119,1494.385,37.959,68.925,2138,2487,1.310,1.960,1.420,2,0,0.999,0,0,18,325,0,24,0
10-03 16:49:10,11.748,1.250,83.235,2.999,0,5389988,252060,169136,2203696,20073.419,8271.524,511.909,995.822,39.993,35.994,1853,1967,1.290,1.950,1.410,1,0,1.000,0,0,18,325,0,24,0
10-03 16:49:11,10.736,1.248,78.395,8.738,0,5407632,233324,169200,2204720,18601.178,6971.697,806.923,3127.826,29.960,370.506,1963,1931,1.290,1.950,1.410,2,0,0,0,0,18,325,0,24,0
10-03 16:49:12,11.271,1.002,83.409,3.256,0,5404828,235656,169280,2205104,19833.747,7622.507,128.244,917.747,20.038,28.053,1797,1915,1.290,1.950,1.410,2,1,0,0,0,18,325,0,23,0
10-03 16:49:13,12.540,2.006,73.987,9.530,0,5402092,210480,169328,2232968,9420.123,2850.114,11801.739,621.989,126.404,28.090,2171,2358,1.290,1.950,1.410,4,0,1.003,0,0,18,325,0,23,0
10-03 16:49:14,14.925,2.239,61.691,20.398,0,5404588,197232,169840,2243284,3688.523,537.308,0,6893.468,0,324.375,2184,2290,1.290,1.950,1.410,2,0,0,0,0,18,325,0,23,0
10-03 16:49:15,21.549,2.005,71.914,2.506,0,5407496,178184,170100,2258908,7012.007,541.236,0,1278.920,0,30.069,2362,2213,1.340,1.950,1.420,2,0,0,0,0,18,325,0,23,0
10-03 16:49:16,21.197,2.494,70.323,5.237,0,5426572,140384,170372,2277168,4869.740,538.644,0,1711.691,0,57.854,2364,2334,1.340,1.950,1.420,2,0,0,0,0,18,325,0,22,0
10-03 16:49:17,19.551,2.256,72.187,4.762,0,5412424,141820,170892,2289180,7294.915,541.404,8.021,2743.113,2.005,114.296,2587,2672,1.340,1.950,1.420,2,0,0,0,0,18,325,0,22,0
10-03 16:49:18,20.207,3.493,68.854,6.237,0,5403704,139556,171056,2300496,7796.458,538.857,35.924,2466.766,1.996,89.809,2802,3087,1.340,1.950,1.420,2,1,0,0,0,18,325,0,22,0
10-03 16:49:19,22.280,2.754,69.094,5.257,0,5368020,188120,171068,2287520,7227.806,714.970,0,2411.272,0,68.092,2423,2307,1.340,1.950,1.420,2,0,2.003,0,0,18,324,0,22,0
10-03 16:49:20,15.325,3.266,79.387,1.005,0,5398548,156564,171076,2288528,11203.634,2608.721,0,14201.251,0,143.701,2568,2566,1.320,1.930,1.420,2,0,34.167,0,0,18,325,0,22,0
10-03 16:49:21,21.849,2.483,71.755,1.738,0,5392848,157420,171152,2293252,3668.687,709.107,0,862.052,0,5.959,2227,2010,1.320,1.930,1.420,3,0,3.973,0,0,18,324,0,22,0
10-03 16:49:22,10.761,1.501,85.335,2.252,0,5401092,144344,171248,2297988,10316.294,3484.477,0,456.455,0,6.006,1740,1866,1.320,1.930,1.420,3,0,16.016,0,0,18,325,0,22,0
10-03 16:49:23,23.431,6.047,67.521,1.764,0,5374804,169608,171324,2298804,7772.991,719.553,0,1330.267,0,39.303,10874,19263,1.320,1.930,1.420,2,0,15.117,0,0,18,324,0,22,0
10-03 16:49:24,24.149,7.469,63.981,1.743,0,5401564,142656,171332,2300856,9549.883,579.565,0,1824.336,0,35.849,10826,20776,1.320,1.930,1.420,4,0,53.774,0,0,18,324,0,22,0
10-03 16:49:25,24.544,6.261,67.873,0.250,0,5347936,207676,171332,2287644,7805.102,583.053,0,460.833,0,19.034,3709,8643,1.290,1.920,1.410,1,0,59.107,0,0,18,324,0,23,0
10-03 16:49:26,24.920,5.482,67.283,0.997,0,5329736,225868,171332,2287656,5920.893,538.263,0,1554.982,0,145.530,11035,19759,1.290,1.920,1.410,2,0,23.923,0,0,18,324,0,23,0
10-03 16:49:27,17.721,2.496,77.873,1.498,0,5338200,211768,171332,2293296,13869.335,2819.393,0,1090.218,0,23.961,2247,2107,1.290,1.920,1.410,2,0,16.972,0,0,18,324,0,23,0
10-03 16:49:28,18.005,2.501,77.270,0.500,0,5338324,211544,171332,2293396,14298.768,3427.903,0,460.121,0,15.004,2438,2471,1.290,1.920,1.410,2,0,18.005,0,0,18,325,0,22,0
10-03 16:49:29,20.768,5.755,67.059,4.754,0,5333164,211220,171332,2298784,6552.748,714.627,0,1325.162,0,35.031,10522,19446,1.290,1.920,1.410,2,0,14.012,0,0,18,324,0,22,0
10-03 16:49:30,22.237,7.246,68.959,0,0,5343412,200644,171336,2299104,6796.950,539.678,0,211.874,0,4.997,10535,18853,1.270,1.900,1.410,3,0,22.986,0,0,18,324,0,22,0
10-03 16:49:31,21.478,4.495,70.676,1.498,0,5338840,216784,171336,2287680,8767.866,539.438,0,1058.897,0,25.973,2728,2634,1.270,1.900,1.410,2,0,21.977,0,0,18,324,0,22,0
10-03 16:49:32,22.257,5.502,70.023,1.500,0,5358688,195032,171336,2289584,6803.267,634.211,0,444.148,0,21.007,3411,3159,1.270,1.900,1.410,2,0,96.032,0,0,18,324,0,18,0
10-03 16:49:33,23.537,2.754,69.860,2.254,0,5366616,178408,171336,2298212,8833.898,540.851,0,1426.244,0,28.044,2858,2728,1.270,1.900,1.410,2,0,17.027,0,0,18,324,0,18,0
10-03 16:49:34,12.486,1.748,81.162,3.746,0,5377564,167044,171336,2298576,14578.231,6442.032,3.996,1238.660,0.999,39.957,1829,2056,1.270,1.900,1.410,2,0,0,0,0,18,325,0,18,0
10-03 16:49:35,12.302,2.511,81.849,2.009,0,5372648,171564,171336,2298964,25222.604,10495.777,0,4752.274,0,67.287,3711,5586,1.330,1.900,1.410,3,0,1.004,0,0,18,325,0,18,0
10-03 16:49:36,8.953,1.990,78.091,9.699,0,5371764,172252,171336,2299156,48430.371,7813.083,0,8117.489,0,110.422,2399,2763,1.330,1.900,1.410,1,0,0,0,0,18,326,0,16,0
10-03 16:49:37,10.994,1.749,78.704,6.996,0,5373824,169888,171336,2299440,127017.376,10512.906,0,3533.952,0,172.900,2458,2959,1.330,1.900,1.410,2,0,0,0,0,18,326,0,16,0
10-03 16:49:38,14.792,1.504,79.726,2.758,0,5392336,151232,171336,2299580,21280.261,7609.549,0,1307.703,0,59.168,2258,2572,1.330,1.900,1.410,2,0,1.003,0,0,18,326,0,16,0
10-03 16:49:39,14.297,1.254,81.767,1.756,0,5405528,137744,171336,2299852,20444.874,9111.804,0,1472.818,0,54.177,2157,2298,1.330,1.900,1.410,2,0,1.003,0,0,18,326,0,16,0
10-03 16:49:40,8.462,0.995,86.855,1.742,0,5402536,140324,171336,2300260,315213.053,13465.828,0,1863.534,0,72.670,1906,2217,1.220,1.870,1.410,2,0,0.995,0,0,18,326,0,12,0
10-03 16:49:41,5.244,1.748,89.154,3.246,0,5400160,142532,171340,2300416,56488.918,8872.406,31.965,2037.797,4.995,75.918,1726,2181,1.220,1.870,1.410,1,0,0,0,0,18,326,0,12,0
10-03 16:49:42,8.253,1.250,85.780,3.001,0.250,5400092,142248,171360,2300736,52117.998,11465.959,104.036,2092.723,6.002,98.034,1912,2311,1.220,1.870,1.410,1,0,0,0,0,18,326,0,12,0
10-03 16:49:43,10.761,2.002,82.586,2.753,0,5392244,151936,171372,2299216,1469536.361,24870.035,0,2170.272,0,34.036,2745,3021,1.220,1.870,1.410,4,0,1.001,0,0,18,326,0,12,0
10-03 16:49:44,4.493,1.747,87.356,4.243,0,5390092,146100,171376,2307280,4206697.798,37604.861,0,4680.266,0,35.941,2648,2736,1.220,1.870,1.410,1,0,1.997,0,0,18,326,0,12,0
10-03 16:49:45,7.502,2.751,83.269,4.251,0,5398712,163896,171396,2281104,11542296.532,83775.267,164.038,11810.716,4.001,38.009,4598,3455,1.280,1.870,1.410,1,0,2.000,0,0,18,326,0,9,0
10-03 16:49:46,10.529,2.256,74.452,11.531,0,5396328,163668,171412,2283692,616139.582,6101.553,0,10376.150,0,292.794,2478,2282,1.280,1.870,1.410,1,1,1.003,0,0,18,326,0,9,0
10-03 16:49:47,5.740,1.997,69.633,20.715,0,5394056,163536,171464,2286028,8225.165,539.093,7.987,17438.668,1.997,280.528,1951,2249,1.280,1.870,1.410,2,0,0,0,0,18,326,0,9,0
10-03 16:49:48,4.514,2.006,60.442,32.102,0,5395456,161016,171484,2287080,5301.872,541.724,20.064,17628.097,2.006,338.076,2018,2576,1.280,1.870,1.410,1,1,0,0,0,18,326,0,9,0
10-03 16:49:49,5.249,2.750,59.744,30.747,0,5393620,160776,171588,2289116,8480.097,539.942,0,22149.640,0,171.982,2088,2536,1.280,1.870,1.410,3,1,0,0,0,18,326,0,9,0
10-03 16:49:50,3.247,2.748,71.938,20.482,0,5392768,160020,172236,2290076,5006.688,539.535,0,29070.962,0,147.873,1855,2295,1.340,1.870,1.410,2,1,0.999,0,0,18,326,0,9,0
10-03 16:49:51,16.992,2.249,70.718,8.246,0,5394360,146544,173720,2300232,9837.501,485.778,0,5589.444,0,64.970,2247,2206,1.340,1.870,1.410,4,0,0,0,0,18,326,0,9,0
10-03 16:49:52,17.947,1.994,71.289,7.727,0,5399796,126648,174088,2314108,8415.084,538.406,0,1344.020,0,29.911,2231,2212,1.340,1.870,1.410,3,0,0,0,0,18,326,0,9,0
10-03 16:49:53,21.884,3.018,67.664,7.043,0,5400104,130212,174524,2309616,5095.157,543.322,0,2273.905,0,129.794,3141,3666,1.340,1.870,1.410,1,0,1.006,0,0,18,326,0,6,0
10-03 16:49:54,20.376,4.473,68.831,4.970,0,5407424,136352,175324,2295576,8098.736,536.735,3.976,2588.256,0.994,110.329,2813,2993,1.340,1.870,1.410,2,0,0.994,0,0,18,326,0,6,0
10-03 16:49:55,19.003,2.500,68.761,9.002,0,5400036,130424,176004,2308116,9247.543,540.090,0,2412.402,0,82.014,2413,2423,1.310,1.860,1.410,2,0,0,0,0,18,326,0,6,0
10-03 16:49:56,21.500,2.750,71.501,3.000,0,5406640,129680,177276,2300956,8233.072,540.005,4.000,644.006,1.000,25.000,2333,2149,1.310,1.860,1.410,2,0,0,0,0,18,326,0,6,0
10-03 16:49:57,22.038,2.755,68.619,5.760,0,5408232,129520,178004,2298964,8137.088,540.937,0,3441.959,0,88.153,2937,2904,1.310,1.860,1.410,2,0,0,0,0,18,326,0,4,0
10-03 16:49:58,18.256,2.751,72.023,6.502,0,5405824,143856,178824,2285696,9104.968,782.255,0,2324.758,0,82.027,2506,2577,1.310,1.860,1.410,3,0,0,0,0,18,326,1,4,0
10-03 16:49:59,13.022,1.753,83.639,0.250,0,5323724,260732,178824,2251104,12456.706,2843.727,32.053,240.400,1.002,18.030,1907,2099,1.310,1.860,1.410,3,0,1.002,0,0,18,324,0,4,0
10-03 16:50:00,18.464,3.743,74.355,2.246,0,5359956,224480,178824,2251120,9293.887,1808.475,0,778.483,0,29.942,2479,2325,1.210,1.830,1.400,1,0,34.932,0,0,18,325,0,4,0
10-03 16:50:01,19.216,2.496,74.866,2.246,0.250,5361116,217508,178880,2256728,6502.326,1549.219,0,1373.534,0,11.978,2100,1863,1.210,1.830,1.400,2,0,2.995,0,0,18,324,0,3,0
10-03 16:50:02,13.998,2.000,82.741,0.500,0,5368872,209472,178880,2256856,14346.394,3480.610,0,511.943,0,5.999,2047,1959,1.210,1.830,1.400,3,0,15.998,0,0,18,325,0,3,0
10-03 16:50:03,23.502,5.751,66.257,2.500,0,5361372,210388,179172,2262236,6431.668,756.079,0,1288.134,0,41.004,10977,20082,1.210,1.830,1.400,2,0,14.001,0,0,18,324,0,3,0
10-03 16:50:04,23.021,5.255,68.062,2.002,0,5364524,206888,179228,2262488,8991.229,540.495,0,2278.085,0,25.023,11455,20242,1.210,1.830,1.400,2,0,13.012,0,0,18,324,0,3,0
10-03 16:50:05,20.800,6.265,71.421,0.752,0,5365144,206132,179268,2262552,6434.405,541.296,0,657.574,0,15.036,2449,2031,1.190,1.810,1.400,2,0,7.017,0,0,18,324,0,3,0
10-03 16:50:06,34.677,9.046,53.020,2.764,0,5387856,194536,179356,2252444,8523.447,488.490,763.894,10871.415,8.041,104.533,3591,2611,1.190,1.810,1.400,3,0,14.072,0,0,18,324,0,3,0
10-03 16:50:07,32.255,7.195,56.571,2.977,0,5404132,176176,179528,2254336,7913.918,577.615,849.550,2536.741,11.910,53.593,4636,5226,1.190,1.810,1.400,2,0,3.970,0,0,18,326,0,4,0
10-03 16:50:08,18.026,3.755,62.591,13.269,0,5401700,177764,179528,2255180,7753.225,540.783,608.882,2271.288,36.052,219.318,6203,9439,1.190,1.810,1.400,1,1,2.003,0,0,18,327,0,7,0
10-03 16:50:09,13.264,15.267,67.073,3.754,0,5354604,224472,179528,2255568,9523.343,540.587,272.296,1389.509,9.010,128.139,6473,7042,1.190,1.810,1.400,2,0,343.373,0,0,18,326,0,7,0
10-03 16:50:10,11.303,8.038,67.567,11.052,0,5326240,248700,179604,2259628,8870.670,542.549,4183.653,3150.801,589.770,174.821,4210,4674,1.180,1.800,1.400,1,1,108.510,0,0,18,326,0,9,0
10-03 16:50:11,8.206,3.233,71.612,15.417,0,5288372,247372,179604,2298824,6201.435,537.093,38813.922,429.674,2882.399,8.952,4890,7743,1.180,1.800,1.400,2,0,0,0,0,18,326,0,9,0
10-03 16:50:12,4.245,1.998,86.393,5.743,0,5289472,246392,179612,2298700,14937.480,2160.322,7.990,3347.849,1.998,111.861,2001,2576,1.180,1.800,1.400,1,0,5.993,0,0,18,327,0,9,0
10-03 16:50:13,2.745,0.998,94.092,0.499,0,5290228,245636,179612,2298700,45514.786,3051.890,0,203.659,0,24.958,1658,2332,1.180,1.800,1.400,1,0,0,0,0,18,327,0,9,0
10-03 16:50:14,4.005,2.003,91.122,1.502,0,5251612,284092,179716,2298692,110848.733,127348.872,120.161,660.887,3.004,13.017,1744,1980,1.180,1.800,1.400,1,0,12.016,0,0,18,326,0,9,1
10-03 16:50:15,2.001,0.500,96.299,0.500,0,5239744,295956,179716,2298696,10242.164,108.054,0,284.143,0,4.002,1152,1643,1.080,1.770,1.390,2,0,0,0,0,18,326,0,9,0
10-03 16:50:16,9.990,1.998,86.914,0.250,0,5253588,282108,179732,2298684,277933.954,8123.960,3.996,0,0.999,0,2154,2174,1.080,1.770,1.390,1,0,7.992,0,0,18,326,0,9,0
10-03 16:50:17,10.015,5.008,83.126,0.250,0,5247920,287636,179756,2298800,293140.207,14195.560,124.189,1277.941,6.009,11.017,3081,2632,1.080,1.770,1.390,1,0,36.055,0,0,18,326,0,9,0
10-03 16:50:18,13.746,5.748,73.979,5.748,0,5240840,290464,179760,2303048,151803.458,4056.863,15.996,2523.293,1.000,347.903,3089,2536,1.080,1.770,1.390,2,0,28.992,0,0,18,326,0,9,0
