"pcp-dstat 6.2.0 CSV Output"
"Author:","PCP team <pcp@groups.io> and Dag Wieers <dag@wieers.com>",,,,"URL:","https://pcp.io/ and http://dag.wieers.com/home-made/dstat/"
"Host:","ubuntu",,,,"User:","ubuntu"
"Cmdline:","dstat -tcmndrylpg --tcp --output /tmp/devstack_logs/dstat-csv.log",,,,"Date:","24 Apr 2026 16:20:11 UTC"
"system","total usage",,,,,"memory usage",,,,"net/total",,"dsk/total",,"io/total",,"system",,"load avg",,,"procs",,,"paging",,"tcp sockets",,,,
"time","total usage:usr","total usage:sys","total usage:idl","total usage:wai","total usage:stl","used","free","buf","cach","net/total:recv","net/total:send","dsk/total:read","dsk/total:writ","read","writ","int","csw","1m","5m","15m","run","blk","new","in","out","lis","act","syn","tim","clo"
24-04 16:20:11,,989416,1679432,160364,4995480,,,,,,,1.330,1.030,0.640,3,0,,,,10,5,0,17,0
24-04 16:20:12,15.249,19.998,56.245,6.999,0,999612,1668576,160528,4995876,44388.981,11439.964,0,3743.661,0,101.991,6653,5919,1.330,1.030,0.640,1,3,545.951,0,0,10,6,0,17,0
24-04 16:20:13,26.488,18.991,51.476,2.999,0,1034848,1632672,160672,4996252,24607.717,11263.835,0,1907.126,0,61.972,6488,6276,1.330,1.030,0.640,1,1,421.807,0,0,10,6,0,17,0
24-04 16:20:14,24.488,12.244,59.721,2.499,0,1158688,1508016,160820,5121536,43059.289,11925.264,0,1475.290,0,46.977,6162,8016,1.790,1.130,0.680,0,0,153.926,0,0,11,5,0,17,1
24-04 16:20:15,16.242,4.248,74.215,3.748,0,1168724,1497212,160968,5122068,26556.490,10701.959,0,1363.358,0,40.981,2347,2029,1.790,1.130,0.680,1,1,68.968,0,0,11,7,0,17,1
24-04 16:20:16,32.042,11.515,50.567,5.507,0,1175416,1467524,161452,5143048,176523.411,6171.125,0,3700.873,0,160.211,4397,3177,1.790,1.130,0.680,2,0,183.241,0,0,11,8,0,18,2
24-04 16:20:17,33.405,5.734,48.113,11.966,0,1242112,1382080,162244,5158568,9995.628,484.624,1731.086,3701.493,118.663,160.544,3102,2496,1.790,1.130,0.680,1,1,29.915,0,0,11,6,0,19,2
24-04 16:20:18,40.606,4.010,49.630,5.765,0,1277556,1332308,162720,5170332,4731.362,541.415,244.639,5021.119,7.018,39.102,2557,1718,1.790,1.130,0.680,2,0,0,0,0,11,6,0,19,2
24-04 16:20:19,21.733,4.496,46.463,26.479,0,1315268,1275424,163364,5187448,5884.295,485.612,15.987,9108.717,0.999,515.588,4792,7035,1.810,1.150,0.690,3,1,6.994,0,0,11,8,0,19,2
24-04 16:20:20,13.988,3.996,46.209,33.221,0,1309868,1270972,163916,5195676,10560.627,539.521,0,9127.899,0,512.545,5355,8570,1.810,1.150,0.690,0,2,2.997,0,0,11,8,0,19,2
24-04 16:20:21,17.998,3.750,45.245,30.997,0,1313252,1253204,164820,5207564,11876.815,485.952,0,12022.800,0,833.917,5410,8407,1.810,1.150,0.690,1,2,2.000,0,0,11,8,0,19,2
24-04 16:20:22,17.010,4.503,44.277,33.270,0,1312488,1235660,165464,5223724,7829.810,540.332,0,11246.909,0,741.455,5188,8902,1.810,1.150,0.690,0,4,16.010,0,0,11,8,0,19,2
24-04 16:20:23,15.997,5.749,33.744,41.493,0,1336040,1207492,165864,5227632,6181.913,485.915,0,20696.361,0,1046.816,8655,21585,1.810,1.150,0.690,2,2,38.993,0,0,11,8,0,20,2
24-04 16:20:24,15.210,3.740,46.378,32.664,0,1330240,1207044,166296,5232588,15033.313,2606.120,0,13260.992,0,758.996,5191,8595,1.980,1.190,0.700,1,1,11.968,0,0,11,9,0,19,2
24-04 16:20:25,24.603,5.021,42.678,25.858,0,1259800,1293988,166380,5216388,8958.365,1144.775,0,6057.265,0,439.835,5043,7168,1.980,1.190,0.700,1,1,25.105,0,0,11,6,0,19,0
24-04 16:20:26,20.461,4.491,46.661,26.200,0,1245276,1301380,166608,5222656,12413.250,2818.607,0,12639.816,0,776.514,5389,8864,1.980,1.190,0.700,4,1,25.950,0,0,11,6,0,19,0
24-04 16:20:27,20.746,4.499,48.990,23.245,0,1247836,1297124,166788,5224092,10241.811,3426.268,0,8346.216,0,619.867,5533,8620,1.980,1.190,0.700,1,1,17.996,0,0,11,7,0,19,0
24-04 16:20:28,21.750,7.250,37.250,31.000,0,1231112,1306088,167380,5229956,11143.076,714.005,0,11968.081,0,682.005,13573,25512,1.980,1.190,0.700,0,2,26.000,0,0,11,6,0,19,0
24-04 16:20:29,21.242,6.498,44.234,26.740,0,1234068,1302560,167484,5230296,9387.593,485.824,0,16677.947,0,282.897,11551,20978,2.140,1.240,0.720,1,1,15.994,0,0,11,6,0,19,0
24-04 16:20:30,22.773,6.757,41.792,27.278,0,1211948,1337124,167676,5219196,8682.813,540.549,0,13345.545,0,631.641,5035,7170,2.140,1.240,0.720,1,1,21.021,0,0,11,6,0,19,0
24-04 16:20:31,30.959,8.489,48.935,9.987,0,1143268,1405552,167752,5219372,11060.215,485.351,0,3251.653,0,262.649,4875,5344,2.140,1.240,0.720,1,0,148.801,0,0,11,4,0,19,0
24-04 16:20:32,22.002,3.750,71.757,1.750,0,1214556,1334248,167760,5219380,13257.284,540.052,0,660.064,0,31.003,1975,1443,2.140,1.240,0.720,1,0,1.000,0,0,11,4,0,17,0
24-04 16:20:33,23.030,2.754,69.590,4.506,0.250,1224876,1323912,167764,5219392,8237.597,486.626,0,652.840,0,25.032,1940,1334,2.140,1.240,0.720,1,0,10.013,0,0,11,4,0,17,0
24-04 16:20:34,23.769,3.002,61.549,11.259,0,1277460,1271212,167880,5219392,3850.082,540.433,0,5852.685,0,327.262,2322,2576,2.050,1.240,0.720,3,1,0,0,0,11,4,0,17,0
24-04 16:20:35,17.000,10.500,71.750,0.250,0,1231300,1317340,167884,5219420,9764.984,555.999,0,6859.989,0,58.000,4036,3208,2.050,1.240,0.720,1,0,208.000,0,0,11,4,0,17,0
24-04 16:20:36,8.756,20.514,67.046,1.751,0,1166756,1381724,167884,5219588,10921.532,540.373,0,14562.043,0,97.067,6041,4850,2.050,1.240,0.720,1,0,412.284,0,0,11,4,0,13,0
24-04 16:20:37,18.500,14.000,65.248,1.500,0,1148960,1399324,167884,5219772,3344.910,485.987,71.998,1423.962,1.000,136.996,6770,8416,2.050,1.240,0.720,0,1,232.994,0,0,11,4,0,13,0
24-04 16:20:38,39.623,9.220,47.846,2.741,0,1177096,1363884,167888,5227528,7814.899,538.271,7352.385,0,73.763,0,3434,2271,2.050,1.240,0.720,2,0,122.606,0,0,11,5,0,13,0
24-04 16:20:39,43.027,3.002,49.782,3.752,0,1225168,1314744,167900,5228568,6401.088,486.311,512.327,332.212,8.005,25.016,2524,1216,2.050,1.250,0.730,3,0,0,0,0,11,5,0,13,0
24-04 16:20:40,42.067,9.265,44.321,4.006,0,1258632,1278784,167928,5231004,9270.845,540.866,0,3986.383,0,119.191,4272,5177,2.050,1.250,0.730,2,0,39.063,0,0,11,4,0,13,0
24-04 16:20:41,14.750,8.000,75.249,1.500,0,1313824,1223568,167928,5231020,3986.967,485.996,0,1447.988,0,24.000,2817,2458,2.050,1.250,0.730,2,0,100.999,0,0,11,4,0,13,0
24-04 16:20:42,22.964,3.994,68.642,3.494,0,1359184,1178208,167928,5231020,4249.303,539.150,0,18858.281,0,231.635,2130,2010,2.050,1.250,0.730,1,0,0.998,0,0,11,4,0,13,0
24-04 16:20:43,19.751,2.500,70.753,6.000,0,1379008,1158076,168008,5231248,8926.325,486.018,0,1752.064,0,185.007,3123,4023,2.050,1.250,0.730,2,0,1.000,0,0,11,10,0,13,0
24-04 16:20:44,21.258,4.502,66.524,6.502,0,1398160,1138788,168072,5231312,10726.921,540.197,44.016,2941.075,3.001,202.074,3112,3271,1.960,1.240,0.730,1,0,42.015,0,0,11,4,0,13,0
24-04 16:20:45,17.764,1.751,77.059,3.252,0,1415444,1120660,168348,5231800,5819.459,2873.201,568.436,564.432,15.012,12.009,1686,1430,1.960,1.240,0.730,2,0,0,0,0,11,11,0,13,0
24-04 16:20:46,18.967,2.745,75.118,2.246,0,1416896,1118820,168400,5232052,13650.037,5511.325,267.530,1301.715,65.884,34.939,2857,2961,1.960,1.240,0.730,0,0,2.995,0,0,11,29,0,13,0
24-04 16:20:47,20.750,5.500,73.251,0.500,0,1453060,1082640,168404,5232064,8688.147,1547.026,0,1024.017,0,6.000,2274,1735,1.960,1.240,0.730,1,0,43.001,0,0,11,28,0,14,0
24-04 16:20:48,17.761,3.252,75.547,2.502,0,1459300,1076384,168404,5232080,15359.596,7463.663,0,19440.145,0,195.122,2626,2305,1.960,1.240,0.730,1,0,0,0,0,11,28,0,15,0
24-04 16:20:49,34.996,11.999,51.994,0,0,1512332,1023308,168404,5232096,8081.022,485.941,0,26096.842,0,314.962,4147,3471,1.890,1.240,0.730,2,0,161.980,0,0,11,28,0,15,0
24-04 16:20:50,31.571,4.761,63.393,0.501,0,1540668,994948,168404,5232116,16736.696,12622.429,0,3539.973,0,44.099,4440,4731,1.890,1.240,0.730,1,1,0,0,0,11,30,0,15,0
24-04 16:20:51,42.516,18.507,34.013,4.502,0,1484412,1051000,168416,5232308,15806.056,6983.676,0,1208.463,0,44.017,6504,7669,1.890,1.240,0.730,5,0,462.177,0,0,11,28,0,16,0
24-04 16:20:52,85.243,14.249,0.250,0,0,1684384,850920,168420,5232348,12186.996,6349.477,0,143.988,0,12.999,5454,3598,1.890,1.240,0.730,5,0,116.990,0,0,11,30,0,16,0
24-04 16:20:53,78.928,9.491,11.739,0,0,1783384,751712,168424,5232544,39147.208,29311.201,0,707.353,0,29.973,7917,10164,1.890,1.240,0.730,5,0,0,0,0,11,32,0,18,0
24-04 16:20:54,49.902,13.972,32.436,2.246,0,1534180,1000740,168464,5232652,20042.463,11334.641,0,3656.786,0,197.610,7232,9302,2.300,1.340,0.770,1,0,309.390,0,0,11,28,0,22,0
24-04 16:20:55,19.010,4.002,76.041,1.001,0,1520152,1014756,168464,5232664,10745.795,2880.554,0,16472.884,0,236.127,2265,2424,2.300,1.340,0.770,2,0,0,0,0,11,29,0,22,0
24-04 16:20:56,13.773,2.755,60.851,21.536,0,1512436,1022456,168468,5232676,11869.695,5137.524,0,25902.980,0,535.889,3266,3486,2.300,1.340,0.770,1,0,0,0,0,11,28,0,23,0
24-04 16:20:57,19.959,6.237,73.098,0.499,0,1483184,1051800,168468,5232680,3792.140,484.995,0,4622.419,0,35.926,2447,1880,2.300,1.340,0.770,1,0,67.859,0,0,11,28,0,23,0
24-04 16:20:58,13.738,1.748,80.927,2.248,0,1478564,1056264,168476,5232828,10340.713,6642.035,0,2026.180,0,112.899,2716,3306,2.300,1.340,0.770,3,0,0,0,0,11,29,0,23,0
24-04 16:20:59,10.789,20.073,68.750,0.502,0,1430576,1104216,168496,5232844,10100.723,1442.244,0,417.518,0,29.106,6054,5297,2.190,1.330,0.770,2,0,574.087,0,0,11,28,0,24,0
24-04 16:21:00,72.003,22.001,5.500,0,0,1576640,958108,168496,5232888,6338.280,540.024,0,340.015,0,23.001,5445,3970,2.190,1.330,0.770,5,0,466.021,0,0,11,28,0,23,0
24-04 16:21:01,78.560,8.230,12.470,0.249,0,1703812,830884,168508,5232928,40282.563,30697.747,0,1456.477,0,83.797,6421,8687,2.190,1.330,0.770,7,0,0,0,0,11,33,0,23,0
24-04 16:21:02,71.143,16.533,10.772,1.002,0,1596392,938000,168524,5233216,26384.880,19623.328,0,781.566,0,80.161,8710,12889,2.190,1.330,0.770,6,0,311.625,0,0,11,28,0,24,0
24-04 16:21:03,88.294,12.006,0.250,0,0,1729436,804932,168524,5233240,16302.210,8364.212,0,224.113,0,12.006,5222,3195,2.190,1.330,0.770,6,0,0,0,0,11,30,0,24,0
24-04 16:21:04,77.241,8.970,12.458,0.249,0,1778176,756084,168528,5233344,49429.544,37806.450,0,211.293,0,12.957,8478,12137,2.420,1.390,0.790,4,0,49.833,0,0,11,32,0,26,0
24-04 16:21:05,54.670,12.539,32.100,0,0,1540436,993604,168548,5233544,23784.170,18092.420,0,437.364,0,40.125,8467,11143,2.420,1.390,0.790,2,0,248.776,0,0,11,28,0,25,0
24-04 16:21:06,36.442,4.743,58.408,0.250,0,1582444,951448,168548,5233692,17599.173,8292.888,0,215.659,0,6.989,2931,2164,2.420,1.390,0.790,2,0,0,0,0,11,30,0,25,0
24-04 16:21:07,31.306,14.276,53.095,0.751,0,1453892,1079828,168552,5233860,18295.826,10978.698,0,324.582,0,29.052,6532,8091,2.420,1.390,0.790,3,0,378.679,0,0,11,28,0,27,0
24-04 16:21:08,59.668,8.453,31.077,0.497,0,1580420,953272,168552,5233888,11747.584,6731.516,0,230.715,0,9.945,3578,1666,2.420,1.390,0.790,1,0,0,0,0,11,31,0,27,0
24-04 16:21:09,47.758,4.524,47.255,0,0,1508492,1025108,168564,5233968,33074.751,22468.430,0,458.478,0,45.245,8044,11048,2.300,1.380,0.790,3,0,14.076,0,0,11,28,0,25,0
24-04 16:21:10,79.261,17.753,2.500,0,0,1592580,941000,168568,5233984,10430.482,486.069,0,232.033,0,12.002,5246,2876,2.300,1.380,0.790,4,0,244.035,0,0,11,28,0,25,0
24-04 16:21:11,53.712,6.495,38.223,0.250,0,1635420,897960,168572,5234180,45486.549,32473.832,0,183.869,0,6.995,7060,9814,2.300,1.380,0.790,2,0,0.999,0,0,11,32,0,25,0
24-04 16:21:12,63.514,16.504,20.004,0,0,1506804,1026496,168584,5234248,20596.612,8886.990,0,584.131,0,54.012,6415,7371,2.300,1.380,0.790,3,0,325.073,0,0,11,28,0,28,0
24-04 16:21:13,52.231,5.248,41.985,0,0,1558268,974888,168584,5234392,56664.229,15129.454,0,0,0,0,4166,3209,2.300,1.380,0.790,3,0,0,0,0,11,31,0,28,0
24-04 16:21:14,50.792,15.263,33.027,0.250,0,1513844,1019232,168596,5234460,24952.755,14820.327,0,484.403,0,43.036,7514,9860,2.200,1.380,0.800,3,0,299.249,0,0,11,28,0,30,0
24-04 16:21:15,54.652,4.492,39.429,0,0,1607740,925188,168596,5234608,20130.722,12259.906,0,223.597,0,11.978,3718,2508,2.200,1.380,0.800,3,0,0,0,0,11,31,0,30,0
24-04 16:21:16,51.314,14.268,34.293,0.250,0,1516240,1016412,168620,5234860,21602.995,16868.078,0,1177.471,0,28.035,7090,9017,2.200,1.380,0.800,3,0,287.359,0,0,11,28,0,33,0
24-04 16:21:17,54.868,6.983,36.911,0.748,0,1553212,979404,168628,5234888,16901.427,8936.547,0,790.103,0,13.966,3775,1993,2.200,1.380,0.800,3,0,0,0,0,11,31,0,31,0
24-04 16:21:18,50.903,9.529,38.115,0.752,0,1461324,1071096,168636,5235076,26359.222,17666.095,0,445.338,0,33.099,7072,9299,2.200,1.380,0.800,3,0,112.338,0,0,11,28,0,33,0
24-04 16:21:19,59.380,8.233,32.185,0.499,0,1608548,923860,168636,5235088,14098.482,6242.373,0,2966.001,0,112.772,3782,1739,2.260,1.400,0.810,2,0,0,0,0,11,31,0,33,0
24-04 16:21:20,48.068,7.010,43.812,0.501,0,1592492,939848,168644,5235148,31377.567,20338.888,0,524.745,0,45.064,6721,9259,2.260,1.400,0.810,3,0,93.132,0,0,11,28,0,35,0
24-04 16:21:21,72.506,24.502,2.500,0,0,1594748,937512,168652,5235220,5365.467,486.042,0,332.029,0,27.002,5826,5288,2.260,1.400,0.810,8,0,611.053,0,0,11,28,0,35,0
24-04 16:21:22,83.537,15.757,0.750,0,0,1775740,756344,168656,5235388,26677.709,19962.762,0,292.128,0,13.006,6272,5975,2.260,1.400,0.810,8,0,438.192,0,0,11,33,0,35,0
24-04 16:21:23,75.909,18.728,4.245,0.999,0,1753824,777968,168688,5237708,48385.169,38516.963,0,1673.999,0,109.869,10051,16923,2.260,1.400,0.810,9,0,525.372,0,0,11,29,0,36,0
24-04 16:21:24,82.349,16.770,0.250,0,0,1672504,859176,168704,5235732,17434.056,8562.341,0,280.339,0,21.025,6223,14891,2.800,1.530,0.850,4,0,223.270,0,0,11,29,0,37,0
24-04 16:21:25,77.528,8.226,14.209,0,0,1719904,811704,168708,5235800,40403.506,31235.712,0,115.669,0,5.983,7446,9262,2.800,1.530,0.850,5,0,0,0,0,11,32,0,36,1
24-04 16:21:26,51.389,18.550,28.327,0,0,1537624,993740,168716,5236032,34505.207,24216.414,0,168.455,0,12.033,9140,12777,2.800,1.530,0.850,1,0,581.571,0,0,11,28,0,41,0
24-04 16:21:27,36.505,33.004,30.004,0.250,0,1539812,991528,168716,5236056,7132.945,486.064,0,356.047,0,28.004,6706,6739,2.800,1.530,0.850,6,0,973.129,0,0,11,28,0,41,0
24-04 16:21:28,73.984,10.213,15.444,0.249,0,1639716,891580,168720,5236100,17543.819,12733.144,0,354.723,0,41.849,5299,3856,2.800,1.530,0.850,5,0,48.824,0,0,11,31,0,41,0
24-04 16:21:29,57.907,10.779,28.828,1.253,0,1569876,961176,168744,5236316,25531.427,20297.194,0,364.993,0,43.117,6418,10098,2.900,1.570,0.870,2,4,164.447,0,0,11,29,0,44,0
24-04 16:21:30,76.883,12.481,9.985,0.998,0,1594812,936232,168748,5236320,16858.316,7566.472,0,283.568,0,17.973,5090,3074,2.900,1.570,0.870,4,0,103.842,0,0,11,30,0,45,0
24-04 16:21:31,58.609,5.510,34.815,0,0,1623540,907264,168748,5236556,44766.039,34482.964,0,184.342,0,8.015,9219,13786,2.900,1.570,0.870,3,0,0,0,0,11,32,0,45,0
24-04 16:21:32,56.723,7.247,34.234,0.500,0,1562800,967744,168760,5236792,42377.807,31675.906,0,467.777,0,47.977,11720,17967,2.900,1.570,0.870,5,0,60.971,0,0,11,29,0,45,0
24-04 16:21:33,79.448,11.742,8.494,0.250,0,1607948,922552,168760,5236836,17724.487,8448.512,0,311.797,0,23.984,5423,3990,2.900,1.570,0.870,3,0,59.961,0,0,11,30,0,45,0
24-04 16:21:34,60.022,6.002,33.762,0,0,1624604,905680,168760,5237052,41096.891,31527.424,0,156.057,0,11.004,9641,13169,2.910,1.600,0.880,4,0,0,0,0,11,32,0,45,0
24-04 16:21:35,56.934,9.739,30.465,2.497,0,1612460,917540,168764,5237320,46644.922,37143.937,0,3056.456,0,116.865,12644,19405,2.910,1.600,0.880,5,0,143.833,0,0,11,29,0,48,0
24-04 16:21:36,77.943,13.534,8.521,0,0,1611156,918824,168764,5237304,12906.020,7864.512,0,128.318,0,8.020,5449,3778,2.910,1.600,0.880,5,0,118.293,0,0,11,30,0,49,0
24-04 16:21:37,59.694,6.494,32.719,0,0,1635576,894184,168768,5237516,36295.867,31516.362,0,123.884,0,7.992,8988,12581,2.910,1.600,0.880,3,0,0,0,0,11,31,0,50,0
24-04 16:21:38,72.885,11.981,14.477,0,0,1505836,1023728,168768,5237708,28705.640,17050.058,0,375.407,0,33.946,8108,10718,2.910,1.600,0.880,4,0,127.798,0,0,11,28,0,51,0
24-04 16:21:39,70.928,8.521,20.050,0,0,1628032,901488,168788,5237732,22590.662,15771.558,0,320.805,0,34.085,5225,4318,3,1.640,0.900,4,0,0,0,0,11,31,0,52,0
24-04 16:21:40,65.885,11.729,21.962,0.250,0,1599260,930204,168792,5237784,30561.445,20555.979,0,291.489,0,23.958,7309,10054,3,1.640,0.900,2,0,119.790,0,0,11,30,0,53,0
24-04 16:21:41,65.208,10.743,22.985,0,0,1562596,966632,168792,5238012,35399.007,26193.986,0,199.870,0,9.994,6663,9666,3,1.640,0.900,7,0,140.908,0,0,11,30,0,55,0
24-04 16:21:42,72.509,11.001,16.002,0,0,1596976,932192,168792,5238068,26202.327,16766.129,0,152.019,0,10.001,5661,6619,3,1.640,0.900,4,0,87.011,0,0,11,30,0,57,0
24-04 16:21:43,71.599,10.765,17.023,0,0,1568912,960088,168796,5238228,25652.313,15925.924,0,240.331,0,11.015,5538,5885,3,1.640,0.900,4,0,68.094,0,0,11,30,0,59,0
24-04 16:21:44,64.556,10.009,25.272,0.250,0,1591684,937220,168812,5238304,22747.813,18579.182,0,152.133,0,15.013,6365,7977,3,1.660,0.910,2,0,72.063,0,0,11,31,0,60,0
24-04 16:21:45,59.236,12.247,27.744,0.250,0,1560172,968708,168824,5238316,20212.304,10822.485,0,523.878,0,48.989,5810,6012,3,1.660,0.910,3,0,185.957,0,0,11,28,0,61,0
24-04 16:21:46,52.756,6.501,40.005,0.500,0,1602808,925840,168836,5238528,20926.356,13168.483,0,448.050,0,41.005,4231,4626,3,1.660,0.910,2,0,2.000,0,0,11,34,0,61,1
24-04 16:21:47,52.235,7.748,36.989,1.999,0,1563772,964668,168856,5238712,23794.967,19136.344,0,2167.359,0,130.961,6222,9271,3,1.660,0.910,5,0,100.970,0,0,11,33,0,63,0
24-04 16:21:48,58.024,9.754,32.263,0,0,1535428,993000,168856,5238724,14291.866,6020.471,0,1768.726,0,11.005,4286,2954,3,1.660,0.910,3,0,81.033,0,0,11,33,0,64,0
24-04 16:21:49,38.649,6.732,53.112,0.249,0,1542520,985664,168856,5238944,31196.826,21717.491,0,231.398,0,15.958,6341,8866,2.840,1.650,0.910,1,0,91.761,0,0,11,34,0,65,0
24-04 16:21:50,34.583,9.773,55.132,0.752,0,1450616,1077528,168876,5238964,17291.339,5660.533,0,3428.196,0,166.398,5140,5191,2.840,1.650,0.910,2,0,135.324,0,0,11,32,0,65,0
24-04 16:21:51,36.932,3.743,58.891,0,0,1512988,1015148,168876,5238972,19657.699,10654.325,0,119.779,0,7.985,2991,2226,2.840,1.650,0.910,2,0,0,0,0,11,34,0,65,0
24-04 16:21:52,34.822,9.770,54.863,0.251,0,1457120,1070800,168880,5239180,11577.941,7767.061,0,184.381,0,17.035,5639,6370,2.840,1.650,0.910,2,0,139.288,0,0,11,32,0,67,0
24-04 16:21:53,39.750,5.000,55.250,0.250,0,1508436,1019480,168880,5239184,15293.082,7285.039,0,260.001,0,10.000,2682,1778,2.840,1.650,0.910,1,0,0,0,0,11,34,0,67,0
24-04 16:21:54,32.145,5.981,60.054,0.498,0,1498996,1028832,168888,5239260,17402.339,9749.257,0,390.728,0,34.886,4229,5301,2.610,1.620,0.900,2,0,59.805,0,0,11,33,0,64,0
24-04 16:21:55,40.844,5.012,53.874,0.251,0,1488824,1039004,168888,5239260,9354.507,6232.329,0,200.461,0,16.037,2912,2152,2.610,1.620,0.900,2,0,5.012,0,0,11,33,0,65,0
24-04 16:21:56,32.926,5.987,59.866,0,0,1432152,1095628,168888,5239308,24227.737,14971.468,0,147.669,0,8.980,5281,6318,2.610,1.620,0.900,1,0,42.904,0,0,11,33,0,66,0
24-04 16:21:57,39.184,5.740,54.408,0,0,1468852,1058900,168896,5239328,11242.002,5001.548,0,275.534,0,25.956,3588,3058,2.610,1.620,0.900,2,0,4.992,0,0,11,33,0,67,0
24-04 16:21:58,33.557,3.756,60.854,0.751,0,1485836,1041760,168896,5239484,22270.143,14125.193,0,488.837,0,55.094,4319,4650,2.610,1.620,0.900,1,0,0,0,0,11,34,0,63,0
24-04 16:21:59,25.513,12.506,61.281,0.250,0,1404176,1123316,168908,5239580,16651.554,7297.749,0,504.259,0,35.018,5887,6734,2.560,1.630,0.910,1,0,282.145,0,0,11,32,0,65,0
24-04 16:22:00,18.798,2.256,78.199,0.251,0,1446568,1080916,168908,5239584,15219.762,2844.244,0,212.541,0,9.023,1769,1476,2.560,1.630,0.910,1,0,0,0,0,11,33,0,65,0
24-04 16:22:01,17.443,2.492,78.991,0.249,0,1438764,1088684,168920,5239608,17753.713,8856.922,0,251.175,0,20.931,3377,4100,2.560,1.630,0.910,1,0,0,0,0,11,32,0,66,0
24-04 16:22:02,15.239,12.491,71.697,0.250,0,1430672,1096764,168924,5239616,6655.097,485.642,0,215.841,0,15.988,3912,3078,2.560,1.630,0.910,1,0,284.790,0,0,11,32,0,65,0
24-04 16:22:03,18.819,2.007,78.536,0,0,1451560,1075860,168932,5239624,9799.721,6169.488,0,176.644,0,10.037,2094,2013,2.560,1.630,0.910,1,0,0,0,0,11,33,0,65,0
24-04 16:22:04,17.716,5.739,75.604,0.250,0,1412372,1115024,168932,5239648,16396.432,5526.360,0,347.331,0,25.950,3581,3898,2.430,1.620,0.910,4,0,45.912,0,0,11,32,0,66,0
24-04 16:22:05,18.752,2.250,76.759,1.250,0,1436876,1090508,168940,5239652,15209.723,5518.625,0,636.072,0,52.006,2035,1641,2.430,1.620,0.910,2,1,0,0,0,11,33,0,66,0
24-04 16:22:06,17.003,2.250,77.765,1.250,0,1430820,1096396,168944,5239812,19842.910,9485.869,0,1604.316,0,143.028,4627,5933,2.430,1.620,0.910,1,0,0,0,0,11,32,0,60,0
24-04 16:22:07,11.775,21.044,65.637,0.501,0,1397524,1129476,168960,5240004,8225.212,487.019,0,416.872,0,27.057,6422,5680,2.430,1.620,0.910,2,0,585.225,0,0,11,34,0,61,0
24-04 16:22:08,43.036,6.717,48.260,0.498,0,1506544,1020076,168980,5240328,3942.380,483.593,35.822,354.237,0.995,20.896,3283,2166,2.430,1.620,0.910,3,0,41.792,0,0,11,32,0,62,0
24-04 16:22:09,33.918,5.025,46.732,14.824,0,1536852,985844,169252,5243360,9041.889,488.425,438.175,5306.344,17.085,340.691,4789,6216,2.400,1.620,0.920,1,1,23.115,0,0,11,36,0,62,0
24-04 16:22:10,26.154,5.480,45.085,22.169,0,1503320,1018352,169440,5244152,6476.299,484.228,0,10963.876,0,744.276,5666,9555,2.400,1.620,0.920,5,1,21.920,0,0,11,36,0,59,0
24-04 16:22:11,26.830,5.767,44.633,22.066,0,1523072,997436,169628,5245104,9698.996,487.457,0,8112.253,0,662.982,5732,8819,2.400,1.620,0.920,5,1,24.072,0,0,11,36,0,59,0
24-04 16:22:12,24.425,6.231,42.620,24.924,0,1583552,936060,169772,5245828,6148.182,484.517,0,11193.739,0,743.724,4994,8352,2.400,1.620,0.920,2,1,11.963,0,0,11,36,0,59,0
24-04 16:22:13,27.970,5.244,42.704,22.476,0,1563148,955336,169960,5246740,8024.378,485.478,0,7839.576,0,681.268,5736,8983,2.400,1.620,0.920,3,1,33.964,0,0,11,36,0,59,0
24-04 16:22:14,26.819,4.762,37.096,29.326,0,1594540,923104,170068,5247444,6645.175,487.259,0,8485.932,0,658.702,5409,8352,2.370,1.630,0.920,2,2,17.044,0,0,11,36,0,54,0
24-04 16:22:15,27.752,5.750,38.503,27.252,0,1567152,949688,170180,5248108,3832.280,486.036,0,11568.847,0,855.063,5893,9610,2.370,1.630,0.920,3,1,16.001,0,0,11,36,0,54,0
24-04 16:22:16,26.187,6.235,36.911,28.681,0,1614264,902032,170248,5248576,3464.692,484.837,0,12801.304,0,922.787,5910,9741,2.370,1.630,0.920,2,1,10.974,0,0,11,36,0,54,0
24-04 16:22:17,26.547,4.258,41.073,26.046,0,1577304,938620,170332,5248848,9681.260,486.868,0,6070.823,0,533.952,5006,7770,2.370,1.630,0.920,4,1,10.018,0,0,11,36,0,54,0
24-04 16:22:18,26.054,5.511,36.576,30.313,0,1610040,905408,170420,5249224,8928.556,487.012,0,11014.891,0,771.604,5463,8817,2.370,1.630,0.920,1,1,11.023,0,0,11,36,0,50,0
24-04 16:22:19,26.969,5.244,34.960,30.965,0,1568108,946636,170556,5249756,10906.508,485.444,0,8334.454,0,623.286,5247,7943,2.340,1.630,0.930,7,1,6.992,0,0,11,36,0,50,0
24-04 16:22:20,29.555,4.759,36.818,27.050,0,1602768,912684,170704,5248896,7066.055,486.900,0,6059.195,0,563.040,5306,8514,2.340,1.630,0.930,2,0,2.004,0,0,11,36,0,50,0
24-04 16:22:21,44.620,6.481,37.142,10.220,0,1540428,974800,170836,5248984,9694.831,484.592,0,10090.681,0,651.108,3988,4133,2.340,1.630,0.930,2,0,5.983,0,0,11,32,0,50,0
24-04 16:22:22,34.844,6.267,46.376,12.785,0,1597088,917612,171128,5249204,5944.114,487.321,0,6056.419,0,912.474,7706,12761,2.340,1.630,0.930,1,1,3.008,0,0,11,34,0,47,0
24-04 16:22:23,29.247,5.250,40.996,23.498,0,1626040,888308,171264,5249412,3035.727,485.956,0,8439.240,0,1000.910,7480,12505,2.340,1.630,0.930,1,1,2.000,0,0,11,34,0,47,0
24-04 16:22:24,35.829,7.215,38.814,15.675,0,1601916,912048,171472,5249548,4594.032,483.687,0,6210.303,0,806.145,7601,22198,2.470,1.670,0.950,2,0,36.824,0,0,11,32,0,48,0
24-04 16:22:25,24.093,7.027,63.496,5.019,0,1509236,1004684,171492,5249572,9096.221,487.889,0,1252.851,0,60.233,2951,2499,2.470,1.670,0.950,2,0,99.385,0,0,11,32,0,48,0
24-04 16:22:26,22.969,2.996,71.155,2.247,0,1556360,957544,171508,5249572,6181.738,485.351,0,914.777,0,40.945,1883,1354,2.470,1.670,0.950,1,0,1.997,0,0,11,32,0,41,0
24-04 16:22:27,9.524,20.050,56.140,13.534,0,1512644,1000964,171596,5249740,7793.419,487.214,0,8785.892,0,410.022,6627,6429,2.470,1.670,0.950,1,1,491.224,0,0,11,32,0,41,0
24-04 16:22:28,8.501,20.753,68.508,0.750,0,1492900,1020648,171600,5249788,6579.794,486.059,0,872.105,0,27.003,6197,5017,2.470,1.670,0.950,1,0,489.059,0,0,11,32,0,41,0
24-04 16:22:29,10.500,17.500,70.249,0.500,0,1481836,1031680,171600,5249816,8723.921,527.995,0,1819.984,0,206.998,5582,4324,2.350,1.660,0.950,1,0,389.996,0,0,11,32,0,41,0
24-04 16:22:30,21.942,3.989,73.556,0,0,1501340,1012060,171600,5249928,9160.855,538.580,0,0,0,0,1866,1305,2.350,1.660,0.950,1,0,1.995,0,0,11,32,0,41,0
24-04 16:22:31,22.058,3.760,73.943,0,0,1496688,1016696,171600,5249944,5590.628,487.275,0,16.042,0,1.003,1777,1260,2.350,1.660,0.950,1,0,1.003,0,0,11,32,0,37,0
24-04 16:22:32,22.697,3.242,72.330,0.998,0,1486852,1026552,171600,5249924,9952.652,430.989,0,566.671,0,90.787,2018,1449,2.350,1.660,0.950,1,4,2.993,0,0,11,32,0,37,0
24-04 16:22:33,22.553,3.508,73.423,0.251,0,1486564,1026824,171620,5249936,8255.502,487.151,0,376.890,0,33.078,2027,1710,2.350,1.660,0.950,1,0,1.002,0,0,11,32,0,37,0
24-04 16:22:34,22.677,2.990,73.265,0,0,1498408,1014980,171620,5249936,4715.850,538.271,0,231.257,0,8.971,1820,1226,2.240,1.650,0.950,1,0,1.994,0,0,11,32,0,37,0
24-04 16:22:35,23.004,3.001,73.264,0,0,1452868,1060524,171620,5249932,9221.795,486.095,0,0,0,0,1849,1305,2.240,1.650,0.950,2,0,1.000,0,0,11,32,0,37,0
24-04 16:22:36,22.987,3.748,73.959,0,0,1442468,1070904,171620,5249952,9089.916,485.728,0,19.989,0,0.999,1815,1204,2.240,1.650,0.950,1,0,2.998,0,0,11,32,0,37,0
24-04 16:22:37,21.771,3.503,73.572,0,0,1508124,1005260,171620,5249940,8347.131,486.474,0,0,0,0,1890,1365,2.240,1.650,0.950,1,0,2.002,0,0,11,32,0,37,0
24-04 16:22:38,23.215,2.247,73.640,0,0,1486256,1027116,171620,5249952,7808.298,485.273,0,11.982,0,0.999,1790,1227,2.240,1.650,0.950,1,0,0.999,0,0,11,32,0,37,0
24-04 16:22:39,22.523,3.504,71.074,2.002,0,1525944,987452,171620,5249928,4255.427,486.506,0,2166.254,0,28.029,1916,1436,2.140,1.640,0.950,1,0,2.002,0,0,11,32,0,31,0
24-04 16:22:40,22.536,3.756,73.869,0,0,1494848,1018608,171620,5249868,9604.479,486.785,0,36.058,0,3.005,1836,1245,2.140,1.640,0.950,1,0,1.002,0,0,11,32,0,31,0
24-04 16:22:41,22.276,3.254,73.587,0,0,1542428,971028,171620,5249868,6136.214,486.572,0,0,0,0,1815,1244,2.140,1.640,0.950,1,0,2.002,0,0,11,32,0,31,0
24-04 16:22:42,23.223,2.996,73.663,0,0,1471216,1042160,171620,5249948,8883.549,485.429,0,87.897,0,0.999,1853,1283,2.140,1.640,0.950,1,0,1.998,0,0,11,32,0,31,0
24-04 16:22:43,21.948,3.242,72.828,0.249,0,1484492,1028868,171636,5249948,6564.512,484.856,0,786.145,0,71.831,2075,1743,2.140,1.640,0.950,1,0,0.998,0,0,11,32,0,25,0
24-04 16:22:44,23.266,3.502,73.801,0,0,1528152,985204,171636,5249952,11340.779,486.334,0,20.014,0,1.001,1860,1162,2.050,1.630,0.950,2,0,2.001,0,0,11,32,0,25,0
24-04 16:22:45,22.027,3.504,73.590,0,0,1557188,956172,171636,5249948,5415.631,486.596,0,8.010,0,1.001,1651,1384,2.050,1.630,0.950,1,0,1.001,0,0,11,32,0,25,0
24-04 16:22:46,22.977,3.247,73.676,0,0,1533088,980260,171636,5249960,3800.201,485.515,0,27.972,0,1.998,1768,1283,2.050,1.630,0.950,1,0,0.999,0,0,11,32,0,25,0
24-04 16:22:47,22.514,3.752,74.045,0,0,1521908,991440,171636,5249960,3814.313,486.295,0,12.007,0,1.001,1942,1319,2.050,1.630,0.950,1,0,19.012,0,0,11,32,0,18,0
24-04 16:22:48,11.003,18.504,69.266,0.750,0,1494800,1018480,171640,5250020,8858.072,486.114,0,312.073,0,12.003,5551,4416,2.050,1.630,0.950,1,0,443.104,0,0,11,32,0,18,0
24-04 16:22:49,23.497,3.499,72.739,0,0,1528860,984368,171640,5250036,6046.126,485.930,0,47.993,0,1.000,1890,1179,1.970,1.620,0.950,3,0,5.999,0,0,11,32,0,18,0
24-04 16:22:50,22.737,3.748,73.208,0,0,1542840,970140,171640,5250280,9936.280,485.720,0,87.949,0,0.999,1924,1219,1.970,1.620,0.950,1,0,8.995,0,0,11,32,0,18,0
24-04 16:22:51,21.505,4.251,73.017,0,0,1550564,962408,171640,5250288,8703.977,486.110,0,4.001,0,1.000,2244,1596,1.970,1.620,0.950,3,0,52.012,0,0,11,32,0,13,0
24-04 16:22:52,8.999,21.748,68.245,0,0,1517056,995724,171640,5250432,9213.352,527.963,39.997,199.986,2.000,7.999,6412,5220,1.970,1.620,0.950,1,0,535.962,0,0,11,32,0,13,0
24-04 16:22:53,7.516,23.298,64.885,3.257,0,1484460,1028224,171680,5250468,6236.933,487.010,0,3114.458,0,169.351,7059,6492,1.970,1.620,0.950,3,0,601.247,0,0,11,32,0,13,0
24-04 16:22:54,8.502,22.004,68.513,0,0,1464096,1048508,171680,5250536,6404.246,486.095,0,968.188,0,11.002,6480,5305,1.810,1.590,0.940,1,0,565.110,0,0,11,32,0,13,0
24-04 16:22:55,8.753,21.758,68.276,0,0,1445840,1066740,171680,5250560,6454.453,486.185,0,1372.522,0,16.006,6502,5321,1.810,1.590,0.940,1,0,575.219,0,0,11,32,0,9,0
24-04 16:22:56,8.738,21.220,69.652,0,0,1426064,1086476,171680,5250600,8416.120,485.315,0,726.974,0,9.986,6253,4906,1.810,1.590,0.940,1,0,510.280,0,0,11,32,0,9,0
24-04 16:22:57,8.257,20.266,69.806,0,0,1415228,1097280,171680,5250632,8241.591,486.389,0,204.163,0,8.006,5818,4419,1.810,1.590,0.940,2,0,427.342,0,0,11,32,0,9,0
24-04 16:22:58,8.246,22.488,68.465,0,0,1399016,1113452,171680,5250664,10666.486,485.749,0,367.810,0,15.992,6275,4975,1.810,1.590,0.940,2,0,519.731,0,0,11,32,0,9,0
24-04 16:22:59,9.753,20.006,69.021,0,0,1353324,1159096,171696,5250692,6011.819,634.192,0,28.008,0,7.002,6178,5070,1.750,1.580,0.940,1,0,487.147,0,0,11,32,0,5,0
24-04 16:23:00,34.979,27.233,36.478,0.500,0,1416516,1095828,171720,5250744,11674.849,485.702,0,1235.243,0,68.958,7222,7046,1.750,1.580,0.940,3,0,794.513,0,0,11,32,0,11,0
24-04 16:23:01,65.576,9.261,24.528,0.250,0,1637972,872688,171832,5252180,5681.581,486.564,16.019,280.325,1.001,11.013,3689,1808,1.750,1.580,0.940,2,2,3.003,0,0,11,34,0,11,0
24-04 16:23:02,27.453,4.742,37.186,29.200,0,1639796,864904,172040,5257020,4537.210,485.167,427.266,9499.691,8.985,515.116,5602,8342,1.750,1.580,0.940,0,3,29.949,0,0,11,38,0,12,0
24-04 16:23:03,6.239,3.494,51.659,36.187,0,1638720,864652,172164,5258160,9025.171,485.149,0,11723.438,0,807.584,5192,9233,1.750,1.580,0.940,3,0,14.974,0,0,11,38,0,11,0
24-04 16:23:04,8.758,3.003,51.799,32.531,0,1641564,859864,172284,5259920,7030.708,486.464,0,12736.151,0,978.934,6099,10447,2.090,1.660,0.970,0,1,33.032,0,0,11,38,0,11,0
24-04 16:23:05,7.243,2.747,54.694,32.966,0,1640224,859612,172388,5261380,4366.560,485.506,0,10968.848,0,831.155,5015,8604,2.090,1.660,0.970,0,1,8.991,0,0,11,38,0,11,0
24-04 16:23:06,8.025,4.263,53.668,32.351,0,1640024,858604,172560,5262392,10680.393,487.524,0,13847.295,0,923.889,5409,9841,2.090,1.660,0.970,0,1,12.038,0,0,11,38,0,11,0
24-04 16:23:07,5.232,3.239,52.321,35.130,0,1639048,858352,172672,5263468,8071.404,484.344,0,14466.540,0,921.848,6226,11818,2.090,1.660,0.970,1,1,11.959,0,0,11,38,0,10,0
24-04 16:23:08,7.755,3.502,53.782,33.019,0,1638396,858100,172764,5264256,9911.830,486.286,0,14396.468,0,928.546,5320,9783,2.090,1.660,0.970,1,1,12.007,0,0,11,38,0,10,0
24-04 16:23:09,14.785,5.513,43.603,33.830,0,1601820,893132,172840,5265632,6546.410,487.147,0,13259.212,0,880.072,5911,9662,2.480,1.740,1,2,1,57.134,0,0,11,36,0,10,0
24-04 16:23:10,24.709,4.742,40.683,27.455,0,1663760,829912,172928,5266784,5432.030,2447.957,0,12271.735,0,866.569,5844,9640,2.480,1.740,1,2,1,17.970,0,0,11,37,0,10,0
24-04 16:23:11,19.282,4.007,41.568,33.054,0.250,1660296,832108,172980,5267952,16374.774,6964.387,0,10749.576,0,747.222,7575,12924,2.480,1.740,1,1,3,12.020,0,0,11,37,0,10,0
24-04 16:23:12,24.235,7.745,36.228,30.482,0,1680724,810784,173008,5268796,10192.866,1318.207,0,12088.725,0,782.529,6525,9856,2.480,1.740,1,1,2,79.952,0,0,11,38,0,9,0
24-04 16:23:13,20.999,4.250,37.248,34.748,0,1691420,798692,173060,5270096,8860.456,5583.657,0,15299.061,0,918.944,5975,9783,2.480,1.740,1,1,1,6.000,0,0,11,39,0,9,0
24-04 16:23:14,18.973,3.745,43.688,30.956,0,1684224,804132,173108,5271700,19482.199,11520.560,0,7237.672,0,657.062,7911,12837,2.920,1.850,1.040,0,2,11.983,0,0,11,39,0,9,0
24-04 16:23:15,23.981,6.245,40.717,27.728,0,1633588,853804,173172,5272572,9953.055,3886.897,0,13541.191,0,888.291,6876,11548,2.920,1.850,1.040,2,2,44.964,0,0,11,38,0,9,0
24-04 16:23:16,22.802,4.260,39.341,32.074,0,1666572,819292,173248,5273988,14340.992,5572.821,0,12625.045,0,814.875,5588,9608,2.920,1.850,1.040,2,3,3.007,0,0,11,39,0,9,0
24-04 16:23:17,20.733,3.247,38.968,34.971,0,1661660,822980,173336,5275072,15152.501,8943.623,0,7785.578,0,581.520,7409,11823,2.920,1.850,1.040,2,4,14.988,0,0,11,39,0,9,0
24-04 16:23:18,19.548,7.268,43.356,27.317,0,1580404,903376,173380,5275864,10421.486,7183.567,0,13023.850,0,819.003,7752,12419,2.920,1.850,1.040,1,3,76.186,0,0,11,38,0,10,0
24-04 16:23:19,28.943,5.988,29.691,33.684,0.250,1656164,826356,173420,5277052,11641.056,726.568,0,14371.674,0,887.251,6491,10090,3.090,1.900,1.060,0,2,0.998,0,0,11,38,1,10,0
24-04 16:23:20,21.717,3.744,43.184,28.456,0,1655108,824780,173476,5279556,19418.177,9660.164,0,10208.322,0,678.957,7551,11937,3.090,1.900,1.060,5,1,2.995,0,0,11,39,0,10,0
24-04 16:23:21,19.275,4.756,43.307,31.291,0,1652420,826580,173588,5280312,19688.990,9972.163,0,14839.588,0,965.274,9193,15882,3.090,1.900,1.060,1,3,3.004,0,0,11,39,0,10,0
24-04 16:23:22,28.302,7.013,32.560,31.308,0,1698928,778832,173740,5281368,7692.175,952.756,0,12527.084,0,831.532,6585,10306,3.090,1.900,1.060,1,3,43.079,0,0,11,38,0,10,0
24-04 16:23:23,23.243,4.499,40.237,28.991,0,1708348,768188,173920,5282380,15571.155,7250.744,0,13203.892,0,883.725,6573,10711,3.090,1.900,1.060,0,4,8.997,0,0,11,39,0,10,0
24-04 16:23:24,33.495,11.498,33.745,19.997,0.250,1622556,853120,174012,5283088,20912.084,12504.256,0,7590.942,0,646.910,10191,28494,3.080,1.920,1.070,1,2,257.964,0,0,11,37,0,11,0
24-04 16:23:25,36.494,17.997,24.496,18.997,0,1572116,902296,174116,5284100,7642.770,1811.708,883.858,13177.878,9.998,829.866,10682,15873,3.080,1.920,1.070,3,2,259.958,0,0,11,36,0,12,0
24-04 16:23:26,27.967,11.736,37.956,21.225,0,1611356,861816,174188,5285272,10917.281,6142.843,1266.524,5690.371,26.969,409.523,6651,9137,3.080,1.920,1.070,1,1,150.824,0,0,11,37,0,12,0
24-04 16:23:27,21.450,5.986,39.159,29.930,0,1615520,856624,174268,5286196,14270.787,3591.641,0,17722.753,0,1069.511,7605,12550,3.080,1.920,1.070,4,1,39.907,0,0,11,36,0,13,0
24-04 16:23:28,22.290,3.506,51.342,22.040,0,1646212,824476,174360,5287492,15008.001,5527.945,0,5722.295,0,487.878,4619,7572,3.080,1.920,1.070,2,1,0,0,0,11,37,0,12,0
24-04 16:23:29,20.036,7.013,47.335,24.043,0,1595016,874116,174432,5288936,11736.143,2167.906,0,9749.564,0,737.328,6102,9681,2.910,1.900,1.070,1,1,63.114,0,0,11,36,0,13,0
24-04 16:23:30,22.237,3.748,50.721,20.988,0,1614556,853696,174480,5289760,14418.786,5617.800,0,11181.630,0,745.575,5856,10120,2.910,1.900,1.070,1,2,0,0,0,11,37,0,13,0
24-04 16:23:31,21.255,6.251,45.760,24.756,0,1559764,907224,174524,5290956,13968.184,5825.328,0,8774.000,0,656.150,7602,11996,2.910,1.900,1.070,1,3,49.011,0,0,11,36,0,14,0
24-04 16:23:32,25.213,5.741,35.198,31.453,0,1584648,881524,174572,5291704,6897.744,485.278,0,14797.996,0,950.587,6741,10682,2.910,1.900,1.070,3,1,0.999,0,0,11,36,0,14,0
24-04 16:23:33,17.773,3.004,52.818,24.281,0,1585104,879376,174640,5293224,13993.043,10020.921,0,6584.490,0,568.733,6323,10434,2.910,1.900,1.070,1,1,3.004,0,0,11,37,0,14,0
24-04 16:23:34,10.749,5.250,53.747,28.749,0,1546700,916668,174660,5294288,7630.630,1775.914,0,11627.436,0,771.963,5944,9747,2.920,1.920,1.080,0,1,65.997,0,0,11,36,0,15,0
24-04 16:23:35,3.995,2.497,60.172,31.209,0,1534840,927760,174660,5295020,9994.974,485.367,0,9307.869,0,746.028,3843,7099,2.920,1.920,1.080,0,1,0,0,0,11,36,0,15,0
24-04 16:23:36,3.748,2.998,60.961,30.730,0,1517796,944124,174676,5295660,9162.172,485.691,0,11276.827,0,566.640,3731,6634,2.920,1.920,1.080,0,2,5.996,0,0,11,36,0,15,0
24-04 16:23:37,3.757,3.006,61.619,28.806,0,1508536,952632,174704,5296368,8502.478,486.944,0,14604.303,0,916.777,4687,8904,2.920,1.920,1.080,0,2,3.006,0,0,11,36,0,15,0
24-04 16:23:38,3.745,2.746,66.655,24.216,0,1501884,957660,174744,5297876,9261.854,485.311,0,6119.314,0,513.271,4497,8060,2.920,1.920,1.080,1,1,14.979,0,0,11,36,0,15,0
24-04 16:23:39,3.999,2.249,63.228,26.990,0,1495712,963036,174776,5298624,9444.650,485.828,0,9268.712,0,669.762,4741,8669,2.850,1.920,1.090,0,1,2.999,0,0,11,36,0,15,0
24-04 16:23:40,4.506,2.503,60.073,30.537,0,1491800,966524,174816,5298996,11028.487,486.595,0,7893.653,0,583.714,4071,7304,2.850,1.920,1.090,1,3,6.007,0,0,11,36,0,15,0
24-04 16:23:41,3.999,3.249,57.983,32.490,0,1488476,969560,174868,5299220,7092.912,485.857,0,12576.298,0,828.756,4514,8330,2.850,1.920,1.090,3,1,2.999,0,0,11,36,0,15,0
24-04 16:23:42,6.504,2.251,62.038,26.516,0,1484628,973088,174896,5299508,11072.693,486.294,0,8036.858,0,633.383,4586,7928,2.850,1.920,1.090,0,1,13.008,0,0,11,36,0,15,0
24-04 16:23:43,5.499,2.999,61.486,27.994,0,1481008,976368,174944,5299788,11890.293,485.889,0,14888.611,0,1032.765,5392,10125,2.850,1.920,1.090,0,1,11.997,0,0,11,36,0,15,0
24-04 16:23:44,5.745,2.748,63.949,24.980,0,1478580,978312,175008,5300200,3681.091,485.616,0,9228.706,0,719.431,4790,8678,2.860,1.940,1.100,0,1,8.993,0,0,11,36,0,15,0
24-04 16:23:45,4.759,2.505,61.365,28.804,0,1476152,980216,175056,5300652,8474.919,486.915,0,12671.802,0,875.645,4742,8700,2.860,1.940,1.100,0,1,9.017,0,0,11,36,0,15,0
24-04 16:23:46,4.745,3.746,59.690,29.970,0,1474284,981144,175128,5301488,9511.396,485.510,0,13006.866,0,856.136,4815,8666,2.860,1.940,1.100,0,1,2.997,0,0,11,36,0,15,0
24-04 16:23:47,5.244,2.497,66.172,23.722,0,1472884,982032,175252,5301816,8331.167,485.427,0,7079.644,0,649.234,5062,8944,2.860,1.940,1.100,2,2,14.982,0,0,11,36,0,15,0
24-04 16:23:48,5.505,3.003,59.308,29.529,0.250,1473664,980504,175300,5302500,6135.007,486.476,0,10478.259,0,735.720,4575,8192,2.860,1.940,1.100,1,1,6.006,0,0,11,36,0,15,0
24-04 16:23:49,5.747,3.748,61.717,26.486,0,1473072,980552,175364,5302940,3750.986,485.739,0,11305.931,0,797.572,5275,9213,2.790,1.940,1.100,1,1,14.992,0,0,11,36,0,15,0
24-04 16:23:50,5.246,2.248,56.455,33.473,0,1473048,980984,175400,5302492,10040.023,539.571,0,10939.308,0,830.340,4699,8442,2.790,1.940,1.100,1,2,2.998,0,0,11,36,0,15,0
24-04 16:23:51,4.761,2.756,62.144,27.063,0,1473264,980820,175432,5302408,11546.806,487.131,0,9578.236,0,799.857,5440,9884,2.790,1.940,1.100,0,2,3.007,0,0,11,36,0,15,0
24-04 16:23:52,5.000,2.750,63.005,27.252,0,1473936,980704,175476,5301808,9501.732,486.037,0,9096.701,0,703.054,5836,10795,2.790,1.940,1.100,0,2,1.000,0,0,11,36,0,15,0
24-04 16:23:53,5.750,3.000,58.498,30.249,0,1474100,981072,175508,5301252,6381.806,431.987,0,12191.629,0,853.974,5174,9762,2.790,1.940,1.100,3,1,0,0,0,11,36,0,15,0
24-04 16:23:54,7.985,3.244,57.394,29.196,0,1473556,981072,175564,5301740,10247.130,485.107,0,10696.303,0,729.656,4997,8691,2.650,1.930,1.100,1,1,5.989,0,0,11,36,0,15,0
24-04 16:23:55,7.745,3.498,62.459,24.484,0,1472776,981324,175596,5302236,6473.706,485.678,0,12331.821,0,908.398,5384,9829,2.650,1.930,1.100,2,3,8.994,0,0,11,36,0,15,0
24-04 16:23:56,5.016,2.759,62.196,26.082,0,1472604,981072,175620,5302632,4998.768,583.842,0,9682.543,0,844.664,5376,9439,2.650,1.930,1.100,0,1,12.038,0,0,11,36,0,15,0
24-04 16:23:57,5.739,3.494,63.881,24.704,0,1472696,980732,175636,5302852,3239.982,485.099,0,10847.851,0,879.367,5544,10107,2.650,1.930,1.100,0,1,5.989,0,0,11,36,0,15,0
24-04 16:23:58,6.243,2.747,55.941,32.216,0,1472528,980480,175648,5303260,10638.772,485.488,0,14228.983,0,986.958,5171,9411,2.650,1.930,1.100,1,1,5.994,0,0,11,36,0,15,0
24-04 16:23:59,6.759,3.004,65.334,23.280,0,1472632,980480,175672,5303120,8418.815,580.746,0,8238.583,0,749.963,5274,9635,2.510,1.910,1.100,0,2,9.012,0,0,11,36,0,15,0
24-04 16:24:00,5.001,2.500,59.008,30.754,0,1472876,980732,175676,5302616,10037.356,486.066,0,10285.389,0,773.104,4999,9336,2.510,1.910,1.100,0,2,6.001,0,0,11,36,0,15,0
24-04 16:24:01,6.246,2.998,60.963,27.234,0,1472620,980732,175696,5302852,6542.071,431.741,0,10077.947,0,811.513,5132,9253,2.510,1.910,1.100,2,1,2.998,0,0,11,36,0,9,0
24-04 16:24:02,5.249,3.750,55.244,33.497,0,1472508,980480,175732,5303180,8582.111,485.950,0,15154.430,0,970.899,5870,10619,2.510,1.910,1.100,1,1,4.000,0,0,11,36,0,9,0
24-04 16:24:03,8.008,2.502,63.563,22.522,0,1471984,980480,175756,5303676,6087.992,486.479,0,7479.362,0,709.699,5396,9887,2.510,1.910,1.100,0,1,6.006,0,0,11,38,0,9,0
24-04 16:24:04,5.498,2.999,62.725,25.990,0,1471728,980480,175792,5303884,4339.254,485.805,0,11315.448,0,790.682,4837,8630,2.550,1.930,1.110,0,1,8.996,0,0,11,38,0,9,0
24-04 16:24:05,6.754,3.252,60.537,27.767,0,1471900,979976,175808,5304200,5755.551,486.300,0,9613.931,0,738.456,4807,8793,2.550,1.930,1.110,0,1,12.007,0,0,11,38,0,8,0
24-04 16:24:06,7.748,2.499,53.989,32.493,0,1471548,979976,175816,5304536,9876.942,539.888,0,12869.318,0,825.828,4533,7971,2.550,1.930,1.110,0,1,2.999,0,0,11,38,0,8,0
24-04 16:24:07,10.735,2.746,62.915,21.721,0,1471280,979608,175832,5305140,11463.470,485.343,0,7118.357,0,703.048,6293,11033,2.550,1.930,1.110,2,1,14.980,0,0,11,38,0,8,0
24-04 16:24:08,7.003,3.502,60.028,26.512,0,1471352,979104,175864,5305528,8465.893,486.224,0,13874.379,0,985.453,6327,11806,2.550,1.930,1.110,2,2,9.004,0,0,11,38,0,8,0
24-04 16:24:09,7.250,3.500,61.248,25.999,0,1471208,978852,175888,5305888,3305.917,485.988,0,11303.715,0,857.978,5198,9550,2.670,1.960,1.130,0,1,6.000,0,0,11,38,0,8,0
24-04 16:24:10,5.755,2.252,61.304,26.524,0,1471688,977844,175944,5306344,9388.331,486.432,0,8671.695,0,733.651,4928,8750,2.670,1.960,1.130,0,1,15.013,0,0,11,38,0,8,0
24-04 16:24:11,4.499,3.249,54.982,34.738,0,1470764,978456,175984,5306608,6698.782,485.839,0,12603.827,0,882.708,5089,9070,2.670,1.960,1.130,2,2,5.998,0,0,11,38,0,8,0
24-04 16:24:12,4.750,3.250,59.505,29.503,0,1470680,977964,176024,5307116,4513.408,486.044,0,15961.442,0,1023.092,5978,11175,2.670,1.960,1.130,1,0,10.001,0,0,11,38,0,8,0
24-04 16:24:13,7.008,2.002,64.072,23.777,0,1470252,977712,176040,5307764,8304.392,486.550,0,5742.495,0,585.662,4918,8647,2.670,1.960,1.130,0,1,12.014,0,0,11,38,0,7,0
24-04 16:24:14,4.482,2.988,61.996,27.388,0,1470244,977328,176056,5308132,8542.023,484.018,0,12182.118,0,868.444,4787,9062,2.620,1.970,1.130,4,1,0,0,0,11,38,0,7,0
24-04 16:24:15,5.015,2.508,59.429,30.592,0,1468820,977940,176084,5308896,3557.706,487.467,0,9512.627,0,708.131,4528,8420,2.620,1.970,1.130,1,0,6.018,0,0,11,38,0,7,0
24-04 16:24:16,3.999,2.749,62.732,27.242,0,1468408,977940,176124,5309256,9197.429,485.864,0,7945.779,0,674.811,4632,8258,2.620,1.970,1.130,1,1,11.997,0,0,11,38,0,7,0
24-04 16:24:17,6.494,3.746,59.444,28.473,0,1467884,977940,176132,5309756,6253.092,485.541,0,13655.099,0,941.111,5377,9968,2.620,1.970,1.130,2,4,11.989,0,0,11,38,0,7,0
24-04 16:24:18,4.505,2.253,55.818,35.293,0,1467748,977688,176152,5310108,8111.838,486.590,0,12174.765,0,814.988,4664,8340,2.620,1.970,1.130,0,2,6.007,0,0,11,38,0,7,0
24-04 16:24:19,5.245,2.997,64.442,23.229,0,1467728,977184,176172,5310600,7539.202,485.562,0,9719.236,0,831.250,5593,10183,2.570,1.970,1.140,1,2,8.992,0,0,11,38,0,7,0
24-04 16:24:20,5.258,2.504,64.347,25.789,0,1467476,976932,176184,5311076,5592.439,486.735,0,8004.079,0,612.925,4329,7713,2.570,1.970,1.140,1,3,6.009,0,0,11,38,0,7,0
24-04 16:24:21,3.746,2.996,63.924,27.218,0,1467360,976932,176204,5311172,9866.328,527.376,0,12716.955,0,825.024,4164,7867,2.570,1.970,1.140,0,1,2.996,0,0,11,38,0,6,0
24-04 16:24:22,4.250,3.250,58.755,31.253,0,1467172,976680,176212,5311576,7039.595,486.041,0,9916.838,0,747.063,4715,8450,2.570,1.970,1.140,0,1,10.001,0,0,11,38,0,6,0
24-04 16:24:23,5.505,2.502,66.307,23.270,0,1466840,976680,176216,5311888,4432.838,666.577,0,6982.045,0,694.601,5026,9163,2.570,1.970,1.140,4,1,6.005,0,0,11,38,0,6,0
24-04 16:24:24,8.980,5.238,51.386,31.430,0,1473676,969520,176232,5312188,12174.073,820.186,0,12771.751,0,885.042,6260,17733,2.440,1.950,1.140,0,1,44.901,0,0,11,38,0,7,0
24-04 16:24:25,5.511,3.006,68.137,20.792,0,1473124,969268,176256,5312952,6170.449,655.322,0,5731.563,0,583.177,4641,8237,2.440,1.950,1.140,0,2,15.030,0,0,11,38,0,5,0
24-04 16:24:26,3.751,2.250,59.008,32.755,0,1472876,969268,176272,5313176,8443.173,486.068,0,8101.125,0,566.079,4010,7119,2.440,1.950,1.140,1,2,15.002,0,0,11,38,0,5,0
24-04 16:24:27,5.993,3.496,56.180,31.461,0,1472352,969268,176284,5313676,6706.696,539.332,0,14462.093,0,1000.761,5793,10631,2.440,1.950,1.140,0,1,17.978,0,0,11,38,0,5,0
24-04 16:24:28,5.999,2.250,67.736,21.496,0,1471884,969268,176288,5314128,4404.104,485.901,0,6914.594,0,604.877,4455,8060,2.440,1.950,1.140,0,2,11.998,0,0,11,38,0,5,0
24-04 16:24:29,5.756,3.003,59.057,29.779,0,1471504,969268,176304,5314480,9512.178,486.469,0,10970.585,0,822.794,5384,9866,2.330,1.930,1.140,1,2,12.012,0,0,11,38,0,3,0
24-04 16:24:30,5.991,3.495,60.159,26.959,0,1471128,969268,176312,5314844,6170.649,539.183,0,13615.368,0,944.569,5687,10441,2.330,1.930,1.140,1,1,14.977,0,0,11,38,0,3,0
24-04 16:24:31,4.507,2.754,64.347,26.290,0,1470488,969268,176320,5315456,9777.761,486.735,0,5528.346,0,500.756,4102,7297,2.330,1.930,1.140,0,2,9.014,0,0,11,38,0,3,0
24-04 16:24:32,4.252,2.751,58.029,32.516,0,1470120,969448,176344,5315608,5996.000,486.243,0,13938.975,0,928.465,4873,8971,2.330,1.930,1.140,1,1,10.005,0,0,11,38,0,3,0
24-04 16:24:33,5.497,1.999,64.717,24.238,0,1469492,969672,176356,5315988,10987.430,485.754,0,4501.718,0,480.756,4457,7704,2.330,1.930,1.140,1,2,11.994,0,0,11,38,0,2,0
24-04 16:24:34,4.255,3.755,56.572,33.042,0,1468968,968916,176380,5317220,7118.010,486.616,0,17502.155,0,1035.311,5114,9560,2.220,1.920,1.140,1,3,3.004,0,0,11,38,0,2,0
24-04 16:24:35,8.241,2.747,65.429,21.727,0,1469212,968160,176408,5317696,5158.425,485.475,0,6592.875,0,656.291,5225,9064,2.220,1.920,1.140,0,1,8.990,0,0,11,38,0,2,0
24-04 16:24:36,6.755,3.002,58.289,29.270,0,1469104,968160,176432,5317776,4078.733,486.326,0,14529.734,0,1009.676,5489,10150,2.220,1.920,1.140,3,2,3.002,0,0,11,38,0,2,0
24-04 16:24:37,7.483,2.744,64.854,22.200,0,1468340,968160,176440,5318512,9084.586,484.910,0,6752.826,0,627.590,4935,8681,2.220,1.920,1.140,1,2,8.980,0,0,11,38,0,2,0
24-04 16:24:38,4.505,3.504,58.571,30.287,0,1468916,968160,176440,5317932,9236.200,486.590,0,17232.897,0,1133.374,5317,9840,2.220,1.920,1.140,2,2,3.004,0,0,11,38,0,1,0
24-04 16:24:39,6.243,2.997,65.180,22.726,0,1470768,968160,176456,5316056,8265.147,581.377,0,6952.553,0,735.212,5535,10032,2.200,1.920,1.140,0,1,0,0,0,11,38,0,1,0
24-04 16:24:40,5.509,3.506,60.354,28.048,0,1471884,968160,176468,5314940,8830.145,486.835,0,14540.940,0,1031.770,5884,11129,2.200,1.920,1.140,1,0,0,0,0,11,38,0,1,0
24-04 16:24:41,4.488,1.995,61.588,28.425,0,1473112,968160,176468,5313716,8035.927,484.729,0,9072.209,0,676.227,4700,8656,2.200,1.920,1.140,0,1,0,0,0,11,38,0,1,0
24-04 16:24:42,6.509,3.255,64.842,23.033,0,1474172,968160,176468,5312660,5991.493,486.690,0,7270.305,0,737.045,5304,9561,2.200,1.920,1.140,0,1,4.006,0,0,11,38,0,1,0
24-04 16:24:43,5.504,3.503,57.042,31.023,0.250,1474036,968160,176476,5312788,4277.183,540.402,0,17276.856,0,1116.831,5790,10671,2.200,1.920,1.140,6,1,3.002,0,0,11,38,0,1,0
24-04 16:24:44,6.248,2.499,64.230,24.742,0.250,1473556,968160,176476,5313268,3927.806,569.827,0,7925.590,0,675.795,4721,8695,2.180,1.920,1.140,0,2,14.995,0,0,11,38,0,1,0
24-04 16:24:45,5.499,3.000,60.744,28.497,0,1473380,968160,176476,5313440,10931.989,485.955,0,11454.940,0,835.923,4837,8761,2.180,1.920,1.140,0,1,8.999,0,0,11,38,0,1,0
24-04 16:24:46,3.995,2.996,60.924,29.463,0.250,1473332,968160,176476,5313488,5867.650,539.324,0,10818.449,0,716.103,4927,8903,2.180,1.920,1.140,1,1,2.996,0,0,11,38,0,1,0
24-04 16:24:47,12.261,5.005,64.059,16.015,0,1338728,1102928,176484,5313316,14786.560,486.446,0,6201.687,0,437.401,4353,6140,2.180,1.920,1.140,1,0,63.058,0,0,11,32,0,3,0
24-04 16:24:48,8.268,22.799,64.889,3.006,0,1343560,1097880,176484,5313532,13058.919,487.041,0,2361.048,0,128.274,6946,6076,2.180,1.920,1.140,1,0,626.339,0,0,11,32,0,3,0
24-04 16:24:49,53.760,15.753,28.005,2.000,0,1495440,945768,176504,5313724,8679.646,540.102,0,2536.481,0,165.031,5605,4470,2.170,1.920,1.150,3,0,270.051,0,0,11,32,0,9,0
24-04 16:24:50,59.755,6.501,28.752,4.750,0,1691088,747500,176596,5316112,8552.722,486.041,0,2472.209,0,96.008,3609,1718,2.170,1.920,1.150,2,1,0,0,0,11,32,0,9,0
24-04 16:24:51,60.744,5.999,25.997,7.249,0,1791836,642932,176732,5319324,5737.440,539.947,4.000,7247.293,1.000,261.974,4235,2553,2.170,1.920,1.150,4,0,5.999,0,0,11,38,0,9,0
24-04 16:24:52,9.989,3.246,48.694,34.960,0,1797256,635120,176776,5321572,10866.604,485.446,0,10899.566,0,674.231,5449,9215,2.170,1.920,1.150,2,3,27.968,0,0,11,38,0,9,0
24-04 16:24:53,7.990,2.497,57.176,30.960,0,1796716,634616,176784,5322568,9432.718,539.298,0,8265.238,0,590.231,5437,9911,2.170,1.920,1.150,1,3,29.961,0,0,11,38,0,9,0
24-04 16:24:54,8.504,3.502,52.523,32.264,0,1795264,634616,176784,5323980,5229.284,486.212,0,12829.604,0,843.368,5789,10328,2.720,2.040,1.190,2,2,27.012,0,0,11,38,0,9,0
24-04 16:24:55,8.250,3.500,51.500,33.500,0,1794744,633356,176792,5325708,10879.098,540.005,0,13640.123,0,943.009,5745,10417,2.720,2.040,1.190,2,2,21.000,0,0,11,38,0,9,0
24-04 16:24:56,7.264,4.008,51.847,34.565,0,1794196,632348,176796,5327224,11835.161,486.912,0,17592.943,0,1130.116,6513,12196,2.720,2.040,1.190,1,1,12.023,0,0,11,38,0,9,0
24-04 16:24:57,8.992,3.247,50.203,34.968,0,1793692,631592,176828,5328420,9253.404,539.499,0,16828.367,0,1072.004,6634,11699,2.720,2.040,1.190,1,2,32.969,0,0,11,38,0,9,0
24-04 16:24:58,8.501,4.001,52.508,32.505,0,1793460,630836,176844,5329368,8184.285,486.076,0,12966.035,0,946.149,7183,13344,2.720,2.040,1.190,7,2,36.006,0,0,11,38,0,9,0
24-04 16:24:59,6.744,2.498,55.953,32.972,0,1792844,630332,176852,5330420,4668.091,633.470,0,10127.520,0,641.463,4774,8577,2.820,2.070,1.210,0,1,11.990,0,0,11,38,0,9,0
24-04 16:25:00,5.750,2.750,49.501,39.251,0,1792648,629576,176872,5331312,8800.174,486.010,0,12856.254,0,884.017,5198,9309,2.820,2.070,1.210,1,2,21.000,0,0,11,38,0,9,0
24-04 16:25:01,7.755,3.753,50.536,35.025,0,1793376,627308,176892,5332792,5898.149,540.380,0,15991.250,0,1004.707,6148,11251,2.820,2.070,1.210,0,2,24.017,0,0,11,38,0,9,0
24-04 16:25:02,6.994,3.747,52.203,34.719,0,1793540,625796,176892,5334056,3792.614,485.567,0,15278.361,0,970.134,5752,10502,2.820,2.070,1.210,0,2,21.980,0,0,11,38,0,9,0
24-04 16:25:03,7.242,2.997,50.694,36.460,0,1793216,625040,176896,5335100,9662.358,539.406,0,11343.507,0,767.155,6830,12479,2.820,2.070,1.210,8,0,20.977,0,0,11,38,0,9,0
24-04 16:25:04,7.767,3.007,57.628,28.563,0,1793152,623780,176908,5336380,6908.329,487.081,0,7492.626,0,596.323,4963,8744,2.910,2.110,1.220,3,2,36.080,0,0,11,38,0,9,0
24-04 16:25:05,7.241,2.747,51.438,36.706,0,1793940,622268,176916,5337080,9774.155,539.346,0,11330.270,0,797.034,5398,9722,2.910,2.110,1.220,5,1,23.971,0,0,11,38,0,9,0
24-04 16:25:06,5.755,2.502,53.551,34.533,0,1793592,621512,176924,5338124,6243.958,486.464,0,12796.211,0,819.782,4945,9089,2.910,2.110,1.220,0,2,15.014,0,0,11,38,0,9,0
24-04 16:25:07,6.750,3.750,49.251,37.751,0,1793364,620756,176936,5339072,6151.149,540.013,0,13268.322,0,1027.025,5459,9944,2.910,2.110,1.220,1,3,30.001,0,0,11,38,0,9,0
24-04 16:25:08,8.001,3.500,48.755,36.504,0,1793548,619244,176936,5340372,8103.900,486.054,0,16289.808,0,1101.122,6354,11391,2.910,2.110,1.220,2,2,27.003,0,0,11,38,0,9,0
24-04 16:25:09,5.749,3.249,56.491,31.745,0,1793440,618236,176940,5341416,8298.639,539.911,0,11074.184,0,750.877,5032,9289,2.920,2.120,1.230,0,4,11.998,0,0,11,38,0,9,0
24-04 16:25:10,6.495,3.747,51.460,37.221,0,1793112,617984,176940,5341988,3836.050,485.627,0,13005.998,0,824.366,4972,9075,2.920,2.120,1.230,0,1,11.991,0,0,11,38,0,9,0
24-04 16:25:11,6.260,3.255,51.835,36.309,0,1793516,616724,176940,5342820,10692.452,540.883,0,14780.124,0,928.516,5151,9161,2.920,2.120,1.230,0,1,21.034,0,0,11,38,0,9,0
24-04 16:25:12,5.987,2.994,55.383,32.182,0,1793628,615716,176944,5343680,4355.782,484.974,0,12792.926,0,851.199,7019,13044,2.920,2.120,1.230,3,3,6.985,0,0,11,38,0,9,0
24-04 16:25:13,10.761,12.013,47.550,28.280,0,1799748,608440,176952,5344672,8707.192,540.571,0,10623.215,0,780.824,7654,12244,2.920,2.120,1.230,3,4,372.393,0,0,11,38,0,9,0
24-04 16:25:14,5.493,5.244,48.443,37.705,0,1800940,606424,176960,5345480,8437.999,485.425,0,13432.080,0,868.970,6162,10620,2.930,2.140,1.240,0,2,84.899,0,0,11,38,0,9,0
24-04 16:25:15,15.022,3.505,44.566,34.802,0,1800156,606424,176964,5346236,3569.284,540.801,0,16464.375,0,1065.578,6224,11005,2.930,2.140,1.240,1,2,24.036,0,0,11,38,0,9,0
24-04 16:25:16,27.249,7.500,33.748,30.249,0,1717080,688180,176968,5347524,7920.628,485.977,0,14195.334,0,994.953,7291,11064,2.930,2.140,1.240,4,1,93.996,0,0,11,36,0,9,0
24-04 16:25:17,30.195,4.991,34.437,27.949,0,1785348,617116,176968,5350256,9803.035,539.012,0,10361.013,0,718.683,6894,10383,2.930,2.140,1.240,6,0,40.925,0,0,11,36,0,9,0
24-04 16:25:18,18.993,5.498,42.735,31.239,0,1735364,666084,176980,5351228,11827.772,485.826,0,12959.367,0,819.707,6632,10477,2.930,2.140,1.240,2,1,92.967,0,0,11,36,0,9,0
24-04 16:25:19,6.501,4.001,51.760,35.757,0,1726436,673896,176988,5352312,12220.461,540.109,0,15707.163,0,986.199,5618,10030,3.090,2.180,1.260,2,1,15.003,0,0,11,36,0,9,0
24-04 16:25:20,7.503,2.751,59.272,28.261,0,1709120,690024,177004,5353432,9465.528,486.181,0,6086.269,0,515.192,4790,8151,3.090,2.180,1.260,1,1,36.013,0,0,11,36,0,9,0
24-04 16:25:21,5.748,3.249,55.481,32.989,0.250,1701772,696472,177016,5354300,9015.981,581.805,0,12131.937,0,868.709,5255,9202,3.090,2.180,1.260,0,2,19.993,0,0,11,36,0,9,0
24-04 16:25:22,5.752,3.501,46.266,41.264,0,1695656,701280,177028,5355560,6370.164,486.165,0,14272.848,0,899.305,5252,9639,3.090,2.180,1.260,4,1,7.002,0,0,11,36,0,9,0
24-04 16:25:23,5.755,3.253,53.295,35.530,0,1689832,705900,177032,5356700,3651.051,540.452,0,14151.825,0,885.740,6120,11599,3.090,2.180,1.260,0,2,6.005,0,0,11,36,0,9,0
24-04 16:25:24,9.007,5.254,47.536,35.026,0,1700576,694152,177040,5357656,11258.420,486.364,0,15503.595,0,844.632,6125,21421,3.090,2.200,1.270,1,1,51.038,0,0,11,36,0,10,0
24-04 16:25:25,7.748,2.749,58.483,27.992,0,1699328,693900,177052,5359100,10624.987,539.847,0,6730.091,0,578.836,5315,9066,3.090,2.200,1.270,0,2,29.991,0,0,11,36,0,10,0
24-04 16:25:26,6.754,2.751,61.032,28.265,0,1696384,696424,177056,5359504,8194.271,486.253,0,12310.416,0,827.431,4614,8411,3.090,2.200,1.270,1,1,15.008,0,0,11,36,0,10,0
24-04 16:25:27,11.487,2.997,51.191,31.963,0,1691800,700680,177064,5359812,6697.231,539.374,0,13795.997,0,880.978,5262,9195,3.090,2.200,1.270,1,2,0,0,0,11,36,0,9,0
24-04 16:25:28,3.257,2.255,53.618,37.583,0,1689240,702260,177072,5360760,9838.631,487.071,0,10366.792,0,650.430,4690,8549,3.090,2.200,1.270,1,1,0,0,0,11,36,0,9,0
24-04 16:25:29,6.232,3.241,51.850,36.893,0,1685152,704892,177072,5362140,6872.148,538.445,0,13975.629,0,819.632,5034,9044,3.240,2.240,1.290,1,2,0,0,0,11,36,0,9,0
24-04 16:25:30,5.510,3.006,55.855,32.561,0,1681312,706904,177080,5363916,4196.892,486.916,0,10395.549,0,696.309,4965,9092,3.240,2.240,1.290,0,1,0,0,0,11,36,0,9,0
24-04 16:25:31,4.992,3.245,51.913,37.687,0,1678880,708172,177080,5365024,8228.243,539.099,0,11217.245,0,693.840,4371,7830,3.240,2.240,1.290,1,1,0,0,0,11,36,0,9,0
24-04 16:25:32,5.505,2.753,56.552,33.030,0,1676672,708984,177084,5366376,10402.533,486.446,0,7903.242,0,594.545,4319,7649,3.240,2.240,1.290,1,2,1.001,0,0,11,36,0,9,0
24-04 16:25:33,5.504,2.752,52.540,36.028,0,1674680,709804,177088,5367492,4067.124,540.415,0,15087.589,0,926.712,5808,11071,3.240,2.240,1.290,0,2,0,0,0,11,36,0,9,0
24-04 16:25:34,5.743,3.995,47.191,40.949,0,1673300,709716,177092,5368924,10473.996,485.397,0,16044.080,0,927.848,5406,9646,3.380,2.290,1.310,0,1,0,0,0,11,36,0,9,0
24-04 16:25:35,6.498,3.249,56.731,30.989,0,1671408,709360,177100,5371076,6716.701,539.815,0,9456.763,0,693.763,5313,9486,3.380,2.290,1.310,0,1,0,0,0,11,36,0,9,0
24-04 16:25:36,4.252,3.501,56.772,32.763,0,1671064,708604,177108,5372136,8519.280,486.187,0,12576.842,0,742.286,5076,9683,3.380,2.290,1.310,3,2,0,0,0,11,36,0,9,0
24-04 16:25:37,6.252,3.001,51.017,37.262,0,1670868,706868,177108,5373968,7420.437,540.177,0,10579.475,0,748.246,4985,9006,3.380,2.290,1.310,0,2,3.001,0,0,11,36,0,9,0
24-04 16:25:38,4.994,2.747,55.182,34.458,0,1670796,706364,177112,5374520,3490.698,485.402,0,9915.781,0,702.135,4456,8200,3.380,2.290,1.310,1,1,8.989,0,0,11,36,0,9,0
24-04 16:25:39,6.254,3.502,57.786,29.018,0,1671308,705356,177112,5375004,8920.633,540.341,0,16862.648,0,1109.701,6728,12418,3.350,2.300,1.320,0,3,6.004,0,0,11,36,0,9,0
24-04 16:25:40,3.503,3.253,57.297,33.778,0,1671200,705104,177116,5375356,9338.643,486.398,0,11425.350,0,842.690,4710,8732,3.350,2.300,1.320,0,1,9.007,0,0,11,36,0,9,0
24-04 16:25:41,3.497,2.998,64.199,26.729,0,1671456,704600,177120,5375592,3933.857,539.569,0,9100.729,0,672.463,4434,8045,3.350,2.300,1.320,0,1,8.993,0,0,11,36,0,9,0
24-04 16:25:42,4.996,3.497,58.200,30.474,0,1671488,704348,177124,5375800,8073.075,539.537,0,11598.051,0,872.252,5535,9785,3.350,2.300,1.320,1,1,15.986,0,0,11,36,0,9,0
24-04 16:25:43,6.242,2.996,60.422,27.714,0,1672980,702584,177124,5376060,8113.465,485.370,0,8321.195,0,667.134,5122,9017,3.350,2.300,1.320,3,3,14.981,0,0,11,36,0,9,0
24-04 16:25:44,6.267,3.259,56.900,31.333,0,1672832,701828,177132,5376940,9847.975,583.539,0,14795.023,0,1003.647,5260,9817,3.320,2.310,1.330,0,1,6.016,0,0,11,36,0,9,0
24-04 16:25:45,9.505,3.252,51.528,32.768,0,1672288,701828,177136,5377464,9129.920,540.291,0,15512.359,0,1002.540,5717,10165,3.320,2.310,1.330,0,1,12.006,0,0,11,36,0,9,0
24-04 16:25:46,6.258,3.254,56.819,31.288,0,1673916,699812,177136,5377840,3970.790,540.652,0,13396.161,0,924.115,5469,9983,3.320,2.310,1.330,0,2,18.022,0,0,11,36,0,9,0
24-04 16:25:47,8.749,3.250,49.493,35.495,0,1673132,699560,177140,5378852,8702.726,539.921,0,14001.950,0,1009.852,7091,12622,3.320,2.310,1.330,0,2,23.996,0,0,11,36,0,7,0
24-04 16:25:48,15.989,2.748,51.715,26.232,0,1673140,699056,177148,5379320,6916.373,539.639,0,9729.492,0,762.490,5240,8824,3.320,2.310,1.330,2,2,17.988,0,0,11,36,0,7,0
24-04 16:25:49,27.440,10.477,48.893,12.722,0,1396144,975984,177148,5379348,7990.498,538.820,0,12061.581,0,710.444,5036,5839,3.300,2.330,1.340,2,0,254.443,0,0,11,32,0,7,0
24-04 16:25:50,22.273,3.504,70.072,3.003,0,1465192,906936,177148,5379348,6228.358,486.497,0,1501.533,0,92.094,2032,1674,3.300,2.330,1.340,1,0,1.001,0,0,11,32,0,7,0
24-04 16:25:51,23.776,3.003,65.821,6.757,0,1427884,944236,177148,5379356,11589.477,540.582,0,2758.970,0,157.169,2606,2405,3.300,2.330,1.340,2,0,6.006,0,0,11,32,0,1,0
24-04 16:25:52,21.479,4.496,73.180,0,0,1428380,943732,177148,5379364,10307.113,539.482,0,7.992,0,1.998,2217,1492,3.300,2.330,1.340,1,0,24.976,0,0,11,32,0,1,0
24-04 16:25:53,23.178,2.742,73.522,0.249,0,1486060,886052,177148,5379364,3202.088,484.500,0,51.840,0,3.988,1836,1328,3.300,2.330,1.340,2,0,1.994,0,0,11,34,0,1,0
24-04 16:25:54,16.843,21.368,60.083,1.006,0,1442060,929992,177148,5379428,5228.978,488.708,0,949.261,0,103.574,5802,5746,3.110,2.300,1.340,3,0,656.639,0,0,11,32,0,1,0
24-04 16:25:55,9.735,28.206,57.910,2.496,0,1442256,929720,177148,5379484,8593.666,539.163,0,291.548,0,25.960,7135,6518,3.110,2.300,1.340,2,0,844.689,0,0,11,32,0,1,0
24-04 16:25:56,8.262,21.532,66.099,3.005,0,1439164,932720,177148,5379560,7967.951,486.730,0,168.252,0,10.015,6102,4641,3.110,2.300,1.340,1,0,471.708,0,0,11,32,0,1,0
24-04 16:25:57,8.992,20.482,70.190,0,0,1416012,955836,177148,5379600,7493.542,485.582,0,27.976,0,6.994,5779,4399,3.110,2.300,1.340,1,0,390.663,0,0,11,32,0,1,0
24-04 16:25:58,15.733,16.732,65.430,0.250,0,1406396,965400,177148,5379968,5944.663,539.425,0,91.902,0,8.990,7224,8992,3.110,2.300,1.340,2,0,291.689,0,0,11,32,0,1,0
24-04 16:25:59,41.663,11.226,46.652,0,0,1488400,883368,177148,5380112,10411.152,578.785,0,43.908,0,1.996,3775,2702,2.940,2.280,1.340,3,0,130.726,0,0,11,33,0,1,0
24-04 16:26:00,44.774,6.504,46.025,2.501,0,1578960,792696,177148,5380224,9896.392,486.265,0,1328.724,0,185.101,3161,2159,2.940,2.280,1.340,3,0,9.005,0,0,11,45,0,1,0
24-04 16:26:01,41.474,3.997,48.969,4.747,0,1640980,728968,177216,5381724,6282.022,539.658,103.934,2158.633,0.999,187.881,3456,2545,2.940,2.280,1.340,3,0,9.994,0,0,11,49,0,1,0
24-04 16:26:02,20.822,16.056,60.209,1.756,0,1660120,706840,177228,5384440,5181.993,487.693,0,305.059,0,16.056,6149,8688,2.940,2.280,1.340,2,0,310.077,0,0,11,48,0,2,0
24-04 16:26:03,16.209,10.473,72.066,0,0,1674300,692596,177228,5384456,9350.067,484.759,0,83.786,0,3.990,5493,7009,2.940,2.280,1.340,0,0,188.517,0,0,11,48,0,2,0
24-04 16:26:04,0.750,1.000,97.039,0.500,0,1674300,692596,177228,5384456,12641.061,540.216,0,380.152,0,29.012,1075,1465,2.710,2.240,1.330,2,0,3.001,0,0,11,48,0,2,0
24-04 16:26:05,0.750,0.500,98.268,0,0,1674300,692596,177228,5384456,8730.626,486.091,0,36.007,0,4.001,727,950,2.710,2.240,1.330,0,0,2.000,0,0,11,48,0,2,0
24-04 16:26:06,0.500,0.500,98.481,0,0,1674300,692596,177228,5384456,10842.885,539.895,0,0,0,0,756,909,2.710,2.240,1.330,1,0,2.000,0,0,11,48,0,2,0
24-04 16:26:07,2.005,2.005,95.469,0,0,1666368,700528,177228,5384452,11277.884,487.118,0,0,0,0,1193,1416,2.710,2.240,1.330,0,0,29.067,0,0,11,48,0,2,0
24-04 16:26:08,19.260,13.257,66.036,0,0,1658476,708416,177228,5384464,7706.190,540.294,0,0,0,0,6033,8581,2.710,2.240,1.330,0,0,300.163,0,0,11,48,0,2,0
24-04 16:26:09,10.750,16.750,71.999,0.250,0,1681712,685116,177228,5384500,4660.962,723.994,0,8.000,0,2.000,5506,5093,2.490,2.200,1.320,1,0,374.997,0,0,12,48,0,2,0
24-04 16:26:10,18.691,13.956,65.294,0.498,0,1690300,676228,177228,5384708,8609.798,538.299,0,729.695,0,77.754,6823,9223,2.490,2.200,1.320,1,0,255.194,0,0,12,52,0,2,0
24-04 16:26:11,4.510,6.766,87.953,0,0,1682284,684188,177228,5384780,9231.320,487.125,0,364.843,0,32.074,2497,2978,2.490,2.200,1.320,2,0,160.370,0,0,12,64,0,2,0
24-04 16:26:12,18.210,13.470,67.103,0,0,1655072,711344,177228,5384820,8307.806,538.820,0,0,0,0,6708,8919,2.490,2.200,1.320,1,0,237.480,0,0,14,64,0,3,0
24-04 16:26:13,8.023,19.807,70.702,0,0,1661072,705268,177232,5384860,13889.712,487.393,0,56.161,0,9.026,6085,4911,2.490,2.200,1.320,2,0,452.293,0,0,14,66,0,3,0
24-04 16:26:14,13.745,17.993,66.725,0.250,0,1660912,705392,177232,5385240,10905.901,581.781,0,803.698,0,44.983,6287,7158,2.370,2.180,1.320,1,0,325.878,0,0,14,66,0,3,0
24-04 16:26:15,25.493,21.494,52.486,0.250,0,1709488,656788,177240,5384920,8887.685,527.863,0,271.929,0,8.998,6853,6936,2.370,2.180,1.320,4,0,471.877,0,0,14,66,0,3,0
24-04 16:26:16,29.272,24.518,42.782,2.502,0,1783712,582120,177300,5385268,8020.960,540.402,0,5604.164,0,373.277,7397,6131,2.370,2.180,1.320,2,0,674.501,0,0,14,66,0,3,0
24-04 16:26:17,32.455,24.716,42.191,0,0,1909440,455076,177320,5386812,3934.511,485.323,7.989,47.933,0.999,11.983,7645,10943,2.370,2.180,1.320,2,0,532.257,0,0,14,70,0,5,0
24-04 16:26:18,55.331,18.195,26.419,0,0,1971016,393200,177332,5387104,8460.210,538.359,0,0,0,0,5614,6272,2.370,2.180,1.320,4,0,362.894,0,0,14,70,0,5,0
24-04 16:26:19,60.267,23.102,16.573,0,0,2136724,226924,177344,5388048,7170.729,578.560,0,32.142,0,8.036,6605,9011,2.340,2.180,1.320,3,0,423.876,0,0,14,70,0,5,0
24-04 16:26:20,69.748,22.000,6.500,1.250,0,2215356,146712,177436,5389072,10356.765,539.988,0,2971.933,0,84.998,5276,4831,2.340,2.180,1.320,5,0,456.990,0,0,14,70,0,5,0
24-04 16:26:21,71.502,19.000,3.500,5.500,0,2350428,137600,163772,5278952,7632.182,528.013,644.015,672.016,82.002,35.001,7330,9434,2.340,2.180,1.320,5,0,295.007,0,0,14,74,0,5,0
24-04 16:26:22,46.938,25.217,9.487,16.728,0,2474688,163748,163136,5132968,10394.191,539.284,5984.050,8213.089,291.613,444.410,9063,12063,2.340,2.180,1.320,4,1,542.280,0,0,14,76,0,5,0
24-04 16:26:23,57.981,19.494,9.997,11.996,0,2577692,127144,163132,5068104,6730.779,485.840,719.762,13091.679,33.989,333.890,9008,14021,2.340,2.180,1.320,5,1,292.903,0,0,14,76,0,5,0
24-04 16:26:24,60.596,8.263,15.274,16.025,0,2717716,196928,163140,4863524,5834.231,540.856,556.881,9014.262,33.052,284.450,7203,9191,2.550,2.230,1.340,4,0,20.032,0,0,14,79,0,5,0
24-04 16:26:25,72.432,17.483,7.493,0.749,0,2836748,144540,163188,4797980,3149.025,485.541,75.928,1862.241,9.991,91.913,11673,33826,2.550,2.230,1.340,6,0,324.693,0,0,14,95,0,14,0
24-04 16:26:26,35.769,23.512,39.021,1.251,0,2883324,166852,163196,4730948,8978.743,540.285,4.002,1240.655,1.001,70.037,7939,11499,2.550,2.230,1.340,3,0,579.306,0,0,14,97,0,18,0
24-04 16:26:27,29.763,13.756,52.773,2.751,0,2935708,178816,163200,4667832,7656.389,486.215,1852.820,1260.558,63.028,51.023,7018,9313,2.550,2.230,1.340,3,0,230.102,0,0,14,98,0,18,0
24-04 16:26:28,43.413,5.988,41.916,7.984,0,3051468,129116,163216,4603048,8341.370,538.926,491.021,3984.057,13.972,180.640,3170,2197,2.550,2.230,1.340,3,1,0,0,0,14,98,0,17,0
24-04 16:26:29,11.993,17.740,65.213,3.748,0,3076116,170808,163220,4538072,8824.948,485.722,0,1802.968,0,111.936,6173,6272,2.350,2.190,1.340,1,0,322.815,0,0,14,101,0,17,0
24-04 16:26:30,7.769,19.799,71.427,0,0,3085292,161596,163220,4538108,8257.510,631.569,4.010,320.797,1.002,25.062,5968,4674,2.350,2.190,1.340,1,0,384.956,0,0,14,101,0,17,0
24-04 16:26:31,11.706,15.192,70.732,0.498,0,3110428,135748,163224,4538816,6233.389,484.166,761.117,111.577,32.875,9.962,4889,3734,2.350,2.190,1.340,1,0,282.928,0,0,14,101,0,17,0
24-04 16:26:32,19.262,3.002,70.792,6.504,0,3159120,154236,163228,4473280,9567.722,6202.709,24.014,8413.031,3.002,311.186,2312,1757,2.350,2.190,1.340,2,0,1.001,0,0,14,102,0,17,0
24-04 16:26:33,19.272,5.757,74.336,0.501,0,3121408,191924,163232,4473308,22211.632,17397.076,12.014,344.397,3.003,24.028,3075,2890,2.350,2.190,1.340,1,0,63.073,0,0,14,103,0,18,0
24-04 16:26:34,19.203,2.494,77.060,0.249,0,3186204,127100,163232,4473336,10957.959,2861.938,3.990,75.813,0.998,7.980,1796,1319,2.240,2.170,1.330,1,0,0.998,0,0,14,106,0,18,0
24-04 16:26:35,18.528,4.006,73.111,4.006,0,3183708,129388,163244,4473536,12670.280,4583.975,16.024,817.244,1.002,58.088,2822,3269,2.240,2.170,1.330,1,0,2.003,0,0,14,112,0,18,0
24-04 16:26:36,21.538,5.510,60.107,11.521,0,3190208,122140,163248,4474248,8664.431,486.867,384.685,4644.271,20.036,399.712,5680,8913,2.240,2.170,1.330,3,1,6.011,0,0,14,119,0,18,0
24-04 16:26:37,34.536,10.511,48.551,5.255,0,3207892,233432,163120,4348504,8165.524,1696.771,12.013,4616.820,3.003,408.426,6099,6602,2.240,2.170,1.330,1,1,113.118,0,0,14,120,0,20,0
24-04 16:26:38,18.675,2.490,75.198,2.739,0,3246904,194384,163120,4348540,14225.885,6172.219,31.872,5406.294,1.992,94.620,2022,1750,2.240,2.170,1.330,1,0,0,0,0,14,121,0,20,0
24-04 16:26:39,19.500,3.500,72.002,4.500,0,3255400,185816,163120,4348608,10029.249,3195.079,48.001,1684.042,3.000,136.003,2929,3604,2.300,2.190,1.340,1,0,2.000,0,0,14,125,0,20,0
24-04 16:26:40,29.592,9.279,53.165,6.771,0,3278768,162396,163128,4348652,10826.575,1775.506,0,3149.768,0,395.226,5571,6414,2.300,2.190,1.340,2,1,97.302,0,0,14,126,0,21,0
24-04 16:26:41,39.348,7.720,50.305,2.241,0,3370460,134512,163128,4286652,12648.004,2794.176,199.228,992.157,1.992,48.811,2977,1732,2.300,2.190,1.340,2,0,4.981,0,0,14,127,0,21,0
24-04 16:26:42,22.034,5.759,70.609,0.501,0,3346328,158524,163128,4286804,28106.350,20736.984,0,500.772,0,28.043,2777,2185,2.300,2.190,1.340,3,0,56.087,0,0,14,126,0,22,0
24-04 16:26:43,18.503,3.000,77.263,0.250,0,3387512,180372,163128,4225368,9288.540,6200.028,8.001,332.055,2.000,24.004,1825,1559,2.300,2.190,1.340,2,0,0,0,0,14,127,0,22,0
24-04 16:26:44,19.758,5.502,73.281,0.750,0,3366392,201464,163128,4225396,25170.482,17318.212,0,1712.713,0,24.010,2486,1956,2.120,2.150,1.340,1,0,51.021,0,0,14,126,0,23,0
24-04 16:26:45,16.509,2.501,80.795,0,0,3393092,174760,163128,4225400,11891.563,6821.765,0,0,0,0,1588,1205,2.120,2.150,1.340,1,0,0,0,0,14,127,0,23,0
24-04 16:26:46,19.791,7.516,70.397,1.503,0,3376724,191064,163128,4225464,12997.098,1843.844,8.017,1162.424,2.004,121.253,4064,4602,2.120,2.150,1.340,3,0,85.178,0,0,14,126,0,25,0
24-04 16:26:47,25.433,3.241,69.068,1.745,0,3394176,173324,163128,4225752,14731.093,6182.671,63.831,1069.176,3.989,59.842,3816,4881,2.120,2.150,1.340,3,0,3.989,0,0,14,129,0,25,0
24-04 16:26:48,19.257,6.002,72.276,1.751,0,3386932,180544,163128,4225776,21170.526,17383.180,0,2280.811,0,253.090,2674,1930,2.120,2.150,1.340,2,0,55.020,0,0,14,128,0,26,0
24-04 16:26:49,16.747,3.249,78.234,0.750,0,3412500,154952,163132,4225796,15485.797,6758.602,19.996,415.914,2.000,9.998,1900,1372,2.030,2.130,1.330,0,0,5.999,0,0,14,129,0,26,0
24-04 16:26:50,22.204,5.489,60.375,9.979,0,3413128,154148,163132,4225972,8070.234,862.209,79.834,2874.029,4.990,307.361,6442,10113,2.030,2.130,1.330,2,0,0.998,0,0,14,130,0,27,0
24-04 16:26:51,20.537,5.259,70.126,3.757,0,3401328,165888,163132,4226032,4904.805,1729.104,0,1486.669,0,83.149,3735,4379,2.030,2.130,1.330,1,0,53.095,0,0,14,129,0,28,0
24-04 16:26:52,18.017,2.502,77.574,0.751,0,3427368,139708,163132,4226172,18298.394,6886.546,0,724.689,0,43.041,2005,1704,2.030,2.130,1.330,3,0,1.001,0,0,14,130,0,28,0
24-04 16:26:53,20.273,4.005,72.333,2.753,0,3425696,141288,163132,4226264,10651.205,4128.731,64.073,1357.556,3.003,129.148,4659,6757,2.030,2.130,1.330,1,0,0,0,0,14,130,0,28,0
24-04 16:26:54,29.758,8.002,56.266,4.251,0,3345144,221696,163136,4226404,11789.260,1352.374,4.001,1316.364,1.000,120.033,8889,13522,2.020,2.130,1.340,1,0,75.021,0,0,14,131,0,29,0
24-04 16:26:55,22.727,4.745,67.432,4.745,0,3394132,172704,163136,4226408,8330.638,1944.049,0,4291.692,0,248.750,2649,3136,2.020,2.130,1.340,2,0,2.997,0,0,14,132,0,29,0
24-04 16:26:56,16.736,1.499,79.434,1.499,0,3396376,170436,163136,4226432,12545.626,8640.855,0,1035.144,0,92.923,2983,3781,2.020,2.130,1.340,2,0,0,0,0,14,131,0,30,0
24-04 16:26:57,19.988,8.995,68.709,2.249,0,3381128,185644,163136,4226472,9166.541,485.711,0,987.412,0,52.968,3348,2823,2.020,2.130,1.340,2,0,147.912,0,0,14,133,0,30,0
24-04 16:26:58,15.007,2.501,81.288,0.750,0,3395696,171068,163140,4226476,16024.451,11682.432,4.002,664.309,1.000,37.017,2005,1801,2.020,2.130,1.340,1,0,0,0,0,14,134,0,30,0
24-04 16:26:59,23.765,5.003,63.540,5.503,0,3398024,168548,163148,4226660,9307.871,877.553,4.003,1548.977,1.001,156.098,5900,8559,1.940,2.110,1.340,1,0,0,0,0,14,134,0,30,0
24-04 16:27:00,37.034,8.758,51.547,1.501,0,3377940,188468,163148,4226808,11030.024,2065.877,32.029,1205.095,2.002,99.090,12655,21238,1.940,2.110,1.340,3,1,56.051,0,0,14,135,0,31,0
24-04 16:27:01,30.917,10.472,56.349,0.499,0,3435500,130804,163148,4226880,8577.968,901.579,0,1308.487,0,100.730,6182,8461,1.940,2.110,1.340,2,0,233.373,0,0,14,135,0,31,0
24-04 16:27:02,18.249,3.250,78.246,0.500,0,3422252,205948,163148,4166468,14723.222,7887.583,0,799.958,0,36.998,2132,1751,1.940,2.110,1.340,3,0,1.000,0,0,14,135,0,33,0
24-04 16:27:03,10.765,17.023,67.343,3.505,0,3354144,273916,163244,4166512,4019.543,779.074,88.122,1950.690,6.008,214.296,5542,4327,1.940,2.110,1.340,1,3,346.478,0,0,14,135,0,33,0
24-04 16:27:04,12.529,18.793,65.399,3.257,0,3352636,275272,163244,4167124,3922.944,487.111,4.009,1996.552,1.002,192.439,6319,6466,1.950,2.110,1.340,1,0,355.811,0,0,14,135,0,33,0
24-04 16:27:05,24.735,18.239,54.467,1.499,0,3396708,231168,163244,4166700,9656.098,485.703,0,1451.113,0,77.952,6863,7608,1.950,2.110,1.340,4,0,369.774,0,0,14,135,0,32,0
24-04 16:27:06,33.693,21.464,42.429,1.248,0,3461232,166256,163256,4167392,8082.419,555.067,43.926,171.711,5.990,21.963,7156,7988,1.950,2.110,1.340,2,0,513.138,0,0,14,137,0,32,0
24-04 16:27:07,37.326,17.536,42.086,1.754,0,3521760,166852,163256,4107760,8008.351,486.994,84.172,521.064,5.010,27.055,6721,7803,1.950,2.110,1.340,3,0,386.790,0,0,16,141,0,32,0
24-04 16:27:08,56.263,26.256,15.254,1.750,0,3685000,143040,163004,3970876,7487.727,486.112,56.013,848.196,6.001,55.013,8225,14120,1.950,2.110,1.340,4,0,564.130,0,0,16,147,0,32,0
24-04 16:27:09,54.723,17.991,26.487,0,0,3797368,133432,163004,3869088,9968.133,485.763,71.965,547.733,7.996,25.987,8640,13385,2.030,2.120,1.350,3,0,306.850,0,0,16,163,0,32,0
24-04 16:27:10,37.268,22.761,39.268,0.500,0,3839696,191404,162876,3770644,8762.115,486.228,12.006,884.415,3.001,38.018,7718,6876,2.030,2.120,1.350,2,0,626.294,0,0,16,163,0,32,0
24-04 16:27:11,21.202,18.459,58.618,0.249,0,3872464,158580,162880,3771064,4274.397,574.709,0,886.010,0,88.801,7927,10163,2.030,2.120,1.350,3,0,390.124,0,0,17,163,0,32,0
24-04 16:27:12,29.288,19.525,51.066,0.250,0,3926836,157916,162880,3718296,3491.529,486.631,8.010,240.312,2.003,17.022,6222,5539,2.030,2.120,1.350,2,0,448.582,0,0,17,163,0,32,0
24-04 16:27:13,36.174,18.711,43.658,0.249,0,3981068,143696,162884,3679576,10020.913,484.979,7.983,2279.204,1.996,38.918,6682,9151,2.030,2.120,1.350,1,0,349.265,0,0,17,169,0,31,0
24-04 16:27:14,31.842,23.568,43.627,0,0,4048256,141204,162884,3616036,8145.619,557.617,16.047,28.081,1.003,7.020,8211,9105,2.030,2.120,1.350,2,0,636.847,0,0,17,169,0,31,0
24-04 16:27:15,35.504,26.503,35.004,1.750,0,4174852,175096,162892,3459056,8361.946,486.055,24.003,952.108,6.001,55.006,10391,18147,2.030,2.120,1.350,1,0,665.075,0,0,17,181,0,32,2
24-04 16:27:16,13.477,18.717,66.634,0.749,0,4190836,159392,162892,3458920,6093.386,485.155,0,451.214,0,27.951,6255,6553,2.030,2.120,1.350,2,0,355.381,0,0,17,181,0,32,2
24-04 16:27:17,31.878,12.702,52.798,1.245,0,4274032,152140,162892,3383840,8059.239,484.152,346.677,418.403,7.970,20.920,5484,5545,2.030,2.120,1.350,3,0,188.281,0,0,17,187,0,30,2
24-04 16:27:18,44.930,6.777,45.683,2.008,0,4400108,164836,163008,3247892,6718.873,487.952,333.333,389.558,11.044,33.133,3212,2057,2.030,2.120,1.350,3,0,1.004,0,0,17,187,0,30,2
24-04 16:27:19,32.013,7.753,53.022,6.253,0,4353728,254516,163016,3205896,5705.355,486.201,100.041,5638.327,10.004,233.096,4181,3247,2.030,2.120,1.360,2,1,71.029,0,0,17,207,0,30,2
24-04 16:27:20,30.272,22.266,37.527,9.257,0,4404952,202284,163020,3206884,11775.489,486.351,924.667,10847.820,11.008,679.490,7790,7336,2.030,2.120,1.360,3,0,566.408,0,0,17,209,0,31,2
24-04 16:27:21,34.185,23.533,37.654,2.973,0,4479980,153784,163032,3180792,17257.203,8483.933,792.706,3214.422,16.845,151.605,7685,10616,2.030,2.120,1.360,4,0,490.487,0,0,17,212,0,31,2
24-04 16:27:22,62.345,15.586,17.597,3.771,0,4505628,225900,163048,3085100,5659.302,1257.958,607.359,1327.342,13.072,33.184,5097,5312,2.030,2.120,1.360,3,0,153.851,0,0,17,212,0,32,2
24-04 16:27:23,56.957,12.044,20.073,10.789,0.251,4657000,147480,163060,3015160,17715.461,8315.257,1794.530,1108.032,48.175,56.205,5024,4459,2.030,2.120,1.360,3,0,34.124,0,0,17,227,0,32,2
24-04 16:27:24,47.638,9.727,21.449,20.701,0,4640088,195524,163128,2984656,14148.616,3579.554,5969.914,2422.284,435.971,142.663,6061,6451,2.020,2.110,1.360,5,1,28.932,0,0,17,228,0,33,2
24-04 16:27:25,47.326,20.283,28.796,2.504,0,4695744,179220,163140,2946340,14746.812,6275.133,436.705,1258.031,42.068,83.134,8169,19874,2.020,2.110,1.360,3,0,436.705,0,0,17,232,0,29,2
24-04 16:27:26,35.040,21.775,40.296,1.752,0,4623548,248944,163144,2949144,11259.800,5674.451,52.059,10111.495,3.003,78.089,8177,11283,2.020,2.110,1.360,2,0,389.443,0,0,17,231,0,30,2
24-04 16:27:27,53.916,23.464,20.967,0.499,0,4755212,156496,163148,2910936,4898.381,2800.644,3.994,503.217,0.998,24.961,6826,7173,2.020,2.110,1.360,4,0,520.191,0,0,17,232,0,30,2
24-04 16:27:28,51.501,19.250,25.001,3.250,0.250,4734624,199380,163520,2888732,17506.448,9128.234,1388.036,3580.092,63.002,70.002,7238,9718,2.020,2.110,1.360,8,1,315.008,0,0,17,233,0,31,2
24-04 16:27:29,60.066,26.029,12.514,1.502,0,4866372,122084,163528,2835528,8226.010,556.610,268.294,780.855,11.012,45.049,7631,11773,2.340,2.180,1.390,6,0,575.630,0,0,17,237,0,34,0
24-04 16:27:30,50.252,20.751,24.751,2.750,0,4924300,147612,163540,2753128,16154.665,11381.468,604.025,1332.055,36.001,92.004,10467,17667,2.340,2.180,1.390,5,0,299.012,0,0,17,249,0,32,0
24-04 16:27:31,70.589,16.712,11.474,0.998,0,5011788,128652,163548,2685980,9995.160,574.687,522.805,494.869,8.979,23.945,10820,17727,2.340,2.180,1.390,4,0,135.690,0,0,17,249,0,32,0
24-04 16:27:32,48.370,6.015,40.099,4.762,0,5087364,137804,163112,2603944,22979.780,16973.940,934.309,894.209,63.156,42.104,4563,4293,2.340,2.180,1.390,3,0,5.012,0,0,17,255,0,33,0
24-04 16:27:33,58.947,10.740,27.226,3.247,0,5038220,221344,163112,2570492,13661.803,3881.535,1398.751,891.204,36.967,92.917,5614,6684,2.340,2.180,1.390,4,0,26.976,0,0,17,259,0,39,0
24-04 16:27:34,41.625,25.174,28.913,3.739,0,5077124,178492,163376,2574092,19837.469,11306.071,4127.613,1594.216,60.817,61.814,8682,10189,2.400,2.190,1.400,6,0,602.193,0,0,17,259,0,39,0
24-04 16:27:35,56.042,21.766,18.764,2.252,0,5101080,154100,163376,2574788,3639.726,552.414,1120.839,1805.352,14.010,191.143,7015,8658,2.400,2.190,1.400,2,0,353.265,0,0,17,259,0,39,0
24-04 16:27:36,70.434,16.485,11.240,1.998,0,5206948,142628,163380,2482828,19694.638,10326.373,1310.778,1015.054,64.939,35.966,5479,4540,2.400,2.190,1.400,4,0,167.844,0,0,18,263,0,39,0
24-04 16:27:37,72.782,12.047,3.514,10.541,0,5267668,143528,163392,2422888,8568.158,1533.936,3385.100,955.698,163.633,65.253,5949,5671,2.400,2.190,1.400,6,1,21.082,0,0,18,266,0,41,0
24-04 16:27:38,68.506,12.751,15.501,2.250,0,5343304,153536,163416,2340380,16279.526,8670.813,1580.148,2036.191,56.005,168.016,7610,9499,2.400,2.190,1.400,4,1,152.014,0,0,18,268,0,41,0
24-04 16:27:39,40.365,9.718,47.342,1.246,0,5346156,150576,163420,2340484,9820.277,4222.928,578.074,789.370,8.970,53.821,4810,4955,2.280,2.170,1.390,4,0,88.704,0,0,18,274,0,42,0
24-04 16:27:40,35.826,8.518,52.863,2.505,0,5365972,161696,163428,2310628,34682.835,12183.938,825.758,809.724,11.023,71.151,4783,4863,2.280,2.170,1.390,2,0,10.021,0,0,18,282,0,42,1
24-04 16:27:41,42.543,14.264,39.289,3.754,0,5350724,158732,163428,2328792,16569055.802,153707.475,3043.058,752.757,32.032,61.061,11418,7197,2.280,2.170,1.390,4,0,214.215,0,0,18,278,0,43,0
24-04 16:27:42,44.673,9.484,42.926,2.246,0.250,5418496,142508,163428,2279120,11591.907,8270.664,271.529,2280.048,2.995,238.586,4198,3039,2.280,2.170,1.390,3,0,58.898,0,0,18,279,0,42,0
24-04 16:27:43,33.620,4.732,59.519,1.992,0,5399056,161716,163432,2279352,16604.647,12636.028,3.985,3522.349,0.996,84.672,4475,5261,2.280,2.170,1.390,3,0,7.969,0,0,18,290,0,45,0
24-04 16:27:44,25.791,3.756,60.597,7.512,0,5431348,128868,163432,2279908,238052.068,9509113.909,512.823,849.363,28.045,72.116,4695,4515,2.340,2.190,1.400,3,0,2.003,0,0,18,289,0,46,0
24-04 16:27:45,15.539,4.511,73.436,5.013,0,5400904,159104,163432,2280116,8079583.127,6976636.152,36.091,4836.251,3.008,466.181,6605,5792,2.340,2.190,1.400,2,1,37.094,0,0,18,293,0,48,0
24-04 16:27:46,16.028,2.755,69.369,10.017,0,5367396,176520,163444,2296148,8667500.942,87390.158,36.062,18271.395,3.005,409.704,8497,8862,2.340,2.190,1.400,1,3,1.002,0,0,18,290,0,47,0
24-04 16:27:47,11.464,16.698,68.037,1.495,0,5324964,218804,163448,2296292,6028.109,484.482,43.863,10124.273,2.991,46.853,5708,5123,2.340,2.190,1.400,2,0,463.547,0,0,18,290,0,47,0
24-04 16:27:48,21.513,4.753,69.793,3.752,0,5365052,178704,163452,2296300,8637.376,486.303,4.002,512.319,1.001,32.020,2383,1886,2.340,2.190,1.400,3,0,22.014,0,0,18,290,0,47,0
24-04 16:27:49,7.756,20.516,66.051,4.003,0,5358256,185464,163452,2296344,6340.899,486.376,4.003,1136.878,1.001,69.053,6191,5385,2.230,2.170,1.400,1,0,398.308,0,0,18,292,0,47,0
24-04 16:27:50,6.985,11.725,79.582,1.247,0,5353272,190392,163452,2296400,3702.163,484.973,15.966,319.324,0.998,35.924,4264,3894,2.230,2.170,1.400,1,0,255.459,0,0,18,292,0,46,0
24-04 16:27:51,9.784,2.258,76.013,10.286,0,5341256,202400,163456,2296404,8788.430,487.689,0,12121.972,0,665.304,2202,1953,2.230,2.170,1.400,1,0,9.031,0,0,18,292,0,46,0
24-04 16:27:52,20.666,2.739,74.945,1.245,0,5349212,194288,163456,2296560,10483.333,6173.872,143.416,725.049,6.972,29.878,2374,2113,2.230,2.170,1.400,1,0,2.988,0,0,18,297,0,46,0
24-04 16:27:53,13.052,10.793,73.793,2.008,0,5314052,229332,163460,2296672,8672.399,3721.762,76.303,0,7.028,0,4166,3463,2.230,2.170,1.400,1,0,155.617,0,0,18,300,0,47,0
24-04 16:27:54,11.003,16.255,70.272,0.500,0,5312388,230468,163460,2297152,9668.960,486.149,4.001,64.020,1.000,4.001,5464,4274,2.130,2.150,1.400,1,0,238.073,0,0,18,300,0,45,0
24-04 16:27:55,14.489,14.240,69.699,0.500,0,5311300,231272,163460,2297420,6704.131,485.647,3.997,499.637,0.999,47.965,5328,4629,2.130,2.150,1.400,2,0,207.849,0,0,18,300,0,45,0
24-04 16:27:56,23.907,3.735,70.474,0.996,0,5384036,158444,163460,2297512,9542.688,484.107,79.688,406.411,4.981,38.848,2514,2285,2.130,2.150,1.400,2,0,2.988,0,0,18,304,0,45,0
24-04 16:27:57,21.553,3.007,71.926,3.509,0,5414860,157144,163460,2268996,6132.034,487.194,404.993,340.836,12.029,30.074,2347,2169,2.130,2.150,1.400,2,0,4.010,0,0,18,308,0,45,0
24-04 16:27:58,23.248,3.500,72.245,0.750,0,5409392,162584,163460,2269024,5274.620,485.965,23.998,539.961,4.000,32.998,2181,1800,2.130,2.150,1.400,2,0,5.000,0,0,18,304,0,43,0
24-04 16:27:59,23.010,4.002,72.031,0.250,0,5435812,164960,163460,2241136,13456.869,650.284,0,112.049,0,10.004,2285,1790,2.040,2.130,1.390,2,0,3.001,0,0,18,304,0,43,0
24-04 16:28:00,10.002,2.000,85.516,1.000,0,5433548,167192,163460,2241168,27273.104,19262.605,16.003,152.028,1.000,15.003,2604,2779,2.040,2.130,1.390,2,0,1.000,0,0,18,311,0,44,0
24-04 16:28:01,22.727,3.996,71.926,0.250,0,5406496,194240,163460,2241172,3589.303,617.364,0,231.761,0,13.986,2326,1930,2.040,2.130,1.390,2,0,14.985,0,0,18,304,0,45,0
24-04 16:28:02,24.000,2.750,72.749,0,0,5426080,174660,163460,2241172,8075.940,485.996,0,99.999,0,13.000,2011,1430,2.040,2.130,1.390,3,0,1.000,0,0,18,304,0,44,0
24-04 16:28:03,10.781,16.799,70.455,1.003,0,5390048,210508,163468,2241348,8874.821,487.418,413.202,401.167,7.020,21.061,5366,4383,2.040,2.130,1.390,0,1,312.910,0,0,18,304,0,44,0
24-04 16:28:04,13.721,12.972,70.848,1.247,0,5405104,195184,163584,2241500,9517.559,484.958,159.657,3.991,9.979,0.998,4668,3661,1.960,2.110,1.390,2,0,282.393,0,0,18,304,0,44,0
24-04 16:28:05,18.960,2.744,76.589,0.998,0,5394576,204804,163628,2242364,12604.500,2656.415,0,335.295,0,15.966,2047,1699,1.960,2.110,1.390,2,0,20.956,0,0,18,305,0,44,0
24-04 16:28:06,22.295,3.257,69.893,4.008,0,5374720,219040,164244,2247268,5648.520,661.349,156.319,1214.477,6.012,37.076,2267,2221,1.960,2.110,1.390,3,0,3.006,0,0,18,304,0,42,0
24-04 16:28:07,18.452,2.494,77.548,0.997,0,5371688,216400,164748,2252316,17237.172,3711.348,3.990,1001.396,0.997,21.943,1966,1604,1.960,2.110,1.390,2,0,16.956,0,0,18,304,0,42,0
24-04 16:28:08,19.744,5.248,73.727,0.250,0,5351656,235836,164808,2252832,10697.664,2525.213,27.991,83.974,1.999,1.000,10480,19150,1.960,2.110,1.390,1,0,12.996,0,0,18,305,0,42,0
24-04 16:28:09,20.246,5.749,70.987,1.750,0,5354956,232092,164872,2253212,10631.083,1386.750,19.996,631.886,2.999,8.998,11046,19841,1.880,2.090,1.390,2,0,16.997,0,0,18,305,0,42,0
24-04 16:28:10,19.849,6.533,69.849,3.769,0,5305532,291472,164956,2243224,8122.570,663.313,0,1929.638,0,75.376,3345,3448,1.880,2.090,1.390,1,0,90.452,0,0,18,304,0,42,0
24-04 16:28:11,17.451,9.972,71.051,0,0,5362144,234840,164956,2243244,8867.136,484.641,0,259.273,0,17.950,3712,3286,1.880,2.090,1.390,2,0,181.491,0,0,18,304,0,42,0
24-04 16:28:12,19.765,1.751,77.807,0,0,5377192,219604,164956,2243432,14356.557,6149.522,0,152.112,0,8.006,1979,1535,1.880,2.090,1.390,4,0,1.001,0,0,18,305,0,42,0
24-04 16:28:13,17.708,7.981,71.830,1.746,0,5341648,255112,164956,2243468,9133.400,5093.953,15.962,16868.108,0.998,115.726,3343,2785,1.880,2.090,1.390,2,0,115.726,0,0,18,304,0,45,0
24-04 16:28:14,19.301,3.259,77.203,0.251,0,5365748,231004,164956,2243476,10923.719,6215.340,0,84.221,0,4.011,1938,1588,1.810,2.070,1.390,2,0,0,0,0,18,305,0,45,0
24-04 16:28:15,19.974,5.992,73.156,0,0,5375412,221328,164956,2243488,12078.562,3392.664,0,0,0,0,2838,2390,1.810,2.070,1.390,3,0,69.911,0,0,18,304,0,46,0
24-04 16:28:16,18.562,2.258,76.507,2.258,0,5384140,212560,164956,2243540,18734.815,13425.012,32.108,397.332,2.007,32.108,2365,2503,1.810,2.070,1.390,2,0,0,0,0,18,305,0,46,0
24-04 16:28:17,21.685,5.234,72.533,0,0,5379388,217304,164956,2243548,10260.330,616.158,0,1375.887,0,13.958,2589,2062,1.810,2.070,1.390,5,0,57.827,0,0,18,304,0,47,0
24-04 16:28:18,18.019,1.752,79.085,0,0,5389956,206720,164956,2243564,16034.169,10718.477,0,0,0,0,2153,1947,1.810,2.070,1.390,3,0,0,0,0,18,304,0,50,0
24-04 16:28:19,23.462,5.491,70.137,0.250,0,5377280,219372,164956,2243588,9418.789,485.216,11.981,159.742,0.998,17.971,2876,2519,1.750,2.050,1.390,3,0,33.945,0,0,18,308,0,49,0
24-04 16:28:20,14.990,2.998,79.200,1.749,0,5380112,216236,164956,2243892,19235.778,10583.276,31.980,279.822,1.999,36.977,3756,5176,1.750,2.050,1.390,1,0,2.998,0,0,18,311,0,49,0
24-04 16:28:21,22.780,5.757,70.342,0.751,0,5405164,191140,164956,2243936,9314.118,1226.596,32.042,376.490,2.003,31.040,3102,2789,1.750,2.050,1.390,2,0,48.063,0,0,18,310,0,50,0
24-04 16:28:22,18.757,3.001,74.027,3.501,0,5404912,191368,164956,2243960,19576.062,10710.864,0,3637.312,0,477.172,2992,2675,1.750,2.050,1.390,2,0,2.001,0,0,18,310,0,53,0
24-04 16:28:23,22.196,4.988,71.824,0.249,0,5404984,191296,164956,2243960,6432.238,484.812,0,530.700,0,17.956,2486,2012,1.750,2.050,1.390,2,0,31.922,0,0,18,310,0,51,0
24-04 16:28:24,11.977,2.246,84.837,0.250,0,5405904,190368,164956,2243968,14642.862,10571.685,0,223.570,0,20.960,1942,2080,1.610,2.020,1.380,1,0,0,0,0,18,311,0,51,0
24-04 16:28:25,15.841,11.818,66.886,5.029,0,5345168,249860,165504,2244664,14402.141,3773.785,1130.526,724.181,252.457,51.296,5544,15144,1.610,2.020,1.380,2,0,219.266,0,0,18,314,0,53,0
24-04 16:28:26,2.247,3.745,90.880,1.498,0,5332680,262280,165504,2244732,19813.796,2137.174,15.979,399.472,0.999,35.952,2187,2516,1.610,2.020,1.380,1,0,59.921,0,0,18,312,0,54,0
24-04 16:28:27,3.507,5.761,89.178,0.501,0,5318484,276468,165504,2244740,15125.137,3888.748,0,388.775,0,41.082,2270,2168,1.610,2.020,1.380,1,0,94.188,0,0,18,312,0,48,0
24-04 16:28:28,13.977,10.483,71.384,3.993,0,5311612,282992,165508,2245084,8625.948,431.297,255.584,810.679,21.964,33.945,3869,3209,1.610,2.020,1.380,2,1,183.701,0,0,18,312,0,48,0
24-04 16:28:29,21.235,4.747,66.953,6.995,0,5319332,263640,165516,2256644,5374.261,485.662,1027.285,3417.622,104.927,101.929,2732,2730,1.560,2,1.370,2,0,16.988,0,0,18,312,0,48,0
24-04 16:28:30,13.762,1.251,82.071,1.752,0,5303752,274732,165516,2261100,22396.248,5029.322,872.750,768.661,11.009,35.030,2009,2047,1.560,2,1.370,1,0,2.002,0,0,18,312,0,48,0
24-04 16:28:31,11.266,7.260,72.102,8.011,0,5273352,302268,165560,2263888,8808.502,486.691,1013.438,3424.861,22.031,117.166,4019,3943,1.560,2,1.370,1,0,102.145,0,0,18,312,0,42,0
24-04 16:28:32,18.705,9.477,71.080,0,0,5332360,243244,165560,2263904,5220.490,484.838,0,75.818,0,5.986,3478,3038,1.560,2,1.370,3,0,200.519,0,0,18,312,0,42,0
24-04 16:28:33,18.203,2.244,78.298,0.249,0,5350484,225100,165564,2263920,35486.339,23030.512,3.990,131.660,0.997,1.995,2188,1916,1.560,2,1.370,1,0,0,0,0,18,312,0,44,0
24-04 16:28:34,21.563,5.516,72.462,0.251,0,5385648,189920,165564,2263936,9490.705,487.423,0,136.398,0,13.038,2601,2005,1.510,1.990,1.370,1,0,47.138,0,0,18,312,0,44,0
24-04 16:28:35,17.028,2.254,78.377,2.003,0,5387044,188256,165564,2264204,20127.577,9355.142,256.415,160.259,15.024,21.034,2348,2179,1.510,1.990,1.370,2,0,1.002,0,0,18,314,0,38,0
24-04 16:28:36,22.168,3.985,72.232,0.498,0,5387672,187588,165564,2264244,9486.805,484.204,31.882,263.024,0.996,20.922,2342,2074,1.510,1.990,1.370,2,0,13.948,0,0,18,314,0,38,0
24-04 16:28:37,12.532,2.757,78.954,5.013,0,5379712,193732,165564,2266060,10988.376,7000.077,1812.681,617.595,56.145,76.197,2785,3553,1.510,1.990,1.370,2,1,0,0,0,18,315,0,38,0
24-04 16:28:38,19.709,4.740,66.362,7.484,0,5367696,204936,165564,2266872,10474.289,1722.430,590.775,1237.435,35.926,130.729,4804,7023,1.510,1.990,1.370,2,0,6.986,0,0,18,316,0,39,0
24-04 16:28:39,19.471,3.495,75.888,0.999,0,5407560,165064,165564,2266880,14692.222,6189.825,0,419.378,0,27.959,2165,1849,1.470,1.970,1.370,2,0,0,0,0,18,317,0,34,0
24-04 16:28:40,18.527,3.755,68.850,7.010,0,5397408,175072,165564,2267024,13387.521,4378.384,96.140,4286.250,4.006,306.447,4911,7518,1.470,1.970,1.370,2,0,0,0,0,18,317,0,34,0
24-04 16:28:41,11.541,18.817,68.495,0.251,0,5353820,218624,165564,2267060,9108.568,1718.143,0,517.852,0,53.190,6433,6239,1.470,1.970,1.370,1,0,549.966,0,0,18,316,0,35,0
24-04 16:28:42,8.753,22.007,67.772,0.500,0,5333440,238964,165564,2267100,10640.511,486.160,0,364.120,0,29.010,7162,6623,1.470,1.970,1.370,1,0,689.227,0,0,18,316,0,35,0
24-04 16:28:43,7.497,21.741,63.724,5.498,0,5328572,243804,165564,2267128,10924.591,485.804,0,4874.033,0,431.826,7131,6189,1.470,1.970,1.370,1,0,597.759,0,0,18,316,0,31,0
24-04 16:28:44,7.751,22.753,67.758,0.250,0,5321640,250696,165564,2267168,6114.755,486.060,0,232.029,0,27.003,7145,6545,1.430,1.950,1.370,1,0,686.085,0,0,18,316,0,31,0
24-04 16:28:45,8.504,21.761,68.033,0,0,5298424,273876,165564,2267204,6021.930,432.210,0,56.027,0,14.007,7135,6555,1.430,1.950,1.370,1,0,683.333,0,0,18,316,0,31,0
24-04 16:28:46,8.987,20.969,69.147,0.250,0,5310604,261612,165564,2267272,9099.455,485.278,15.976,47.929,0.999,9.985,6813,5922,1.430,1.950,1.370,1,0,592.119,0,0,18,316,0,31,0
24-04 16:28:47,19.253,6.501,73.760,0.250,0,5333904,337108,165796,2178760,6856.940,486.067,4.001,8.001,1.000,2.000,2382,2080,1.430,1.950,1.370,1,0,43.006,0,0,18,316,0,25,0
24-04 16:28:48,21.432,1.744,71.273,4.735,0,5347636,319912,165816,2182196,12212.164,1752.427,15.949,3078.211,2.990,117.626,2299,1830,1.430,1.950,1.370,2,0,15.949,0,0,18,317,0,25,0
24-04 16:28:49,11.262,2.252,79.586,6.257,0,5358368,308336,165848,2183032,19394.942,9303.045,724.783,3752.051,46.050,90.097,1948,1746,1.480,1.950,1.370,0,0,6.006,0,0,18,317,0,25,0
24-04 16:28:50,11.517,1.753,77.114,8.262,0,5364144,301656,165924,2183860,25085.935,11557.016,460.678,2006.955,49.072,94.139,2194,2488,1.480,1.950,1.370,1,1,0,0,0,18,317,0,25,0
24-04 16:28:51,14.743,1.749,77.965,5.498,0,5384440,280004,165984,2185156,20232.009,8413.261,1111.506,1167.481,46.979,59.973,1973,1977,1.480,1.950,1.370,2,1,0,0,0,18,317,0,25,0
24-04 16:28:52,12.973,1.247,78.588,5.738,0,5383864,279528,166012,2186180,19367.015,10748.808,734.484,1429.050,46.903,51.893,1797,1756,1.480,1.950,1.370,3,0,2.994,0,0,18,319,0,25,0
24-04 16:28:53,14.737,2.248,78.430,4.246,0,5399848,261992,166088,2187656,20414.781,10229.870,967.137,1210.919,50.955,38.965,1851,1772,1.480,1.950,1.370,1,1,0,0,0,18,319,0,25,0
24-04 16:28:54,13.540,2.006,71.210,12.537,0,5399932,229188,166140,2220324,11289.290,487.437,13876.920,1512.460,142.420,154.455,2163,1919,1.440,1.940,1.370,2,0,1.003,0,0,18,319,0,25,0
24-04 16:28:55,20.753,3.000,68.509,7.001,0.250,5412264,204252,166348,2232428,6866.862,432.054,0,2528.317,0,84.011,2661,2751,1.440,1.940,1.370,3,0,0,0,0,18,319,0,25,0
24-04 16:28:56,21.457,2.245,71.356,3.742,0,5410972,190520,166436,2247112,9663.460,485.019,0,1029.917,0,31.935,2164,1897,1.440,1.940,1.370,2,0,0,0,0,18,319,0,24,0
24-04 16:28:57,19.534,2.504,72.877,4.758,0,5421388,158556,166816,2267992,6730.714,540.941,0,2472.303,0,114.199,2405,2320,1.440,1.940,1.370,3,0,0,0,0,18,319,0,24,0
24-04 16:28:58,16.757,2.501,72.781,7.253,0,5414916,148236,167216,2284156,9551.013,486.204,0,2036.856,0,79.033,2142,2039,1.440,1.940,1.370,2,0,0,0,0,18,319,0,24,0
24-04 16:28:59,16.501,2.750,70.505,9.251,0,5416028,132360,167540,2298388,8065.595,580.043,0,9328.688,0,140.010,2331,2301,1.480,1.940,1.370,2,0,0,0,0,18,319,0,24,0
24-04 16:29:00,22.256,3.251,70.768,4.001,0,5369736,191372,167732,2285352,6184.613,606.158,20.005,1748.456,2.001,72.019,2677,2764,1.480,1.940,1.370,1,0,2.001,0,0,18,318,0,24,0
24-04 16:29:01,16.994,2.999,76.974,2.749,0,5408112,147816,167776,2290492,14149.296,2595.137,0,391.870,0,13.995,2165,1927,1.480,1.940,1.370,2,0,32.989,0,0,18,319,0,24,0
24-04 16:29:02,20.989,3.748,73.461,1.249,0,5400312,154916,167812,2291100,6387.591,1735.074,0,1343.283,0,20.989,2239,1948,1.480,1.940,1.370,2,0,20.989,0,0,18,321,0,24,0
24-04 16:29:03,16.496,2.999,75.482,3.499,0,5390748,158972,168104,2296184,11100.367,2524.401,0,927.780,0,17.996,5236,8865,1.480,1.940,1.370,3,0,5.999,0,0,18,320,0,24,0
24-04 16:29:04,24.252,5.750,67.755,0.500,0,5394504,154688,168172,2296644,8392.628,556.042,4.000,7144.534,1.000,167.012,14177,26035,1.450,1.920,1.370,2,0,13.001,0,0,18,320,0,22,0
24-04 16:29:05,17.769,5.756,69.075,6.757,0,5386692,162260,168212,2296820,8997.724,486.526,0,2038.203,0,24.026,2908,3158,1.450,1.920,1.370,2,0,15.016,0,0,18,320,0,22,0
24-04 16:29:06,22.453,4.740,72.350,0,0,5346668,213692,168212,2285492,9969.305,526.906,0,15.967,0,1.996,3286,3201,1.450,1.920,1.370,2,0,54.886,0,0,18,320,0,22,0
24-04 16:29:07,22.470,5.493,71.154,0,0,5388312,172028,168212,2285512,8937.906,977.677,0,0,0,0,9162,16459,1.450,1.920,1.370,2,0,35.951,0,0,18,321,0,22,0
24-04 16:29:08,19.277,2.003,76.357,1.502,0,5360124,194596,168212,2291132,9486.283,2280.193,0,1289.806,0,9.013,1968,1673,1.450,1.920,1.370,2,0,2.003,0,0,18,320,0,22,0
24-04 16:29:09,17.008,3.251,78.034,1.501,0,5370948,177452,168280,2297304,16577.321,3374.490,0,992.438,0,14.006,2002,1603,1.410,1.910,1.370,2,1,18.008,0,0,18,321,0,22,0
24-04 16:29:10,22.046,6.263,63.632,6.263,0,5364752,184108,168284,2296824,9319.309,661.370,32.066,4377.069,1.002,210.436,11276,20592,1.410,1.910,1.370,2,0,14.029,0,0,18,320,0,22,0
24-04 16:29:11,21.010,6.753,68.534,1.501,0,5353080,195652,168344,2296892,6031.960,486.239,0,548.269,0,16.008,10410,18875,1.410,1.910,1.370,1,0,19.009,0,0,18,320,0,22,0
24-04 16:29:12,22.701,3.742,72.595,0.748,0,5335468,224660,168344,2285576,9343.032,484.964,0,774.345,0,18.959,2346,1876,1.410,1.910,1.370,4,0,22.951,0,0,18,320,0,22,0
24-04 16:29:13,21.274,5.757,71.082,1.001,0,5340368,212732,168344,2292604,6123.043,486.560,0,1041.198,0,32.037,3345,3117,1.410,1.910,1.370,3,0,97.112,0,0,18,320,0,22,0
24-04 16:29:14,21.946,2.743,74.319,0.249,0,5341740,207508,168344,2296392,12581.327,1753.724,3.990,0,0.998,0,2118,1623,1.380,1.890,1.360,1,0,15.961,0,0,18,321,0,22,0
24-04 16:29:15,12.001,1.500,82.754,3.500,0,5352252,196852,168344,2296536,24084.260,10521.550,0,2388.125,0,161.008,1764,1730,1.380,1.890,1.360,3,0,0,0,0,18,321,0,22,0
24-04 16:29:16,9.256,2.251,83.551,4.753,0,5340924,207804,168344,2296892,46862.348,11542.983,0,1196.724,0,41.025,1544,1590,1.380,1.890,1.360,1,0,0,0,0,18,322,0,18,0
24-04 16:29:17,12.019,1.502,82.383,2.754,0,5366212,182128,168396,2297204,136628.804,13149.250,0,1622.622,0,63.102,1891,1796,1.380,1.890,1.360,2,0,2.003,0,0,18,322,0,18,0
24-04 16:29:18,14.745,1.250,80.474,2.999,0,5374012,174064,168428,2297428,21518.068,10762.533,0,1155.628,0,35.988,1706,1507,1.380,1.890,1.360,1,0,0,0,0,18,322,0,18,0
24-04 16:29:19,10.749,1.000,85.992,1.250,0,5389632,158188,168428,2297684,123069.450,8221.228,0,567.947,0,17.998,1697,1600,1.350,1.880,1.360,1,0,0,0,0,18,322,0,18,0
24-04 16:29:20,9.265,3.506,61.599,24.790,0,5391308,156184,168536,2298004,213672.815,10335.582,16.026,20316.596,1.002,490.787,3931,5578,1.350,1.880,1.360,2,1,1.002,0,0,18,322,0,14,0
24-04 16:29:21,16.692,5.481,72.251,4.235,0,5409028,167504,168688,2269752,106838.854,14994.332,287.011,2268.184,6.976,107.629,2983,2954,1.350,1.880,1.360,3,1,7.973,0,0,18,322,0,14,0
24-04 16:29:22,30.456,6.241,57.418,5.242,0,5474864,130348,168780,2241896,20667.337,8303.083,870.750,1405.982,11.983,58.915,3434,2883,1.350,1.880,1.360,2,0,9.986,0,0,18,322,0,16,0
24-04 16:29:23,6.270,1.756,87.030,3.010,0,5463420,129660,168844,2253948,1954805.149,30120.753,0,2247.218,0,42.135,2399,2405,1.350,1.880,1.360,3,0,2.006,0,0,18,322,0,16,0
24-04 16:29:24,4.246,1.998,88.410,4.246,0,5456148,129436,168872,2261416,3734670.415,37215.029,0,4347.564,0,21.978,2740,2286,1.240,1.850,1.350,1,1,0.999,0,0,18,322,0,12,0
24-04 16:29:25,7.273,3.260,76.992,10.282,0,5427392,174072,168900,2248492,6507316.977,47265.800,0,6167.416,0,305.963,4078,6439,1.240,1.850,1.350,3,3,35.111,0,0,18,322,0,12,0
24-04 16:29:26,5.477,4.481,77.670,10.207,0,5423664,166700,168936,2257224,5323136.827,36471.231,3.983,35780.164,0.996,243.965,3737,11849,1.240,1.850,1.350,2,0,2.987,0,0,18,322,0,13,0
24-04 16:29:27,11.018,1.503,79.884,6.260,0,5415176,166668,169068,2265576,626656.456,10452.505,164.275,1638.744,4.007,50.084,1916,1811,1.240,1.850,1.350,1,1,1.002,0,0,18,322,0,13,0
24-04 16:29:28,17.506,3.501,71.774,6.752,0,5418344,150212,170924,2275904,8363.766,486.161,0,4817.594,0,118.039,2262,2240,1.240,1.850,1.350,2,0,0,0,0,18,322,0,9,0
24-04 16:29:29,20.766,3.002,72.805,3.002,0,5420020,126964,171788,2294584,10023.512,486.364,0,1393.044,0,34.025,2164,1905,1.220,1.830,1.350,4,0,0,0,0,18,322,0,9,0
24-04 16:29:30,21.701,2.245,68.594,6.236,0,5413832,140236,172052,2287232,6751.644,484.897,0,1728.070,0,81.814,2664,2826,1.220,1.830,1.350,4,0,0,0,0,18,322,0,9,0
24-04 16:29:31,20.734,3.997,72.195,3.497,0,5421248,127316,172948,2291172,6615.962,485.630,0,5415.876,0,151.884,2551,2481,1.220,1.830,1.350,3,1,0,0,0,18,322,0,9,0
24-04 16:29:32,8.751,4.001,61.509,24.003,0,5417192,143964,173248,2278744,5776.801,486.067,8.001,38081.278,2.000,258.036,2280,2428,1.220,1.830,1.350,1,1,2.000,0,0,18,322,0,9,0
24-04 16:29:33,15.788,2.757,70.419,9.773,0,5422880,125424,173780,2289964,8492.399,433.040,0,19414.635,0,163.392,2342,2290,1.220,1.830,1.350,3,0,0,0,0,18,322,0,9,0
24-04 16:29:34,23.953,2.495,72.108,0.499,0,5420420,135044,175084,2281312,6657.907,485.046,0,550.917,0,22.955,2238,1869,1.200,1.820,1.350,2,0,0,0,0,18,322,0,9,0
24-04 16:29:35,18.251,2.500,71.003,7.750,0,5417732,141040,175772,2277512,10542.518,486.024,0,3068.151,0,73.004,2251,2100,1.200,1.820,1.350,1,0,0,0,0,18,322,0,9,0
24-04 16:29:36,20.745,2.249,73.981,2.749,0,5417672,124192,176628,2292144,8639.824,978.754,0,1915.518,0,66.983,2316,2079,1.200,1.820,1.350,2,0,0,0,0,18,323,0,9,0
24-04 16:29:37,19.580,3.765,76.565,0,0,5336776,239948,176648,2257284,14796.830,2664.956,0,168.694,0,8.033,2123,1628,1.200,1.820,1.350,1,0,19.078,0,0,18,320,0,5,0
24-04 16:29:38,17.961,2.744,77.083,1.247,0,5350692,221364,176692,2261716,14045.480,2763.994,0,1520.696,0,9.978,2075,1740,1.200,1.820,1.350,2,0,16.963,0,0,18,320,0,5,0
24-04 16:29:39,18.724,2.996,77.643,0.250,0,5359700,210940,176712,2263012,8956.690,2585.447,0,371.489,0,2.996,2091,1760,1.180,1.800,1.350,5,0,17.975,0,0,18,321,0,5,0
24-04 16:29:40,22.521,5.505,68.065,2.252,0,5385224,178904,176940,2268416,11948.329,1565.484,16.015,1729.640,1.001,68.065,11607,21385,1.180,1.800,1.350,2,0,14.013,0,0,18,320,0,5,0
24-04 16:29:41,20.257,4.752,62.522,11.754,0,5378404,185512,176992,2268544,9334.342,486.174,0,3209.149,0,177.063,7223,11836,1.180,1.800,1.350,3,0,5.002,0,0,18,320,0,3,0
24-04 16:29:42,20.676,7.722,69.998,0.249,0,5385164,178484,177032,2268740,6731.763,430.450,0,522.120,0,21.921,6646,10545,1.180,1.800,1.350,2,0,15.943,0,0,18,320,0,3,0
24-04 16:29:43,22.069,4.514,71.974,1.755,0,5353972,221560,177036,2257844,8246.656,487.517,248.774,1051.271,4.012,22.069,2340,1892,1.180,1.800,1.350,1,0,6.019,0,0,18,320,0,3,0
24-04 16:29:44,21.298,3.759,69.658,4.260,0,5373320,199160,177040,2260892,7318.554,487.102,745.687,2321.251,99.224,50.113,3481,4169,1.170,1.790,1.350,1,0,1.002,0,0,18,321,0,3,0
24-04 16:29:45,20.237,4.247,65.708,8.744,0,5369844,202068,177040,2261460,10242.464,605.614,431.724,1650.946,22.985,204.869,6702,9842,1.170,1.790,1.350,1,0,0.999,0,0,18,323,0,7,0
24-04 16:29:46,12.770,11.768,63.349,10.016,0,5343676,227480,177040,2262212,6085.530,486.762,512.803,5624.808,25.039,360.565,6394,8259,1.170,1.790,1.350,1,0,294.461,0,0,18,322,0,7,0
24-04 16:29:47,12.498,10.498,70.736,5.499,0,5327628,241924,177040,2263816,3778.265,605.882,1579.693,279.946,66.987,11.998,3881,3162,1.170,1.790,1.350,0,1,154.970,0,0,18,322,0,9,0
24-04 16:29:48,5.230,1.992,66.249,24.159,0,5305016,229700,177040,2298628,9830.792,603.715,34680.739,6822.179,1966.557,100.619,4051,5964,1.170,1.790,1.350,1,1,0,0,0,18,322,0,9,0
24-04 16:29:49,6.509,4.757,68.600,19.779,0,5311000,216804,177052,2305580,11960.415,1503.189,6978.161,7526.960,1462.129,68.099,3505,4900,1.240,1.790,1.350,1,0,12.017,0,0,18,323,0,9,0
24-04 16:29:50,1.500,1.000,95.271,0.750,0,5308024,219776,177052,2305584,13708.006,1987.436,0,224.049,0,21.005,1213,1643,1.240,1.790,1.350,1,0,0,0,0,18,323,0,9,0
24-04 16:29:51,2.744,1.247,93.806,0.998,0,5305660,221632,177052,2306092,91724.061,2764.276,315.347,419.132,3.992,22.952,1392,1842,1.240,1.790,1.350,1,0,1.996,0,0,18,323,0,9,0
24-04 16:29:52,5.255,2.502,83.330,8.758,0,5266092,260032,177056,2307100,153355.108,127775.403,360.348,2890.792,16.015,307.297,1895,1743,1.240,1.790,1.350,1,0,11.011,0,0,18,322,0,9,0
24-04 16:29:53,2.004,0.751,97.176,0,0,5266312,259808,177056,2307104,9433.113,0,0,32.058,0,3.005,1081,1434,1.240,1.790,1.350,0,0,0,0,0,18,322,0,9,0
24-04 16:29:54,6.247,2.249,85.711,4.748,0,5263400,262680,177060,2307140,275179.632,5771.371,3.998,14257.504,1.000,342.844,2149,1739,1.140,1.760,1.340,1,0,6.997,0,0,18,322,0,9,0
24-04 16:29:55,9.978,2.993,83.318,1.746,0,5268108,258320,177060,2307148,148156.076,5625.738,0,566.765,0,47.896,2513,2675,1.140,1.760,1.340,2,1,19.957,0,0,18,322,0,9,0
24-04 16:29:56,6.003,3.502,86.049,3.002,0,5264700,261556,177064,2307316,154953.024,8985.104,156.089,392.223,7.004,29.016,2394,2377,1.140,1.760,1.340,1,0,17.010,0,0,18,322,0,9,0
24-04 16:29:57,10.785,4.515,84.271,0,0,5255948,267364,177064,2310244,153152.099,2692.670,16.052,0,1.003,0,2166,1761,1.140,1.760,1.340,1,0,23.074,0,0,18,322,0,9,0
