Feb 19 14:52:58 ubuntu devstack@keystone.service[62250]: DEBUG keystone.server.flask.request_processing.middleware.auth_context [None req-4096da38-42ae-46cc-bd70-73dd49c62997 None admin] RBAC: auth_context: {'token': <TokenModel (audit_id=Ekf1iJh4RMKaC_s1OTU8Rg, audit_chain_id=['Ekf1iJh4RMKaC_s1OTU8Rg']) at 0x71e9a22400e0>, 'domain_id': None, 'trust_id': None, 'trustor_id': None, 'trustee_id': None, 'domain_name': None, 'group_ids': [], 'user_id': '9627e93c2f714df7b4c36b0be9340bbd', 'user_domain_id': 'default', 'system_scope': 'all', 'project_id': None, 'project_domain_id': None, 'roles': ['admin', 'manager', 'member', 'reader'], 'is_admin_project': True, 'service_user_id': None, 'service_user_domain_id': None, 'service_project_id': None, 'service_project_domain_id': None, 'service_roles': []} {{(pid=62250) fill_context /opt/stack/keystone/keystone/server/flask/request_processing/middleware/auth_context.py:509}}
Feb 19 14:52:58 ubuntu devstack@keystone.service[62251]: DEBUG keystone.server.flask.request_processing.req_logging [None req-d2860097-a917-412d-9ec6-1479cbbaf2a0 None admin] SCRIPT_NAME: `/identity` {{(pid=62251) log_request_info /opt/stack/keystone/keystone/server/flask/request_processing/req_logging.py:27}}
Feb 19 14:52:58 ubuntu devstack@keystone.service[62251]: DEBUG keystone.server.flask.request_processing.req_logging [None req-d2860097-a917-412d-9ec6-1479cbbaf2a0 None admin] PATH_INFO: `/v3/domains` {{(pid=62251) log_request_info /opt/stack/keystone/keystone/server/flask/request_processing/req_logging.py:28}}
Feb 19 14:52:58 ubuntu devstack@keystone.service[62250]: DEBUG keystone.server.flask.request_processing.req_logging [None req-4096da38-42ae-46cc-bd70-73dd49c62997 None admin] REQUEST_METHOD: `PUT` {{(pid=62250) log_request_info /opt/stack/keystone/keystone/server/flask/request_processing/req_logging.py:26}}
Feb 19 14:52:58 ubuntu devstack@keystone.service[62250]: DEBUG keystone.server.flask.request_processing.req_logging [None req-4096da38-42ae-46cc-bd70-73dd49c62997 None admin] SCRIPT_NAME: `/identity` {{(pid=62250) log_request_info /opt/stack/keystone/keystone/server/flask/request_processing/req_logging.py:27}}
Feb 19 14:52:58 ubuntu devstack@keystone.service[62250]: DEBUG keystone.server.flask.request_processing.req_logging [None req-4096da38-42ae-46cc-bd70-73dd49c62997 None admin] PATH_INFO: `/v3/domains/default/users/9627e93c2f714df7b4c36b0be9340bbd/roles/dca1dd543a6b409ba2a54b23e8224426` {{(pid=62250) log_request_info /opt/stack/keystone/keystone/server/flask/request_processing/req_logging.py:28}}
Feb 19 14:52:58 ubuntu devstack@keystone.service[62251]: DEBUG keystone.common.rbac_enforcer.enforcer [None req-d2860097-a917-412d-9ec6-1479cbbaf2a0 None admin] RBAC: Adding query filter params (name=Default) {{(pid=62251) _extract_filter_values /opt/stack/keystone/keystone/common/rbac_enforcer/enforcer.py:176}}
Feb 19 14:52:58 ubuntu devstack@keystone.service[62251]: DEBUG keystone.common.rbac_enforcer.enforcer [None req-d2860097-a917-412d-9ec6-1479cbbaf2a0 None admin] RBAC: Authorizing `identity:list_domains()` {{(pid=62251) enforce_call /opt/stack/keystone/keystone/common/rbac_enforcer/enforcer.py:494}}
Feb 19 14:52:58 ubuntu devstack@keystone.service[62250]: DEBUG keystone.common.rbac_enforcer.enforcer [None req-4096da38-42ae-46cc-bd70-73dd49c62997 None admin] RBAC: Authorizing `identity:create_grant(domain_id=default, user_id=9627e93c2f714df7b4c36b0be9340bbd, role_id=dca1dd543a6b409ba2a54b23e8224426)` {{(pid=62250) enforce_call /opt/stack/keystone/keystone/common/rbac_enforcer/enforcer.py:494}}
Feb 19 14:52:58 ubuntu devstack@keystone.service[62251]: DEBUG keystone.common.rbac_enforcer.enforcer [None req-d2860097-a917-412d-9ec6-1479cbbaf2a0 None admin] RBAC: Authorization granted {{(pid=62251) enforce_call /opt/stack/keystone/keystone/common/rbac_enforcer/enforcer.py:505}}
Feb 19 14:52:58 ubuntu devstack@keystone.service[62250]: DEBUG keystone.common.rbac_enforcer.enforcer [None req-4096da38-42ae-46cc-bd70-73dd49c62997 None admin] RBAC: Authorization granted {{(pid=62250) enforce_call /opt/stack/keystone/keystone/common/rbac_enforcer/enforcer.py:505}}
Feb 19 14:52:58 ubuntu devstack@keystone.service[62251]: [pid: 62251|app: 0|req: 11/21] 10.120.125.136 () {58 vars in 1190 bytes} [Thu Feb 19 14:52:58 2026] GET /identity/v3/domains?name=Default => generated 310 bytes in 70 msecs (HTTP/1.1 200) 5 headers in 177 bytes (2 switches on core 0)
Feb 19 14:52:58 ubuntu devstack@keystone.service[62250]: [pid: 62250|app: 0|req: 11/22] 10.120.125.136 () {60 vars in 1429 bytes} [Thu Feb 19 14:52:58 2026] PUT /identity/v3/domains/default/users/9627e93c2f714df7b4c36b0be9340bbd/roles/dca1dd543a6b409ba2a54b23e8224426 => generated 0 bytes in 126 msecs (HTTP/1.1 204) 3 headers in 132 bytes (1 switches on core 0)
Feb 19 14:52:59 ubuntu devstack@keystone.service[62251]: DEBUG keystone.server.flask.request_processing.req_logging [None req-4f97ad15-5d0b-4f9d-98cd-ed7c96c7176c None None] REQUEST_METHOD: `GET` {{(pid=62251) log_request_info /opt/stack/keystone/keystone/server/flask/request_processing/req_logging.py:26}}
Feb 19 14:52:59 ubuntu devstack@keystone.service[62251]: DEBUG keystone.server.flask.request_processing.req_logging [None req-4f97ad15-5d0b-4f9d-98cd-ed7c96c7176c None None] SCRIPT_NAME: `/identity` {{(pid=62251) log_request_info /opt/stack/keystone/keystone/server/flask/request_processing/req_logging.py:27}}
Feb 19 14:52:59 ubuntu devstack@keystone.service[62251]: DEBUG keystone.server.flask.request_processing.req_logging [None req-4f97ad15-5d0b-4f9d-98cd-ed7c96c7176c None None] PATH_INFO: `/` {{(pid=62251) log_request_info /opt/stack/keystone/keystone/server/flask/request_processing/req_logging.py:28}}
Feb 19 14:52:59 ubuntu devstack@keystone.service[62251]: [pid: 62251|app: 0|req: 12/23] 10.120.125.136 () {56 vars in 950 bytes} [Thu Feb 19 14:52:59 2026] GET /identity => generated 271 bytes in 1 msecs (HTTP/1.1 300) 6 headers in 235 bytes (1 switches on core 0)
Feb 19 14:52:59 ubuntu devstack@keystone.service[62250]: DEBUG keystone.server.flask.request_processing.req_logging [None req-90a1f853-1e6c-46d1-bcd0-bd8f9db22f12 None None] REQUEST_METHOD: `POST` {{(pid=62250) log_request_info /opt/stack/keystone/keystone/server/flask/request_processing/req_logging.py:26}}
Feb 19 14:52:59 ubuntu devstack@keystone.service[62250]: DEBUG keystone.server.flask.request_processing.req_logging [None req-90a1f853-1e6c-46d1-bcd0-bd8f9db22f12 None None] SCRIPT_NAME: `/identity` {{(pid=62250) log_request_info /opt/stack/keystone/keystone/server/flask/request_processing/req_logging.py:27}}
Feb 19 14:52:59 ubuntu devstack@keystone.service[62250]: DEBUG keystone.server.flask.request_processing.req_logging [None req-90a1f853-1e6c-46d1-bcd0-bd8f9db22f12 None None] PATH_INFO: `/v3/auth/tokens` {{(pid=62250) log_request_info /opt/stack/keystone/keystone/server/flask/request_processing/req_logging.py:28}}
Feb 19 14:52:59 ubuntu devstack@keystone.service[62251]: DEBUG keystone.server.flask.request_processing.req_logging [None req-e4136592-c80b-492e-9393-ff27c89464fe None None] REQUEST_METHOD: `GET` {{(pid=62251) log_request_info /opt/stack/keystone/keystone/server/flask/request_processing/req_logging.py:26}}
Feb 19 14:52:59 ubuntu devstack@keystone.service[62251]: DEBUG keystone.server.flask.request_processing.req_logging [None req-e4136592-c80b-492e-9393-ff27c89464fe None None] SCRIPT_NAME: `/identity` {{(pid=62251) log_request_info /opt/stack/keystone/keystone/server/flask/request_processing/req_logging.py:27}}
Feb 19 14:52:59 ubuntu devstack@keystone.service[62251]: DEBUG keystone.server.flask.request_processing.req_logging [None req-e4136592-c80b-492e-9393-ff27c89464fe None None] PATH_INFO: `/` {{(pid=62251) log_request_info /opt/stack/keystone/keystone/server/flask/request_processing/req_logging.py:28}}
Feb 19 14:52:59 ubuntu devstack@keystone.service[62251]: [pid: 62251|app: 0|req: 13/24] 10.120.125.136 () {56 vars in 950 bytes} [Thu Feb 19 14:52:59 2026] GET /identity => generated 271 bytes in 1 msecs (HTTP/1.1 300) 6 headers in 235 bytes (1 switches on core 0)
Feb 19 14:52:59 ubuntu devstack@keystone.service[62250]: WARNING keystone.common.password_hashing [None req-90a1f853-1e6c-46d1-bcd0-bd8f9db22f12 None None] Truncating password to algorithm specific maximum length 72 characters.
Feb 19 14:52:59 ubuntu devstack@keystone.service[62250]: DEBUG keystone.auth.core [None req-90a1f853-1e6c-46d1-bcd0-bd8f9db22f12 None None] MFA Rules not processed for user `9627e93c2f714df7b4c36b0be9340bbd`. Rule list: `[]` (Enabled: `True`). {{(pid=62250) check_auth_methods_against_rules /opt/stack/keystone/keystone/auth/core.py:476}}
Feb 19 14:52:59 ubuntu devstack@keystone.service[62250]: DEBUG keystone.common.fernet_utils [None req-90a1f853-1e6c-46d1-bcd0-bd8f9db22f12 None None] Loaded 2 Fernet keys from /etc/keystone/fernet-keys/, but `[fernet_tokens] max_active_keys = 3`; perhaps there have not been enough key rotations to reach `max_active_keys` yet? {{(pid=62250) load_keys /opt/stack/keystone/keystone/common/fernet_utils.py:297}}
Feb 19 14:52:59 ubuntu devstack@keystone.service[62250]: [pid: 62250|app: 0|req: 12/25] 10.120.125.136 () {60 vars in 1047 bytes} [Thu Feb 19 14:52:59 2026] POST /identity/v3/auth/tokens => generated 863 bytes in 64 msecs (HTTP/1.1 201) 6 headers in 363 bytes (1 switches on core 0)
Feb 19 14:52:59 ubuntu devstack@keystone.service[62251]: DEBUG keystone.server.flask.request_processing.req_logging [None req-e54480dc-7905-42ae-bc2d-15b46c9e0d2e None None] REQUEST_METHOD: `POST` {{(pid=62251) log_request_info /opt/stack/keystone/keystone/server/flask/request_processing/req_logging.py:26}}
Feb 19 14:52:59 ubuntu devstack@keystone.service[62251]: DEBUG keystone.server.flask.request_processing.req_logging [None req-e54480dc-7905-42ae-bc2d-15b46c9e0d2e None None] SCRIPT_NAME: `/identity` {{(pid=62251) log_request_info /opt/stack/keystone/keystone/server/flask/request_processing/req_logging.py:27}}
Feb 19 14:52:59 ubuntu devstack@keystone.service[62251]: DEBUG keystone.server.flask.request_processing.req_logging [None req-e54480dc-7905-42ae-bc2d-15b46c9e0d2e None None] PATH_INFO: `/v3/auth/tokens` {{(pid=62251) log_request_info /opt/stack/keystone/keystone/server/flask/request_processing/req_logging.py:28}}
Feb 19 14:52:59 ubuntu devstack@keystone.service[62251]: WARNING keystone.common.password_hashing [None req-e54480dc-7905-42ae-bc2d-15b46c9e0d2e None None] Truncating password to algorithm specific maximum length 72 characters.
Feb 19 14:52:59 ubuntu devstack@keystone.service[62251]: DEBUG keystone.auth.core [None req-e54480dc-7905-42ae-bc2d-15b46c9e0d2e None None] MFA Rules not processed for user `9627e93c2f714df7b4c36b0be9340bbd`. Rule list: `[]` (Enabled: `True`). {{(pid=62251) check_auth_methods_against_rules /opt/stack/keystone/keystone/auth/core.py:476}}
Feb 19 14:52:59 ubuntu devstack@keystone.service[62251]: DEBUG keystone.common.fernet_utils [None req-e54480dc-7905-42ae-bc2d-15b46c9e0d2e None None] Loaded 2 Fernet keys from /etc/keystone/fernet-keys/, but `[fernet_tokens] max_active_keys = 3`; perhaps there have not been enough key rotations to reach `max_active_keys` yet? {{(pid=62251) load_keys /opt/stack/keystone/keystone/common/fernet_utils.py:297}}
Feb 19 14:52:59 ubuntu devstack@keystone.service[62250]: DEBUG keystone.server.flask.request_processing.req_logging [None req-c0de6503-162d-48f6-afd3-dd4873d0a24a None None] REQUEST_METHOD: `GET` {{(pid=62250) log_request_info /opt/stack/keystone/keystone/server/flask/request_processing/req_logging.py:26}}
Feb 19 14:52:59 ubuntu devstack@keystone.service[62250]: DEBUG keystone.server.flask.request_processing.req_logging [None req-c0de6503-162d-48f6-afd3-dd4873d0a24a None None] SCRIPT_NAME: `/identity` {{(pid=62250) log_request_info /opt/stack/keystone/keystone/server/flask/request_processing/req_logging.py:27}}
Feb 19 14:52:59 ubuntu devstack@keystone.service[62250]: DEBUG keystone.server.flask.request_processing.req_logging [None req-c0de6503-162d-48f6-afd3-dd4873d0a24a None None] PATH_INFO: `/` {{(pid=62250) log_request_info /opt/stack/keystone/keystone/server/flask/request_processing/req_logging.py:28}}
Feb 19 14:52:59 ubuntu devstack@keystone.service[62250]: [pid: 62250|app: 0|req: 13/26] 10.120.125.136 () {56 vars in 951 bytes} [Thu Feb 19 14:52:59 2026] GET /identity => generated 271 bytes in 1 msecs (HTTP/1.1 300) 6 headers in 235 bytes (1 switches on core 0)
Feb 19 14:52:59 ubuntu devstack@keystone.service[62251]: [pid: 62251|app: 0|req: 14/27] 10.120.125.136 () {60 vars in 1048 bytes} [Thu Feb 19 14:52:59 2026] POST /identity/v3/auth/tokens => generated 863 bytes in 58 msecs (HTTP/1.1 201) 6 headers in 363 bytes (1 switches on core 0)
Feb 19 14:52:59 ubuntu devstack@keystone.service[62250]: DEBUG keystone.server.flask.request_processing.req_logging [None req-d61dd093-248d-42da-b6b6-0f6c1c89183c None None] REQUEST_METHOD: `GET` {{(pid=62250) log_request_info /opt/stack/keystone/keystone/server/flask/request_processing/req_logging.py:26}}
Feb 19 14:52:59 ubuntu devstack@keystone.service[62250]: DEBUG keystone.server.flask.request_processing.req_logging [None req-d61dd093-248d-42da-b6b6-0f6c1c89183c None None] SCRIPT_NAME: `/identity` {{(pid=62250) log_request_info /opt/stack/keystone/keystone/server/flask/request_processing/req_logging.py:27}}
Feb 19 14:52:59 ubuntu devstack@keystone.service[62250]: DEBUG keystone.server.flask.request_processing.req_logging [None req-d61dd093-248d-42da-b6b6-0f6c1c89183c None None] PATH_INFO: `/` {{(pid=62250) log_request_info /opt/stack/keystone/keystone/server/flask/request_processing/req_logging.py:28}}
Feb 19 14:52:59 ubuntu devstack@keystone.service[62250]: [pid: 62250|app: 0|req: 14/28] 10.120.125.136 () {56 vars in 951 bytes} [Thu Feb 19 14:52:59 2026] GET /identity => generated 271 bytes in 1 msecs (HTTP/1.1 300) 6 headers in 235 bytes (1 switches on core 0)
Feb 19 14:53:00 ubuntu devstack@keystone.service[62251]: DEBUG keystone.server.flask.request_processing.req_logging [None req-fd07244a-07f2-4bd1-8285-3a6761e82685 None None] REQUEST_METHOD: `POST` {{(pid=62251) log_request_info /opt/stack/keystone/keystone/server/flask/request_processing/req_logging.py:26}}
Feb 19 14:53:00 ubuntu devstack@keystone.service[62251]: DEBUG keystone.server.flask.request_processing.req_logging [None req-fd07244a-07f2-4bd1-8285-3a6761e82685 None None] SCRIPT_NAME: `/identity` {{(pid=62251) log_request_info /opt/stack/keystone/keystone/server/flask/request_processing/req_logging.py:27}}
Feb 19 14:53:00 ubuntu devstack@keystone.service[62251]: DEBUG keystone.server.flask.request_processing.req_logging [None req-fd07244a-07f2-4bd1-8285-3a6761e82685 None None] PATH_INFO: `/v3/auth/tokens` {{(pid=62251) log_request_info /opt/stack/keystone/keystone/server/flask/request_processing/req_logging.py:28}}
Feb 19 14:53:00 ubuntu devstack@keystone.service[62251]: WARNING keystone.common.password_hashing [None req-fd07244a-07f2-4bd1-8285-3a6761e82685 None None] Truncating password to algorithm specific maximum length 72 characters.
Feb 19 14:53:00 ubuntu devstack@keystone.service[62251]: DEBUG keystone.auth.core [None req-fd07244a-07f2-4bd1-8285-3a6761e82685 None None] MFA Rules not processed for user `9627e93c2f714df7b4c36b0be9340bbd`. Rule list: `[]` (Enabled: `True`). {{(pid=62251) check_auth_methods_against_rules /opt/stack/keystone/keystone/auth/core.py:476}}
Feb 19 14:53:00 ubuntu devstack@keystone.service[62251]: DEBUG keystone.common.fernet_utils [None req-fd07244a-07f2-4bd1-8285-3a6761e82685 None None] Loaded 2 Fernet keys from /etc/keystone/fernet-keys/, but `[fernet_tokens] max_active_keys = 3`; perhaps there have not been enough key rotations to reach `max_active_keys` yet? {{(pid=62251) load_keys /opt/stack/keystone/keystone/common/fernet_utils.py:297}}
Feb 19 14:53:00 ubuntu devstack@keystone.service[62251]: [pid: 62251|app: 0|req: 15/29] 10.120.125.136 () {60 vars in 1048 bytes} [Thu Feb 19 14:53:00 2026] POST /identity/v3/auth/tokens => generated 863 bytes in 59 msecs (HTTP/1.1 201) 6 headers in 363 bytes (1 switches on core 0)
Feb 19 14:53:00 ubuntu devstack@keystone.service[62250]: DEBUG keystone.server.flask.request_processing.req_logging [None req-2254d5d2-cf3a-4737-bf79-0dab36f08785 None None] REQUEST_METHOD: `GET` {{(pid=62250) log_request_info /opt/stack/keystone/keystone/server/flask/request_processing/req_logging.py:26}}
Feb 19 14:53:00 ubuntu devstack@keystone.service[62250]: DEBUG keystone.server.flask.request_processing.req_logging [None req-2254d5d2-cf3a-4737-bf79-0dab36f08785 None None] SCRIPT_NAME: `/identity` {{(pid=62250) log_request_info /opt/stack/keystone/keystone/server/flask/request_processing/req_logging.py:27}}
Feb 19 14:53:00 ubuntu devstack@keystone.service[62250]: DEBUG keystone.server.flask.request_processing.req_logging [None req-2254d5d2-cf3a-4737-bf79-0dab36f08785 None None] PATH_INFO: `/` {{(pid=62250) log_request_info /opt/stack/keystone/keystone/server/flask/request_processing/req_logging.py:28}}
Feb 19 14:53:00 ubuntu devstack@keystone.service[62250]: [pid: 62250|app: 0|req: 15/30] 10.120.125.136 () {56 vars in 951 bytes} [Thu Feb 19 14:53:00 2026] GET /identity => generated 271 bytes in 1 msecs (HTTP/1.1 300) 6 headers in 235 bytes (1 switches on core 0)
Feb 19 14:53:00 ubuntu devstack@keystone.service[62251]: DEBUG keystone.server.flask.request_processing.middleware.auth_context [None req-fd07244a-07f2-4bd1-8285-3a6761e82685 None None] Authenticating user token {{(pid=62251) process_request /opt/stack/data/venv/lib/python3.12/site-packages/keystonemiddleware/auth_token/__init__.py:407}}
Feb 19 14:53:00 ubuntu devstack@keystone.service[62250]: DEBUG keystone.server.flask.request_processing.req_logging [None req-090cca98-f50f-4dbe-9e21-70dbe88889ab None None] REQUEST_METHOD: `POST` {{(pid=62250) log_request_info /opt/stack/keystone/keystone/server/flask/request_processing/req_logging.py:26}}
Feb 19 14:53:00 ubuntu devstack@keystone.service[62250]: DEBUG keystone.server.flask.request_processing.req_logging [None req-090cca98-f50f-4dbe-9e21-70dbe88889ab None None] SCRIPT_NAME: `/identity` {{(pid=62250) log_request_info /opt/stack/keystone/keystone/server/flask/request_processing/req_logging.py:27}}
Feb 19 14:53:00 ubuntu devstack@keystone.service[62250]: DEBUG keystone.server.flask.request_processing.req_logging [None req-090cca98-f50f-4dbe-9e21-70dbe88889ab None None] PATH_INFO: `/v3/auth/tokens` {{(pid=62250) log_request_info /opt/stack/keystone/keystone/server/flask/request_processing/req_logging.py:28}}
Feb 19 14:53:00 ubuntu devstack@keystone.service[62250]: WARNING keystone.common.password_hashing [None req-090cca98-f50f-4dbe-9e21-70dbe88889ab None None] Truncating password to algorithm specific maximum length 72 characters.
Feb 19 14:53:00 ubuntu devstack@keystone.service[62250]: DEBUG keystone.auth.core [None req-090cca98-f50f-4dbe-9e21-70dbe88889ab None None] MFA Rules not processed for user `9627e93c2f714df7b4c36b0be9340bbd`. Rule list: `[]` (Enabled: `True`). {{(pid=62250) check_auth_methods_against_rules /opt/stack/keystone/keystone/auth/core.py:476}}
Feb 19 14:53:00 ubuntu devstack@keystone.service[62250]: DEBUG keystone.common.fernet_utils [None req-090cca98-f50f-4dbe-9e21-70dbe88889ab None None] Loaded 2 Fernet keys from /etc/keystone/fernet-keys/, but `[fernet_tokens] max_active_keys = 3`; perhaps there have not been enough key rotations to reach `max_active_keys` yet? {{(pid=62250) load_keys /opt/stack/keystone/keystone/common/fernet_utils.py:297}}
Feb 19 14:53:00 ubuntu devstack@keystone.service[62251]: DEBUG keystone.server.flask.request_processing.middleware.auth_context [None req-fd07244a-07f2-4bd1-8285-3a6761e82685 None None] Validating token access rules against request {{(pid=62251) validate_allowed_request /opt/stack/data/venv/lib/python3.12/site-packages/keystonemiddleware/auth_token/__init__.py:545}}
Feb 19 14:53:00 ubuntu devstack@keystone.service[62251]: DEBUG keystone.server.flask.request_processing.middleware.auth_context [None req-55b3b38c-3564-44a3-9ca4-e88137dc7ebc None admin] RBAC: auth_context: {'token': <TokenModel (audit_id=eg0_v8t4RHuRn8wiq3Yu7A, audit_chain_id=['eg0_v8t4RHuRn8wiq3Yu7A']) at 0x71e9a26382f0>, 'domain_id': None, 'trust_id': None, 'trustor_id': None, 'trustee_id': None, 'domain_name': None, 'group_ids': [], 'user_id': '9627e93c2f714df7b4c36b0be9340bbd', 'user_domain_id': 'default', 'system_scope': 'all', 'project_id': None, 'project_domain_id': None, 'roles': ['admin', 'manager', 'member', 'reader'], 'is_admin_project': True, 'service_user_id': None, 'service_user_domain_id': None, 'service_project_id': None, 'service_project_domain_id': None, 'service_roles': []} {{(pid=62251) fill_context /opt/stack/keystone/keystone/server/flask/request_processing/middleware/auth_context.py:509}}
Feb 19 14:53:00 ubuntu devstack@keystone.service[62251]: DEBUG keystone.server.flask.request_processing.req_logging [None req-55b3b38c-3564-44a3-9ca4-e88137dc7ebc None admin] REQUEST_METHOD: `GET` {{(pid=62251) log_request_info /opt/stack/keystone/keystone/server/flask/request_processing/req_logging.py:26}}
Feb 19 14:53:00 ubuntu devstack@keystone.service[62251]: DEBUG keystone.server.flask.request_processing.req_logging [None req-55b3b38c-3564-44a3-9ca4-e88137dc7ebc None admin] SCRIPT_NAME: `/identity` {{(pid=62251) log_request_info /opt/stack/keystone/keystone/server/flask/request_processing/req_logging.py:27}}
Feb 19 14:53:00 ubuntu devstack@keystone.service[62251]: DEBUG keystone.server.flask.request_processing.req_logging [None req-55b3b38c-3564-44a3-9ca4-e88137dc7ebc None admin] PATH_INFO: `/v3/roles/admin` {{(pid=62251) log_request_info /opt/stack/keystone/keystone/server/flask/request_processing/req_logging.py:28}}
Feb 19 14:53:00 ubuntu devstack@keystone.service[62251]: DEBUG keystone.common.rbac_enforcer.enforcer [None req-55b3b38c-3564-44a3-9ca4-e88137dc7ebc None admin] Extracting inferred target data resulted in "NOT FOUND (404)". {{(pid=62251) enforce_call /opt/stack/keystone/keystone/common/rbac_enforcer/enforcer.py:445}}
Feb 19 14:53:00 ubuntu devstack@keystone.service[62251]: DEBUG keystone.server.flask.application [None req-55b3b38c-3564-44a3-9ca4-e88137dc7ebc None admin] Could not find role: admin. {{(pid=62251) _handle_keystone_exception /opt/stack/keystone/keystone/server/flask/application.py:146}}
Feb 19 14:53:00 ubuntu devstack@keystone.service[62251]: [pid: 62251|app: 0|req: 16/31] 10.120.125.136 () {58 vars in 1164 bytes} [Thu Feb 19 14:53:00 2026] GET /identity/v3/roles/admin => generated 83 bytes in 66 msecs (HTTP/1.1 404) 5 headers in 183 bytes (1 switches on core 0)
Feb 19 14:53:00 ubuntu devstack@keystone.service[62250]: [pid: 62250|app: 0|req: 16/32] 10.120.125.136 () {60 vars in 1048 bytes} [Thu Feb 19 14:53:00 2026] POST /identity/v3/auth/tokens => generated 863 bytes in 71 msecs (HTTP/1.1 201) 6 headers in 363 bytes (1 switches on core 0)
Feb 19 14:53:00 ubuntu devstack@keystone.service[62251]: DEBUG keystone.server.flask.request_processing.middleware.auth_context [None req-55b3b38c-3564-44a3-9ca4-e88137dc7ebc None admin] Authenticating user token {{(pid=62251) process_request /opt/stack/data/venv/lib/python3.12/site-packages/keystonemiddleware/auth_token/__init__.py:407}}
Feb 19 14:53:00 ubuntu devstack@keystone.service[62250]: DEBUG keystone.server.flask.request_processing.req_logging [None req-beba3f0c-f4b0-4d81-a078-13ec9e9b8d2c None None] REQUEST_METHOD: `POST` {{(pid=62250) log_request_info /opt/stack/keystone/keystone/server/flask/request_processing/req_logging.py:26}}
Feb 19 14:53:00 ubuntu devstack@keystone.service[62250]: DEBUG keystone.server.flask.request_processing.req_logging [None req-beba3f0c-f4b0-4d81-a078-13ec9e9b8d2c None None] SCRIPT_NAME: `/identity` {{(pid=62250) log_request_info /opt/stack/keystone/keystone/server/flask/request_processing/req_logging.py:27}}
Feb 19 14:53:00 ubuntu devstack@keystone.service[62250]: DEBUG keystone.server.flask.request_processing.req_logging [None req-beba3f0c-f4b0-4d81-a078-13ec9e9b8d2c None None] PATH_INFO: `/v3/auth/tokens` {{(pid=62250) log_request_info /opt/stack/keystone/keystone/server/flask/request_processing/req_logging.py:28}}
Feb 19 14:53:00 ubuntu devstack@keystone.service[62250]: WARNING keystone.common.password_hashing [None req-beba3f0c-f4b0-4d81-a078-13ec9e9b8d2c None None] Truncating password to algorithm specific maximum length 72 characters.
Feb 19 14:53:00 ubuntu devstack@keystone.service[62251]: DEBUG keystone.server.flask.request_processing.middleware.auth_context [None req-55b3b38c-3564-44a3-9ca4-e88137dc7ebc None admin] Validating token access rules against request {{(pid=62251) validate_allowed_request /opt/stack/data/venv/lib/python3.12/site-packages/keystonemiddleware/auth_token/__init__.py:545}}
Feb 19 14:53:00 ubuntu devstack@keystone.service[62250]: DEBUG keystone.auth.core [None req-beba3f0c-f4b0-4d81-a078-13ec9e9b8d2c None None] MFA Rules not processed for user `9627e93c2f714df7b4c36b0be9340bbd`. Rule list: `[]` (Enabled: `True`). {{(pid=62250) check_auth_methods_against_rules /opt/stack/keystone/keystone/auth/core.py:476}}
Feb 19 14:53:00 ubuntu devstack@keystone.service[62250]: DEBUG keystone.common.fernet_utils [None req-beba3f0c-f4b0-4d81-a078-13ec9e9b8d2c None None] Loaded 2 Fernet keys from /etc/keystone/fernet-keys/, but `[fernet_tokens] max_active_keys = 3`; perhaps there have not been enough key rotations to reach `max_active_keys` yet? {{(pid=62250) load_keys /opt/stack/keystone/keystone/common/fernet_utils.py:297}}
Feb 19 14:53:00 ubuntu devstack@keystone.service[62251]: DEBUG keystone.server.flask.request_processing.middleware.auth_context [None req-64455531-9b56-4e5e-ab3a-64622fa006d6 None admin] RBAC: auth_context: {'token': <TokenModel (audit_id=eg0_v8t4RHuRn8wiq3Yu7A, audit_chain_id=['eg0_v8t4RHuRn8wiq3Yu7A']) at 0x71e9a2582930>, 'domain_id': None, 'trust_id': None, 'trustor_id': None, 'trustee_id': None, 'domain_name': None, 'group_ids': [], 'user_id': '9627e93c2f714df7b4c36b0be9340bbd', 'user_domain_id': 'default', 'system_scope': 'all', 'project_id': None, 'project_domain_id': None, 'roles': ['admin', 'manager', 'member', 'reader'], 'is_admin_project': True, 'service_user_id': None, 'service_user_domain_id': None, 'service_project_id': None, 'service_project_domain_id': None, 'service_roles': []} {{(pid=62251) fill_context /opt/stack/keystone/keystone/server/flask/request_processing/middleware/auth_context.py:509}}
Feb 19 14:53:00 ubuntu devstack@keystone.service[62251]: DEBUG keystone.server.flask.request_processing.req_logging [None req-64455531-9b56-4e5e-ab3a-64622fa006d6 None admin] REQUEST_METHOD: `GET` {{(pid=62251) log_request_info /opt/stack/keystone/keystone/server/flask/request_processing/req_logging.py:26}}
Feb 19 14:53:00 ubuntu devstack@keystone.service[62251]: DEBUG keystone.server.flask.request_processing.req_logging [None req-64455531-9b56-4e5e-ab3a-64622fa006d6 None admin] SCRIPT_NAME: `/identity` {{(pid=62251) log_request_info /opt/stack/keystone/keystone/server/flask/request_processing/req_logging.py:27}}
Feb 19 14:53:00 ubuntu devstack@keystone.service[62251]: DEBUG keystone.server.flask.request_processing.req_logging [None req-64455531-9b56-4e5e-ab3a-64622fa006d6 None admin] PATH_INFO: `/v3/roles` {{(pid=62251) log_request_info /opt/stack/keystone/keystone/server/flask/request_processing/req_logging.py:28}}
Feb 19 14:53:00 ubuntu devstack@keystone.service[62251]: DEBUG keystone.common.rbac_enforcer.enforcer [None req-64455531-9b56-4e5e-ab3a-64622fa006d6 None admin] RBAC: Adding query filter params (name=admin) {{(pid=62251) _extract_filter_values /opt/stack/keystone/keystone/common/rbac_enforcer/enforcer.py:176}}
Feb 19 14:53:00 ubuntu devstack@keystone.service[62251]: DEBUG keystone.common.rbac_enforcer.enforcer [None req-64455531-9b56-4e5e-ab3a-64622fa006d6 None admin] RBAC: Authorizing `identity:list_roles()` {{(pid=62251) enforce_call /opt/stack/keystone/keystone/common/rbac_enforcer/enforcer.py:494}}
Feb 19 14:53:00 ubuntu devstack@keystone.service[62251]: DEBUG keystone.common.rbac_enforcer.enforcer [None req-64455531-9b56-4e5e-ab3a-64622fa006d6 None admin] RBAC: Authorization granted {{(pid=62251) enforce_call /opt/stack/keystone/keystone/common/rbac_enforcer/enforcer.py:505}}
Feb 19 14:53:00 ubuntu devstack@keystone.service[62251]: [pid: 62251|app: 0|req: 17/33] 10.120.125.136 () {58 vars in 1180 bytes} [Thu Feb 19 14:53:00 2026] GET /identity/v3/roles?name=admin => generated 341 bytes in 80 msecs (HTTP/1.1 200) 5 headers in 177 bytes (1 switches on core 0)
Feb 19 14:53:00 ubuntu devstack@keystone.service[62250]: [pid: 62250|app: 0|req: 17/34] 10.120.125.136 () {60 vars in 1048 bytes} [Thu Feb 19 14:53:00 2026] POST /identity/v3/auth/tokens => generated 863 bytes in 61 msecs (HTTP/1.1 201) 6 headers in 363 bytes (1 switches on core 0)
Feb 19 14:53:00 ubuntu devstack@keystone.service[62251]: DEBUG keystone.server.flask.request_processing.middleware.auth_context [None req-64455531-9b56-4e5e-ab3a-64622fa006d6 None admin] Authenticating user token {{(pid=62251) process_request /opt/stack/data/venv/lib/python3.12/site-packages/keystonemiddleware/auth_token/__init__.py:407}}
Feb 19 14:53:00 ubuntu devstack@keystone.service[62251]: DEBUG keystone.server.flask.request_processing.middleware.auth_context [None req-64455531-9b56-4e5e-ab3a-64622fa006d6 None admin] Validating token access rules against request {{(pid=62251) validate_allowed_request /opt/stack/data/venv/lib/python3.12/site-packages/keystonemiddleware/auth_token/__init__.py:545}}
Feb 19 14:53:00 ubuntu devstack@keystone.service[62250]: DEBUG keystone.server.flask.request_processing.middleware.auth_context [None req-beba3f0c-f4b0-4d81-a078-13ec9e9b8d2c None None] Authenticating user token {{(pid=62250) process_request /opt/stack/data/venv/lib/python3.12/site-packages/keystonemiddleware/auth_token/__init__.py:407}}
Feb 19 14:53:00 ubuntu devstack@keystone.service[62251]: DEBUG keystone.server.flask.request_processing.middleware.auth_context [None req-6089ef97-72a0-4b1a-98fc-34603c009db2 None admin] RBAC: auth_context: {'token': <TokenModel (audit_id=eg0_v8t4RHuRn8wiq3Yu7A, audit_chain_id=['eg0_v8t4RHuRn8wiq3Yu7A']) at 0x71e9a2583230>, 'domain_id': None, 'trust_id': None, 'trustor_id': None, 'trustee_id': None, 'domain_name': None, 'group_ids': [], 'user_id': '9627e93c2f714df7b4c36b0be9340bbd', 'user_domain_id': 'default', 'system_scope': 'all', 'project_id': None, 'project_domain_id': None, 'roles': ['admin', 'manager', 'member', 'reader'], 'is_admin_project': True, 'service_user_id': None, 'service_user_domain_id': None, 'service_project_id': None, 'service_project_domain_id': None, 'service_roles': []} {{(pid=62251) fill_context /opt/stack/keystone/keystone/server/flask/request_processing/middleware/auth_context.py:509}}
Feb 19 14:53:00 ubuntu devstack@keystone.service[62251]: DEBUG keystone.server.flask.request_processing.req_logging [None req-6089ef97-72a0-4b1a-98fc-34603c009db2 None admin] REQUEST_METHOD: `GET` {{(pid=62251) log_request_info /opt/stack/keystone/keystone/server/flask/request_processing/req_logging.py:26}}
Feb 19 14:53:00 ubuntu devstack@keystone.service[62251]: DEBUG keystone.server.flask.request_processing.req_logging [None req-6089ef97-72a0-4b1a-98fc-34603c009db2 None admin] SCRIPT_NAME: `/identity` {{(pid=62251) log_request_info /opt/stack/keystone/keystone/server/flask/request_processing/req_logging.py:27}}
Feb 19 14:53:00 ubuntu devstack@keystone.service[62251]: DEBUG keystone.server.flask.request_processing.req_logging [None req-6089ef97-72a0-4b1a-98fc-34603c009db2 None admin] PATH_INFO: `/v3/users/9627e93c2f714df7b4c36b0be9340bbd` {{(pid=62251) log_request_info /opt/stack/keystone/keystone/server/flask/request_processing/req_logging.py:28}}
Feb 19 14:53:00 ubuntu devstack@keystone.service[62251]: DEBUG keystone.common.rbac_enforcer.enforcer [None req-6089ef97-72a0-4b1a-98fc-34603c009db2 None admin] RBAC: Authorizing `identity:get_user(user_id=9627e93c2f714df7b4c36b0be9340bbd)` {{(pid=62251) enforce_call /opt/stack/keystone/keystone/common/rbac_enforcer/enforcer.py:494}}
Feb 19 14:53:00 ubuntu devstack@keystone.service[62251]: DEBUG keystone.common.rbac_enforcer.enforcer [None req-6089ef97-72a0-4b1a-98fc-34603c009db2 None admin] RBAC: Authorization granted {{(pid=62251) enforce_call /opt/stack/keystone/keystone/common/rbac_enforcer/enforcer.py:505}}
Feb 19 14:53:00 ubuntu devstack@keystone.service[62251]: [pid: 62251|app: 0|req: 18/35] 10.120.125.136 () {58 vars in 1245 bytes} [Thu Feb 19 14:53:00 2026] GET /identity/v3/users/9627e93c2f714df7b4c36b0be9340bbd => generated 248 bytes in 70 msecs (HTTP/1.1 200) 5 headers in 177 bytes (1 switches on core 0)
Feb 19 14:53:00 ubuntu devstack@keystone.service[62251]: DEBUG keystone.server.flask.request_processing.req_logging [None req-64d22b5b-80aa-4c74-ae95-5202a6baf0fe None None] REQUEST_METHOD: `GET` {{(pid=62251) log_request_info /opt/stack/keystone/keystone/server/flask/request_processing/req_logging.py:26}}
Feb 19 14:53:00 ubuntu devstack@keystone.service[62251]: DEBUG keystone.server.flask.request_processing.req_logging [None req-64d22b5b-80aa-4c74-ae95-5202a6baf0fe None None] SCRIPT_NAME: `/identity` {{(pid=62251) log_request_info /opt/stack/keystone/keystone/server/flask/request_processing/req_logging.py:27}}
Feb 19 14:53:00 ubuntu devstack@keystone.service[62251]: DEBUG keystone.server.flask.request_processing.req_logging [None req-64d22b5b-80aa-4c74-ae95-5202a6baf0fe None None] PATH_INFO: `/` {{(pid=62251) log_request_info /opt/stack/keystone/keystone/server/flask/request_processing/req_logging.py:28}}
Feb 19 14:53:00 ubuntu devstack@keystone.service[62251]: [pid: 62251|app: 0|req: 19/36] 10.120.125.136 () {56 vars in 951 bytes} [Thu Feb 19 14:53:00 2026] GET /identity => generated 271 bytes in 4 msecs (HTTP/1.1 300) 6 headers in 235 bytes (1 switches on core 0)
Feb 19 14:53:00 ubuntu devstack@keystone.service[62251]: DEBUG keystone.server.flask.request_processing.middleware.auth_context [None req-64d22b5b-80aa-4c74-ae95-5202a6baf0fe None None] Authenticating user token {{(pid=62251) process_request /opt/stack/data/venv/lib/python3.12/site-packages/keystonemiddleware/auth_token/__init__.py:407}}
Feb 19 14:53:00 ubuntu devstack@keystone.service[62250]: DEBUG keystone.server.flask.request_processing.middleware.auth_context [None req-beba3f0c-f4b0-4d81-a078-13ec9e9b8d2c None None] Validating token access rules against request {{(pid=62250) validate_allowed_request /opt/stack/data/venv/lib/python3.12/site-packages/keystonemiddleware/auth_token/__init__.py:545}}
Feb 19 14:53:00 ubuntu devstack@keystone.service[62250]: DEBUG keystone.server.flask.request_processing.middleware.auth_context [None req-61314619-89d5-407c-b408-34127082ddf0 None admin] RBAC: auth_context: {'token': <TokenModel (audit_id=tA-940GZRMeSI3IH0L7hlg, audit_chain_id=['tA-940GZRMeSI3IH0L7hlg']) at 0x71e9a1fcc860>, 'domain_id': None, 'trust_id': None, 'trustor_id': None, 'trustee_id': None, 'domain_name': None, 'group_ids': [], 'user_id': '9627e93c2f714df7b4c36b0be9340bbd', 'user_domain_id': 'default', 'system_scope': 'all', 'project_id': None, 'project_domain_id': None, 'roles': ['admin', 'manager', 'member', 'reader'], 'is_admin_project': True, 'service_user_id': None, 'service_user_domain_id': None, 'service_project_id': None, 'service_project_domain_id': None, 'service_roles': []} {{(pid=62250) fill_context /opt/stack/keystone/keystone/server/flask/request_processing/middleware/auth_context.py:509}}
Feb 19 14:53:00 ubuntu devstack@keystone.service[62250]: DEBUG keystone.server.flask.request_processing.req_logging [None req-61314619-89d5-407c-b408-34127082ddf0 None admin] REQUEST_METHOD: `POST` {{(pid=62250) log_request_info /opt/stack/keystone/keystone/server/flask/request_processing/req_logging.py:26}}
Feb 19 14:53:00 ubuntu devstack@keystone.service[62250]: DEBUG keystone.server.flask.request_processing.req_logging [None req-61314619-89d5-407c-b408-34127082ddf0 None admin] SCRIPT_NAME: `/identity` {{(pid=62250) log_request_info /opt/stack/keystone/keystone/server/flask/request_processing/req_logging.py:27}}
Feb 19 14:53:00 ubuntu devstack@keystone.service[62250]: DEBUG keystone.server.flask.request_processing.req_logging [None req-61314619-89d5-407c-b408-34127082ddf0 None admin] PATH_INFO: `/v3/roles` {{(pid=62250) log_request_info /opt/stack/keystone/keystone/server/flask/request_processing/req_logging.py:28}}
Feb 19 14:53:00 ubuntu devstack@keystone.service[62250]: DEBUG keystone.common.rbac_enforcer.enforcer [None req-61314619-89d5-407c-b408-34127082ddf0 None admin] RBAC: Authorizing `identity:create_role()` {{(pid=62250) enforce_call /opt/stack/keystone/keystone/common/rbac_enforcer/enforcer.py:494}}
Feb 19 14:53:00 ubuntu devstack@keystone.service[62250]: DEBUG keystone.common.rbac_enforcer.enforcer [None req-61314619-89d5-407c-b408-34127082ddf0 None admin] RBAC: Authorization granted {{(pid=62250) enforce_call /opt/stack/keystone/keystone/common/rbac_enforcer/enforcer.py:505}}
Feb 19 14:53:00 ubuntu devstack@keystone.service[62251]: DEBUG keystone.server.flask.request_processing.middleware.auth_context [None req-64d22b5b-80aa-4c74-ae95-5202a6baf0fe None None] Validating token access rules against request {{(pid=62251) validate_allowed_request /opt/stack/data/venv/lib/python3.12/site-packages/keystonemiddleware/auth_token/__init__.py:545}}
Feb 19 14:53:00 ubuntu devstack@keystone.service[62250]: DEBUG keystone.common.sql.core [None req-61314619-89d5-407c-b408-34127082ddf0 None admin] Conflict role: (pymysql.err.IntegrityError) (1062, "Duplicate entry 'service-<<null>>' for key 'role.ixu_role_name_domain_id'")
Feb 19 14:53:00 ubuntu devstack@keystone.service[62250]: [SQL: INSERT INTO `role` (id, name, description, extra) VALUES (%(id)s, %(name)s, %(description)s, %(extra)s)]
Feb 19 14:53:00 ubuntu devstack@keystone.service[62250]: [parameters: {'id': 'ebe71883c5aa412194d6dca9119e6226', 'name': 'service', 'description': None, 'extra': '{}'}]
Feb 19 14:53:00 ubuntu devstack@keystone.service[62250]: (Background on this error at: https://sqlalche.me/e/20/gkpj) {{(pid=62250) wrapper /opt/stack/keystone/keystone/common/sql/core.py:580}}
Feb 19 14:53:00 ubuntu devstack@keystone.service[62250]: ERROR keystone.server.flask.application [None req-61314619-89d5-407c-b408-34127082ddf0 None admin] Conflict occurred attempting to store role - Duplicate entry found with name service.: keystone.exception.Conflict: Conflict occurred attempting to store role - Duplicate entry found with name service.
Feb 19 14:53:00 ubuntu devstack@keystone.service[62250]: ERROR keystone.server.flask.application Traceback (most recent call last):
Feb 19 14:53:00 ubuntu devstack@keystone.service[62250]: ERROR keystone.server.flask.application   File "/opt/stack/data/venv/lib/python3.12/site-packages/sqlalchemy/engine/base.py", line 1967, in _exec_single_context
Feb 19 14:53:00 ubuntu devstack@keystone.service[62250]: ERROR keystone.server.flask.application     self.dialect.do_execute(
Feb 19 14:53:00 ubuntu devstack@keystone.service[62250]: ERROR keystone.server.flask.application   File "/opt/stack/data/venv/lib/python3.12/site-packages/sqlalchemy/engine/default.py", line 951, in do_execute
Feb 19 14:53:00 ubuntu devstack@keystone.service[62250]: ERROR keystone.server.flask.application     cursor.execute(statement, parameters)
Feb 19 14:53:00 ubuntu devstack@keystone.service[62250]: ERROR keystone.server.flask.application   File "/opt/stack/data/venv/lib/python3.12/site-packages/pymysql/cursors.py", line 153, in execute
Feb 19 14:53:00 ubuntu devstack@keystone.service[62250]: ERROR keystone.server.flask.application     result = self._query(query)
Feb 19 14:53:00 ubuntu devstack@keystone.service[62250]: ERROR keystone.server.flask.application              ^^^^^^^^^^^^^^^^^^
Feb 19 14:53:00 ubuntu devstack@keystone.service[62250]: ERROR keystone.server.flask.application   File "/opt/stack/data/venv/lib/python3.12/site-packages/pymysql/cursors.py", line 322, in _query
Feb 19 14:53:00 ubuntu devstack@keystone.service[62250]: ERROR keystone.server.flask.application     conn.query(q)
Feb 19 14:53:00 ubuntu devstack@keystone.service[62250]: ERROR keystone.server.flask.application   File "/opt/stack/data/venv/lib/python3.12/site-packages/pymysql/connections.py", line 575, in query
Feb 19 14:53:00 ubuntu devstack@keystone.service[62250]: ERROR keystone.server.flask.application     self._affected_rows = self._read_query_result(unbuffered=unbuffered)
Feb 19 14:53:00 ubuntu devstack@keystone.service[62250]: ERROR keystone.server.flask.application                           ^^^^^^^^^^^^^^^^^^^^^^^^^^^^^^^^^^^^^^^^^^^^^^
Feb 19 14:53:00 ubuntu devstack@keystone.service[62250]: ERROR keystone.server.flask.application   File "/opt/stack/data/venv/lib/python3.12/site-packages/pymysql/connections.py", line 826, in _read_query_result
Feb 19 14:53:00 ubuntu devstack@keystone.service[62250]: ERROR keystone.server.flask.application     result.read()
Feb 19 14:53:00 ubuntu devstack@keystone.service[62250]: ERROR keystone.server.flask.application   File "/opt/stack/data/venv/lib/python3.12/site-packages/pymysql/connections.py", line 1203, in read
Feb 19 14:53:00 ubuntu devstack@keystone.service[62250]: ERROR keystone.server.flask.application     first_packet = self.connection._read_packet()
Feb 19 14:53:00 ubuntu devstack@keystone.service[62250]: ERROR keystone.server.flask.application                    ^^^^^^^^^^^^^^^^^^^^^^^^^^^^^^
Feb 19 14:53:00 ubuntu devstack@keystone.service[62250]: ERROR keystone.server.flask.application   File "/opt/stack/data/venv/lib/python3.12/site-packages/pymysql/connections.py", line 782, in _read_packet
Feb 19 14:53:00 ubuntu devstack@keystone.service[62250]: ERROR keystone.server.flask.application     packet.raise_for_error()
Feb 19 14:53:00 ubuntu devstack@keystone.service[62250]: ERROR keystone.server.flask.application   File "/opt/stack/data/venv/lib/python3.12/site-packages/pymysql/protocol.py", line 219, in raise_for_error
Feb 19 14:53:00 ubuntu devstack@keystone.service[62250]: ERROR keystone.server.flask.application     err.raise_mysql_exception(self._data)
Feb 19 14:53:00 ubuntu devstack@keystone.service[62250]: ERROR keystone.server.flask.application   File "/opt/stack/data/venv/lib/python3.12/site-packages/pymysql/err.py", line 150, in raise_mysql_exception
Feb 19 14:53:00 ubuntu devstack@keystone.service[62250]: ERROR keystone.server.flask.application     raise errorclass(errno, errval)
Feb 19 14:53:00 ubuntu devstack@keystone.service[62250]: ERROR keystone.server.flask.application pymysql.err.IntegrityError: (1062, "Duplicate entry 'service-<<null>>' for key 'role.ixu_role_name_domain_id'")
Feb 19 14:53:00 ubuntu devstack@keystone.service[62250]: ERROR keystone.server.flask.application 
Feb 19 14:53:00 ubuntu devstack@keystone.service[62250]: ERROR keystone.server.flask.application The above exception was the direct cause of the following exception:
Feb 19 14:53:00 ubuntu devstack@keystone.service[62250]: ERROR keystone.server.flask.application 
Feb 19 14:53:00 ubuntu devstack@keystone.service[62250]: ERROR keystone.server.flask.application Traceback (most recent call last):
Feb 19 14:53:00 ubuntu devstack@keystone.service[62250]: ERROR keystone.server.flask.application   File "/opt/stack/keystone/keystone/common/sql/core.py", line 575, in wrapper
Feb 19 14:53:00 ubuntu devstack@keystone.service[62250]: ERROR keystone.server.flask.application     return method(*args, **kwargs)
Feb 19 14:53:00 ubuntu devstack@keystone.service[62250]: ERROR keystone.server.flask.application            ^^^^^^^^^^^^^^^^^^^^^^^
Feb 19 14:53:00 ubuntu devstack@keystone.service[62250]: ERROR keystone.server.flask.application   File "/opt/stack/keystone/keystone/assignment/role_backends/sql.py", line 25, in create_role
Feb 19 14:53:00 ubuntu devstack@keystone.service[62250]: ERROR keystone.server.flask.application     with sql.session_for_write() as session:
Feb 19 14:53:00 ubuntu devstack@keystone.service[62250]: ERROR keystone.server.flask.application   File "/usr/lib/python3.12/contextlib.py", line 144, in __exit__
Feb 19 14:53:00 ubuntu devstack@keystone.service[62250]: ERROR keystone.server.flask.application     next(self.gen)
Feb 19 14:53:00 ubuntu devstack@keystone.service[62250]: ERROR keystone.server.flask.application   File "/opt/stack/data/venv/lib/python3.12/site-packages/oslo_db/sqlalchemy/enginefacade.py", line 1175, in _transaction_scope
Feb 19 14:53:00 ubuntu devstack@keystone.service[62250]: ERROR keystone.server.flask.application     with current._produce_block(
Feb 19 14:53:00 ubuntu devstack@keystone.service[62250]: ERROR keystone.server.flask.application   File "/usr/lib/python3.12/contextlib.py", line 144, in __exit__
Feb 19 14:53:00 ubuntu devstack@keystone.service[62250]: ERROR keystone.server.flask.application     next(self.gen)
Feb 19 14:53:00 ubuntu devstack@keystone.service[62250]: ERROR keystone.server.flask.application   File "/opt/stack/data/venv/lib/python3.12/site-packages/oslo_db/sqlalchemy/enginefacade.py", line 837, in _session
Feb 19 14:53:00 ubuntu devstack@keystone.service[62250]: ERROR keystone.server.flask.application     with excutils.save_and_reraise_exception():
Feb 19 14:53:00 ubuntu devstack@keystone.service[62250]: ERROR keystone.server.flask.application   File "/opt/stack/data/venv/lib/python3.12/site-packages/oslo_utils/excutils.py", line 256, in __exit__
Feb 19 14:53:00 ubuntu devstack@keystone.service[62250]: ERROR keystone.server.flask.application     self.force_reraise()
Feb 19 14:53:00 ubuntu devstack@keystone.service[62250]: ERROR keystone.server.flask.application   File "/opt/stack/data/venv/lib/python3.12/site-packages/oslo_utils/excutils.py", line 222, in force_reraise
Feb 19 14:53:00 ubuntu devstack@keystone.service[62250]: ERROR keystone.server.flask.application     raise self.value
Feb 19 14:53:00 ubuntu devstack@keystone.service[62250]: ERROR keystone.server.flask.application   File "/opt/stack/data/venv/lib/python3.12/site-packages/oslo_db/sqlalchemy/enginefacade.py", line 835, in _session
Feb 19 14:53:00 ubuntu devstack@keystone.service[62250]: ERROR keystone.server.flask.application     self._end_session_transaction(self.session)
Feb 19 14:53:00 ubuntu devstack@keystone.service[62250]: ERROR keystone.server.flask.application   File "/opt/stack/data/venv/lib/python3.12/site-packages/oslo_db/sqlalchemy/enginefacade.py", line 748, in _end_session_transaction
Feb 19 14:53:00 ubuntu devstack@keystone.service[62250]: ERROR keystone.server.flask.application     session.commit()
Feb 19 14:53:00 ubuntu devstack@keystone.service[62250]: ERROR keystone.server.flask.application   File "/opt/stack/data/venv/lib/python3.12/site-packages/sqlalchemy/orm/session.py", line 2030, in commit
Feb 19 14:53:00 ubuntu devstack@keystone.service[62250]: ERROR keystone.server.flask.application     trans.commit(_to_root=True)
Feb 19 14:53:00 ubuntu devstack@keystone.service[62250]: ERROR keystone.server.flask.application   File "<string>", line 2, in commit
Feb 19 14:53:00 ubuntu devstack@keystone.service[62250]: ERROR keystone.server.flask.application   File "/opt/stack/data/venv/lib/python3.12/site-packages/sqlalchemy/orm/state_changes.py", line 137, in _go
Feb 19 14:53:00 ubuntu devstack@keystone.service[62250]: ERROR keystone.server.flask.application     ret_value = fn(self, *arg, **kw)
Feb 19 14:53:00 ubuntu devstack@keystone.service[62250]: ERROR keystone.server.flask.application                 ^^^^^^^^^^^^^^^^^^^^
Feb 19 14:53:00 ubuntu devstack@keystone.service[62250]: ERROR keystone.server.flask.application   File "/opt/stack/data/venv/lib/python3.12/site-packages/sqlalchemy/orm/session.py", line 1311, in commit
Feb 19 14:53:00 ubuntu devstack@keystone.service[62250]: ERROR keystone.server.flask.application     self._prepare_impl()
Feb 19 14:53:00 ubuntu devstack@keystone.service[62250]: ERROR keystone.server.flask.application   File "<string>", line 2, in _prepare_impl
Feb 19 14:53:00 ubuntu devstack@keystone.service[62250]: ERROR keystone.server.flask.application   File "/opt/stack/data/venv/lib/python3.12/site-packages/sqlalchemy/orm/state_changes.py", line 137, in _go
Feb 19 14:53:00 ubuntu devstack@keystone.service[62250]: ERROR keystone.server.flask.application     ret_value = fn(self, *arg, **kw)
Feb 19 14:53:00 ubuntu devstack@keystone.service[62250]: ERROR keystone.server.flask.application                 ^^^^^^^^^^^^^^^^^^^^
Feb 19 14:53:00 ubuntu devstack@keystone.service[62250]: ERROR keystone.server.flask.application   File "/opt/stack/data/venv/lib/python3.12/site-packages/sqlalchemy/orm/session.py", line 1286, in _prepare_impl
Feb 19 14:53:00 ubuntu devstack@keystone.service[62250]: ERROR keystone.server.flask.application     self.session.flush()
Feb 19 14:53:00 ubuntu devstack@keystone.service[62250]: ERROR keystone.server.flask.application   File "/opt/stack/data/venv/lib/python3.12/site-packages/sqlalchemy/orm/session.py", line 4331, in flush
Feb 19 14:53:00 ubuntu devstack@keystone.service[62250]: ERROR keystone.server.flask.application     self._flush(objects)
Feb 19 14:53:00 ubuntu devstack@keystone.service[62250]: ERROR keystone.server.flask.application   File "/opt/stack/data/venv/lib/python3.12/site-packages/sqlalchemy/orm/session.py", line 4466, in _flush
Feb 19 14:53:00 ubuntu devstack@keystone.service[62250]: ERROR keystone.server.flask.application     with util.safe_reraise():
Feb 19 14:53:00 ubuntu devstack@keystone.service[62250]: ERROR keystone.server.flask.application   File "/opt/stack/data/venv/lib/python3.12/site-packages/sqlalchemy/util/langhelpers.py", line 224, in __exit__
Feb 19 14:53:00 ubuntu devstack@keystone.service[62250]: ERROR keystone.server.flask.application     raise exc_value.with_traceback(exc_tb)
