Feb 27 04:31:25 ubuntu cinder-volume[119715]: DEBUG oslo_service.backend._eventlet.service [None req-6107f4f8-e433-4ec4-ad51-44a5674a7449 None None] vault.kv_mountpoint            = secret {{(pid=119715) log_opt_values /opt/stack/data/venv/lib/python3.12/site-packages/oslo_config/cfg.py:3006}}
Feb 27 04:31:25 ubuntu cinder-volume[119715]: DEBUG oslo_service.backend._eventlet.service [None req-6107f4f8-e433-4ec4-ad51-44a5674a7449 None None] vault.kv_path                  = None {{(pid=119715) log_opt_values /opt/stack/data/venv/lib/python3.12/site-packages/oslo_config/cfg.py:3006}}
Feb 27 04:31:25 ubuntu cinder-volume[119715]: DEBUG oslo_service.backend._eventlet.service [None req-6107f4f8-e433-4ec4-ad51-44a5674a7449 None None] vault.kv_version               = 2 {{(pid=119715) log_opt_values /opt/stack/data/venv/lib/python3.12/site-packages/oslo_config/cfg.py:3006}}
Feb 27 04:31:25 ubuntu cinder-volume[119715]: DEBUG oslo_service.backend._eventlet.service [None req-6107f4f8-e433-4ec4-ad51-44a5674a7449 None None] vault.namespace                = None {{(pid=119715) log_opt_values /opt/stack/data/venv/lib/python3.12/site-packages/oslo_config/cfg.py:3006}}
Feb 27 04:31:25 ubuntu cinder-volume[119715]: DEBUG oslo_service.backend._eventlet.service [None req-6107f4f8-e433-4ec4-ad51-44a5674a7449 None None] vault.root_token_id            = **** {{(pid=119715) log_opt_values /opt/stack/data/venv/lib/python3.12/site-packages/oslo_config/cfg.py:3006}}
Feb 27 04:31:25 ubuntu cinder-volume[119715]: DEBUG oslo_service.backend._eventlet.service [None req-6107f4f8-e433-4ec4-ad51-44a5674a7449 None None] vault.ssl_ca_crt_file          = None {{(pid=119715) log_opt_values /opt/stack/data/venv/lib/python3.12/site-packages/oslo_config/cfg.py:3006}}
Feb 27 04:31:25 ubuntu cinder-volume[119715]: DEBUG oslo_service.backend._eventlet.service [None req-6107f4f8-e433-4ec4-ad51-44a5674a7449 None None] vault.timeout                  = 60.0 {{(pid=119715) log_opt_values /opt/stack/data/venv/lib/python3.12/site-packages/oslo_config/cfg.py:3006}}
Feb 27 04:31:25 ubuntu cinder-volume[119715]: DEBUG oslo_service.backend._eventlet.service [None req-6107f4f8-e433-4ec4-ad51-44a5674a7449 None None] vault.use_ssl                  = False {{(pid=119715) log_opt_values /opt/stack/data/venv/lib/python3.12/site-packages/oslo_config/cfg.py:3006}}
Feb 27 04:31:25 ubuntu cinder-volume[119715]: DEBUG oslo_service.backend._eventlet.service [None req-6107f4f8-e433-4ec4-ad51-44a5674a7449 None None] vault.vault_url                = http://127.0.0.1:8200 {{(pid=119715) log_opt_values /opt/stack/data/venv/lib/python3.12/site-packages/oslo_config/cfg.py:3006}}
Feb 27 04:31:25 ubuntu cinder-volume[119715]: DEBUG oslo_service.backend._eventlet.service [None req-6107f4f8-e433-4ec4-ad51-44a5674a7449 None None] 3par2.backend_availability_zone = None {{(pid=119715) log_opt_values /opt/stack/data/venv/lib/python3.12/site-packages/oslo_config/cfg.py:3006}}
Feb 27 04:31:25 ubuntu cinder-volume[119715]: DEBUG oslo_service.backend._eventlet.service [None req-6107f4f8-e433-4ec4-ad51-44a5674a7449 None None] 3par2.backend_host             = None {{(pid=119715) log_opt_values /opt/stack/data/venv/lib/python3.12/site-packages/oslo_config/cfg.py:3006}}
Feb 27 04:31:25 ubuntu cinder-volume[119715]: DEBUG oslo_service.backend._eventlet.service [None req-6107f4f8-e433-4ec4-ad51-44a5674a7449 None None] 3par2.backend_native_threads_pool_size = None {{(pid=119715) log_opt_values /opt/stack/data/venv/lib/python3.12/site-packages/oslo_config/cfg.py:3006}}
Feb 27 04:31:25 ubuntu cinder-volume[119715]: DEBUG oslo_service.backend._eventlet.service [None req-6107f4f8-e433-4ec4-ad51-44a5674a7449 None None] 3par2.backup_use_temp_snapshot = None {{(pid=119715) log_opt_values /opt/stack/data/venv/lib/python3.12/site-packages/oslo_config/cfg.py:3006}}
Feb 27 04:31:25 ubuntu cinder-volume[119715]: DEBUG oslo_service.backend._eventlet.service [None req-6107f4f8-e433-4ec4-ad51-44a5674a7449 None None] 3par2.chap_password            = **** {{(pid=119715) log_opt_values /opt/stack/data/venv/lib/python3.12/site-packages/oslo_config/cfg.py:3006}}
Feb 27 04:31:25 ubuntu cinder-volume[119720]: WARNING py.warnings [None req-5ac79031-e096-4b3f-8911-1797423585fa None None] /opt/stack/data/venv/lib/python3.12/site-packages/urllib3/connectionpool.py:1097: InsecureRequestWarning: Unverified HTTPS request is being made to host '10.201.5.12'. Adding certificate verification is strongly advised. See: https://urllib3.readthedocs.io/en/latest/advanced-usage.html#tls-warnings
Feb 27 04:31:25 ubuntu cinder-volume[119720]:   warnings.warn(
Feb 27 04:31:25 ubuntu cinder-volume[119715]: DEBUG oslo_service.backend._eventlet.service [None req-6107f4f8-e433-4ec4-ad51-44a5674a7449 None None] 3par2.chap_username            = None {{(pid=119715) log_opt_values /opt/stack/data/venv/lib/python3.12/site-packages/oslo_config/cfg.py:3006}}
Feb 27 04:31:25 ubuntu cinder-volume[119715]: DEBUG oslo_service.backend._eventlet.service [None req-6107f4f8-e433-4ec4-ad51-44a5674a7449 None None] 3par2.chiscsi_conf             = None {{(pid=119715) log_opt_values /opt/stack/data/venv/lib/python3.12/site-packages/oslo_config/cfg.py:3006}}
Feb 27 04:31:25 ubuntu cinder-volume[119715]: DEBUG oslo_service.backend._eventlet.service [None req-6107f4f8-e433-4ec4-ad51-44a5674a7449 None None] 3par2.disk_geometry            = None {{(pid=119715) log_opt_values /opt/stack/data/venv/lib/python3.12/site-packages/oslo_config/cfg.py:3006}}
Feb 27 04:31:25 ubuntu cinder-volume[119715]: DEBUG oslo_service.backend._eventlet.service [None req-6107f4f8-e433-4ec4-ad51-44a5674a7449 None None] 3par2.driver_client_cert       = None {{(pid=119715) log_opt_values /opt/stack/data/venv/lib/python3.12/site-packages/oslo_config/cfg.py:3006}}
Feb 27 04:31:25 ubuntu cinder-volume[119715]: DEBUG oslo_service.backend._eventlet.service [None req-6107f4f8-e433-4ec4-ad51-44a5674a7449 None None] 3par2.driver_client_cert_key   = None {{(pid=119715) log_opt_values /opt/stack/data/venv/lib/python3.12/site-packages/oslo_config/cfg.py:3006}}
Feb 27 04:31:25 ubuntu cinder-volume[119715]: DEBUG oslo_service.backend._eventlet.service [None req-6107f4f8-e433-4ec4-ad51-44a5674a7449 None None] 3par2.driver_data_namespace    = None {{(pid=119715) log_opt_values /opt/stack/data/venv/lib/python3.12/site-packages/oslo_config/cfg.py:3006}}
Feb 27 04:31:25 ubuntu cinder-volume[119715]: DEBUG oslo_service.backend._eventlet.service [None req-6107f4f8-e433-4ec4-ad51-44a5674a7449 None None] 3par2.driver_ssl_cert_path     = None {{(pid=119715) log_opt_values /opt/stack/data/venv/lib/python3.12/site-packages/oslo_config/cfg.py:3006}}
Feb 27 04:31:25 ubuntu cinder-volume[119715]: DEBUG oslo_service.backend._eventlet.service [None req-6107f4f8-e433-4ec4-ad51-44a5674a7449 None None] 3par2.driver_ssl_cert_verify   = None {{(pid=119715) log_opt_values /opt/stack/data/venv/lib/python3.12/site-packages/oslo_config/cfg.py:3006}}
Feb 27 04:31:25 ubuntu cinder-volume[119715]: DEBUG oslo_service.backend._eventlet.service [None req-6107f4f8-e433-4ec4-ad51-44a5674a7449 None None] 3par2.driver_use_ssl           = None {{(pid=119715) log_opt_values /opt/stack/data/venv/lib/python3.12/site-packages/oslo_config/cfg.py:3006}}
Feb 27 04:31:25 ubuntu cinder-volume[119715]: DEBUG oslo_service.backend._eventlet.service [None req-6107f4f8-e433-4ec4-ad51-44a5674a7449 None None] 3par2.enable_unsupported_driver = None {{(pid=119715) log_opt_values /opt/stack/data/venv/lib/python3.12/site-packages/oslo_config/cfg.py:3006}}
Feb 27 04:31:25 ubuntu cinder-volume[119715]: DEBUG oslo_service.backend._eventlet.service [None req-6107f4f8-e433-4ec4-ad51-44a5674a7449 None None] 3par2.enforce_multipath_for_image_xfer = None {{(pid=119715) log_opt_values /opt/stack/data/venv/lib/python3.12/site-packages/oslo_config/cfg.py:3006}}
Feb 27 04:31:25 ubuntu cinder-volume[119715]: DEBUG oslo_service.backend._eventlet.service [None req-6107f4f8-e433-4ec4-ad51-44a5674a7449 None None] 3par2.extra_capabilities       = None {{(pid=119715) log_opt_values /opt/stack/data/venv/lib/python3.12/site-packages/oslo_config/cfg.py:3006}}
Feb 27 04:31:25 ubuntu cinder-volume[119715]: DEBUG oslo_service.backend._eventlet.service [None req-6107f4f8-e433-4ec4-ad51-44a5674a7449 None None] 3par2.filter_function          = None {{(pid=119715) log_opt_values /opt/stack/data/venv/lib/python3.12/site-packages/oslo_config/cfg.py:3006}}
Feb 27 04:31:25 ubuntu cinder-volume[119715]: DEBUG oslo_service.backend._eventlet.service [None req-6107f4f8-e433-4ec4-ad51-44a5674a7449 None None] 3par2.goodness_function        = None {{(pid=119715) log_opt_values /opt/stack/data/venv/lib/python3.12/site-packages/oslo_config/cfg.py:3006}}
Feb 27 04:31:25 ubuntu cinder-volume[119715]: DEBUG oslo_service.backend._eventlet.service [None req-6107f4f8-e433-4ec4-ad51-44a5674a7449 None None] 3par2.hpe3par_api_url          = https://10.201.5.12/api/v1 {{(pid=119715) log_opt_values /opt/stack/data/venv/lib/python3.12/site-packages/oslo_config/cfg.py:3006}}
Feb 27 04:31:25 ubuntu cinder-volume[119715]: DEBUG oslo_service.backend._eventlet.service [None req-6107f4f8-e433-4ec4-ad51-44a5674a7449 None None] 3par2.hpe3par_cpg              = ['SSD_r6'] {{(pid=119715) log_opt_values /opt/stack/data/venv/lib/python3.12/site-packages/oslo_config/cfg.py:3006}}
Feb 27 04:31:25 ubuntu cinder-volume[119715]: DEBUG oslo_service.backend._eventlet.service [None req-6107f4f8-e433-4ec4-ad51-44a5674a7449 None None] 3par2.hpe3par_cpg_snap         = None {{(pid=119715) log_opt_values /opt/stack/data/venv/lib/python3.12/site-packages/oslo_config/cfg.py:3006}}
Feb 27 04:31:25 ubuntu cinder-volume[119715]: DEBUG oslo_service.backend._eventlet.service [None req-6107f4f8-e433-4ec4-ad51-44a5674a7449 None None] 3par2.hpe3par_debug            = None {{(pid=119715) log_opt_values /opt/stack/data/venv/lib/python3.12/site-packages/oslo_config/cfg.py:3006}}
Feb 27 04:31:25 ubuntu cinder-volume[119715]: DEBUG oslo_service.backend._eventlet.service [None req-6107f4f8-e433-4ec4-ad51-44a5674a7449 None None] 3par2.hpe3par_iscsi_chap_enabled = None {{(pid=119715) log_opt_values /opt/stack/data/venv/lib/python3.12/site-packages/oslo_config/cfg.py:3006}}
Feb 27 04:31:25 ubuntu cinder-volume[119715]: DEBUG oslo_service.backend._eventlet.service [None req-6107f4f8-e433-4ec4-ad51-44a5674a7449 None None] 3par2.hpe3par_iscsi_ips        = ['172.28.66.17'] {{(pid=119715) log_opt_values /opt/stack/data/venv/lib/python3.12/site-packages/oslo_config/cfg.py:3006}}
Feb 27 04:31:25 ubuntu cinder-volume[119715]: DEBUG oslo_service.backend._eventlet.service [None req-6107f4f8-e433-4ec4-ad51-44a5674a7449 None None] 3par2.hpe3par_password         = **** {{(pid=119715) log_opt_values /opt/stack/data/venv/lib/python3.12/site-packages/oslo_config/cfg.py:3006}}
Feb 27 04:31:25 ubuntu cinder-volume[119715]: DEBUG oslo_service.backend._eventlet.service [None req-6107f4f8-e433-4ec4-ad51-44a5674a7449 None None] 3par2.hpe3par_snapshot_expiration = None {{(pid=119715) log_opt_values /opt/stack/data/venv/lib/python3.12/site-packages/oslo_config/cfg.py:3006}}
Feb 27 04:31:25 ubuntu cinder-volume[119715]: DEBUG oslo_service.backend._eventlet.service [None req-6107f4f8-e433-4ec4-ad51-44a5674a7449 None None] 3par2.hpe3par_snapshot_retention = None {{(pid=119715) log_opt_values /opt/stack/data/venv/lib/python3.12/site-packages/oslo_config/cfg.py:3006}}
Feb 27 04:31:25 ubuntu cinder-volume[119715]: DEBUG oslo_service.backend._eventlet.service [None req-6107f4f8-e433-4ec4-ad51-44a5674a7449 None None] 3par2.hpe3par_target_nsp       = None {{(pid=119715) log_opt_values /opt/stack/data/venv/lib/python3.12/site-packages/oslo_config/cfg.py:3006}}
Feb 27 04:31:25 ubuntu cinder-volume[119715]: DEBUG oslo_service.backend._eventlet.service [None req-6107f4f8-e433-4ec4-ad51-44a5674a7449 None None] 3par2.hpe3par_username         = 3paradm {{(pid=119715) log_opt_values /opt/stack/data/venv/lib/python3.12/site-packages/oslo_config/cfg.py:3006}}
Feb 27 04:31:25 ubuntu cinder-volume[119715]: DEBUG oslo_service.backend._eventlet.service [None req-6107f4f8-e433-4ec4-ad51-44a5674a7449 None None] 3par2.image_upload_use_cinder_backend = None {{(pid=119715) log_opt_values /opt/stack/data/venv/lib/python3.12/site-packages/oslo_config/cfg.py:3006}}
Feb 27 04:31:25 ubuntu cinder-volume[119715]: DEBUG oslo_service.backend._eventlet.service [None req-6107f4f8-e433-4ec4-ad51-44a5674a7449 None None] 3par2.image_upload_use_internal_tenant = None {{(pid=119715) log_opt_values /opt/stack/data/venv/lib/python3.12/site-packages/oslo_config/cfg.py:3006}}
Feb 27 04:31:25 ubuntu cinder-volume[119715]: DEBUG oslo_service.backend._eventlet.service [None req-6107f4f8-e433-4ec4-ad51-44a5674a7449 None None] 3par2.image_volume_cache_enabled = None {{(pid=119715) log_opt_values /opt/stack/data/venv/lib/python3.12/site-packages/oslo_config/cfg.py:3006}}
Feb 27 04:31:25 ubuntu cinder-volume[119719]: WARNING py.warnings [None req-a39f5597-167b-40d6-bd29-1005364fb00c None None] /opt/stack/data/venv/lib/python3.12/site-packages/urllib3/connectionpool.py:1097: InsecureRequestWarning: Unverified HTTPS request is being made to host '10.201.5.12'. Adding certificate verification is strongly advised. See: https://urllib3.readthedocs.io/en/latest/advanced-usage.html#tls-warnings
Feb 27 04:31:25 ubuntu cinder-volume[119719]:   warnings.warn(
Feb 27 04:31:25 ubuntu cinder-volume[119715]: DEBUG oslo_service.backend._eventlet.service [None req-6107f4f8-e433-4ec4-ad51-44a5674a7449 None None] 3par2.image_volume_cache_max_count = None {{(pid=119715) log_opt_values /opt/stack/data/venv/lib/python3.12/site-packages/oslo_config/cfg.py:3006}}
Feb 27 04:31:25 ubuntu cinder-volume[119715]: DEBUG oslo_service.backend._eventlet.service [None req-6107f4f8-e433-4ec4-ad51-44a5674a7449 None None] 3par2.image_volume_cache_max_size_gb = None {{(pid=119715) log_opt_values /opt/stack/data/venv/lib/python3.12/site-packages/oslo_config/cfg.py:3006}}
Feb 27 04:31:25 ubuntu cinder-volume[119715]: DEBUG oslo_service.backend._eventlet.service [None req-6107f4f8-e433-4ec4-ad51-44a5674a7449 None None] 3par2.iscsi_target_flags       = None {{(pid=119715) log_opt_values /opt/stack/data/venv/lib/python3.12/site-packages/oslo_config/cfg.py:3006}}
Feb 27 04:31:25 ubuntu cinder-volume[119715]: DEBUG oslo_service.backend._eventlet.service [None req-6107f4f8-e433-4ec4-ad51-44a5674a7449 None None] 3par2.iscsi_write_cache        = None {{(pid=119715) log_opt_values /opt/stack/data/venv/lib/python3.12/site-packages/oslo_config/cfg.py:3006}}
Feb 27 04:31:25 ubuntu cinder-volume[119715]: DEBUG oslo_service.backend._eventlet.service [None req-6107f4f8-e433-4ec4-ad51-44a5674a7449 None None] 3par2.iser_helper              = None {{(pid=119715) log_opt_values /opt/stack/data/venv/lib/python3.12/site-packages/oslo_config/cfg.py:3006}}
Feb 27 04:31:25 ubuntu cinder-volume[119715]: DEBUG oslo_service.backend._eventlet.service [None req-6107f4f8-e433-4ec4-ad51-44a5674a7449 None None] 3par2.iser_ip_address          = None {{(pid=119715) log_opt_values /opt/stack/data/venv/lib/python3.12/site-packages/oslo_config/cfg.py:3006}}
Feb 27 04:31:25 ubuntu cinder-volume[119715]: DEBUG oslo_service.backend._eventlet.service [None req-6107f4f8-e433-4ec4-ad51-44a5674a7449 None None] 3par2.iser_port                = None {{(pid=119715) log_opt_values /opt/stack/data/venv/lib/python3.12/site-packages/oslo_config/cfg.py:3006}}
Feb 27 04:31:25 ubuntu cinder-volume[119715]: DEBUG oslo_service.backend._eventlet.service [None req-6107f4f8-e433-4ec4-ad51-44a5674a7449 None None] 3par2.iser_target_prefix       = None {{(pid=119715) log_opt_values /opt/stack/data/venv/lib/python3.12/site-packages/oslo_config/cfg.py:3006}}
Feb 27 04:31:25 ubuntu cinder-volume[119715]: DEBUG oslo_service.backend._eventlet.service [None req-6107f4f8-e433-4ec4-ad51-44a5674a7449 None None] 3par2.max_over_subscription_ratio = None {{(pid=119715) log_opt_values /opt/stack/data/venv/lib/python3.12/site-packages/oslo_config/cfg.py:3006}}
Feb 27 04:31:25 ubuntu cinder-volume[119715]: DEBUG oslo_service.backend._eventlet.service [None req-6107f4f8-e433-4ec4-ad51-44a5674a7449 None None] 3par2.num_iser_scan_tries      = None {{(pid=119715) log_opt_values /opt/stack/data/venv/lib/python3.12/site-packages/oslo_config/cfg.py:3006}}
Feb 27 04:31:25 ubuntu cinder-volume[119715]: DEBUG oslo_service.backend._eventlet.service [None req-6107f4f8-e433-4ec4-ad51-44a5674a7449 None None] 3par2.num_shell_tries          = None {{(pid=119715) log_opt_values /opt/stack/data/venv/lib/python3.12/site-packages/oslo_config/cfg.py:3006}}
Feb 27 04:31:25 ubuntu cinder-volume[119715]: DEBUG oslo_service.backend._eventlet.service [None req-6107f4f8-e433-4ec4-ad51-44a5674a7449 None None] 3par2.num_volume_device_scan_tries = None {{(pid=119715) log_opt_values /opt/stack/data/venv/lib/python3.12/site-packages/oslo_config/cfg.py:3006}}
Feb 27 04:31:25 ubuntu cinder-volume[119715]: DEBUG oslo_service.backend._eventlet.service [None req-6107f4f8-e433-4ec4-ad51-44a5674a7449 None None] 3par2.nvmeof_conn_info_version = None {{(pid=119715) log_opt_values /opt/stack/data/venv/lib/python3.12/site-packages/oslo_config/cfg.py:3006}}
Feb 27 04:31:25 ubuntu cinder-volume[119715]: DEBUG oslo_service.backend._eventlet.service [None req-6107f4f8-e433-4ec4-ad51-44a5674a7449 None None] 3par2.nvmet_ns_id              = None {{(pid=119715) log_opt_values /opt/stack/data/venv/lib/python3.12/site-packages/oslo_config/cfg.py:3006}}
Feb 27 04:31:25 ubuntu cinder-volume[119715]: DEBUG oslo_service.backend._eventlet.service [None req-6107f4f8-e433-4ec4-ad51-44a5674a7449 None None] 3par2.nvmet_port_id            = None {{(pid=119715) log_opt_values /opt/stack/data/venv/lib/python3.12/site-packages/oslo_config/cfg.py:3006}}
Feb 27 04:31:25 ubuntu cinder-volume[119715]: DEBUG oslo_service.backend._eventlet.service [None req-6107f4f8-e433-4ec4-ad51-44a5674a7449 None None] 3par2.replication_device       = **** {{(pid=119715) log_opt_values /opt/stack/data/venv/lib/python3.12/site-packages/oslo_config/cfg.py:3006}}
Feb 27 04:31:25 ubuntu cinder-volume[119715]: DEBUG oslo_service.backend._eventlet.service [None req-6107f4f8-e433-4ec4-ad51-44a5674a7449 None None] 3par2.report_discard_supported = None {{(pid=119715) log_opt_values /opt/stack/data/venv/lib/python3.12/site-packages/oslo_config/cfg.py:3006}}
Feb 27 04:31:25 ubuntu cinder-volume[119715]: DEBUG oslo_service.backend._eventlet.service [None req-6107f4f8-e433-4ec4-ad51-44a5674a7449 None None] 3par2.reserved_percentage      = None {{(pid=119715) log_opt_values /opt/stack/data/venv/lib/python3.12/site-packages/oslo_config/cfg.py:3006}}
Feb 27 04:31:25 ubuntu cinder-volume[119715]: DEBUG oslo_service.backend._eventlet.service [None req-6107f4f8-e433-4ec4-ad51-44a5674a7449 None None] 3par2.san_api_port             = None {{(pid=119715) log_opt_values /opt/stack/data/venv/lib/python3.12/site-packages/oslo_config/cfg.py:3006}}
Feb 27 04:31:25 ubuntu cinder-volume[119715]: DEBUG oslo_service.backend._eventlet.service [None req-6107f4f8-e433-4ec4-ad51-44a5674a7449 None None] 3par2.san_clustername          = None {{(pid=119715) log_opt_values /opt/stack/data/venv/lib/python3.12/site-packages/oslo_config/cfg.py:3006}}
Feb 27 04:31:25 ubuntu cinder-volume[119719]: DEBUG cinder.volume.drivers.hpe.hpe_3par_common [None req-a39f5597-167b-40d6-bd29-1005364fb00c None None] Disconnect from 3PAR REST and SSH 7c871be7-40e3-406b-a16d-78955fe04acf {{(pid=119719) client_logout /opt/stack/cinder/cinder/volume/drivers/hpe/hpe_3par_common.py:446}}
Feb 27 04:31:25 ubuntu cinder-volume[119715]: DEBUG oslo_service.backend._eventlet.service [None req-6107f4f8-e433-4ec4-ad51-44a5674a7449 None None] 3par2.san_ip                   = 10.201.5.12 {{(pid=119715) log_opt_values /opt/stack/data/venv/lib/python3.12/site-packages/oslo_config/cfg.py:3006}}
Feb 27 04:31:25 ubuntu cinder-volume[119715]: DEBUG oslo_service.backend._eventlet.service [None req-6107f4f8-e433-4ec4-ad51-44a5674a7449 None None] 3par2.san_is_local             = None {{(pid=119715) log_opt_values /opt/stack/data/venv/lib/python3.12/site-packages/oslo_config/cfg.py:3006}}
Feb 27 04:31:25 ubuntu cinder-volume[119719]: DEBUG hpe3parclient.http [None req-a39f5597-167b-40d6-bd29-1005364fb00c None None] Session Key in unauthenticate: 0-c50ec472a7df1d09d2eb4be9e0aa1c89-181ea169
Feb 27 04:31:25 ubuntu cinder-volume[119719]:  {{(pid=119719) unauthenticate /usr/local/lib/python3.12/dist-packages/hpe3parclient/http.py:148}}
Feb 27 04:31:25 ubuntu cinder-volume[119715]: DEBUG oslo_service.backend._eventlet.service [None req-6107f4f8-e433-4ec4-ad51-44a5674a7449 None None] 3par2.san_login                = 3paradm {{(pid=119715) log_opt_values /opt/stack/data/venv/lib/python3.12/site-packages/oslo_config/cfg.py:3006}}
Feb 27 04:31:25 ubuntu cinder-volume[119719]: DEBUG hpe3parclient.http [None req-a39f5597-167b-40d6-bd29-1005364fb00c None None] url in _cs_request: /credentials/0-c50ec472a7df1d09d2eb4be9e0aa1c89-181ea169
Feb 27 04:31:25 ubuntu cinder-volume[119719]:  {{(pid=119719) _cs_request /usr/local/lib/python3.12/dist-packages/hpe3parclient/http.py:347}}
Feb 27 04:31:25 ubuntu cinder-volume[119715]: DEBUG oslo_service.backend._eventlet.service [None req-6107f4f8-e433-4ec4-ad51-44a5674a7449 None None] 3par2.san_password             = **** {{(pid=119715) log_opt_values /opt/stack/data/venv/lib/python3.12/site-packages/oslo_config/cfg.py:3006}}
Feb 27 04:31:25 ubuntu cinder-volume[119719]: DEBUG hpe3parclient.http [None req-a39f5597-167b-40d6-bd29-1005364fb00c None None] full url in _cs_request: https://10.201.5.12/api/v1/credentials/0-c50ec472a7df1d09d2eb4be9e0aa1c89-181ea169
Feb 27 04:31:25 ubuntu cinder-volume[119719]:  {{(pid=119719) _cs_request /usr/local/lib/python3.12/dist-packages/hpe3parclient/http.py:350}}
Feb 27 04:31:25 ubuntu cinder-volume[119715]: DEBUG oslo_service.backend._eventlet.service [None req-6107f4f8-e433-4ec4-ad51-44a5674a7449 None None] 3par2.san_private_key          = None {{(pid=119715) log_opt_values /opt/stack/data/venv/lib/python3.12/site-packages/oslo_config/cfg.py:3006}}
Feb 27 04:31:25 ubuntu cinder-volume[119719]: DEBUG hpe3parclient.http [None req-a39f5597-167b-40d6-bd29-1005364fb00c None None] url in _time_request: https://10.201.5.12/api/v1/credentials/0-c50ec472a7df1d09d2eb4be9e0aa1c89-181ea169
Feb 27 04:31:25 ubuntu cinder-volume[119719]:  {{(pid=119719) _time_request /usr/local/lib/python3.12/dist-packages/hpe3parclient/http.py:318}}
Feb 27 04:31:25 ubuntu cinder-volume[119715]: DEBUG oslo_service.backend._eventlet.service [None req-6107f4f8-e433-4ec4-ad51-44a5674a7449 None None] 3par2.san_ssh_port             = None {{(pid=119715) log_opt_values /opt/stack/data/venv/lib/python3.12/site-packages/oslo_config/cfg.py:3006}}
Feb 27 04:31:25 ubuntu cinder-volume[119715]: DEBUG oslo_service.backend._eventlet.service [None req-6107f4f8-e433-4ec4-ad51-44a5674a7449 None None] 3par2.san_thin_provision       = None {{(pid=119715) log_opt_values /opt/stack/data/venv/lib/python3.12/site-packages/oslo_config/cfg.py:3006}}
Feb 27 04:31:25 ubuntu cinder-volume[119720]: DEBUG hpe3parclient.http [None req-5ac79031-e096-4b3f-8911-1797423585fa None None] url in _cs_request: https://10.201.5.12/api
Feb 27 04:31:25 ubuntu cinder-volume[119720]:  {{(pid=119720) _cs_request /usr/local/lib/python3.12/dist-packages/hpe3parclient/http.py:347}}
Feb 27 04:31:25 ubuntu cinder-volume[119715]: DEBUG oslo_service.backend._eventlet.service [None req-6107f4f8-e433-4ec4-ad51-44a5674a7449 None None] 3par2.scst_target_driver       = None {{(pid=119715) log_opt_values /opt/stack/data/venv/lib/python3.12/site-packages/oslo_config/cfg.py:3006}}
Feb 27 04:31:25 ubuntu cinder-volume[119720]: DEBUG hpe3parclient.http [None req-5ac79031-e096-4b3f-8911-1797423585fa None None] full url in _cs_request: https://10.201.5.12/api
Feb 27 04:31:25 ubuntu cinder-volume[119720]:  {{(pid=119720) _cs_request /usr/local/lib/python3.12/dist-packages/hpe3parclient/http.py:350}}
Feb 27 04:31:25 ubuntu cinder-volume[119715]: DEBUG oslo_service.backend._eventlet.service [None req-6107f4f8-e433-4ec4-ad51-44a5674a7449 None None] 3par2.scst_target_iqn_name     = None {{(pid=119715) log_opt_values /opt/stack/data/venv/lib/python3.12/site-packages/oslo_config/cfg.py:3006}}
Feb 27 04:31:25 ubuntu cinder-volume[119720]: DEBUG hpe3parclient.http [None req-5ac79031-e096-4b3f-8911-1797423585fa None None] url in _time_request: https://10.201.5.12/api
Feb 27 04:31:25 ubuntu cinder-volume[119720]:  {{(pid=119720) _time_request /usr/local/lib/python3.12/dist-packages/hpe3parclient/http.py:318}}
Feb 27 04:31:25 ubuntu cinder-volume[119715]: DEBUG oslo_service.backend._eventlet.service [None req-6107f4f8-e433-4ec4-ad51-44a5674a7449 None None] 3par2.ssh_conn_timeout         = 45 {{(pid=119715) log_opt_values /opt/stack/data/venv/lib/python3.12/site-packages/oslo_config/cfg.py:3006}}
Feb 27 04:31:25 ubuntu cinder-volume[119715]: DEBUG oslo_service.backend._eventlet.service [None req-6107f4f8-e433-4ec4-ad51-44a5674a7449 None None] 3par2.ssh_max_pool_conn        = None {{(pid=119715) log_opt_values /opt/stack/data/venv/lib/python3.12/site-packages/oslo_config/cfg.py:3006}}
Feb 27 04:31:25 ubuntu cinder-volume[119715]: DEBUG oslo_service.backend._eventlet.service [None req-6107f4f8-e433-4ec4-ad51-44a5674a7449 None None] 3par2.ssh_min_pool_conn        = None {{(pid=119715) log_opt_values /opt/stack/data/venv/lib/python3.12/site-packages/oslo_config/cfg.py:3006}}
Feb 27 04:31:25 ubuntu cinder-volume[119715]: DEBUG oslo_service.backend._eventlet.service [None req-6107f4f8-e433-4ec4-ad51-44a5674a7449 None None] 3par2.storage_protocol         = None {{(pid=119715) log_opt_values /opt/stack/data/venv/lib/python3.12/site-packages/oslo_config/cfg.py:3006}}
Feb 27 04:31:25 ubuntu cinder-volume[119715]: DEBUG oslo_service.backend._eventlet.service [None req-6107f4f8-e433-4ec4-ad51-44a5674a7449 None None] 3par2.suppress_requests_ssl_warnings = None {{(pid=119715) log_opt_values /opt/stack/data/venv/lib/python3.12/site-packages/oslo_config/cfg.py:3006}}
Feb 27 04:31:25 ubuntu cinder-volume[119715]: DEBUG oslo_service.backend._eventlet.service [None req-6107f4f8-e433-4ec4-ad51-44a5674a7449 None None] 3par2.target_helper            = None {{(pid=119715) log_opt_values /opt/stack/data/venv/lib/python3.12/site-packages/oslo_config/cfg.py:3006}}
Feb 27 04:31:25 ubuntu cinder-volume[119715]: DEBUG oslo_service.backend._eventlet.service [None req-6107f4f8-e433-4ec4-ad51-44a5674a7449 None None] 3par2.target_ip_address        = None {{(pid=119715) log_opt_values /opt/stack/data/venv/lib/python3.12/site-packages/oslo_config/cfg.py:3006}}
Feb 27 04:31:25 ubuntu cinder-volume[119715]: DEBUG oslo_service.backend._eventlet.service [None req-6107f4f8-e433-4ec4-ad51-44a5674a7449 None None] 3par2.target_port              = None {{(pid=119715) log_opt_values /opt/stack/data/venv/lib/python3.12/site-packages/oslo_config/cfg.py:3006}}
Feb 27 04:31:25 ubuntu cinder-volume[119715]: DEBUG oslo_service.backend._eventlet.service [None req-6107f4f8-e433-4ec4-ad51-44a5674a7449 None None] 3par2.target_prefix            = None {{(pid=119715) log_opt_values /opt/stack/data/venv/lib/python3.12/site-packages/oslo_config/cfg.py:3006}}
Feb 27 04:31:25 ubuntu cinder-volume[119715]: DEBUG oslo_service.backend._eventlet.service [None req-6107f4f8-e433-4ec4-ad51-44a5674a7449 None None] 3par2.target_protocol          = None {{(pid=119715) log_opt_values /opt/stack/data/venv/lib/python3.12/site-packages/oslo_config/cfg.py:3006}}
Feb 27 04:31:25 ubuntu cinder-volume[119715]: DEBUG oslo_service.backend._eventlet.service [None req-6107f4f8-e433-4ec4-ad51-44a5674a7449 None None] 3par2.target_secondary_ip_addresses = None {{(pid=119715) log_opt_values /opt/stack/data/venv/lib/python3.12/site-packages/oslo_config/cfg.py:3006}}
Feb 27 04:31:25 ubuntu cinder-volume[119715]: DEBUG oslo_service.backend._eventlet.service [None req-6107f4f8-e433-4ec4-ad51-44a5674a7449 None None] 3par2.trace_flags              = None {{(pid=119715) log_opt_values /opt/stack/data/venv/lib/python3.12/site-packages/oslo_config/cfg.py:3006}}
Feb 27 04:31:25 ubuntu cinder-volume[119715]: DEBUG oslo_service.backend._eventlet.service [None req-6107f4f8-e433-4ec4-ad51-44a5674a7449 None None] 3par2.unique_fqdn_network      = None {{(pid=119715) log_opt_values /opt/stack/data/venv/lib/python3.12/site-packages/oslo_config/cfg.py:3006}}
Feb 27 04:31:25 ubuntu cinder-volume[119715]: DEBUG oslo_service.backend._eventlet.service [None req-6107f4f8-e433-4ec4-ad51-44a5674a7449 None None] 3par2.use_chap_auth            = None {{(pid=119715) log_opt_values /opt/stack/data/venv/lib/python3.12/site-packages/oslo_config/cfg.py:3006}}
Feb 27 04:31:25 ubuntu cinder-volume[119715]: DEBUG oslo_service.backend._eventlet.service [None req-6107f4f8-e433-4ec4-ad51-44a5674a7449 None None] 3par2.use_multipath_for_image_xfer = None {{(pid=119715) log_opt_values /opt/stack/data/venv/lib/python3.12/site-packages/oslo_config/cfg.py:3006}}
Feb 27 04:31:25 ubuntu cinder-volume[119715]: DEBUG oslo_service.backend._eventlet.service [None req-6107f4f8-e433-4ec4-ad51-44a5674a7449 None None] 3par2.volume_backend_name      = 3par2 {{(pid=119715) log_opt_values /opt/stack/data/venv/lib/python3.12/site-packages/oslo_config/cfg.py:3006}}
Feb 27 04:31:25 ubuntu cinder-volume[119715]: DEBUG oslo_service.backend._eventlet.service [None req-6107f4f8-e433-4ec4-ad51-44a5674a7449 None None] 3par2.volume_clear             = None {{(pid=119715) log_opt_values /opt/stack/data/venv/lib/python3.12/site-packages/oslo_config/cfg.py:3006}}
Feb 27 04:31:25 ubuntu cinder-volume[119715]: DEBUG oslo_service.backend._eventlet.service [None req-6107f4f8-e433-4ec4-ad51-44a5674a7449 None None] 3par2.volume_clear_ionice      = None {{(pid=119715) log_opt_values /opt/stack/data/venv/lib/python3.12/site-packages/oslo_config/cfg.py:3006}}
Feb 27 04:31:25 ubuntu cinder-volume[119715]: DEBUG oslo_service.backend._eventlet.service [None req-6107f4f8-e433-4ec4-ad51-44a5674a7449 None None] 3par2.volume_clear_size        = None {{(pid=119715) log_opt_values /opt/stack/data/venv/lib/python3.12/site-packages/oslo_config/cfg.py:3006}}
Feb 27 04:31:25 ubuntu cinder-volume[119715]: DEBUG oslo_service.backend._eventlet.service [None req-6107f4f8-e433-4ec4-ad51-44a5674a7449 None None] 3par2.volume_copy_blkio_cgroup_name = None {{(pid=119715) log_opt_values /opt/stack/data/venv/lib/python3.12/site-packages/oslo_config/cfg.py:3006}}
Feb 27 04:31:25 ubuntu cinder-volume[119715]: DEBUG oslo_service.backend._eventlet.service [None req-6107f4f8-e433-4ec4-ad51-44a5674a7449 None None] 3par2.volume_copy_bps_limit    = None {{(pid=119715) log_opt_values /opt/stack/data/venv/lib/python3.12/site-packages/oslo_config/cfg.py:3006}}
Feb 27 04:31:25 ubuntu cinder-volume[119715]: DEBUG oslo_service.backend._eventlet.service [None req-6107f4f8-e433-4ec4-ad51-44a5674a7449 None None] 3par2.volume_dd_blocksize      = None {{(pid=119715) log_opt_values /opt/stack/data/venv/lib/python3.12/site-packages/oslo_config/cfg.py:3006}}
Feb 27 04:31:25 ubuntu cinder-volume[119715]: DEBUG oslo_service.backend._eventlet.service [None req-6107f4f8-e433-4ec4-ad51-44a5674a7449 None None] 3par2.volume_driver            = cinder.volume.drivers.hpe.hpe_3par_iscsi.HPE3PARISCSIDriver {{(pid=119715) log_opt_values /opt/stack/data/venv/lib/python3.12/site-packages/oslo_config/cfg.py:3006}}
Feb 27 04:31:25 ubuntu cinder-volume[119715]: DEBUG oslo_service.backend._eventlet.service [None req-6107f4f8-e433-4ec4-ad51-44a5674a7449 None None] 3par2.volumes_dir              = None {{(pid=119715) log_opt_values /opt/stack/data/venv/lib/python3.12/site-packages/oslo_config/cfg.py:3006}}
Feb 27 04:31:25 ubuntu cinder-volume[119715]: DEBUG oslo_service.backend._eventlet.service [None req-6107f4f8-e433-4ec4-ad51-44a5674a7449 None None] ******************************************************************************** {{(pid=119715) log_opt_values /opt/stack/data/venv/lib/python3.12/site-packages/oslo_config/cfg.py:3013}}
Feb 27 04:31:25 ubuntu cinder-volume[119719]: WARNING py.warnings [None req-a39f5597-167b-40d6-bd29-1005364fb00c None None] /opt/stack/data/venv/lib/python3.12/site-packages/urllib3/connectionpool.py:1097: InsecureRequestWarning: Unverified HTTPS request is being made to host '10.201.5.12'. Adding certificate verification is strongly advised. See: https://urllib3.readthedocs.io/en/latest/advanced-usage.html#tls-warnings
Feb 27 04:31:25 ubuntu cinder-volume[119719]:   warnings.warn(
Feb 27 04:31:25 ubuntu cinder-volume[119719]: INFO cinder.volume.drivers.hpe.hpe_3par_common [None req-a39f5597-167b-40d6-bd29-1005364fb00c None None] HPE3PARCommon 4.0.27,hpe3parclient 4.2.13
Feb 27 04:31:25 ubuntu cinder-volume[119719]: DEBUG cinder.volume.drivers.hpe.hpe_3par_common [None req-a39f5597-167b-40d6-bd29-1005364fb00c None None] Connecting to 3PAR {{(pid=119719) client_login /opt/stack/cinder/cinder/volume/drivers/hpe/hpe_3par_common.py:435}}
Feb 27 04:31:25 ubuntu cinder-volume[119719]: DEBUG hpe3parclient.http [None req-a39f5597-167b-40d6-bd29-1005364fb00c None None] Session Key in authenticate: None
Feb 27 04:31:25 ubuntu cinder-volume[119719]:  {{(pid=119719) authenticate /usr/local/lib/python3.12/dist-packages/hpe3parclient/http.py:119}}
Feb 27 04:31:25 ubuntu cinder-volume[119720]: WARNING py.warnings [None req-5ac79031-e096-4b3f-8911-1797423585fa None None] /opt/stack/data/venv/lib/python3.12/site-packages/urllib3/connectionpool.py:1097: InsecureRequestWarning: Unverified HTTPS request is being made to host '10.201.5.12'. Adding certificate verification is strongly advised. See: https://urllib3.readthedocs.io/en/latest/advanced-usage.html#tls-warnings
Feb 27 04:31:25 ubuntu cinder-volume[119720]:   warnings.warn(
Feb 27 04:31:25 ubuntu cinder-volume[119719]: DEBUG hpe3parclient.http [None req-a39f5597-167b-40d6-bd29-1005364fb00c None None] url in _cs_request: /credentials
Feb 27 04:31:25 ubuntu cinder-volume[119719]:  {{(pid=119719) _cs_request /usr/local/lib/python3.12/dist-packages/hpe3parclient/http.py:347}}
Feb 27 04:31:25 ubuntu cinder-volume[119719]: DEBUG hpe3parclient.http [None req-a39f5597-167b-40d6-bd29-1005364fb00c None None] full url in _cs_request: https://10.201.5.12/api/v1/credentials
Feb 27 04:31:25 ubuntu cinder-volume[119719]:  {{(pid=119719) _cs_request /usr/local/lib/python3.12/dist-packages/hpe3parclient/http.py:350}}
Feb 27 04:31:25 ubuntu cinder-volume[119719]: DEBUG hpe3parclient.http [None req-a39f5597-167b-40d6-bd29-1005364fb00c None None] url in _time_request: https://10.201.5.12/api/v1/credentials
Feb 27 04:31:25 ubuntu cinder-volume[119719]:  {{(pid=119719) _time_request /usr/local/lib/python3.12/dist-packages/hpe3parclient/http.py:318}}
Feb 27 04:31:25 ubuntu cinder-volume[119720]: DEBUG cinder.volume.drivers.hpe.hpe_3par_common [None req-5ac79031-e096-4b3f-8911-1797423585fa None None] Disconnect from 3PAR REST and SSH 3b20e031-f6e5-4813-9906-35dc5ed2d357 {{(pid=119720) client_logout /opt/stack/cinder/cinder/volume/drivers/hpe/hpe_3par_common.py:446}}
Feb 27 04:31:25 ubuntu cinder-volume[119720]: DEBUG hpe3parclient.http [None req-5ac79031-e096-4b3f-8911-1797423585fa None None] Session Key in unauthenticate: 0-67ff8f37ae43d06922dee172133404bc-181ea169
Feb 27 04:31:25 ubuntu cinder-volume[119720]:  {{(pid=119720) unauthenticate /usr/local/lib/python3.12/dist-packages/hpe3parclient/http.py:148}}
Feb 27 04:31:25 ubuntu cinder-volume[119720]: DEBUG hpe3parclient.http [None req-5ac79031-e096-4b3f-8911-1797423585fa None None] url in _cs_request: /credentials/0-67ff8f37ae43d06922dee172133404bc-181ea169
Feb 27 04:31:25 ubuntu cinder-volume[119720]:  {{(pid=119720) _cs_request /usr/local/lib/python3.12/dist-packages/hpe3parclient/http.py:347}}
Feb 27 04:31:25 ubuntu cinder-volume[119720]: DEBUG hpe3parclient.http [None req-5ac79031-e096-4b3f-8911-1797423585fa None None] full url in _cs_request: https://10.201.5.12/api/v1/credentials/0-67ff8f37ae43d06922dee172133404bc-181ea169
Feb 27 04:31:25 ubuntu cinder-volume[119720]:  {{(pid=119720) _cs_request /usr/local/lib/python3.12/dist-packages/hpe3parclient/http.py:350}}
Feb 27 04:31:25 ubuntu cinder-volume[119720]: DEBUG hpe3parclient.http [None req-5ac79031-e096-4b3f-8911-1797423585fa None None] url in _time_request: https://10.201.5.12/api/v1/credentials/0-67ff8f37ae43d06922dee172133404bc-181ea169
Feb 27 04:31:25 ubuntu cinder-volume[119720]:  {{(pid=119720) _time_request /usr/local/lib/python3.12/dist-packages/hpe3parclient/http.py:318}}
Feb 27 04:31:25 ubuntu cinder-volume[119719]: WARNING py.warnings [None req-a39f5597-167b-40d6-bd29-1005364fb00c None None] /opt/stack/data/venv/lib/python3.12/site-packages/urllib3/connectionpool.py:1097: InsecureRequestWarning: Unverified HTTPS request is being made to host '10.201.5.12'. Adding certificate verification is strongly advised. See: https://urllib3.readthedocs.io/en/latest/advanced-usage.html#tls-warnings
Feb 27 04:31:25 ubuntu cinder-volume[119719]:   warnings.warn(
Feb 27 04:31:25 ubuntu cinder-volume[119720]: WARNING py.warnings [None req-5ac79031-e096-4b3f-8911-1797423585fa None None] /opt/stack/data/venv/lib/python3.12/site-packages/urllib3/connectionpool.py:1097: InsecureRequestWarning: Unverified HTTPS request is being made to host '10.201.5.12'. Adding certificate verification is strongly advised. See: https://urllib3.readthedocs.io/en/latest/advanced-usage.html#tls-warnings
Feb 27 04:31:25 ubuntu cinder-volume[119720]:   warnings.warn(
Feb 27 04:31:25 ubuntu cinder-volume[119719]: DEBUG hpe3parclient.http [None req-a39f5597-167b-40d6-bd29-1005364fb00c None None] url in _cs_request: /system
Feb 27 04:31:25 ubuntu cinder-volume[119719]:  {{(pid=119719) _cs_request /usr/local/lib/python3.12/dist-packages/hpe3parclient/http.py:347}}
Feb 27 04:31:25 ubuntu cinder-volume[119720]: INFO cinder.volume.drivers.hpe.hpe_3par_common [None req-5ac79031-e096-4b3f-8911-1797423585fa None None] HPE3PARCommon 4.0.27,hpe3parclient 4.2.13
Feb 27 04:31:25 ubuntu cinder-volume[119719]: DEBUG hpe3parclient.http [None req-a39f5597-167b-40d6-bd29-1005364fb00c None None] full url in _cs_request: https://10.201.5.12/api/v1/system
Feb 27 04:31:25 ubuntu cinder-volume[119719]:  {{(pid=119719) _cs_request /usr/local/lib/python3.12/dist-packages/hpe3parclient/http.py:350}}
Feb 27 04:31:25 ubuntu cinder-volume[119719]: DEBUG hpe3parclient.http [None req-a39f5597-167b-40d6-bd29-1005364fb00c None None] url in _time_request: https://10.201.5.12/api/v1/system
Feb 27 04:31:25 ubuntu cinder-volume[119719]:  {{(pid=119719) _time_request /usr/local/lib/python3.12/dist-packages/hpe3parclient/http.py:318}}
Feb 27 04:31:25 ubuntu cinder-volume[119720]: DEBUG cinder.volume.drivers.hpe.hpe_3par_common [None req-5ac79031-e096-4b3f-8911-1797423585fa None None] Connecting to 3PAR {{(pid=119720) client_login /opt/stack/cinder/cinder/volume/drivers/hpe/hpe_3par_common.py:435}}
Feb 27 04:31:25 ubuntu cinder-volume[119720]: DEBUG hpe3parclient.http [None req-5ac79031-e096-4b3f-8911-1797423585fa None None] Session Key in authenticate: None
Feb 27 04:31:25 ubuntu cinder-volume[119720]:  {{(pid=119720) authenticate /usr/local/lib/python3.12/dist-packages/hpe3parclient/http.py:119}}
Feb 27 04:31:25 ubuntu cinder-volume[119720]: DEBUG hpe3parclient.http [None req-5ac79031-e096-4b3f-8911-1797423585fa None None] url in _cs_request: /credentials
Feb 27 04:31:25 ubuntu cinder-volume[119720]:  {{(pid=119720) _cs_request /usr/local/lib/python3.12/dist-packages/hpe3parclient/http.py:347}}
Feb 27 04:31:25 ubuntu cinder-volume[119720]: DEBUG hpe3parclient.http [None req-5ac79031-e096-4b3f-8911-1797423585fa None None] full url in _cs_request: https://10.201.5.12/api/v1/credentials
Feb 27 04:31:25 ubuntu cinder-volume[119720]:  {{(pid=119720) _cs_request /usr/local/lib/python3.12/dist-packages/hpe3parclient/http.py:350}}
Feb 27 04:31:25 ubuntu cinder-volume[119720]: DEBUG hpe3parclient.http [None req-5ac79031-e096-4b3f-8911-1797423585fa None None] url in _time_request: https://10.201.5.12/api/v1/credentials
Feb 27 04:31:25 ubuntu cinder-volume[119720]:  {{(pid=119720) _time_request /usr/local/lib/python3.12/dist-packages/hpe3parclient/http.py:318}}
Feb 27 04:31:26 ubuntu cinder-volume[119719]: WARNING py.warnings [None req-a39f5597-167b-40d6-bd29-1005364fb00c None None] /opt/stack/data/venv/lib/python3.12/site-packages/urllib3/connectionpool.py:1097: InsecureRequestWarning: Unverified HTTPS request is being made to host '10.201.5.12'. Adding certificate verification is strongly advised. See: https://urllib3.readthedocs.io/en/latest/advanced-usage.html#tls-warnings
Feb 27 04:31:26 ubuntu cinder-volume[119719]:   warnings.warn(
Feb 27 04:31:26 ubuntu cinder-volume[119720]: WARNING py.warnings [None req-5ac79031-e096-4b3f-8911-1797423585fa None None] /opt/stack/data/venv/lib/python3.12/site-packages/urllib3/connectionpool.py:1097: InsecureRequestWarning: Unverified HTTPS request is being made to host '10.201.5.12'. Adding certificate verification is strongly advised. See: https://urllib3.readthedocs.io/en/latest/advanced-usage.html#tls-warnings
Feb 27 04:31:26 ubuntu cinder-volume[119720]:   warnings.warn(
Feb 27 04:31:26 ubuntu cinder-volume[119720]: DEBUG hpe3parclient.http [None req-5ac79031-e096-4b3f-8911-1797423585fa None None] url in _cs_request: /system
Feb 27 04:31:26 ubuntu cinder-volume[119720]:  {{(pid=119720) _cs_request /usr/local/lib/python3.12/dist-packages/hpe3parclient/http.py:347}}
Feb 27 04:31:26 ubuntu cinder-volume[119720]: DEBUG hpe3parclient.http [None req-5ac79031-e096-4b3f-8911-1797423585fa None None] full url in _cs_request: https://10.201.5.12/api/v1/system
Feb 27 04:31:26 ubuntu cinder-volume[119720]:  {{(pid=119720) _cs_request /usr/local/lib/python3.12/dist-packages/hpe3parclient/http.py:350}}
Feb 27 04:31:26 ubuntu cinder-volume[119720]: DEBUG hpe3parclient.http [None req-5ac79031-e096-4b3f-8911-1797423585fa None None] url in _time_request: https://10.201.5.12/api/v1/system
Feb 27 04:31:26 ubuntu cinder-volume[119720]:  {{(pid=119720) _time_request /usr/local/lib/python3.12/dist-packages/hpe3parclient/http.py:318}}
Feb 27 04:31:26 ubuntu cinder-volume[119719]: DEBUG cinder.volume.drivers.hpe.hpe_3par_common [None req-a39f5597-167b-40d6-bd29-1005364fb00c None None] Disconnect from 3PAR REST and SSH 7c871be7-40e3-406b-a16d-78955fe04acf {{(pid=119719) client_logout /opt/stack/cinder/cinder/volume/drivers/hpe/hpe_3par_common.py:446}}
Feb 27 04:31:26 ubuntu cinder-volume[119719]: DEBUG hpe3parclient.http [None req-a39f5597-167b-40d6-bd29-1005364fb00c None None] Session Key in unauthenticate: 0-9710b54b28a63bc858486898b51c7c61-181ea169
Feb 27 04:31:26 ubuntu cinder-volume[119719]:  {{(pid=119719) unauthenticate /usr/local/lib/python3.12/dist-packages/hpe3parclient/http.py:148}}
Feb 27 04:31:26 ubuntu cinder-volume[119719]: DEBUG hpe3parclient.http [None req-a39f5597-167b-40d6-bd29-1005364fb00c None None] url in _cs_request: /credentials/0-9710b54b28a63bc858486898b51c7c61-181ea169
Feb 27 04:31:26 ubuntu cinder-volume[119719]:  {{(pid=119719) _cs_request /usr/local/lib/python3.12/dist-packages/hpe3parclient/http.py:347}}
Feb 27 04:31:26 ubuntu cinder-volume[119719]: DEBUG hpe3parclient.http [None req-a39f5597-167b-40d6-bd29-1005364fb00c None None] full url in _cs_request: https://10.201.5.12/api/v1/credentials/0-9710b54b28a63bc858486898b51c7c61-181ea169
Feb 27 04:31:26 ubuntu cinder-volume[119719]:  {{(pid=119719) _cs_request /usr/local/lib/python3.12/dist-packages/hpe3parclient/http.py:350}}
Feb 27 04:31:26 ubuntu cinder-volume[119719]: DEBUG hpe3parclient.http [None req-a39f5597-167b-40d6-bd29-1005364fb00c None None] url in _time_request: https://10.201.5.12/api/v1/credentials/0-9710b54b28a63bc858486898b51c7c61-181ea169
Feb 27 04:31:26 ubuntu cinder-volume[119719]:  {{(pid=119719) _time_request /usr/local/lib/python3.12/dist-packages/hpe3parclient/http.py:318}}
Feb 27 04:31:26 ubuntu cinder-volume[119720]: WARNING py.warnings [None req-5ac79031-e096-4b3f-8911-1797423585fa None None] /opt/stack/data/venv/lib/python3.12/site-packages/urllib3/connectionpool.py:1097: InsecureRequestWarning: Unverified HTTPS request is being made to host '10.201.5.12'. Adding certificate verification is strongly advised. See: https://urllib3.readthedocs.io/en/latest/advanced-usage.html#tls-warnings
Feb 27 04:31:26 ubuntu cinder-volume[119720]:   warnings.warn(
Feb 27 04:31:26 ubuntu cinder-volume[119719]: WARNING py.warnings [None req-a39f5597-167b-40d6-bd29-1005364fb00c None None] /opt/stack/data/venv/lib/python3.12/site-packages/urllib3/connectionpool.py:1097: InsecureRequestWarning: Unverified HTTPS request is being made to host '10.201.5.12'. Adding certificate verification is strongly advised. See: https://urllib3.readthedocs.io/en/latest/advanced-usage.html#tls-warnings
Feb 27 04:31:26 ubuntu cinder-volume[119719]:   warnings.warn(
Feb 27 04:31:26 ubuntu cinder-volume[119719]: DEBUG cinder.volume.drivers.hpe.hpe_3par_common [None req-a39f5597-167b-40d6-bd29-1005364fb00c None None] Connecting to 3PAR {{(pid=119719) client_login /opt/stack/cinder/cinder/volume/drivers/hpe/hpe_3par_common.py:435}}
Feb 27 04:31:26 ubuntu cinder-volume[119719]: DEBUG hpe3parclient.http [None req-a39f5597-167b-40d6-bd29-1005364fb00c None None] Session Key in authenticate: None
Feb 27 04:31:26 ubuntu cinder-volume[119719]:  {{(pid=119719) authenticate /usr/local/lib/python3.12/dist-packages/hpe3parclient/http.py:119}}
Feb 27 04:31:26 ubuntu cinder-volume[119719]: DEBUG hpe3parclient.http [None req-a39f5597-167b-40d6-bd29-1005364fb00c None None] url in _cs_request: /credentials
Feb 27 04:31:26 ubuntu cinder-volume[119719]:  {{(pid=119719) _cs_request /usr/local/lib/python3.12/dist-packages/hpe3parclient/http.py:347}}
Feb 27 04:31:26 ubuntu cinder-volume[119719]: DEBUG hpe3parclient.http [None req-a39f5597-167b-40d6-bd29-1005364fb00c None None] full url in _cs_request: https://10.201.5.12/api/v1/credentials
Feb 27 04:31:26 ubuntu cinder-volume[119719]:  {{(pid=119719) _cs_request /usr/local/lib/python3.12/dist-packages/hpe3parclient/http.py:350}}
Feb 27 04:31:26 ubuntu cinder-volume[119719]: DEBUG hpe3parclient.http [None req-a39f5597-167b-40d6-bd29-1005364fb00c None None] url in _time_request: https://10.201.5.12/api/v1/credentials
Feb 27 04:31:26 ubuntu cinder-volume[119719]:  {{(pid=119719) _time_request /usr/local/lib/python3.12/dist-packages/hpe3parclient/http.py:318}}
Feb 27 04:31:26 ubuntu cinder-volume[119720]: DEBUG cinder.volume.drivers.hpe.hpe_3par_common [None req-5ac79031-e096-4b3f-8911-1797423585fa None None] Disconnect from 3PAR REST and SSH 3b20e031-f6e5-4813-9906-35dc5ed2d357 {{(pid=119720) client_logout /opt/stack/cinder/cinder/volume/drivers/hpe/hpe_3par_common.py:446}}
Feb 27 04:31:26 ubuntu cinder-volume[119720]: DEBUG hpe3parclient.http [None req-5ac79031-e096-4b3f-8911-1797423585fa None None] Session Key in unauthenticate: 0-56afcff0bcaa5d3cd8a52fbe87498eef-181ea169
Feb 27 04:31:26 ubuntu cinder-volume[119720]:  {{(pid=119720) unauthenticate /usr/local/lib/python3.12/dist-packages/hpe3parclient/http.py:148}}
Feb 27 04:31:26 ubuntu cinder-volume[119720]: DEBUG hpe3parclient.http [None req-5ac79031-e096-4b3f-8911-1797423585fa None None] url in _cs_request: /credentials/0-56afcff0bcaa5d3cd8a52fbe87498eef-181ea169
Feb 27 04:31:26 ubuntu cinder-volume[119720]:  {{(pid=119720) _cs_request /usr/local/lib/python3.12/dist-packages/hpe3parclient/http.py:347}}
Feb 27 04:31:26 ubuntu cinder-volume[119720]: DEBUG hpe3parclient.http [None req-5ac79031-e096-4b3f-8911-1797423585fa None None] full url in _cs_request: https://10.201.5.12/api/v1/credentials/0-56afcff0bcaa5d3cd8a52fbe87498eef-181ea169
Feb 27 04:31:26 ubuntu cinder-volume[119720]:  {{(pid=119720) _cs_request /usr/local/lib/python3.12/dist-packages/hpe3parclient/http.py:350}}
Feb 27 04:31:26 ubuntu cinder-volume[119720]: DEBUG hpe3parclient.http [None req-5ac79031-e096-4b3f-8911-1797423585fa None None] url in _time_request: https://10.201.5.12/api/v1/credentials/0-56afcff0bcaa5d3cd8a52fbe87498eef-181ea169
Feb 27 04:31:26 ubuntu cinder-volume[119720]:  {{(pid=119720) _time_request /usr/local/lib/python3.12/dist-packages/hpe3parclient/http.py:318}}
Feb 27 04:31:26 ubuntu cinder-volume[119719]: WARNING py.warnings [None req-a39f5597-167b-40d6-bd29-1005364fb00c None None] /opt/stack/data/venv/lib/python3.12/site-packages/urllib3/connectionpool.py:1097: InsecureRequestWarning: Unverified HTTPS request is being made to host '10.201.5.12'. Adding certificate verification is strongly advised. See: https://urllib3.readthedocs.io/en/latest/advanced-usage.html#tls-warnings
Feb 27 04:31:26 ubuntu cinder-volume[119719]:   warnings.warn(
Feb 27 04:31:26 ubuntu cinder-volume[119719]: DEBUG hpe3parclient.http [None req-a39f5597-167b-40d6-bd29-1005364fb00c None None] url in _cs_request: /cpgs/CI_CPG
Feb 27 04:31:26 ubuntu cinder-volume[119719]:  {{(pid=119719) _cs_request /usr/local/lib/python3.12/dist-packages/hpe3parclient/http.py:347}}
Feb 27 04:31:26 ubuntu cinder-volume[119719]: DEBUG hpe3parclient.http [None req-a39f5597-167b-40d6-bd29-1005364fb00c None None] full url in _cs_request: https://10.201.5.12/api/v1/cpgs/CI_CPG
Feb 27 04:31:26 ubuntu cinder-volume[119719]:  {{(pid=119719) _cs_request /usr/local/lib/python3.12/dist-packages/hpe3parclient/http.py:350}}
Feb 27 04:31:26 ubuntu cinder-volume[119719]: DEBUG hpe3parclient.http [None req-a39f5597-167b-40d6-bd29-1005364fb00c None None] url in _time_request: https://10.201.5.12/api/v1/cpgs/CI_CPG
Feb 27 04:31:26 ubuntu cinder-volume[119719]:  {{(pid=119719) _time_request /usr/local/lib/python3.12/dist-packages/hpe3parclient/http.py:318}}
